N4096_CRC_NO_HARM_START paths=3 2026-08-14T10:01:22.276
PATH_START blue1 hydrophone 2 2026-08-14T10:01:22.296
SNR_VALID blue1 hydrophone 2 snr=0 2026-08-14T10:03:10.827
SNR_VALID blue1 hydrophone 2 snr=2 2026-08-14T10:03:53.813
SNR_VALID blue1 hydrophone 2 snr=4 2026-08-14T10:04:37.849
SNR_VALID blue1 hydrophone 2 snr=6 2026-08-14T10:05:21.263
SNR_VALID blue1 hydrophone 2 snr=8 2026-08-14T10:05:58.993
SNR_VALID blue1 hydrophone 2 snr=10 2026-08-14T10:06:31.228
SNR_VALID blue1 hydrophone 2 snr=12 2026-08-14T10:06:58.515
SNR_VALID blue1 hydrophone 2 snr=14 2026-08-14T10:07:23.560
SNR_VALID blue1 hydrophone 2 snr=16 2026-08-14T10:07:50.980
SNR_VALID blue1 hydrophone 2 snr=18 2026-08-14T10:08:14.991
SNR_VALID blue1 hydrophone 2 snr=20 2026-08-14T10:08:39.900
SNR_VALID blue1 hydrophone 2 snr=22 2026-08-14T10:09:04.390
SNR_VALID blue1 hydrophone 2 snr=24 2026-08-14T10:09:26.901
SNR_VALID blue1 hydrophone 2 snr=26 2026-08-14T10:09:49.999
SNR_VALID blue1 hydrophone 2 snr=28 2026-08-14T10:10:14.505
SNR_VALID blue1 hydrophone 2 snr=30 2026-08-14T10:10:37.382
PATH_VALID blue1 hydrophone 2 2026-08-14T10:10:41.099
PATH_START blue2 hydrophone 3 2026-08-14T10:10:41.915
SNR_VALID blue2 hydrophone 3 snr=0 2026-08-14T10:11:29.920
SNR_VALID blue2 hydrophone 3 snr=2 2026-08-14T10:12:15.169
SNR_VALID blue2 hydrophone 3 snr=4 2026-08-14T10:13:00.450
SNR_VALID blue2 hydrophone 3 snr=6 2026-08-14T10:13:44.362
SNR_VALID blue2 hydrophone 3 snr=8 2026-08-14T10:14:28.506
SNR_VALID blue2 hydrophone 3 snr=10 2026-08-14T10:15:15.767
SNR_VALID blue2 hydrophone 3 snr=12 2026-08-14T10:16:02.271
SNR_VALID blue2 hydrophone 3 snr=14 2026-08-14T10:16:47.383
SNR_VALID blue2 hydrophone 3 snr=16 2026-08-14T10:17:38.304
SNR_VALID blue2 hydrophone 3 snr=18 2026-08-14T10:18:25.509
SNR_VALID blue2 hydrophone 3 snr=20 2026-08-14T10:19:10.177
SNR_VALID blue2 hydrophone 3 snr=22 2026-08-14T10:19:56.166
SNR_VALID blue2 hydrophone 3 snr=24 2026-08-14T10:20:41.060
SNR_VALID blue2 hydrophone 3 snr=26 2026-08-14T10:21:25.948
SNR_VALID blue2 hydrophone 3 snr=28 2026-08-14T10:22:10.798
SNR_VALID blue2 hydrophone 3 snr=30 2026-08-14T10:22:59.764
PATH_VALID blue2 hydrophone 3 2026-08-14T10:23:00.617
PATH_START blue4 hydrophone 1 2026-08-14T10:23:01.220
SNR_VALID blue4 hydrophone 1 snr=0 2026-08-14T10:23:46.544
SNR_VALID blue4 hydrophone 1 snr=2 2026-08-14T10:24:29.760
SNR_VALID blue4 hydrophone 1 snr=4 2026-08-14T10:25:18.059
SNR_VALID blue4 hydrophone 1 snr=6 2026-08-14T10:26:07.169
SNR_VALID blue4 hydrophone 1 snr=8 2026-08-14T10:26:53.829
SNR_VALID blue4 hydrophone 1 snr=10 2026-08-14T10:27:42.127
SNR_VALID blue4 hydrophone 1 snr=12 2026-08-14T10:28:27.369
SNR_VALID blue4 hydrophone 1 snr=14 2026-08-14T10:29:13.956
SNR_VALID blue4 hydrophone 1 snr=16 2026-08-14T10:29:59.657
SNR_VALID blue4 hydrophone 1 snr=18 2026-08-14T10:30:46.445
SNR_VALID blue4 hydrophone 1 snr=20 2026-08-14T10:31:30.876
SNR_VALID blue4 hydrophone 1 snr=22 2026-08-14T10:32:15.508
SNR_VALID blue4 hydrophone 1 snr=24 2026-08-14T10:33:00.261
SNR_VALID blue4 hydrophone 1 snr=26 2026-08-14T10:33:46.307
SNR_VALID blue4 hydrophone 1 snr=28 2026-08-14T10:34:35.047
SNR_VALID blue4 hydrophone 1 snr=30 2026-08-14T10:35:20.014
PATH_VALID blue4 hydrophone 1 2026-08-14T10:35:20.769
N4096_CRC_NO_HARM_COMPUTE_COMPLETE paths=3 2026-08-14T10:35:21.305
N4096_CRC_NO_HARM_START paths=3 2026-08-15T06:47:40.425
PATH_START blue1 hydrophone 2 2026-08-15T06:47:40.450
SNR_VALID blue1 hydrophone 2 snr=0 2026-08-15T06:49:56.825
SNR_VALID blue1 hydrophone 2 snr=2 2026-08-15T06:50:58.509
SNR_VALID blue1 hydrophone 2 snr=4 2026-08-15T06:52:01.835
SNR_VALID blue1 hydrophone 2 snr=6 2026-08-15T06:53:03.938
SNR_VALID blue1 hydrophone 2 snr=8 2026-08-15T06:53:58.692
SNR_VALID blue1 hydrophone 2 snr=10 2026-08-15T06:54:49.320
SNR_VALID blue1 hydrophone 2 snr=12 2026-08-15T06:55:31.652
SNR_VALID blue1 hydrophone 2 snr=14 2026-08-15T06:56:12.434
SNR_VALID blue1 hydrophone 2 snr=16 2026-08-15T06:56:52.855
SNR_VALID blue1 hydrophone 2 snr=18 2026-08-15T06:57:34.369
SNR_VALID blue1 hydrophone 2 snr=20 2026-08-15T06:58:15.060
SNR_VALID blue1 hydrophone 2 snr=22 2026-08-15T06:58:54.215
SNR_VALID blue1 hydrophone 2 snr=24 2026-08-15T06:59:33.070
SNR_VALID blue1 hydrophone 2 snr=26 2026-08-15T07:00:09.936
SNR_VALID blue1 hydrophone 2 snr=28 2026-08-15T07:00:50.481
SNR_VALID blue1 hydrophone 2 snr=30 2026-08-15T07:01:29.923
PATH_VALID blue1 hydrophone 2 2026-08-15T07:01:34.979
PATH_START blue2 hydrophone 3 2026-08-15T07:01:35.741
SNR_VALID blue2 hydrophone 3 snr=0 2026-08-15T07:02:41.028
SNR_VALID blue2 hydrophone 3 snr=2 2026-08-15T07:03:48.916
SNR_VALID blue2 hydrophone 3 snr=4 2026-08-15T07:04:53.573
SNR_VALID blue2 hydrophone 3 snr=6 2026-08-15T07:05:59.793
SNR_VALID blue2 hydrophone 3 snr=8 2026-08-15T07:07:06.425
SNR_VALID blue2 hydrophone 3 snr=10 2026-08-15T07:08:10.935
SNR_VALID blue2 hydrophone 3 snr=12 2026-08-15T07:09:15.583
SNR_VALID blue2 hydrophone 3 snr=14 2026-08-15T07:10:21.990
SNR_VALID blue2 hydrophone 3 snr=16 2026-08-15T07:11:27.169
SNR_VALID blue2 hydrophone 3 snr=18 2026-08-15T07:12:31.491
SNR_VALID blue2 hydrophone 3 snr=20 2026-08-15T07:13:36.420
SNR_VALID blue2 hydrophone 3 snr=22 2026-08-15T07:14:46.656
SNR_VALID blue2 hydrophone 3 snr=24 2026-08-15T07:15:56.264
SNR_VALID blue2 hydrophone 3 snr=26 2026-08-15T07:16:59.282
SNR_VALID blue2 hydrophone 3 snr=28 2026-08-15T07:18:02.626
SNR_VALID blue2 hydrophone 3 snr=30 2026-08-15T07:19:05.533
PATH_VALID blue2 hydrophone 3 2026-08-15T07:19:07.262
PATH_START blue4 hydrophone 1 2026-08-15T07:19:08.642
SNR_VALID blue4 hydrophone 1 snr=0 2026-08-15T07:20:17.666
SNR_VALID blue4 hydrophone 1 snr=2 2026-08-15T07:21:24.669
SNR_VALID blue4 hydrophone 1 snr=4 2026-08-15T07:22:32.007
SNR_VALID blue4 hydrophone 1 snr=6 2026-08-15T07:23:38.294
SNR_VALID blue4 hydrophone 1 snr=8 2026-08-15T07:24:44.743
SNR_VALID blue4 hydrophone 1 snr=10 2026-08-15T07:25:51.280
SNR_VALID blue4 hydrophone 1 snr=12 2026-08-15T07:26:58.448
SNR_VALID blue4 hydrophone 1 snr=14 2026-08-15T07:28:00.703
SNR_VALID blue4 hydrophone 1 snr=16 2026-08-15T07:29:04.669
SNR_VALID blue4 hydrophone 1 snr=18 2026-08-15T07:30:10.811
SNR_VALID blue4 hydrophone 1 snr=20 2026-08-15T07:31:15.485
SNR_VALID blue4 hydrophone 1 snr=22 2026-08-15T07:32:18.075
SNR_VALID blue4 hydrophone 1 snr=24 2026-08-15T07:33:24.154
SNR_VALID blue4 hydrophone 1 snr=26 2026-08-15T07:34:27.389
SNR_VALID blue4 hydrophone 1 snr=28 2026-08-15T07:35:32.635
SNR_VALID blue4 hydrophone 1 snr=30 2026-08-15T07:36:34.954
PATH_VALID blue4 hydrophone 1 2026-08-15T07:36:36.086
N4096_CRC_NO_HARM_COMPUTE_COMPLETE paths=3 2026-08-15T07:36:36.725
