N4096_CRC_NO_HARM_START paths=3 2026-08-15T06:47:40.567
PATH_START blue1 hydrophone 3 2026-08-15T06:47:40.582
SNR_VALID blue1 hydrophone 3 snr=0 2026-08-15T06:49:57.365
SNR_VALID blue1 hydrophone 3 snr=2 2026-08-15T06:50:59.391
SNR_VALID blue1 hydrophone 3 snr=4 2026-08-15T06:52:02.720
SNR_VALID blue1 hydrophone 3 snr=6 2026-08-15T06:53:01.720
SNR_VALID blue1 hydrophone 3 snr=8 2026-08-15T06:53:55.415
SNR_VALID blue1 hydrophone 3 snr=10 2026-08-15T06:54:41.518
SNR_VALID blue1 hydrophone 3 snr=12 2026-08-15T06:55:22.594
SNR_VALID blue1 hydrophone 3 snr=14 2026-08-15T06:56:01.043
SNR_VALID blue1 hydrophone 3 snr=16 2026-08-15T06:56:39.847
SNR_VALID blue1 hydrophone 3 snr=18 2026-08-15T06:57:18.019
SNR_VALID blue1 hydrophone 3 snr=20 2026-08-15T06:57:57.679
SNR_VALID blue1 hydrophone 3 snr=22 2026-08-15T06:58:37.486
SNR_VALID blue1 hydrophone 3 snr=24 2026-08-15T06:59:15.227
SNR_VALID blue1 hydrophone 3 snr=26 2026-08-15T06:59:53.017
SNR_VALID blue1 hydrophone 3 snr=28 2026-08-15T07:00:31.148
SNR_VALID blue1 hydrophone 3 snr=30 2026-08-15T07:01:13.302
PATH_VALID blue1 hydrophone 3 2026-08-15T07:01:17.759
PATH_START blue3 hydrophone 1 2026-08-15T07:01:18.605
SNR_VALID blue3 hydrophone 1 snr=0 2026-08-15T07:02:25.039
SNR_VALID blue3 hydrophone 1 snr=2 2026-08-15T07:03:31.242
SNR_VALID blue3 hydrophone 1 snr=4 2026-08-15T07:04:36.859
SNR_VALID blue3 hydrophone 1 snr=6 2026-08-15T07:05:43.543
SNR_VALID blue3 hydrophone 1 snr=8 2026-08-15T07:06:52.132
SNR_VALID blue3 hydrophone 1 snr=10 2026-08-15T07:07:56.074
SNR_VALID blue3 hydrophone 1 snr=12 2026-08-15T07:09:01.520
SNR_VALID blue3 hydrophone 1 snr=14 2026-08-15T07:10:08.008
SNR_VALID blue3 hydrophone 1 snr=16 2026-08-15T07:11:12.950
SNR_VALID blue3 hydrophone 1 snr=18 2026-08-15T07:12:17.263
SNR_VALID blue3 hydrophone 1 snr=20 2026-08-15T07:13:22.141
SNR_VALID blue3 hydrophone 1 snr=22 2026-08-15T07:14:28.714
SNR_VALID blue3 hydrophone 1 snr=24 2026-08-15T07:15:41.690
SNR_VALID blue3 hydrophone 1 snr=26 2026-08-15T07:16:45.522
SNR_VALID blue3 hydrophone 1 snr=28 2026-08-15T07:17:48.187
SNR_VALID blue3 hydrophone 1 snr=30 2026-08-15T07:18:49.974
PATH_VALID blue3 hydrophone 1 2026-08-15T07:18:52.269
PATH_START blue4 hydrophone 2 2026-08-15T07:18:53.171
SNR_VALID blue4 hydrophone 2 snr=0 2026-08-15T07:20:00.221
SNR_VALID blue4 hydrophone 2 snr=2 2026-08-15T07:21:06.499
SNR_VALID blue4 hydrophone 2 snr=4 2026-08-15T07:22:14.520
SNR_VALID blue4 hydrophone 2 snr=6 2026-08-15T07:23:18.986
SNR_VALID blue4 hydrophone 2 snr=8 2026-08-15T07:24:26.180
SNR_VALID blue4 hydrophone 2 snr=10 2026-08-15T07:25:31.429
SNR_VALID blue4 hydrophone 2 snr=12 2026-08-15T07:26:40.452
SNR_VALID blue4 hydrophone 2 snr=14 2026-08-15T07:27:44.594
SNR_VALID blue4 hydrophone 2 snr=16 2026-08-15T07:28:48.211
SNR_VALID blue4 hydrophone 2 snr=18 2026-08-15T07:29:53.683
SNR_VALID blue4 hydrophone 2 snr=20 2026-08-15T07:30:57.444
SNR_VALID blue4 hydrophone 2 snr=22 2026-08-15T07:32:01.008
SNR_VALID blue4 hydrophone 2 snr=24 2026-08-15T07:33:06.657
SNR_VALID blue4 hydrophone 2 snr=26 2026-08-15T07:34:10.523
SNR_VALID blue4 hydrophone 2 snr=28 2026-08-15T07:35:15.141
SNR_VALID blue4 hydrophone 2 snr=30 2026-08-15T07:36:19.403
PATH_VALID blue4 hydrophone 2 2026-08-15T07:36:20.554
N4096_CRC_NO_HARM_COMPUTE_COMPLETE paths=3 2026-08-15T07:36:21.463
