N4096_CRC_NO_HARM_START paths=3 2026-08-15T06:47:39.990
PATH_START blue1 hydrophone 1 2026-08-15T06:47:40.024
SNR_VALID blue1 hydrophone 1 snr=0 2026-08-15T06:49:57.210
SNR_VALID blue1 hydrophone 1 snr=2 2026-08-15T06:50:59.957
SNR_VALID blue1 hydrophone 1 snr=4 2026-08-15T06:52:04.470
SNR_VALID blue1 hydrophone 1 snr=6 2026-08-15T06:53:07.206
SNR_VALID blue1 hydrophone 1 snr=8 2026-08-15T06:54:03.802
SNR_VALID blue1 hydrophone 1 snr=10 2026-08-15T06:54:55.054
SNR_VALID blue1 hydrophone 1 snr=12 2026-08-15T06:55:36.624
SNR_VALID blue1 hydrophone 1 snr=14 2026-08-15T06:56:17.751
SNR_VALID blue1 hydrophone 1 snr=16 2026-08-15T06:56:56.775
SNR_VALID blue1 hydrophone 1 snr=18 2026-08-15T06:57:38.454
SNR_VALID blue1 hydrophone 1 snr=20 2026-08-15T06:58:20.411
SNR_VALID blue1 hydrophone 1 snr=22 2026-08-15T06:59:01.945
SNR_VALID blue1 hydrophone 1 snr=24 2026-08-15T06:59:40.957
SNR_VALID blue1 hydrophone 1 snr=26 2026-08-15T07:00:19.836
SNR_VALID blue1 hydrophone 1 snr=28 2026-08-15T07:01:03.102
SNR_VALID blue1 hydrophone 1 snr=30 2026-08-15T07:01:43.891
PATH_VALID blue1 hydrophone 1 2026-08-15T07:01:48.360
PATH_START blue2 hydrophone 2 2026-08-15T07:01:49.001
SNR_VALID blue2 hydrophone 2 snr=0 2026-08-15T07:02:52.784
SNR_VALID blue2 hydrophone 2 snr=2 2026-08-15T07:04:01.497
SNR_VALID blue2 hydrophone 2 snr=4 2026-08-15T07:05:08.024
SNR_VALID blue2 hydrophone 2 snr=6 2026-08-15T07:06:15.062
SNR_VALID blue2 hydrophone 2 snr=8 2026-08-15T07:07:20.781
SNR_VALID blue2 hydrophone 2 snr=10 2026-08-15T07:08:24.650
SNR_VALID blue2 hydrophone 2 snr=12 2026-08-15T07:09:30.719
SNR_VALID blue2 hydrophone 2 snr=14 2026-08-15T07:10:37.371
SNR_VALID blue2 hydrophone 2 snr=16 2026-08-15T07:11:44.080
SNR_VALID blue2 hydrophone 2 snr=18 2026-08-15T07:12:47.050
SNR_VALID blue2 hydrophone 2 snr=20 2026-08-15T07:13:52.897
SNR_VALID blue2 hydrophone 2 snr=22 2026-08-15T07:15:07.099
SNR_VALID blue2 hydrophone 2 snr=24 2026-08-15T07:16:13.010
SNR_VALID blue2 hydrophone 2 snr=26 2026-08-15T07:17:16.360
SNR_VALID blue2 hydrophone 2 snr=28 2026-08-15T07:18:19.879
SNR_VALID blue2 hydrophone 2 snr=30 2026-08-15T07:19:24.473
PATH_VALID blue2 hydrophone 2 2026-08-15T07:19:25.557
PATH_START blue3 hydrophone 3 2026-08-15T07:19:26.186
SNR_VALID blue3 hydrophone 3 snr=0 2026-08-15T07:20:33.292
SNR_VALID blue3 hydrophone 3 snr=2 2026-08-15T07:21:40.607
SNR_VALID blue3 hydrophone 3 snr=4 2026-08-15T07:22:46.608
SNR_VALID blue3 hydrophone 3 snr=6 2026-08-15T07:23:53.927
SNR_VALID blue3 hydrophone 3 snr=8 2026-08-15T07:24:59.491
SNR_VALID blue3 hydrophone 3 snr=10 2026-08-15T07:26:08.718
SNR_VALID blue3 hydrophone 3 snr=12 2026-08-15T07:27:13.077
SNR_VALID blue3 hydrophone 3 snr=14 2026-08-15T07:28:15.564
SNR_VALID blue3 hydrophone 3 snr=16 2026-08-15T07:29:18.974
SNR_VALID blue3 hydrophone 3 snr=18 2026-08-15T07:30:24.921
SNR_VALID blue3 hydrophone 3 snr=20 2026-08-15T07:31:28.264
SNR_VALID blue3 hydrophone 3 snr=22 2026-08-15T07:32:32.047
SNR_VALID blue3 hydrophone 3 snr=24 2026-08-15T07:33:39.769
SNR_VALID blue3 hydrophone 3 snr=26 2026-08-15T07:34:42.982
SNR_VALID blue3 hydrophone 3 snr=28 2026-08-15T07:35:47.751
SNR_VALID blue3 hydrophone 3 snr=30 2026-08-15T07:36:47.717
PATH_VALID blue3 hydrophone 3 2026-08-15T07:36:48.417
N4096_CRC_NO_HARM_COMPUTE_COMPLETE paths=3 2026-08-15T07:36:48.865
