N1536_CRC_NO_HARM_START paths=3 2026-08-15T04:03:39.415
PATH_START blue1 hydrophone 1 2026-08-15T04:03:39.446
SNR_VALID blue1 hydrophone 1 snr=0 2026-08-15T04:05:13.875
SNR_VALID blue1 hydrophone 1 snr=2 2026-08-15T04:05:36.688
SNR_VALID blue1 hydrophone 1 snr=4 2026-08-15T04:06:00.878
SNR_VALID blue1 hydrophone 1 snr=6 2026-08-15T04:06:26.939
SNR_VALID blue1 hydrophone 1 snr=8 2026-08-15T04:06:47.992
SNR_VALID blue1 hydrophone 1 snr=10 2026-08-15T04:07:05.733
SNR_VALID blue1 hydrophone 1 snr=12 2026-08-15T04:07:20.604
SNR_VALID blue1 hydrophone 1 snr=14 2026-08-15T04:07:32.848
SNR_VALID blue1 hydrophone 1 snr=16 2026-08-15T04:07:46.809
SNR_VALID blue1 hydrophone 1 snr=18 2026-08-15T04:08:00.721
SNR_VALID blue1 hydrophone 1 snr=20 2026-08-15T04:08:12.351
SNR_VALID blue1 hydrophone 1 snr=22 2026-08-15T04:08:25.060
SNR_VALID blue1 hydrophone 1 snr=24 2026-08-15T04:08:37.567
SNR_VALID blue1 hydrophone 1 snr=26 2026-08-15T04:08:48.713
SNR_VALID blue1 hydrophone 1 snr=28 2026-08-15T04:09:02.493
SNR_VALID blue1 hydrophone 1 snr=30 2026-08-15T04:09:14.610
PATH_VALID blue1 hydrophone 1 2026-08-15T04:09:17.838
PATH_START blue2 hydrophone 2 2026-08-15T04:09:18.726
SNR_VALID blue2 hydrophone 2 snr=0 2026-08-15T04:09:44.556
SNR_VALID blue2 hydrophone 2 snr=2 2026-08-15T04:10:07.500
SNR_VALID blue2 hydrophone 2 snr=4 2026-08-15T04:10:32.971
SNR_VALID blue2 hydrophone 2 snr=6 2026-08-15T04:10:57.592
SNR_VALID blue2 hydrophone 2 snr=8 2026-08-15T04:11:21.625
SNR_VALID blue2 hydrophone 2 snr=10 2026-08-15T04:11:45.693
SNR_VALID blue2 hydrophone 2 snr=12 2026-08-15T04:12:12.365
SNR_VALID blue2 hydrophone 2 snr=14 2026-08-15T04:12:36.653
SNR_VALID blue2 hydrophone 2 snr=16 2026-08-15T04:12:59.968
SNR_VALID blue2 hydrophone 2 snr=18 2026-08-15T04:13:23.942
SNR_VALID blue2 hydrophone 2 snr=20 2026-08-15T04:13:49.003
SNR_VALID blue2 hydrophone 2 snr=22 2026-08-15T04:14:13.794
SNR_VALID blue2 hydrophone 2 snr=24 2026-08-15T04:14:38.780
SNR_VALID blue2 hydrophone 2 snr=26 2026-08-15T04:15:03.324
SNR_VALID blue2 hydrophone 2 snr=28 2026-08-15T04:15:26.362
SNR_VALID blue2 hydrophone 2 snr=30 2026-08-15T04:15:52.192
PATH_VALID blue2 hydrophone 2 2026-08-15T04:15:53.263
PATH_START blue3 hydrophone 3 2026-08-15T04:15:53.939
SNR_VALID blue3 hydrophone 3 snr=0 2026-08-15T04:16:18.951
SNR_VALID blue3 hydrophone 3 snr=2 2026-08-15T04:16:42.978
SNR_VALID blue3 hydrophone 3 snr=4 2026-08-15T04:17:06.137
SNR_VALID blue3 hydrophone 3 snr=6 2026-08-15T04:17:30.977
SNR_VALID blue3 hydrophone 3 snr=8 2026-08-15T04:17:55.162
SNR_VALID blue3 hydrophone 3 snr=10 2026-08-15T04:18:19.053
SNR_VALID blue3 hydrophone 3 snr=12 2026-08-15T04:18:42.618
SNR_VALID blue3 hydrophone 3 snr=14 2026-08-15T04:19:07.060
SNR_VALID blue3 hydrophone 3 snr=16 2026-08-15T04:19:30.849
SNR_VALID blue3 hydrophone 3 snr=18 2026-08-15T04:19:54.330
SNR_VALID blue3 hydrophone 3 snr=20 2026-08-15T04:20:19.385
SNR_VALID blue3 hydrophone 3 snr=22 2026-08-15T04:20:43.292
SNR_VALID blue3 hydrophone 3 snr=24 2026-08-15T04:21:09.243
SNR_VALID blue3 hydrophone 3 snr=26 2026-08-15T04:21:34.849
SNR_VALID blue3 hydrophone 3 snr=28 2026-08-15T04:21:58.494
SNR_VALID blue3 hydrophone 3 snr=30 2026-08-15T04:22:18.979
PATH_VALID blue3 hydrophone 3 2026-08-15T04:22:19.689
N1536_CRC_NO_HARM_COMPUTE_COMPLETE paths=3 2026-08-15T04:22:20.095
