N1536_CRC_NO_HARM_START paths=3 2026-08-15T04:03:33.966
PATH_START blue2 hydrophone 1 2026-08-15T04:03:33.985
SNR_VALID blue2 hydrophone 1 snr=0 2026-08-15T04:05:07.579
SNR_VALID blue2 hydrophone 1 snr=2 2026-08-15T04:05:31.287
SNR_VALID blue2 hydrophone 1 snr=4 2026-08-15T04:05:55.897
SNR_VALID blue2 hydrophone 1 snr=6 2026-08-15T04:06:22.700
SNR_VALID blue2 hydrophone 1 snr=8 2026-08-15T04:06:47.737
SNR_VALID blue2 hydrophone 1 snr=10 2026-08-15T04:07:12.762
SNR_VALID blue2 hydrophone 1 snr=12 2026-08-15T04:07:37.696
SNR_VALID blue2 hydrophone 1 snr=14 2026-08-15T04:08:02.693
SNR_VALID blue2 hydrophone 1 snr=16 2026-08-15T04:08:27.837
SNR_VALID blue2 hydrophone 1 snr=18 2026-08-15T04:08:52.551
SNR_VALID blue2 hydrophone 1 snr=20 2026-08-15T04:09:17.319
SNR_VALID blue2 hydrophone 1 snr=22 2026-08-15T04:09:41.427
SNR_VALID blue2 hydrophone 1 snr=24 2026-08-15T04:10:05.796
SNR_VALID blue2 hydrophone 1 snr=26 2026-08-15T04:10:29.444
SNR_VALID blue2 hydrophone 1 snr=28 2026-08-15T04:10:53.897
SNR_VALID blue2 hydrophone 1 snr=30 2026-08-15T04:11:18.186
PATH_VALID blue2 hydrophone 1 2026-08-15T04:11:21.543
PATH_START blue3 hydrophone 2 2026-08-15T04:11:22.474
SNR_VALID blue3 hydrophone 2 snr=0 2026-08-15T04:11:47.921
SNR_VALID blue3 hydrophone 2 snr=2 2026-08-15T04:12:14.537
SNR_VALID blue3 hydrophone 2 snr=4 2026-08-15T04:12:38.830
SNR_VALID blue3 hydrophone 2 snr=6 2026-08-15T04:13:02.827
SNR_VALID blue3 hydrophone 2 snr=8 2026-08-15T04:13:27.560
SNR_VALID blue3 hydrophone 2 snr=10 2026-08-15T04:13:52.020
SNR_VALID blue3 hydrophone 2 snr=12 2026-08-15T04:14:14.913
SNR_VALID blue3 hydrophone 2 snr=14 2026-08-15T04:14:39.445
SNR_VALID blue3 hydrophone 2 snr=16 2026-08-15T04:15:04.091
SNR_VALID blue3 hydrophone 2 snr=18 2026-08-15T04:15:27.934
SNR_VALID blue3 hydrophone 2 snr=20 2026-08-15T04:15:53.040
SNR_VALID blue3 hydrophone 2 snr=22 2026-08-15T04:16:16.889
SNR_VALID blue3 hydrophone 2 snr=24 2026-08-15T04:16:39.962
SNR_VALID blue3 hydrophone 2 snr=26 2026-08-15T04:17:03.913
SNR_VALID blue3 hydrophone 2 snr=28 2026-08-15T04:17:28.508
SNR_VALID blue3 hydrophone 2 snr=30 2026-08-15T04:17:51.618
PATH_VALID blue3 hydrophone 2 2026-08-15T04:17:53.336
PATH_START blue4 hydrophone 3 2026-08-15T04:17:54.234
SNR_VALID blue4 hydrophone 3 snr=0 2026-08-15T04:18:18.989
SNR_VALID blue4 hydrophone 3 snr=2 2026-08-15T04:18:42.926
SNR_VALID blue4 hydrophone 3 snr=4 2026-08-15T04:19:07.615
SNR_VALID blue4 hydrophone 3 snr=6 2026-08-15T04:19:31.305
SNR_VALID blue4 hydrophone 3 snr=8 2026-08-15T04:19:54.495
SNR_VALID blue4 hydrophone 3 snr=10 2026-08-15T04:20:19.360
SNR_VALID blue4 hydrophone 3 snr=12 2026-08-15T04:20:43.314
SNR_VALID blue4 hydrophone 3 snr=14 2026-08-15T04:21:09.331
SNR_VALID blue4 hydrophone 3 snr=16 2026-08-15T04:21:34.924
SNR_VALID blue4 hydrophone 3 snr=18 2026-08-15T04:21:59.719
SNR_VALID blue4 hydrophone 3 snr=20 2026-08-15T04:22:19.314
SNR_VALID blue4 hydrophone 3 snr=22 2026-08-15T04:22:33.223
SNR_VALID blue4 hydrophone 3 snr=24 2026-08-15T04:22:48.730
SNR_VALID blue4 hydrophone 3 snr=26 2026-08-15T04:23:03.736
SNR_VALID blue4 hydrophone 3 snr=28 2026-08-15T04:23:18.534
SNR_VALID blue4 hydrophone 3 snr=30 2026-08-15T04:23:32.775
PATH_VALID blue4 hydrophone 3 2026-08-15T04:23:33.625
N1536_CRC_NO_HARM_COMPUTE_COMPLETE paths=3 2026-08-15T04:23:34.613
