N1536_CRC_NO_HARM_START paths=3 2026-08-15T04:03:33.758
PATH_START blue1 hydrophone 2 2026-08-15T04:03:33.782
SNR_VALID blue1 hydrophone 2 snr=0 2026-08-15T04:05:08.227
SNR_VALID blue1 hydrophone 2 snr=2 2026-08-15T04:05:32.078
SNR_VALID blue1 hydrophone 2 snr=4 2026-08-15T04:05:55.897
SNR_VALID blue1 hydrophone 2 snr=6 2026-08-15T04:06:20.891
SNR_VALID blue1 hydrophone 2 snr=8 2026-08-15T04:06:41.434
SNR_VALID blue1 hydrophone 2 snr=10 2026-08-15T04:06:56.854
SNR_VALID blue1 hydrophone 2 snr=12 2026-08-15T04:07:11.809
SNR_VALID blue1 hydrophone 2 snr=14 2026-08-15T04:07:25.243
SNR_VALID blue1 hydrophone 2 snr=16 2026-08-15T04:07:37.994
SNR_VALID blue1 hydrophone 2 snr=18 2026-08-15T04:07:50.406
SNR_VALID blue1 hydrophone 2 snr=20 2026-08-15T04:08:02.139
SNR_VALID blue1 hydrophone 2 snr=22 2026-08-15T04:08:13.029
SNR_VALID blue1 hydrophone 2 snr=24 2026-08-15T04:08:24.444
SNR_VALID blue1 hydrophone 2 snr=26 2026-08-15T04:08:36.812
SNR_VALID blue1 hydrophone 2 snr=28 2026-08-15T04:08:47.615
SNR_VALID blue1 hydrophone 2 snr=30 2026-08-15T04:09:00.114
PATH_VALID blue1 hydrophone 2 2026-08-15T04:09:04.594
PATH_START blue2 hydrophone 3 2026-08-15T04:09:05.302
SNR_VALID blue2 hydrophone 3 snr=0 2026-08-15T04:09:30.688
SNR_VALID blue2 hydrophone 3 snr=2 2026-08-15T04:09:54.417
SNR_VALID blue2 hydrophone 3 snr=4 2026-08-15T04:10:18.664
SNR_VALID blue2 hydrophone 3 snr=6 2026-08-15T04:10:42.373
SNR_VALID blue2 hydrophone 3 snr=8 2026-08-15T04:11:06.472
SNR_VALID blue2 hydrophone 3 snr=10 2026-08-15T04:11:30.862
SNR_VALID blue2 hydrophone 3 snr=12 2026-08-15T04:11:56.564
SNR_VALID blue2 hydrophone 3 snr=14 2026-08-15T04:12:22.051
SNR_VALID blue2 hydrophone 3 snr=16 2026-08-15T04:12:46.513
SNR_VALID blue2 hydrophone 3 snr=18 2026-08-15T04:13:09.859
SNR_VALID blue2 hydrophone 3 snr=20 2026-08-15T04:13:33.896
SNR_VALID blue2 hydrophone 3 snr=22 2026-08-15T04:13:58.207
SNR_VALID blue2 hydrophone 3 snr=24 2026-08-15T04:14:22.648
SNR_VALID blue2 hydrophone 3 snr=26 2026-08-15T04:14:46.448
SNR_VALID blue2 hydrophone 3 snr=28 2026-08-15T04:15:11.040
SNR_VALID blue2 hydrophone 3 snr=30 2026-08-15T04:15:35.224
PATH_VALID blue2 hydrophone 3 2026-08-15T04:15:37.399
PATH_START blue4 hydrophone 1 2026-08-15T04:15:38.258
SNR_VALID blue4 hydrophone 1 snr=0 2026-08-15T04:16:03.920
SNR_VALID blue4 hydrophone 1 snr=2 2026-08-15T04:16:27.592
SNR_VALID blue4 hydrophone 1 snr=4 2026-08-15T04:16:50.616
SNR_VALID blue4 hydrophone 1 snr=6 2026-08-15T04:17:14.362
SNR_VALID blue4 hydrophone 1 snr=8 2026-08-15T04:17:38.838
SNR_VALID blue4 hydrophone 1 snr=10 2026-08-15T04:18:01.985
SNR_VALID blue4 hydrophone 1 snr=12 2026-08-15T04:18:25.965
SNR_VALID blue4 hydrophone 1 snr=14 2026-08-15T04:18:49.193
SNR_VALID blue4 hydrophone 1 snr=16 2026-08-15T04:19:12.958
SNR_VALID blue4 hydrophone 1 snr=18 2026-08-15T04:19:37.602
SNR_VALID blue4 hydrophone 1 snr=20 2026-08-15T04:20:00.525
SNR_VALID blue4 hydrophone 1 snr=22 2026-08-15T04:20:26.322
SNR_VALID blue4 hydrophone 1 snr=24 2026-08-15T04:20:49.866
SNR_VALID blue4 hydrophone 1 snr=26 2026-08-15T04:21:15.068
SNR_VALID blue4 hydrophone 1 snr=28 2026-08-15T04:21:41.081
SNR_VALID blue4 hydrophone 1 snr=30 2026-08-15T04:22:05.632
PATH_VALID blue4 hydrophone 1 2026-08-15T04:22:06.548
N1536_CRC_NO_HARM_COMPUTE_COMPLETE paths=3 2026-08-15T04:22:07.091
