N2048_CRC_NO_HARM_START paths=3 2026-08-14T11:47:01.562
PATH_START blue1 hydrophone 1 2026-08-14T11:47:01.580
SNR_VALID blue1 hydrophone 1 snr=0 2026-08-14T11:48:25.781
SNR_VALID blue1 hydrophone 1 snr=2 2026-08-14T11:48:49.274
SNR_VALID blue1 hydrophone 1 snr=4 2026-08-14T11:49:12.817
SNR_VALID blue1 hydrophone 1 snr=6 2026-08-14T11:49:36.263
SNR_VALID blue1 hydrophone 1 snr=8 2026-08-14T11:49:58.534
SNR_VALID blue1 hydrophone 1 snr=10 2026-08-14T11:50:18.564
SNR_VALID blue1 hydrophone 1 snr=12 2026-08-14T11:50:35.140
SNR_VALID blue1 hydrophone 1 snr=14 2026-08-14T11:50:51.310
SNR_VALID blue1 hydrophone 1 snr=16 2026-08-14T11:51:04.965
SNR_VALID blue1 hydrophone 1 snr=18 2026-08-14T11:51:18.758
SNR_VALID blue1 hydrophone 1 snr=20 2026-08-14T11:51:29.963
SNR_VALID blue1 hydrophone 1 snr=22 2026-08-14T11:51:42.395
SNR_VALID blue1 hydrophone 1 snr=24 2026-08-14T11:51:54.888
SNR_VALID blue1 hydrophone 1 snr=26 2026-08-14T11:52:07.604
SNR_VALID blue1 hydrophone 1 snr=28 2026-08-14T11:52:20.493
SNR_VALID blue1 hydrophone 1 snr=30 2026-08-14T11:52:33.147
PATH_VALID blue1 hydrophone 1 2026-08-14T11:52:36.523
PATH_START blue2 hydrophone 2 2026-08-14T11:52:37.397
SNR_VALID blue2 hydrophone 2 snr=0 2026-08-14T11:53:02.268
SNR_VALID blue2 hydrophone 2 snr=2 2026-08-14T11:53:26.770
SNR_VALID blue2 hydrophone 2 snr=4 2026-08-14T11:53:49.712
SNR_VALID blue2 hydrophone 2 snr=6 2026-08-14T11:54:14.781
SNR_VALID blue2 hydrophone 2 snr=8 2026-08-14T11:54:39.529
SNR_VALID blue2 hydrophone 2 snr=10 2026-08-14T11:55:03.066
SNR_VALID blue2 hydrophone 2 snr=12 2026-08-14T11:55:26.618
SNR_VALID blue2 hydrophone 2 snr=14 2026-08-14T11:55:50.736
SNR_VALID blue2 hydrophone 2 snr=16 2026-08-14T11:56:14.477
SNR_VALID blue2 hydrophone 2 snr=18 2026-08-14T11:56:37.636
SNR_VALID blue2 hydrophone 2 snr=20 2026-08-14T11:57:02.528
SNR_VALID blue2 hydrophone 2 snr=22 2026-08-14T11:57:25.993
SNR_VALID blue2 hydrophone 2 snr=24 2026-08-14T11:57:51.135
SNR_VALID blue2 hydrophone 2 snr=26 2026-08-14T11:58:14.886
SNR_VALID blue2 hydrophone 2 snr=28 2026-08-14T11:58:41.124
SNR_VALID blue2 hydrophone 2 snr=30 2026-08-14T11:59:05.469
PATH_VALID blue2 hydrophone 2 2026-08-14T11:59:07.413
PATH_START blue3 hydrophone 3 2026-08-14T11:59:08.161
SNR_VALID blue3 hydrophone 3 snr=0 2026-08-14T11:59:34.767
SNR_VALID blue3 hydrophone 3 snr=2 2026-08-14T11:59:57.470
SNR_VALID blue3 hydrophone 3 snr=4 2026-08-14T12:00:21.762
SNR_VALID blue3 hydrophone 3 snr=6 2026-08-14T12:00:45.048
SNR_VALID blue3 hydrophone 3 snr=8 2026-08-14T12:01:09.675
SNR_VALID blue3 hydrophone 3 snr=10 2026-08-14T12:01:34.365
SNR_VALID blue3 hydrophone 3 snr=12 2026-08-14T12:01:58.526
SNR_VALID blue3 hydrophone 3 snr=14 2026-08-14T12:02:22.849
SNR_VALID blue3 hydrophone 3 snr=16 2026-08-14T12:02:46.266
SNR_VALID blue3 hydrophone 3 snr=18 2026-08-14T12:03:10.801
SNR_VALID blue3 hydrophone 3 snr=20 2026-08-14T12:03:34.147
SNR_VALID blue3 hydrophone 3 snr=22 2026-08-14T12:03:57.698
SNR_VALID blue3 hydrophone 3 snr=24 2026-08-14T12:04:23.302
SNR_VALID blue3 hydrophone 3 snr=26 2026-08-14T12:04:47.641
SNR_VALID blue3 hydrophone 3 snr=28 2026-08-14T12:05:11.740
SNR_VALID blue3 hydrophone 3 snr=30 2026-08-14T12:05:33.539
PATH_VALID blue3 hydrophone 3 2026-08-14T12:05:34.568
N2048_CRC_NO_HARM_COMPUTE_COMPLETE paths=3 2026-08-14T12:05:35.081
N2048_CRC_NO_HARM_START paths=3 2026-08-14T14:59:07.223
PATH_START blue1 hydrophone 1 2026-08-14T14:59:07.244
SNR_VALID blue1 hydrophone 1 snr=0 2026-08-14T15:00:50.596
SNR_VALID blue1 hydrophone 1 snr=2 2026-08-14T15:01:23.342
SNR_VALID blue1 hydrophone 1 snr=4 2026-08-14T15:01:59.529
SNR_VALID blue1 hydrophone 1 snr=6 2026-08-14T15:02:33.447
SNR_VALID blue1 hydrophone 1 snr=8 2026-08-14T15:03:07.631
SNR_VALID blue1 hydrophone 1 snr=10 2026-08-14T15:03:34.781
SNR_VALID blue1 hydrophone 1 snr=12 2026-08-14T15:04:00.204
SNR_VALID blue1 hydrophone 1 snr=14 2026-08-14T15:04:23.333
SNR_VALID blue1 hydrophone 1 snr=16 2026-08-14T15:04:46.408
SNR_VALID blue1 hydrophone 1 snr=18 2026-08-14T15:05:08.066
SNR_VALID blue1 hydrophone 1 snr=20 2026-08-14T15:05:27.818
SNR_VALID blue1 hydrophone 1 snr=22 2026-08-14T15:05:48.788
SNR_VALID blue1 hydrophone 1 snr=24 2026-08-14T15:06:08.466
SNR_VALID blue1 hydrophone 1 snr=26 2026-08-14T15:06:30.483
SNR_VALID blue1 hydrophone 1 snr=28 2026-08-14T15:06:50.985
SNR_VALID blue1 hydrophone 1 snr=30 2026-08-14T15:07:14.040
PATH_VALID blue1 hydrophone 1 2026-08-14T15:07:18.635
PATH_START blue2 hydrophone 2 2026-08-14T15:07:19.391
SNR_VALID blue2 hydrophone 2 snr=0 2026-08-14T15:07:55.667
SNR_VALID blue2 hydrophone 2 snr=2 2026-08-14T15:08:28.520
SNR_VALID blue2 hydrophone 2 snr=4 2026-08-14T15:09:00.358
SNR_VALID blue2 hydrophone 2 snr=6 2026-08-14T15:09:35.879
SNR_VALID blue2 hydrophone 2 snr=8 2026-08-14T15:10:11.207
SNR_VALID blue2 hydrophone 2 snr=10 2026-08-14T15:10:44.062
SNR_VALID blue2 hydrophone 2 snr=12 2026-08-14T15:11:16.737
SNR_VALID blue2 hydrophone 2 snr=14 2026-08-14T15:11:50.624
SNR_VALID blue2 hydrophone 2 snr=16 2026-08-14T15:12:22.758
SNR_VALID blue2 hydrophone 2 snr=18 2026-08-14T15:12:55.178
SNR_VALID blue2 hydrophone 2 snr=20 2026-08-14T15:13:27.919
SNR_VALID blue2 hydrophone 2 snr=22 2026-08-14T15:14:00.815
SNR_VALID blue2 hydrophone 2 snr=24 2026-08-14T15:14:33.687
SNR_VALID blue2 hydrophone 2 snr=26 2026-08-14T15:15:06.407
SNR_VALID blue2 hydrophone 2 snr=28 2026-08-14T15:15:39.448
SNR_VALID blue2 hydrophone 2 snr=30 2026-08-14T15:16:12.316
PATH_VALID blue2 hydrophone 2 2026-08-14T15:16:13.404
PATH_START blue3 hydrophone 3 2026-08-14T15:16:14.322
SNR_VALID blue3 hydrophone 3 snr=0 2026-08-14T15:16:47.380
SNR_VALID blue3 hydrophone 3 snr=2 2026-08-14T15:17:19.955
SNR_VALID blue3 hydrophone 3 snr=4 2026-08-14T15:17:58.705
SNR_VALID blue3 hydrophone 3 snr=6 2026-08-14T15:18:36.123
SNR_VALID blue3 hydrophone 3 snr=8 2026-08-14T15:19:12.741
SNR_VALID blue3 hydrophone 3 snr=10 2026-08-14T15:19:50.437
SNR_VALID blue3 hydrophone 3 snr=12 2026-08-14T15:20:25.136
SNR_VALID blue3 hydrophone 3 snr=14 2026-08-14T15:20:58.885
SNR_VALID blue3 hydrophone 3 snr=16 2026-08-14T15:21:31.142
SNR_VALID blue3 hydrophone 3 snr=18 2026-08-14T15:22:03.444
SNR_VALID blue3 hydrophone 3 snr=20 2026-08-14T15:22:35.330
SNR_VALID blue3 hydrophone 3 snr=22 2026-08-14T15:23:07.123
SNR_VALID blue3 hydrophone 3 snr=24 2026-08-14T15:23:39.323
SNR_VALID blue3 hydrophone 3 snr=26 2026-08-14T15:24:10.836
SNR_VALID blue3 hydrophone 3 snr=28 2026-08-14T15:24:43.246
SNR_VALID blue3 hydrophone 3 snr=30 2026-08-14T15:25:10.916
PATH_VALID blue3 hydrophone 3 2026-08-14T15:25:11.581
N2048_CRC_NO_HARM_COMPUTE_COMPLETE paths=3 2026-08-14T15:25:11.988
