N2048_CRC_NO_HARM_START paths=3 2026-08-14T14:59:06.688
PATH_START blue1 hydrophone 2 2026-08-14T14:59:06.717
SNR_VALID blue1 hydrophone 2 snr=0 2026-08-14T15:00:49.920
SNR_VALID blue1 hydrophone 2 snr=2 2026-08-14T15:01:22.580
SNR_VALID blue1 hydrophone 2 snr=4 2026-08-14T15:01:58.757
SNR_VALID blue1 hydrophone 2 snr=6 2026-08-14T15:02:33.186
SNR_VALID blue1 hydrophone 2 snr=8 2026-08-14T15:03:04.335
SNR_VALID blue1 hydrophone 2 snr=10 2026-08-14T15:03:29.292
SNR_VALID blue1 hydrophone 2 snr=12 2026-08-14T15:03:53.248
SNR_VALID blue1 hydrophone 2 snr=14 2026-08-14T15:04:14.664
SNR_VALID blue1 hydrophone 2 snr=16 2026-08-14T15:04:36.228
SNR_VALID blue1 hydrophone 2 snr=18 2026-08-14T15:04:56.950
SNR_VALID blue1 hydrophone 2 snr=20 2026-08-14T15:05:16.510
SNR_VALID blue1 hydrophone 2 snr=22 2026-08-14T15:05:35.926
SNR_VALID blue1 hydrophone 2 snr=24 2026-08-14T15:05:54.680
SNR_VALID blue1 hydrophone 2 snr=26 2026-08-14T15:06:16.077
SNR_VALID blue1 hydrophone 2 snr=28 2026-08-14T15:06:35.047
SNR_VALID blue1 hydrophone 2 snr=30 2026-08-14T15:06:54.513
PATH_VALID blue1 hydrophone 2 2026-08-14T15:06:59.148
PATH_START blue2 hydrophone 3 2026-08-14T15:06:59.934
SNR_VALID blue2 hydrophone 3 snr=0 2026-08-14T15:07:37.899
SNR_VALID blue2 hydrophone 3 snr=2 2026-08-14T15:08:10.317
SNR_VALID blue2 hydrophone 3 snr=4 2026-08-14T15:08:43.036
SNR_VALID blue2 hydrophone 3 snr=6 2026-08-14T15:09:15.352
SNR_VALID blue2 hydrophone 3 snr=8 2026-08-14T15:09:51.396
SNR_VALID blue2 hydrophone 3 snr=10 2026-08-14T15:10:26.528
SNR_VALID blue2 hydrophone 3 snr=12 2026-08-14T15:10:59.495
SNR_VALID blue2 hydrophone 3 snr=14 2026-08-14T15:11:32.764
SNR_VALID blue2 hydrophone 3 snr=16 2026-08-14T15:12:05.151
SNR_VALID blue2 hydrophone 3 snr=18 2026-08-14T15:12:37.512
SNR_VALID blue2 hydrophone 3 snr=20 2026-08-14T15:13:09.406
SNR_VALID blue2 hydrophone 3 snr=22 2026-08-14T15:13:42.939
SNR_VALID blue2 hydrophone 3 snr=24 2026-08-14T15:14:16.612
SNR_VALID blue2 hydrophone 3 snr=26 2026-08-14T15:14:48.693
SNR_VALID blue2 hydrophone 3 snr=28 2026-08-14T15:15:21.463
SNR_VALID blue2 hydrophone 3 snr=30 2026-08-14T15:15:54.425
PATH_VALID blue2 hydrophone 3 2026-08-14T15:15:55.591
PATH_START blue4 hydrophone 1 2026-08-14T15:15:56.321
SNR_VALID blue4 hydrophone 1 snr=0 2026-08-14T15:16:30.272
SNR_VALID blue4 hydrophone 1 snr=2 2026-08-14T15:17:02.145
SNR_VALID blue4 hydrophone 1 snr=4 2026-08-14T15:17:36.574
SNR_VALID blue4 hydrophone 1 snr=6 2026-08-14T15:18:15.785
SNR_VALID blue4 hydrophone 1 snr=8 2026-08-14T15:18:53.104
SNR_VALID blue4 hydrophone 1 snr=10 2026-08-14T15:19:30.611
SNR_VALID blue4 hydrophone 1 snr=12 2026-08-14T15:20:07.680
SNR_VALID blue4 hydrophone 1 snr=14 2026-08-14T15:20:41.284
SNR_VALID blue4 hydrophone 1 snr=16 2026-08-14T15:21:13.505
SNR_VALID blue4 hydrophone 1 snr=18 2026-08-14T15:21:45.859
SNR_VALID blue4 hydrophone 1 snr=20 2026-08-14T15:22:18.022
SNR_VALID blue4 hydrophone 1 snr=22 2026-08-14T15:22:49.753
SNR_VALID blue4 hydrophone 1 snr=24 2026-08-14T15:23:22.661
SNR_VALID blue4 hydrophone 1 snr=26 2026-08-14T15:23:54.647
SNR_VALID blue4 hydrophone 1 snr=28 2026-08-14T15:24:26.302
SNR_VALID blue4 hydrophone 1 snr=30 2026-08-14T15:24:57.518
PATH_VALID blue4 hydrophone 1 2026-08-14T15:24:59.527
N2048_CRC_NO_HARM_COMPUTE_COMPLETE paths=3 2026-08-14T15:25:00.011
