N4096_CRC_NO_HARM_START paths=3 2026-08-14T08:37:51.959
PATH_START blue2 hydrophone 1 2026-08-14T08:37:51.973
SNR_VALID blue2 hydrophone 1 snr=0 2026-08-14T08:39:52.018
SNR_VALID blue2 hydrophone 1 snr=2 2026-08-14T08:40:47.458
SNR_VALID blue2 hydrophone 1 snr=4 2026-08-14T08:41:38.290
SNR_VALID blue2 hydrophone 1 snr=6 2026-08-14T08:42:32.929
SNR_VALID blue2 hydrophone 1 snr=8 2026-08-14T08:43:31.195
SNR_VALID blue2 hydrophone 1 snr=10 2026-08-14T08:44:24.085
SNR_VALID blue2 hydrophone 1 snr=12 2026-08-14T08:45:22.543
SNR_VALID blue2 hydrophone 1 snr=14 2026-08-14T08:46:16.773
SNR_VALID blue2 hydrophone 1 snr=16 2026-08-14T08:47:08.667
SNR_VALID blue2 hydrophone 1 snr=18 2026-08-14T08:47:58.371
SNR_VALID blue2 hydrophone 1 snr=20 2026-08-14T08:48:48.327
SNR_VALID blue2 hydrophone 1 snr=22 2026-08-14T08:49:42.518
SNR_VALID blue2 hydrophone 1 snr=24 2026-08-14T08:50:35.526
SNR_VALID blue2 hydrophone 1 snr=26 2026-08-14T08:51:25.822
SNR_VALID blue2 hydrophone 1 snr=28 2026-08-14T08:52:15.737
SNR_VALID blue2 hydrophone 1 snr=30 2026-08-14T08:53:08.934
PATH_VALID blue2 hydrophone 1 2026-08-14T08:53:13.015
PATH_START blue3 hydrophone 2 2026-08-14T08:53:13.852
SNR_VALID blue3 hydrophone 2 snr=0 2026-08-14T08:54:05.580
SNR_VALID blue3 hydrophone 2 snr=2 2026-08-14T08:54:55.422
SNR_VALID blue3 hydrophone 2 snr=4 2026-08-14T08:55:45.173
SNR_VALID blue3 hydrophone 2 snr=6 2026-08-14T08:56:34.191
SNR_VALID blue3 hydrophone 2 snr=8 2026-08-14T08:57:24.906
SNR_VALID blue3 hydrophone 2 snr=10 2026-08-14T08:58:17.305
SNR_VALID blue3 hydrophone 2 snr=12 2026-08-14T08:59:08.670
SNR_VALID blue3 hydrophone 2 snr=14 2026-08-14T08:59:57.745
SNR_VALID blue3 hydrophone 2 snr=16 2026-08-14T09:00:47.520
SNR_VALID blue3 hydrophone 2 snr=18 2026-08-14T09:01:35.603
SNR_VALID blue3 hydrophone 2 snr=20 2026-08-14T09:02:25.637
SNR_VALID blue3 hydrophone 2 snr=22 2026-08-14T09:03:15.083
SNR_VALID blue3 hydrophone 2 snr=24 2026-08-14T09:04:03.459
SNR_VALID blue3 hydrophone 2 snr=26 2026-08-14T09:04:52.795
SNR_VALID blue3 hydrophone 2 snr=28 2026-08-14T09:05:41.056
SNR_VALID blue3 hydrophone 2 snr=30 2026-08-14T09:06:29.649
PATH_VALID blue3 hydrophone 2 2026-08-14T09:06:31.455
PATH_START blue4 hydrophone 3 2026-08-14T09:06:32.050
SNR_VALID blue4 hydrophone 3 snr=0 2026-08-14T09:07:22.176
SNR_VALID blue4 hydrophone 3 snr=2 2026-08-14T09:08:11.896
SNR_VALID blue4 hydrophone 3 snr=4 2026-08-14T09:09:02.375
SNR_VALID blue4 hydrophone 3 snr=6 2026-08-14T09:09:53.998
SNR_VALID blue4 hydrophone 3 snr=8 2026-08-14T09:10:47.482
SNR_VALID blue4 hydrophone 3 snr=10 2026-08-14T09:11:37.378
SNR_VALID blue4 hydrophone 3 snr=12 2026-08-14T09:12:26.780
SNR_VALID blue4 hydrophone 3 snr=14 2026-08-14T09:13:15.849
SNR_VALID blue4 hydrophone 3 snr=16 2026-08-14T09:14:05.460
SNR_VALID blue4 hydrophone 3 snr=18 2026-08-14T09:14:54.943
SNR_VALID blue4 hydrophone 3 snr=20 2026-08-14T09:15:42.740
SNR_VALID blue4 hydrophone 3 snr=22 2026-08-14T09:16:09.590
SNR_VALID blue4 hydrophone 3 snr=24 2026-08-14T09:16:36.318
SNR_VALID blue4 hydrophone 3 snr=26 2026-08-14T09:17:04.081
SNR_VALID blue4 hydrophone 3 snr=28 2026-08-14T09:17:31.691
SNR_VALID blue4 hydrophone 3 snr=30 2026-08-14T09:18:06.096
PATH_VALID blue4 hydrophone 3 2026-08-14T09:18:07.962
N4096_CRC_NO_HARM_COMPUTE_COMPLETE paths=3 2026-08-14T09:18:08.459
N4096_CRC_NO_HARM_START paths=3 2026-08-15T04:49:52.885
PATH_START blue2 hydrophone 1 2026-08-15T04:49:52.909
SNR_VALID blue2 hydrophone 1 snr=0 2026-08-15T04:52:10.297
SNR_VALID blue2 hydrophone 1 snr=2 2026-08-15T04:53:18.932
SNR_VALID blue2 hydrophone 1 snr=4 2026-08-15T04:54:28.454
SNR_VALID blue2 hydrophone 1 snr=6 2026-08-15T04:55:38.023
SNR_VALID blue2 hydrophone 1 snr=8 2026-08-15T04:56:45.623
SNR_VALID blue2 hydrophone 1 snr=10 2026-08-15T04:57:57.312
SNR_VALID blue2 hydrophone 1 snr=12 2026-08-15T04:59:08.870
SNR_VALID blue2 hydrophone 1 snr=14 2026-08-15T05:00:24.123
SNR_VALID blue2 hydrophone 1 snr=16 2026-08-15T05:01:37.607
SNR_VALID blue2 hydrophone 1 snr=18 2026-08-15T05:02:46.472
SNR_VALID blue2 hydrophone 1 snr=20 2026-08-15T05:04:00.194
SNR_VALID blue2 hydrophone 1 snr=22 2026-08-15T05:05:11.286
SNR_VALID blue2 hydrophone 1 snr=24 2026-08-15T05:06:23.725
SNR_VALID blue2 hydrophone 1 snr=26 2026-08-15T05:07:33.630
SNR_VALID blue2 hydrophone 1 snr=28 2026-08-15T05:08:41.840
SNR_VALID blue2 hydrophone 1 snr=30 2026-08-15T05:09:55.813
PATH_VALID blue2 hydrophone 1 2026-08-15T05:10:00.131
PATH_START blue3 hydrophone 2 2026-08-15T05:10:00.827
SNR_VALID blue3 hydrophone 2 snr=0 2026-08-15T05:11:13.077
SNR_VALID blue3 hydrophone 2 snr=2 2026-08-15T05:12:26.912
SNR_VALID blue3 hydrophone 2 snr=4 2026-08-15T05:13:43.531
SNR_VALID blue3 hydrophone 2 snr=6 2026-08-15T05:15:00.161
SNR_VALID blue3 hydrophone 2 snr=8 2026-08-15T05:16:12.886
SNR_VALID blue3 hydrophone 2 snr=10 2026-08-15T05:17:20.782
SNR_VALID blue3 hydrophone 2 snr=12 2026-08-15T05:18:32.046
SNR_VALID blue3 hydrophone 2 snr=14 2026-08-15T05:19:41.390
SNR_VALID blue3 hydrophone 2 snr=16 2026-08-15T05:20:53.405
SNR_VALID blue3 hydrophone 2 snr=18 2026-08-15T05:22:06.074
SNR_VALID blue3 hydrophone 2 snr=20 2026-08-15T05:23:18.795
SNR_VALID blue3 hydrophone 2 snr=22 2026-08-15T05:24:29.895
SNR_VALID blue3 hydrophone 2 snr=24 2026-08-15T05:25:46.091
SNR_VALID blue3 hydrophone 2 snr=26 2026-08-15T05:26:59.574
SNR_VALID blue3 hydrophone 2 snr=28 2026-08-15T05:28:07.815
SNR_VALID blue3 hydrophone 2 snr=30 2026-08-15T05:29:18.373
PATH_VALID blue3 hydrophone 2 2026-08-15T05:29:19.445
PATH_START blue4 hydrophone 3 2026-08-15T05:29:20.123
SNR_VALID blue4 hydrophone 3 snr=0 2026-08-15T05:30:34.244
SNR_VALID blue4 hydrophone 3 snr=2 2026-08-15T05:31:43.126
SNR_VALID blue4 hydrophone 3 snr=4 2026-08-15T05:32:54.534
SNR_VALID blue4 hydrophone 3 snr=6 2026-08-15T05:34:04.799
SNR_VALID blue4 hydrophone 3 snr=8 2026-08-15T05:35:15.812
SNR_VALID blue4 hydrophone 3 snr=10 2026-08-15T05:36:26.032
SNR_VALID blue4 hydrophone 3 snr=12 2026-08-15T05:37:35.417
SNR_VALID blue4 hydrophone 3 snr=14 2026-08-15T05:38:46.049
SNR_VALID blue4 hydrophone 3 snr=16 2026-08-15T05:39:58.725
SNR_VALID blue4 hydrophone 3 snr=18 2026-08-15T05:41:07.490
SNR_VALID blue4 hydrophone 3 snr=20 2026-08-15T05:42:16.903
SNR_VALID blue4 hydrophone 3 snr=22 2026-08-15T05:43:28.488
SNR_VALID blue4 hydrophone 3 snr=24 2026-08-15T05:44:21.270
SNR_VALID blue4 hydrophone 3 snr=26 2026-08-15T05:45:01.680
SNR_VALID blue4 hydrophone 3 snr=28 2026-08-15T05:45:42.226
SNR_VALID blue4 hydrophone 3 snr=30 2026-08-15T05:46:21.844
PATH_VALID blue4 hydrophone 3 2026-08-15T05:46:22.414
N4096_CRC_NO_HARM_COMPUTE_COMPLETE paths=3 2026-08-15T05:46:22.761
