N4096_CRC_NO_HARM_START paths=3 2026-08-15T04:49:52.834
PATH_START blue1 hydrophone 1 2026-08-15T04:49:52.854
SNR_VALID blue1 hydrophone 1 snr=0 2026-08-15T04:52:09.977
SNR_VALID blue1 hydrophone 1 snr=2 2026-08-15T04:53:18.754
SNR_VALID blue1 hydrophone 1 snr=4 2026-08-15T04:54:28.969
SNR_VALID blue1 hydrophone 1 snr=6 2026-08-15T04:55:38.307
SNR_VALID blue1 hydrophone 1 snr=8 2026-08-15T04:56:41.240
SNR_VALID blue1 hydrophone 1 snr=10 2026-08-15T04:57:44.090
SNR_VALID blue1 hydrophone 1 snr=12 2026-08-15T04:58:37.204
SNR_VALID blue1 hydrophone 1 snr=14 2026-08-15T04:59:26.168
SNR_VALID blue1 hydrophone 1 snr=16 2026-08-15T05:00:12.834
SNR_VALID blue1 hydrophone 1 snr=18 2026-08-15T05:01:01.714
SNR_VALID blue1 hydrophone 1 snr=20 2026-08-15T05:01:44.989
SNR_VALID blue1 hydrophone 1 snr=22 2026-08-15T05:02:27.020
SNR_VALID blue1 hydrophone 1 snr=24 2026-08-15T05:03:12.545
SNR_VALID blue1 hydrophone 1 snr=26 2026-08-15T05:03:57.727
SNR_VALID blue1 hydrophone 1 snr=28 2026-08-15T05:04:39.990
SNR_VALID blue1 hydrophone 1 snr=30 2026-08-15T05:05:23.453
PATH_VALID blue1 hydrophone 1 2026-08-15T05:05:27.785
PATH_START blue2 hydrophone 2 2026-08-15T05:05:28.453
SNR_VALID blue2 hydrophone 2 snr=0 2026-08-15T05:06:41.514
SNR_VALID blue2 hydrophone 2 snr=2 2026-08-15T05:07:50.223
SNR_VALID blue2 hydrophone 2 snr=4 2026-08-15T05:09:04.109
SNR_VALID blue2 hydrophone 2 snr=6 2026-08-15T05:10:16.820
SNR_VALID blue2 hydrophone 2 snr=8 2026-08-15T05:11:29.241
SNR_VALID blue2 hydrophone 2 snr=10 2026-08-15T05:12:44.081
SNR_VALID blue2 hydrophone 2 snr=12 2026-08-15T05:14:01.476
SNR_VALID blue2 hydrophone 2 snr=14 2026-08-15T05:15:20.322
SNR_VALID blue2 hydrophone 2 snr=16 2026-08-15T05:16:31.896
SNR_VALID blue2 hydrophone 2 snr=18 2026-08-15T05:17:42.875
SNR_VALID blue2 hydrophone 2 snr=20 2026-08-15T05:18:54.036
SNR_VALID blue2 hydrophone 2 snr=22 2026-08-15T05:20:02.839
SNR_VALID blue2 hydrophone 2 snr=24 2026-08-15T05:21:16.690
SNR_VALID blue2 hydrophone 2 snr=26 2026-08-15T05:22:30.780
SNR_VALID blue2 hydrophone 2 snr=28 2026-08-15T05:23:43.019
SNR_VALID blue2 hydrophone 2 snr=30 2026-08-15T05:24:58.584
PATH_VALID blue2 hydrophone 2 2026-08-15T05:25:01.343
PATH_START blue3 hydrophone 3 2026-08-15T05:25:02.268
SNR_VALID blue3 hydrophone 3 snr=0 2026-08-15T05:26:19.870
SNR_VALID blue3 hydrophone 3 snr=2 2026-08-15T05:27:28.278
SNR_VALID blue3 hydrophone 3 snr=4 2026-08-15T05:28:38.770
SNR_VALID blue3 hydrophone 3 snr=6 2026-08-15T05:29:52.676
SNR_VALID blue3 hydrophone 3 snr=8 2026-08-15T05:31:05.999
SNR_VALID blue3 hydrophone 3 snr=10 2026-08-15T05:32:15.361
SNR_VALID blue3 hydrophone 3 snr=12 2026-08-15T05:33:28.119
SNR_VALID blue3 hydrophone 3 snr=14 2026-08-15T05:34:38.706
SNR_VALID blue3 hydrophone 3 snr=16 2026-08-15T05:35:47.319
SNR_VALID blue3 hydrophone 3 snr=18 2026-08-15T05:36:57.162
SNR_VALID blue3 hydrophone 3 snr=20 2026-08-15T05:38:07.256
SNR_VALID blue3 hydrophone 3 snr=22 2026-08-15T05:39:19.795
SNR_VALID blue3 hydrophone 3 snr=24 2026-08-15T05:40:30.311
SNR_VALID blue3 hydrophone 3 snr=26 2026-08-15T05:41:39.771
SNR_VALID blue3 hydrophone 3 snr=28 2026-08-15T05:42:51.185
SNR_VALID blue3 hydrophone 3 snr=30 2026-08-15T05:43:57.564
PATH_VALID blue3 hydrophone 3 2026-08-15T05:43:58.314
N4096_CRC_NO_HARM_COMPUTE_COMPLETE paths=3 2026-08-15T05:43:58.762
