N4096_CRC_NO_HARM_START paths=3 2026-08-15T04:49:52.572
PATH_START blue1 hydrophone 3 2026-08-15T04:49:52.593
SNR_VALID blue1 hydrophone 3 snr=0 2026-08-15T04:52:09.763
SNR_VALID blue1 hydrophone 3 snr=2 2026-08-15T04:53:18.546
SNR_VALID blue1 hydrophone 3 snr=4 2026-08-15T04:54:26.906
SNR_VALID blue1 hydrophone 3 snr=6 2026-08-15T04:55:34.607
SNR_VALID blue1 hydrophone 3 snr=8 2026-08-15T04:56:34.321
SNR_VALID blue1 hydrophone 3 snr=10 2026-08-15T04:57:27.268
SNR_VALID blue1 hydrophone 3 snr=12 2026-08-15T04:58:17.485
SNR_VALID blue1 hydrophone 3 snr=14 2026-08-15T04:59:02.967
SNR_VALID blue1 hydrophone 3 snr=16 2026-08-15T04:59:48.388
SNR_VALID blue1 hydrophone 3 snr=18 2026-08-15T05:00:36.879
SNR_VALID blue1 hydrophone 3 snr=20 2026-08-15T05:01:22.953
SNR_VALID blue1 hydrophone 3 snr=22 2026-08-15T05:02:06.894
SNR_VALID blue1 hydrophone 3 snr=24 2026-08-15T05:02:51.826
SNR_VALID blue1 hydrophone 3 snr=26 2026-08-15T05:03:37.575
SNR_VALID blue1 hydrophone 3 snr=28 2026-08-15T05:04:20.512
SNR_VALID blue1 hydrophone 3 snr=30 2026-08-15T05:05:03.533
PATH_VALID blue1 hydrophone 3 2026-08-15T05:05:07.664
PATH_START blue3 hydrophone 1 2026-08-15T05:05:08.732
SNR_VALID blue3 hydrophone 1 snr=0 2026-08-15T05:06:22.606
SNR_VALID blue3 hydrophone 1 snr=2 2026-08-15T05:07:33.566
SNR_VALID blue3 hydrophone 1 snr=4 2026-08-15T05:08:44.941
SNR_VALID blue3 hydrophone 1 snr=6 2026-08-15T05:10:00.116
SNR_VALID blue3 hydrophone 1 snr=8 2026-08-15T05:11:12.374
SNR_VALID blue3 hydrophone 1 snr=10 2026-08-15T05:12:27.431
SNR_VALID blue3 hydrophone 1 snr=12 2026-08-15T05:13:44.928
SNR_VALID blue3 hydrophone 1 snr=14 2026-08-15T05:15:02.621
SNR_VALID blue3 hydrophone 1 snr=16 2026-08-15T05:16:14.131
SNR_VALID blue3 hydrophone 1 snr=18 2026-08-15T05:17:23.982
SNR_VALID blue3 hydrophone 1 snr=20 2026-08-15T05:18:33.217
SNR_VALID blue3 hydrophone 1 snr=22 2026-08-15T05:19:43.131
SNR_VALID blue3 hydrophone 1 snr=24 2026-08-15T05:20:55.799
SNR_VALID blue3 hydrophone 1 snr=26 2026-08-15T05:22:09.386
SNR_VALID blue3 hydrophone 1 snr=28 2026-08-15T05:23:20.818
SNR_VALID blue3 hydrophone 1 snr=30 2026-08-15T05:24:31.608
PATH_VALID blue3 hydrophone 1 2026-08-15T05:24:33.877
PATH_START blue4 hydrophone 2 2026-08-15T05:24:34.607
SNR_VALID blue4 hydrophone 2 snr=0 2026-08-15T05:25:52.953
SNR_VALID blue4 hydrophone 2 snr=2 2026-08-15T05:27:06.858
SNR_VALID blue4 hydrophone 2 snr=4 2026-08-15T05:28:16.201
SNR_VALID blue4 hydrophone 2 snr=6 2026-08-15T05:29:26.256
SNR_VALID blue4 hydrophone 2 snr=8 2026-08-15T05:30:39.253
SNR_VALID blue4 hydrophone 2 snr=10 2026-08-15T05:31:48.434
SNR_VALID blue4 hydrophone 2 snr=12 2026-08-15T05:32:59.617
SNR_VALID blue4 hydrophone 2 snr=14 2026-08-15T05:34:10.082
SNR_VALID blue4 hydrophone 2 snr=16 2026-08-15T05:35:20.843
SNR_VALID blue4 hydrophone 2 snr=18 2026-08-15T05:36:31.573
SNR_VALID blue4 hydrophone 2 snr=20 2026-08-15T05:37:39.508
SNR_VALID blue4 hydrophone 2 snr=22 2026-08-15T05:38:50.092
SNR_VALID blue4 hydrophone 2 snr=24 2026-08-15T05:40:01.491
SNR_VALID blue4 hydrophone 2 snr=26 2026-08-15T05:41:10.699
SNR_VALID blue4 hydrophone 2 snr=28 2026-08-15T05:42:21.138
SNR_VALID blue4 hydrophone 2 snr=30 2026-08-15T05:43:33.857
PATH_VALID blue4 hydrophone 2 2026-08-15T05:43:34.978
N4096_CRC_NO_HARM_COMPUTE_COMPLETE paths=3 2026-08-15T05:43:35.677
