N1280_CRC_NO_HARM_START paths=3 2026-08-21T22:55:27.536
PATH_START blue2 hydrophone 1 2026-08-21T22:55:27.553
SNR_VALID blue2 hydrophone 1 snr=0 2026-08-21T22:56:49.140
SNR_VALID blue2 hydrophone 1 snr=2 2026-08-21T22:57:22.966
SNR_VALID blue2 hydrophone 1 snr=4 2026-08-21T22:57:56.078
SNR_VALID blue2 hydrophone 1 snr=6 2026-08-21T22:58:26.840
SNR_VALID blue2 hydrophone 1 snr=8 2026-08-21T22:58:53.391
SNR_VALID blue2 hydrophone 1 snr=10 2026-08-21T22:59:15.680
SNR_VALID blue2 hydrophone 1 snr=12 2026-08-21T22:59:35.494
SNR_VALID blue2 hydrophone 1 snr=14 2026-08-21T22:59:55.337
SNR_VALID blue2 hydrophone 1 snr=16 2026-08-21T23:00:15.116
SNR_VALID blue2 hydrophone 1 snr=18 2026-08-21T23:00:33.100
SNR_VALID blue2 hydrophone 1 snr=20 2026-08-21T23:00:51.168
SNR_VALID blue2 hydrophone 1 snr=22 2026-08-21T23:01:09.468
SNR_VALID blue2 hydrophone 1 snr=24 2026-08-21T23:01:26.645
SNR_VALID blue2 hydrophone 1 snr=26 2026-08-21T23:01:44.459
SNR_VALID blue2 hydrophone 1 snr=28 2026-08-21T23:02:02.014
SNR_VALID blue2 hydrophone 1 snr=30 2026-08-21T23:02:19.376
PATH_VALID blue2 hydrophone 1 2026-08-21T23:02:21.669
PATH_START blue3 hydrophone 2 2026-08-21T23:02:22.230
SNR_VALID blue3 hydrophone 2 snr=0 2026-08-21T23:02:52.959
SNR_VALID blue3 hydrophone 2 snr=2 2026-08-21T23:03:25.526
SNR_VALID blue3 hydrophone 2 snr=4 2026-08-21T23:03:55.693
SNR_VALID blue3 hydrophone 2 snr=6 2026-08-21T23:04:24.486
SNR_VALID blue3 hydrophone 2 snr=8 2026-08-21T23:04:53.471
SNR_VALID blue3 hydrophone 2 snr=10 2026-08-21T23:05:22.356
SNR_VALID blue3 hydrophone 2 snr=12 2026-08-21T23:05:49.036
SNR_VALID blue3 hydrophone 2 snr=14 2026-08-21T23:06:20.179
SNR_VALID blue3 hydrophone 2 snr=16 2026-08-21T23:06:49.787
SNR_VALID blue3 hydrophone 2 snr=18 2026-08-21T23:07:19.084
SNR_VALID blue3 hydrophone 2 snr=20 2026-08-21T23:07:46.193
SNR_VALID blue3 hydrophone 2 snr=22 2026-08-21T23:08:12.404
SNR_VALID blue3 hydrophone 2 snr=24 2026-08-21T23:08:36.616
SNR_VALID blue3 hydrophone 2 snr=26 2026-08-21T23:09:02.920
SNR_VALID blue3 hydrophone 2 snr=28 2026-08-21T23:09:28.459
SNR_VALID blue3 hydrophone 2 snr=30 2026-08-21T23:09:54.188
PATH_VALID blue3 hydrophone 2 2026-08-21T23:09:56.802
PATH_START blue4 hydrophone 3 2026-08-21T23:09:57.631
SNR_VALID blue4 hydrophone 3 snr=0 2026-08-21T23:10:50.332
SNR_VALID blue4 hydrophone 3 snr=2 2026-08-21T23:11:37.896
SNR_VALID blue4 hydrophone 3 snr=4 2026-08-21T23:12:12.383
SNR_VALID blue4 hydrophone 3 snr=6 2026-08-21T23:12:44.652
SNR_VALID blue4 hydrophone 3 snr=8 2026-08-21T23:13:10.965
SNR_VALID blue4 hydrophone 3 snr=10 2026-08-21T23:13:34.107
SNR_VALID blue4 hydrophone 3 snr=12 2026-08-21T23:13:56.436
SNR_VALID blue4 hydrophone 3 snr=14 2026-08-21T23:14:16.240
SNR_VALID blue4 hydrophone 3 snr=16 2026-08-21T23:14:33.941
SNR_VALID blue4 hydrophone 3 snr=18 2026-08-21T23:14:50.981
SNR_VALID blue4 hydrophone 3 snr=20 2026-08-21T23:15:09.201
SNR_VALID blue4 hydrophone 3 snr=22 2026-08-21T23:15:28.094
SNR_VALID blue4 hydrophone 3 snr=24 2026-08-21T23:15:45.531
SNR_VALID blue4 hydrophone 3 snr=26 2026-08-21T23:16:03.260
SNR_VALID blue4 hydrophone 3 snr=28 2026-08-21T23:16:20.565
SNR_VALID blue4 hydrophone 3 snr=30 2026-08-21T23:16:35.754
PATH_VALID blue4 hydrophone 3 2026-08-21T23:16:36.379
N1280_CRC_NO_HARM_COMPUTE_COMPLETE paths=3 2026-08-21T23:16:36.859
