DIRECT18_START paths=3 2026-08-14T23:43:45.209
PATH_START red1 hydrophone 3 2026-08-14T23:43:45.221
SNR_VALID red1 hydrophone 3 snr=0 2026-08-14T23:45:24.992
SNR_VALID red1 hydrophone 3 snr=2 2026-08-14T23:45:49.954
SNR_VALID red1 hydrophone 3 snr=4 2026-08-14T23:46:14.207
SNR_VALID red1 hydrophone 3 snr=6 2026-08-14T23:46:37.649
SNR_VALID red1 hydrophone 3 snr=8 2026-08-14T23:47:00.460
SNR_VALID red1 hydrophone 3 snr=10 2026-08-14T23:47:22.723
SNR_VALID red1 hydrophone 3 snr=12 2026-08-14T23:47:44.138
SNR_VALID red1 hydrophone 3 snr=14 2026-08-14T23:48:06.464
SNR_VALID red1 hydrophone 3 snr=16 2026-08-14T23:48:27.404
SNR_VALID red1 hydrophone 3 snr=18 2026-08-14T23:48:49.034
SNR_VALID red1 hydrophone 3 snr=20 2026-08-14T23:49:10.742
SNR_VALID red1 hydrophone 3 snr=22 2026-08-14T23:49:35.115
SNR_VALID red1 hydrophone 3 snr=24 2026-08-14T23:49:55.979
SNR_VALID red1 hydrophone 3 snr=26 2026-08-14T23:50:18.052
SNR_VALID red1 hydrophone 3 snr=28 2026-08-14T23:50:39.645
SNR_VALID red1 hydrophone 3 snr=30 2026-08-14T23:51:02.591
PATH_VALID red1 hydrophone 3 2026-08-14T23:51:04.220
PATH_START red3 hydrophone 1 2026-08-14T23:51:04.464
SNR_VALID red3 hydrophone 1 snr=0 2026-08-14T23:51:31.588
SNR_VALID red3 hydrophone 1 snr=2 2026-08-14T23:51:56.106
SNR_VALID red3 hydrophone 1 snr=4 2026-08-14T23:52:21.702
SNR_VALID red3 hydrophone 1 snr=6 2026-08-14T23:52:46.305
SNR_VALID red3 hydrophone 1 snr=8 2026-08-14T23:53:11.233
SNR_VALID red3 hydrophone 1 snr=10 2026-08-14T23:53:35.144
SNR_VALID red3 hydrophone 1 snr=12 2026-08-14T23:53:58.271
SNR_VALID red3 hydrophone 1 snr=14 2026-08-14T23:54:20.441
SNR_VALID red3 hydrophone 1 snr=16 2026-08-14T23:54:43.489
SNR_VALID red3 hydrophone 1 snr=18 2026-08-14T23:55:05.504
SNR_VALID red3 hydrophone 1 snr=20 2026-08-14T23:55:29.499
SNR_VALID red3 hydrophone 1 snr=22 2026-08-14T23:55:51.540
SNR_VALID red3 hydrophone 1 snr=24 2026-08-14T23:56:14.012
SNR_VALID red3 hydrophone 1 snr=26 2026-08-14T23:56:37.190
SNR_VALID red3 hydrophone 1 snr=28 2026-08-14T23:57:01.964
SNR_VALID red3 hydrophone 1 snr=30 2026-08-14T23:57:27.860
PATH_VALID red3 hydrophone 1 2026-08-14T23:57:27.981
PATH_START red4 hydrophone 2 2026-08-14T23:57:28.197
SNR_VALID red4 hydrophone 2 snr=0 2026-08-14T23:57:56.396
SNR_VALID red4 hydrophone 2 snr=2 2026-08-14T23:58:23.147
SNR_VALID red4 hydrophone 2 snr=4 2026-08-14T23:58:48.592
SNR_VALID red4 hydrophone 2 snr=6 2026-08-14T23:59:13.789
SNR_VALID red4 hydrophone 2 snr=8 2026-08-14T23:59:37.600
SNR_VALID red4 hydrophone 2 snr=10 2026-08-15T00:00:01.894
SNR_VALID red4 hydrophone 2 snr=12 2026-08-15T00:00:26.892
SNR_VALID red4 hydrophone 2 snr=14 2026-08-15T00:00:49.859
SNR_VALID red4 hydrophone 2 snr=16 2026-08-15T00:01:17.927
SNR_VALID red4 hydrophone 2 snr=18 2026-08-15T00:01:41.877
SNR_VALID red4 hydrophone 2 snr=20 2026-08-15T00:02:06.500
SNR_VALID red4 hydrophone 2 snr=22 2026-08-15T00:02:32.720
SNR_VALID red4 hydrophone 2 snr=24 2026-08-15T00:02:57.045
SNR_VALID red4 hydrophone 2 snr=26 2026-08-15T00:03:20.110
SNR_VALID red4 hydrophone 2 snr=28 2026-08-15T00:03:43.798
SNR_VALID red4 hydrophone 2 snr=30 2026-08-15T00:04:05.878
PATH_VALID red4 hydrophone 2 2026-08-15T00:04:06.049
DIRECT18_COMPUTE_COMPLETE paths=3 2026-08-15T00:04:06.283
