DIRECT18_START paths=3 2026-08-14T23:43:50.986
PATH_START red1 hydrophone 1 2026-08-14T23:43:51.030
SNR_VALID red1 hydrophone 1 snr=0 2026-08-14T23:45:31.652
SNR_VALID red1 hydrophone 1 snr=2 2026-08-14T23:45:56
SNR_VALID red1 hydrophone 1 snr=4 2026-08-14T23:46:20.576
SNR_VALID red1 hydrophone 1 snr=6 2026-08-14T23:46:44.870
SNR_VALID red1 hydrophone 1 snr=8 2026-08-14T23:47:08.822
SNR_VALID red1 hydrophone 1 snr=10 2026-08-14T23:47:30.625
SNR_VALID red1 hydrophone 1 snr=12 2026-08-14T23:47:53.372
SNR_VALID red1 hydrophone 1 snr=14 2026-08-14T23:48:15.147
SNR_VALID red1 hydrophone 1 snr=16 2026-08-14T23:48:36.490
SNR_VALID red1 hydrophone 1 snr=18 2026-08-14T23:48:59.010
SNR_VALID red1 hydrophone 1 snr=20 2026-08-14T23:49:24.643
SNR_VALID red1 hydrophone 1 snr=22 2026-08-14T23:49:46.850
SNR_VALID red1 hydrophone 1 snr=24 2026-08-14T23:50:09.318
SNR_VALID red1 hydrophone 1 snr=26 2026-08-14T23:50:31.305
SNR_VALID red1 hydrophone 1 snr=28 2026-08-14T23:50:53.977
SNR_VALID red1 hydrophone 1 snr=30 2026-08-14T23:51:17.001
PATH_VALID red1 hydrophone 1 2026-08-14T23:51:18.375
PATH_START red2 hydrophone 2 2026-08-14T23:51:18.630
SNR_VALID red2 hydrophone 2 snr=0 2026-08-14T23:51:45.357
SNR_VALID red2 hydrophone 2 snr=2 2026-08-14T23:52:10.424
SNR_VALID red2 hydrophone 2 snr=4 2026-08-14T23:52:35.992
SNR_VALID red2 hydrophone 2 snr=6 2026-08-14T23:53:00.972
SNR_VALID red2 hydrophone 2 snr=8 2026-08-14T23:53:24.872
SNR_VALID red2 hydrophone 2 snr=10 2026-08-14T23:53:48.903
SNR_VALID red2 hydrophone 2 snr=12 2026-08-14T23:54:12.241
SNR_VALID red2 hydrophone 2 snr=14 2026-08-14T23:54:35.938
SNR_VALID red2 hydrophone 2 snr=16 2026-08-14T23:54:59.062
SNR_VALID red2 hydrophone 2 snr=18 2026-08-14T23:55:22.977
SNR_VALID red2 hydrophone 2 snr=20 2026-08-14T23:55:45.254
SNR_VALID red2 hydrophone 2 snr=22 2026-08-14T23:56:07.369
SNR_VALID red2 hydrophone 2 snr=24 2026-08-14T23:56:30.813
SNR_VALID red2 hydrophone 2 snr=26 2026-08-14T23:56:55.763
SNR_VALID red2 hydrophone 2 snr=28 2026-08-14T23:57:21.454
SNR_VALID red2 hydrophone 2 snr=30 2026-08-14T23:57:44.753
PATH_VALID red2 hydrophone 2 2026-08-14T23:57:44.873
PATH_START red3 hydrophone 3 2026-08-14T23:57:45.116
SNR_VALID red3 hydrophone 3 snr=0 2026-08-14T23:58:13.158
SNR_VALID red3 hydrophone 3 snr=2 2026-08-14T23:58:39.072
SNR_VALID red3 hydrophone 3 snr=4 2026-08-14T23:59:05.127
SNR_VALID red3 hydrophone 3 snr=6 2026-08-14T23:59:31.755
SNR_VALID red3 hydrophone 3 snr=8 2026-08-14T23:59:59.443
SNR_VALID red3 hydrophone 3 snr=10 2026-08-15T00:00:25.134
SNR_VALID red3 hydrophone 3 snr=12 2026-08-15T00:00:48.170
SNR_VALID red3 hydrophone 3 snr=14 2026-08-15T00:01:16.707
SNR_VALID red3 hydrophone 3 snr=16 2026-08-15T00:01:40.933
SNR_VALID red3 hydrophone 3 snr=18 2026-08-15T00:02:04.565
SNR_VALID red3 hydrophone 3 snr=20 2026-08-15T00:02:30.208
SNR_VALID red3 hydrophone 3 snr=22 2026-08-15T00:02:56.219
SNR_VALID red3 hydrophone 3 snr=24 2026-08-15T00:03:19.043
SNR_VALID red3 hydrophone 3 snr=26 2026-08-15T00:03:43.228
SNR_VALID red3 hydrophone 3 snr=28 2026-08-15T00:04:05.578
SNR_VALID red3 hydrophone 3 snr=30 2026-08-15T00:04:26.291
PATH_VALID red3 hydrophone 3 2026-08-15T00:04:26.458
DIRECT18_COMPUTE_COMPLETE paths=3 2026-08-15T00:04:26.708
