DIRECT18_START paths=3 2026-08-14T23:43:45.859
PATH_START red2 hydrophone 1 2026-08-14T23:43:45.894
SNR_VALID red2 hydrophone 1 snr=0 2026-08-14T23:45:27.189
SNR_VALID red2 hydrophone 1 snr=2 2026-08-14T23:45:52.044
SNR_VALID red2 hydrophone 1 snr=4 2026-08-14T23:46:16.494
SNR_VALID red2 hydrophone 1 snr=6 2026-08-14T23:46:41.187
SNR_VALID red2 hydrophone 1 snr=8 2026-08-14T23:47:05.941
SNR_VALID red2 hydrophone 1 snr=10 2026-08-14T23:47:29.829
SNR_VALID red2 hydrophone 1 snr=12 2026-08-14T23:47:52.765
SNR_VALID red2 hydrophone 1 snr=14 2026-08-14T23:48:15.447
SNR_VALID red2 hydrophone 1 snr=16 2026-08-14T23:48:37.580
SNR_VALID red2 hydrophone 1 snr=18 2026-08-14T23:48:59.897
SNR_VALID red2 hydrophone 1 snr=20 2026-08-14T23:49:25.751
SNR_VALID red2 hydrophone 1 snr=22 2026-08-14T23:49:47.604
SNR_VALID red2 hydrophone 1 snr=24 2026-08-14T23:50:10.851
SNR_VALID red2 hydrophone 1 snr=26 2026-08-14T23:50:34.050
SNR_VALID red2 hydrophone 1 snr=28 2026-08-14T23:50:56.130
SNR_VALID red2 hydrophone 1 snr=30 2026-08-14T23:51:20.103
PATH_VALID red2 hydrophone 1 2026-08-14T23:51:21.877
PATH_START red3 hydrophone 2 2026-08-14T23:51:22.049
SNR_VALID red3 hydrophone 2 snr=0 2026-08-14T23:51:48.994
SNR_VALID red3 hydrophone 2 snr=2 2026-08-14T23:52:14.416
SNR_VALID red3 hydrophone 2 snr=4 2026-08-14T23:52:40.129
SNR_VALID red3 hydrophone 2 snr=6 2026-08-14T23:53:04.793
SNR_VALID red3 hydrophone 2 snr=8 2026-08-14T23:53:29.226
SNR_VALID red3 hydrophone 2 snr=10 2026-08-14T23:53:52.096
SNR_VALID red3 hydrophone 2 snr=12 2026-08-14T23:54:14.808
SNR_VALID red3 hydrophone 2 snr=14 2026-08-14T23:54:38.904
SNR_VALID red3 hydrophone 2 snr=16 2026-08-14T23:55:01.222
SNR_VALID red3 hydrophone 2 snr=18 2026-08-14T23:55:24.971
SNR_VALID red3 hydrophone 2 snr=20 2026-08-14T23:55:47.348
SNR_VALID red3 hydrophone 2 snr=22 2026-08-14T23:56:10.091
SNR_VALID red3 hydrophone 2 snr=24 2026-08-14T23:56:33.537
SNR_VALID red3 hydrophone 2 snr=26 2026-08-14T23:56:58.141
SNR_VALID red3 hydrophone 2 snr=28 2026-08-14T23:57:23.313
SNR_VALID red3 hydrophone 2 snr=30 2026-08-14T23:57:46.924
PATH_VALID red3 hydrophone 2 2026-08-14T23:57:47.202
PATH_START red4 hydrophone 3 2026-08-14T23:57:47.597
SNR_VALID red4 hydrophone 3 snr=0 2026-08-14T23:58:14.402
SNR_VALID red4 hydrophone 3 snr=2 2026-08-14T23:58:40.523
SNR_VALID red4 hydrophone 3 snr=4 2026-08-14T23:59:06.524
SNR_VALID red4 hydrophone 3 snr=6 2026-08-14T23:59:31.943
SNR_VALID red4 hydrophone 3 snr=8 2026-08-14T23:59:58.672
SNR_VALID red4 hydrophone 3 snr=10 2026-08-15T00:00:23.744
SNR_VALID red4 hydrophone 3 snr=12 2026-08-15T00:00:46.687
SNR_VALID red4 hydrophone 3 snr=14 2026-08-15T00:01:13.681
SNR_VALID red4 hydrophone 3 snr=16 2026-08-15T00:01:38.831
SNR_VALID red4 hydrophone 3 snr=18 2026-08-15T00:02:01.941
SNR_VALID red4 hydrophone 3 snr=20 2026-08-15T00:02:26.851
SNR_VALID red4 hydrophone 3 snr=22 2026-08-15T00:02:52.790
SNR_VALID red4 hydrophone 3 snr=24 2026-08-15T00:03:16.115
SNR_VALID red4 hydrophone 3 snr=26 2026-08-15T00:03:39.092
SNR_VALID red4 hydrophone 3 snr=28 2026-08-15T00:04:01.386
SNR_VALID red4 hydrophone 3 snr=30 2026-08-15T00:04:21.476
PATH_VALID red4 hydrophone 3 2026-08-15T00:04:21.635
DIRECT18_COMPUTE_COMPLETE paths=3 2026-08-15T00:04:21.920
