DIRECT18_START paths=3 2026-08-14T23:43:50.848
PATH_START red1 hydrophone 2 2026-08-14T23:43:50.868
SNR_VALID red1 hydrophone 2 snr=0 2026-08-14T23:45:32.514
SNR_VALID red1 hydrophone 2 snr=2 2026-08-14T23:45:56.921
SNR_VALID red1 hydrophone 2 snr=4 2026-08-14T23:46:21.453
SNR_VALID red1 hydrophone 2 snr=6 2026-08-14T23:46:46.150
SNR_VALID red1 hydrophone 2 snr=8 2026-08-14T23:47:10.173
SNR_VALID red1 hydrophone 2 snr=10 2026-08-14T23:47:32.906
SNR_VALID red1 hydrophone 2 snr=12 2026-08-14T23:47:55.850
SNR_VALID red1 hydrophone 2 snr=14 2026-08-14T23:48:16.890
SNR_VALID red1 hydrophone 2 snr=16 2026-08-14T23:48:39.367
SNR_VALID red1 hydrophone 2 snr=18 2026-08-14T23:49:01.465
SNR_VALID red1 hydrophone 2 snr=20 2026-08-14T23:49:26.525
SNR_VALID red1 hydrophone 2 snr=22 2026-08-14T23:49:47.972
SNR_VALID red1 hydrophone 2 snr=24 2026-08-14T23:50:10.957
SNR_VALID red1 hydrophone 2 snr=26 2026-08-14T23:50:34.048
SNR_VALID red1 hydrophone 2 snr=28 2026-08-14T23:50:56.621
SNR_VALID red1 hydrophone 2 snr=30 2026-08-14T23:51:20.841
PATH_VALID red1 hydrophone 2 2026-08-14T23:51:22.416
PATH_START red2 hydrophone 3 2026-08-14T23:51:22.625
SNR_VALID red2 hydrophone 3 snr=0 2026-08-14T23:51:49.438
SNR_VALID red2 hydrophone 3 snr=2 2026-08-14T23:52:15
SNR_VALID red2 hydrophone 3 snr=4 2026-08-14T23:52:41.032
SNR_VALID red2 hydrophone 3 snr=6 2026-08-14T23:53:05.866
SNR_VALID red2 hydrophone 3 snr=8 2026-08-14T23:53:31.318
SNR_VALID red2 hydrophone 3 snr=10 2026-08-14T23:53:55.135
SNR_VALID red2 hydrophone 3 snr=12 2026-08-14T23:54:18.647
SNR_VALID red2 hydrophone 3 snr=14 2026-08-14T23:54:42.124
SNR_VALID red2 hydrophone 3 snr=16 2026-08-14T23:55:05.523
SNR_VALID red2 hydrophone 3 snr=18 2026-08-14T23:55:29.646
SNR_VALID red2 hydrophone 3 snr=20 2026-08-14T23:55:52.400
SNR_VALID red2 hydrophone 3 snr=22 2026-08-14T23:56:16.025
SNR_VALID red2 hydrophone 3 snr=24 2026-08-14T23:56:40.221
SNR_VALID red2 hydrophone 3 snr=26 2026-08-14T23:57:05.214
SNR_VALID red2 hydrophone 3 snr=28 2026-08-14T23:57:31.251
SNR_VALID red2 hydrophone 3 snr=30 2026-08-14T23:57:55.492
PATH_VALID red2 hydrophone 3 2026-08-14T23:57:55.602
PATH_START red4 hydrophone 1 2026-08-14T23:57:55.842
SNR_VALID red4 hydrophone 1 snr=0 2026-08-14T23:58:23.019
SNR_VALID red4 hydrophone 1 snr=2 2026-08-14T23:58:48.952
SNR_VALID red4 hydrophone 1 snr=4 2026-08-14T23:59:15.681
SNR_VALID red4 hydrophone 1 snr=6 2026-08-14T23:59:42.080
SNR_VALID red4 hydrophone 1 snr=8 2026-08-15T00:00:07.453
SNR_VALID red4 hydrophone 1 snr=10 2026-08-15T00:00:31.993
SNR_VALID red4 hydrophone 1 snr=12 2026-08-15T00:00:55.512
SNR_VALID red4 hydrophone 1 snr=14 2026-08-15T00:01:23.254
SNR_VALID red4 hydrophone 1 snr=16 2026-08-15T00:01:46.772
SNR_VALID red4 hydrophone 1 snr=18 2026-08-15T00:02:11.027
SNR_VALID red4 hydrophone 1 snr=20 2026-08-15T00:02:37.855
SNR_VALID red4 hydrophone 1 snr=22 2026-08-15T00:03:02.296
SNR_VALID red4 hydrophone 1 snr=24 2026-08-15T00:03:25.894
SNR_VALID red4 hydrophone 1 snr=26 2026-08-15T00:03:48.893
SNR_VALID red4 hydrophone 1 snr=28 2026-08-15T00:04:10.366
SNR_VALID red4 hydrophone 1 snr=30 2026-08-15T00:04:28.944
PATH_VALID red4 hydrophone 1 2026-08-15T00:04:29.024
DIRECT18_COMPUTE_COMPLETE paths=3 2026-08-15T00:04:29.202
