N1024_CRC_NO_HARM_START paths=3 2026-08-21T20:30:12.889
PATH_START blue1 hydrophone 2 2026-08-21T20:30:12.900
SNR_VALID blue1 hydrophone 2 snr=0 2026-08-21T20:31:17.721
SNR_VALID blue1 hydrophone 2 snr=2 2026-08-21T20:31:36.433
SNR_VALID blue1 hydrophone 2 snr=4 2026-08-21T20:31:54.508
SNR_VALID blue1 hydrophone 2 snr=6 2026-08-21T20:32:13.545
SNR_VALID blue1 hydrophone 2 snr=8 2026-08-21T20:32:31.274
SNR_VALID blue1 hydrophone 2 snr=10 2026-08-21T20:32:44.913
SNR_VALID blue1 hydrophone 2 snr=12 2026-08-21T20:32:57.903
SNR_VALID blue1 hydrophone 2 snr=14 2026-08-21T20:33:10.604
SNR_VALID blue1 hydrophone 2 snr=16 2026-08-21T20:33:23.662
SNR_VALID blue1 hydrophone 2 snr=18 2026-08-21T20:33:35.528
SNR_VALID blue1 hydrophone 2 snr=20 2026-08-21T20:33:46.624
SNR_VALID blue1 hydrophone 2 snr=22 2026-08-21T20:33:58.545
SNR_VALID blue1 hydrophone 2 snr=24 2026-08-21T20:34:10.530
SNR_VALID blue1 hydrophone 2 snr=26 2026-08-21T20:34:22.785
SNR_VALID blue1 hydrophone 2 snr=28 2026-08-21T20:34:34.440
SNR_VALID blue1 hydrophone 2 snr=30 2026-08-21T20:34:45.558
PATH_VALID blue1 hydrophone 2 2026-08-21T20:34:47.696
PATH_START blue2 hydrophone 3 2026-08-21T20:34:48.199
SNR_VALID blue2 hydrophone 3 snr=0 2026-08-21T20:35:08.363
SNR_VALID blue2 hydrophone 3 snr=2 2026-08-21T20:35:29.179
SNR_VALID blue2 hydrophone 3 snr=4 2026-08-21T20:35:47.221
SNR_VALID blue2 hydrophone 3 snr=6 2026-08-21T20:36:04.501
SNR_VALID blue2 hydrophone 3 snr=8 2026-08-21T20:36:19.631
SNR_VALID blue2 hydrophone 3 snr=10 2026-08-21T20:36:33.776
SNR_VALID blue2 hydrophone 3 snr=12 2026-08-21T20:36:46.948
SNR_VALID blue2 hydrophone 3 snr=14 2026-08-21T20:36:59.479
SNR_VALID blue2 hydrophone 3 snr=16 2026-08-21T20:37:11.668
SNR_VALID blue2 hydrophone 3 snr=18 2026-08-21T20:37:23.098
SNR_VALID blue2 hydrophone 3 snr=20 2026-08-21T20:37:35.745
SNR_VALID blue2 hydrophone 3 snr=22 2026-08-21T20:37:47.227
SNR_VALID blue2 hydrophone 3 snr=24 2026-08-21T20:37:59.235
SNR_VALID blue2 hydrophone 3 snr=26 2026-08-21T20:38:11.062
SNR_VALID blue2 hydrophone 3 snr=28 2026-08-21T20:38:24.160
SNR_VALID blue2 hydrophone 3 snr=30 2026-08-21T20:38:37.200
PATH_VALID blue2 hydrophone 3 2026-08-21T20:38:37.890
PATH_START blue4 hydrophone 1 2026-08-21T20:38:38.360
SNR_VALID blue4 hydrophone 1 snr=0 2026-08-21T20:38:58.873
SNR_VALID blue4 hydrophone 1 snr=2 2026-08-21T20:39:18.254
SNR_VALID blue4 hydrophone 1 snr=4 2026-08-21T20:39:36.531
SNR_VALID blue4 hydrophone 1 snr=6 2026-08-21T20:39:54.354
SNR_VALID blue4 hydrophone 1 snr=8 2026-08-21T20:40:11.738
SNR_VALID blue4 hydrophone 1 snr=10 2026-08-21T20:40:26.808
SNR_VALID blue4 hydrophone 1 snr=12 2026-08-21T20:40:40.423
SNR_VALID blue4 hydrophone 1 snr=14 2026-08-21T20:40:52.832
SNR_VALID blue4 hydrophone 1 snr=16 2026-08-21T20:41:05.465
SNR_VALID blue4 hydrophone 1 snr=18 2026-08-21T20:41:17.493
SNR_VALID blue4 hydrophone 1 snr=20 2026-08-21T20:41:28.873
SNR_VALID blue4 hydrophone 1 snr=22 2026-08-21T20:41:41.407
SNR_VALID blue4 hydrophone 1 snr=24 2026-08-21T20:41:53.191
SNR_VALID blue4 hydrophone 1 snr=26 2026-08-21T20:42:05.207
SNR_VALID blue4 hydrophone 1 snr=28 2026-08-21T20:42:15.501
SNR_VALID blue4 hydrophone 1 snr=30 2026-08-21T20:42:23.503
PATH_VALID blue4 hydrophone 1 2026-08-21T20:42:23.911
N1024_CRC_NO_HARM_COMPUTE_COMPLETE paths=3 2026-08-21T20:42:24.222
