N1024_CRC_NO_HARM_START paths=3 2026-08-21T20:30:13.002
PATH_START blue1 hydrophone 3 2026-08-21T20:30:13.011
SNR_VALID blue1 hydrophone 3 snr=0 2026-08-21T20:31:17.056
SNR_VALID blue1 hydrophone 3 snr=2 2026-08-21T20:31:36.231
SNR_VALID blue1 hydrophone 3 snr=4 2026-08-21T20:31:54.619
SNR_VALID blue1 hydrophone 3 snr=6 2026-08-21T20:32:14.356
SNR_VALID blue1 hydrophone 3 snr=8 2026-08-21T20:32:32.587
SNR_VALID blue1 hydrophone 3 snr=10 2026-08-21T20:32:47.847
SNR_VALID blue1 hydrophone 3 snr=12 2026-08-21T20:33:01.699
SNR_VALID blue1 hydrophone 3 snr=14 2026-08-21T20:33:14.630
SNR_VALID blue1 hydrophone 3 snr=16 2026-08-21T20:33:27.708
SNR_VALID blue1 hydrophone 3 snr=18 2026-08-21T20:33:40.307
SNR_VALID blue1 hydrophone 3 snr=20 2026-08-21T20:33:52.328
SNR_VALID blue1 hydrophone 3 snr=22 2026-08-21T20:34:03.755
SNR_VALID blue1 hydrophone 3 snr=24 2026-08-21T20:34:16.073
SNR_VALID blue1 hydrophone 3 snr=26 2026-08-21T20:34:28.716
SNR_VALID blue1 hydrophone 3 snr=28 2026-08-21T20:34:40.954
SNR_VALID blue1 hydrophone 3 snr=30 2026-08-21T20:34:52.362
PATH_VALID blue1 hydrophone 3 2026-08-21T20:34:54.789
PATH_START blue3 hydrophone 1 2026-08-21T20:34:55.267
SNR_VALID blue3 hydrophone 1 snr=0 2026-08-21T20:35:11.726
SNR_VALID blue3 hydrophone 1 snr=2 2026-08-21T20:35:27.715
SNR_VALID blue3 hydrophone 1 snr=4 2026-08-21T20:35:42.283
SNR_VALID blue3 hydrophone 1 snr=6 2026-08-21T20:35:57.393
SNR_VALID blue3 hydrophone 1 snr=8 2026-08-21T20:36:11.516
SNR_VALID blue3 hydrophone 1 snr=10 2026-08-21T20:36:25.591
SNR_VALID blue3 hydrophone 1 snr=12 2026-08-21T20:36:39.187
SNR_VALID blue3 hydrophone 1 snr=14 2026-08-21T20:36:52.352
SNR_VALID blue3 hydrophone 1 snr=16 2026-08-21T20:37:04.164
SNR_VALID blue3 hydrophone 1 snr=18 2026-08-21T20:37:17.325
SNR_VALID blue3 hydrophone 1 snr=20 2026-08-21T20:37:29.304
SNR_VALID blue3 hydrophone 1 snr=22 2026-08-21T20:37:41.138
SNR_VALID blue3 hydrophone 1 snr=24 2026-08-21T20:37:51.963
SNR_VALID blue3 hydrophone 1 snr=26 2026-08-21T20:38:03.937
SNR_VALID blue3 hydrophone 1 snr=28 2026-08-21T20:38:16.508
SNR_VALID blue3 hydrophone 1 snr=30 2026-08-21T20:38:29.554
PATH_VALID blue3 hydrophone 1 2026-08-21T20:38:31.026
PATH_START blue4 hydrophone 2 2026-08-21T20:38:31.528
SNR_VALID blue4 hydrophone 2 snr=0 2026-08-21T20:38:50.204
SNR_VALID blue4 hydrophone 2 snr=2 2026-08-21T20:39:09.369
SNR_VALID blue4 hydrophone 2 snr=4 2026-08-21T20:39:26.906
SNR_VALID blue4 hydrophone 2 snr=6 2026-08-21T20:39:43.132
SNR_VALID blue4 hydrophone 2 snr=8 2026-08-21T20:39:59.039
SNR_VALID blue4 hydrophone 2 snr=10 2026-08-21T20:40:13.331
SNR_VALID blue4 hydrophone 2 snr=12 2026-08-21T20:40:25.618
SNR_VALID blue4 hydrophone 2 snr=14 2026-08-21T20:40:36.916
SNR_VALID blue4 hydrophone 2 snr=16 2026-08-21T20:40:47.687
SNR_VALID blue4 hydrophone 2 snr=18 2026-08-21T20:40:58.445
SNR_VALID blue4 hydrophone 2 snr=20 2026-08-21T20:41:09.266
SNR_VALID blue4 hydrophone 2 snr=22 2026-08-21T20:41:19.937
SNR_VALID blue4 hydrophone 2 snr=24 2026-08-21T20:41:30.286
SNR_VALID blue4 hydrophone 2 snr=26 2026-08-21T20:41:41.624
SNR_VALID blue4 hydrophone 2 snr=28 2026-08-21T20:41:52.213
SNR_VALID blue4 hydrophone 2 snr=30 2026-08-21T20:42:03.320
PATH_VALID blue4 hydrophone 2 2026-08-21T20:42:04.117
N1024_CRC_NO_HARM_COMPUTE_COMPLETE paths=3 2026-08-21T20:42:04.644
