N2048_CRC_NO_HARM_START paths=3 2026-08-10T21:49:17.197
PATH_START red1 hydrophone 1 2026-08-10T21:49:17.206
SNR_VALID red1 hydrophone 1 snr=0 2026-08-10T21:51:26.966
SNR_VALID red1 hydrophone 1 snr=2 2026-08-10T21:52:18.566
SNR_VALID red1 hydrophone 1 snr=4 2026-08-10T21:53:12.512
SNR_VALID red1 hydrophone 1 snr=6 2026-08-10T21:54:07.051
SNR_VALID red1 hydrophone 1 snr=8 2026-08-10T21:54:58.899
SNR_VALID red1 hydrophone 1 snr=10 2026-08-10T21:55:37.659
SNR_VALID red1 hydrophone 1 snr=12 2026-08-10T21:56:10.166
SNR_VALID red1 hydrophone 1 snr=14 2026-08-10T21:56:41.723
SNR_VALID red1 hydrophone 1 snr=16 2026-08-10T21:57:10.264
SNR_VALID red1 hydrophone 1 snr=18 2026-08-10T21:57:38.167
SNR_VALID red1 hydrophone 1 snr=20 2026-08-10T21:58:04.165
SNR_VALID red1 hydrophone 1 snr=22 2026-08-10T21:58:28.372
SNR_VALID red1 hydrophone 1 snr=24 2026-08-10T21:58:52.373
SNR_VALID red1 hydrophone 1 snr=26 2026-08-10T21:59:19.875
SNR_VALID red1 hydrophone 1 snr=28 2026-08-10T21:59:45.949
SNR_VALID red1 hydrophone 1 snr=30 2026-08-10T22:00:10.108
PATH_VALID red1 hydrophone 1 2026-08-10T22:00:14.967
PATH_START red2 hydrophone 2 2026-08-10T22:00:15.930
SNR_VALID red2 hydrophone 2 snr=0 2026-08-10T22:01:15.706
SNR_VALID red2 hydrophone 2 snr=2 2026-08-10T22:02:10.388
SNR_VALID red2 hydrophone 2 snr=4 2026-08-10T22:03:09.113
SNR_VALID red2 hydrophone 2 snr=6 2026-08-10T22:03:59.804
SNR_VALID red2 hydrophone 2 snr=8 2026-08-10T22:04:48.257
SNR_VALID red2 hydrophone 2 snr=10 2026-08-10T22:05:23.156
SNR_VALID red2 hydrophone 2 snr=12 2026-08-10T22:05:58.206
SNR_VALID red2 hydrophone 2 snr=14 2026-08-10T22:06:30.662
SNR_VALID red2 hydrophone 2 snr=16 2026-08-10T22:07:00.199
SNR_VALID red2 hydrophone 2 snr=18 2026-08-10T22:07:28.724
SNR_VALID red2 hydrophone 2 snr=20 2026-08-10T22:07:54.492
SNR_VALID red2 hydrophone 2 snr=22 2026-08-10T22:08:21.350
SNR_VALID red2 hydrophone 2 snr=24 2026-08-10T22:08:45.357
SNR_VALID red2 hydrophone 2 snr=26 2026-08-10T22:09:10.124
SNR_VALID red2 hydrophone 2 snr=28 2026-08-10T22:09:33.969
SNR_VALID red2 hydrophone 2 snr=30 2026-08-10T22:09:58.440
PATH_VALID red2 hydrophone 2 2026-08-10T22:09:59.246
PATH_START red3 hydrophone 3 2026-08-10T22:09:59.942
SNR_VALID red3 hydrophone 3 snr=0 2026-08-10T22:10:53.564
SNR_VALID red3 hydrophone 3 snr=2 2026-08-10T22:11:44.304
SNR_VALID red3 hydrophone 3 snr=4 2026-08-10T22:12:37.485
SNR_VALID red3 hydrophone 3 snr=6 2026-08-10T22:13:29.164
SNR_VALID red3 hydrophone 3 snr=8 2026-08-10T22:14:16.031
SNR_VALID red3 hydrophone 3 snr=10 2026-08-10T22:14:52.706
SNR_VALID red3 hydrophone 3 snr=12 2026-08-10T22:15:20.856
SNR_VALID red3 hydrophone 3 snr=14 2026-08-10T22:15:45.863
SNR_VALID red3 hydrophone 3 snr=16 2026-08-10T22:16:08.778
SNR_VALID red3 hydrophone 3 snr=18 2026-08-10T22:16:32.020
SNR_VALID red3 hydrophone 3 snr=20 2026-08-10T22:16:55.961
SNR_VALID red3 hydrophone 3 snr=22 2026-08-10T22:17:17.406
SNR_VALID red3 hydrophone 3 snr=24 2026-08-10T22:17:37.474
SNR_VALID red3 hydrophone 3 snr=26 2026-08-10T22:17:56.159
SNR_VALID red3 hydrophone 3 snr=28 2026-08-10T22:18:13.348
SNR_VALID red3 hydrophone 3 snr=30 2026-08-10T22:18:27.028
PATH_VALID red3 hydrophone 3 2026-08-10T22:18:27.485
N2048_CRC_NO_HARM_COMPUTE_COMPLETE paths=3 2026-08-10T22:18:27.908
