N2048_CRC_NO_HARM_START paths=3 2026-08-10T21:49:16.957
PATH_START red1 hydrophone 2 2026-08-10T21:49:16.965
SNR_VALID red1 hydrophone 2 snr=0 2026-08-10T21:51:25.555
SNR_VALID red1 hydrophone 2 snr=2 2026-08-10T21:52:16.594
SNR_VALID red1 hydrophone 2 snr=4 2026-08-10T21:53:11
SNR_VALID red1 hydrophone 2 snr=6 2026-08-10T21:54:04.405
SNR_VALID red1 hydrophone 2 snr=8 2026-08-10T21:54:52.549
SNR_VALID red1 hydrophone 2 snr=10 2026-08-10T21:55:27.584
SNR_VALID red1 hydrophone 2 snr=12 2026-08-10T21:55:59.579
SNR_VALID red1 hydrophone 2 snr=14 2026-08-10T21:56:27.464
SNR_VALID red1 hydrophone 2 snr=16 2026-08-10T21:56:54.307
SNR_VALID red1 hydrophone 2 snr=18 2026-08-10T21:57:21.870
SNR_VALID red1 hydrophone 2 snr=20 2026-08-10T21:57:48.721
SNR_VALID red1 hydrophone 2 snr=22 2026-08-10T21:58:13.873
SNR_VALID red1 hydrophone 2 snr=24 2026-08-10T21:58:38.779
SNR_VALID red1 hydrophone 2 snr=26 2026-08-10T21:59:03.939
SNR_VALID red1 hydrophone 2 snr=28 2026-08-10T21:59:33.523
SNR_VALID red1 hydrophone 2 snr=30 2026-08-10T21:59:59.195
PATH_VALID red1 hydrophone 2 2026-08-10T22:00:02.599
PATH_START red2 hydrophone 3 2026-08-10T22:00:03.128
SNR_VALID red2 hydrophone 3 snr=0 2026-08-10T22:01:02.798
SNR_VALID red2 hydrophone 3 snr=2 2026-08-10T22:01:58.565
SNR_VALID red2 hydrophone 3 snr=4 2026-08-10T22:02:56.508
SNR_VALID red2 hydrophone 3 snr=6 2026-08-10T22:03:46.346
SNR_VALID red2 hydrophone 3 snr=8 2026-08-10T22:04:32.655
SNR_VALID red2 hydrophone 3 snr=10 2026-08-10T22:05:10.672
SNR_VALID red2 hydrophone 3 snr=12 2026-08-10T22:05:46.678
SNR_VALID red2 hydrophone 3 snr=14 2026-08-10T22:06:15.288
SNR_VALID red2 hydrophone 3 snr=16 2026-08-10T22:06:42.531
SNR_VALID red2 hydrophone 3 snr=18 2026-08-10T22:07:09.034
SNR_VALID red2 hydrophone 3 snr=20 2026-08-10T22:07:35.328
SNR_VALID red2 hydrophone 3 snr=22 2026-08-10T22:08:00.111
SNR_VALID red2 hydrophone 3 snr=24 2026-08-10T22:08:24.937
SNR_VALID red2 hydrophone 3 snr=26 2026-08-10T22:08:49.602
SNR_VALID red2 hydrophone 3 snr=28 2026-08-10T22:09:13.257
SNR_VALID red2 hydrophone 3 snr=30 2026-08-10T22:09:37.345
PATH_VALID red2 hydrophone 3 2026-08-10T22:09:40.314
PATH_START red4 hydrophone 1 2026-08-10T22:09:41.153
SNR_VALID red4 hydrophone 1 snr=0 2026-08-10T22:10:34.406
SNR_VALID red4 hydrophone 1 snr=2 2026-08-10T22:11:25.131
SNR_VALID red4 hydrophone 1 snr=4 2026-08-10T22:12:17.777
SNR_VALID red4 hydrophone 1 snr=6 2026-08-10T22:12:59.495
SNR_VALID red4 hydrophone 1 snr=8 2026-08-10T22:13:30.549
SNR_VALID red4 hydrophone 1 snr=10 2026-08-10T22:13:55.420
SNR_VALID red4 hydrophone 1 snr=12 2026-08-10T22:14:18.270
SNR_VALID red4 hydrophone 1 snr=14 2026-08-10T22:14:41.321
SNR_VALID red4 hydrophone 1 snr=16 2026-08-10T22:15:04.990
SNR_VALID red4 hydrophone 1 snr=18 2026-08-10T22:15:28.675
SNR_VALID red4 hydrophone 1 snr=20 2026-08-10T22:15:49.805
SNR_VALID red4 hydrophone 1 snr=22 2026-08-10T22:16:13.071
SNR_VALID red4 hydrophone 1 snr=24 2026-08-10T22:16:35.419
SNR_VALID red4 hydrophone 1 snr=26 2026-08-10T22:16:58.343
SNR_VALID red4 hydrophone 1 snr=28 2026-08-10T22:17:18.005
SNR_VALID red4 hydrophone 1 snr=30 2026-08-10T22:17:37.640
PATH_VALID red4 hydrophone 1 2026-08-10T22:17:38.495
N2048_CRC_NO_HARM_COMPUTE_COMPLETE paths=3 2026-08-10T22:17:39.120
