N2048_CRC_NO_HARM_START paths=3 2026-08-10T21:49:17.410
PATH_START red2 hydrophone 1 2026-08-10T21:49:17.422
SNR_VALID red2 hydrophone 1 snr=0 2026-08-10T21:51:27.307
SNR_VALID red2 hydrophone 1 snr=2 2026-08-10T21:52:17.728
SNR_VALID red2 hydrophone 1 snr=4 2026-08-10T21:53:10.676
SNR_VALID red2 hydrophone 1 snr=6 2026-08-10T21:54:04.734
SNR_VALID red2 hydrophone 1 snr=8 2026-08-10T21:54:59.866
SNR_VALID red2 hydrophone 1 snr=10 2026-08-10T21:55:51.858
SNR_VALID red2 hydrophone 1 snr=12 2026-08-10T21:56:35.429
SNR_VALID red2 hydrophone 1 snr=14 2026-08-10T21:57:08.660
SNR_VALID red2 hydrophone 1 snr=16 2026-08-10T21:57:40.571
SNR_VALID red2 hydrophone 1 snr=18 2026-08-10T21:58:11.687
SNR_VALID red2 hydrophone 1 snr=20 2026-08-10T21:58:39.641
SNR_VALID red2 hydrophone 1 snr=22 2026-08-10T21:59:08.653
SNR_VALID red2 hydrophone 1 snr=24 2026-08-10T21:59:40.425
SNR_VALID red2 hydrophone 1 snr=26 2026-08-10T22:00:06.826
SNR_VALID red2 hydrophone 1 snr=28 2026-08-10T22:00:38.382
SNR_VALID red2 hydrophone 1 snr=30 2026-08-10T22:01:03.013
PATH_VALID red2 hydrophone 1 2026-08-10T22:01:07.932
PATH_START red3 hydrophone 2 2026-08-10T22:01:08.843
SNR_VALID red3 hydrophone 2 snr=0 2026-08-10T22:02:04.646
SNR_VALID red3 hydrophone 2 snr=2 2026-08-10T22:03:05.123
SNR_VALID red3 hydrophone 2 snr=4 2026-08-10T22:03:54.139
SNR_VALID red3 hydrophone 2 snr=6 2026-08-10T22:04:43.606
SNR_VALID red3 hydrophone 2 snr=8 2026-08-10T22:05:27.864
SNR_VALID red3 hydrophone 2 snr=10 2026-08-10T22:06:01.492
SNR_VALID red3 hydrophone 2 snr=12 2026-08-10T22:06:25.528
SNR_VALID red3 hydrophone 2 snr=14 2026-08-10T22:06:50.597
SNR_VALID red3 hydrophone 2 snr=16 2026-08-10T22:07:15.684
SNR_VALID red3 hydrophone 2 snr=18 2026-08-10T22:07:41.187
SNR_VALID red3 hydrophone 2 snr=20 2026-08-10T22:08:05.733
SNR_VALID red3 hydrophone 2 snr=22 2026-08-10T22:08:28.614
SNR_VALID red3 hydrophone 2 snr=24 2026-08-10T22:08:52.728
SNR_VALID red3 hydrophone 2 snr=26 2026-08-10T22:09:14.912
SNR_VALID red3 hydrophone 2 snr=28 2026-08-10T22:09:36.869
SNR_VALID red3 hydrophone 2 snr=30 2026-08-10T22:10:01.010
PATH_VALID red3 hydrophone 2 2026-08-10T22:10:03.271
PATH_START red4 hydrophone 3 2026-08-10T22:10:04.075
SNR_VALID red4 hydrophone 3 snr=0 2026-08-10T22:10:56.604
SNR_VALID red4 hydrophone 3 snr=2 2026-08-10T22:11:46.274
SNR_VALID red4 hydrophone 3 snr=4 2026-08-10T22:12:38.056
SNR_VALID red4 hydrophone 3 snr=6 2026-08-10T22:13:22.560
SNR_VALID red4 hydrophone 3 snr=8 2026-08-10T22:13:56.787
SNR_VALID red4 hydrophone 3 snr=10 2026-08-10T22:14:25.707
SNR_VALID red4 hydrophone 3 snr=12 2026-08-10T22:14:49.444
SNR_VALID red4 hydrophone 3 snr=14 2026-08-10T22:15:13.887
SNR_VALID red4 hydrophone 3 snr=16 2026-08-10T22:15:37.329
SNR_VALID red4 hydrophone 3 snr=18 2026-08-10T22:15:59.202
SNR_VALID red4 hydrophone 3 snr=20 2026-08-10T22:16:22.422
SNR_VALID red4 hydrophone 3 snr=22 2026-08-10T22:16:45.202
SNR_VALID red4 hydrophone 3 snr=24 2026-08-10T22:17:07.559
SNR_VALID red4 hydrophone 3 snr=26 2026-08-10T22:17:26.782
SNR_VALID red4 hydrophone 3 snr=28 2026-08-10T22:17:45.700
SNR_VALID red4 hydrophone 3 snr=30 2026-08-10T22:18:03.681
PATH_VALID red4 hydrophone 3 2026-08-10T22:18:04.652
N2048_CRC_NO_HARM_COMPUTE_COMPLETE paths=3 2026-08-10T22:18:05.464
