N2048_CRC_NO_HARM_START paths=3 2026-08-10T21:49:17.229
PATH_START red1 hydrophone 3 2026-08-10T21:49:17.244
SNR_VALID red1 hydrophone 3 snr=0 2026-08-10T21:51:25.507
SNR_VALID red1 hydrophone 3 snr=2 2026-08-10T21:52:16.395
SNR_VALID red1 hydrophone 3 snr=4 2026-08-10T21:53:10.548
SNR_VALID red1 hydrophone 3 snr=6 2026-08-10T21:54:00.986
SNR_VALID red1 hydrophone 3 snr=8 2026-08-10T21:54:38.419
SNR_VALID red1 hydrophone 3 snr=10 2026-08-10T21:55:11.668
SNR_VALID red1 hydrophone 3 snr=12 2026-08-10T21:55:35.628
SNR_VALID red1 hydrophone 3 snr=14 2026-08-10T21:56:02.459
SNR_VALID red1 hydrophone 3 snr=16 2026-08-10T21:56:27.842
SNR_VALID red1 hydrophone 3 snr=18 2026-08-10T21:56:51.607
SNR_VALID red1 hydrophone 3 snr=20 2026-08-10T21:57:15.560
SNR_VALID red1 hydrophone 3 snr=22 2026-08-10T21:57:40.359
SNR_VALID red1 hydrophone 3 snr=24 2026-08-10T21:58:04.952
SNR_VALID red1 hydrophone 3 snr=26 2026-08-10T21:58:28.081
SNR_VALID red1 hydrophone 3 snr=28 2026-08-10T21:58:50.011
SNR_VALID red1 hydrophone 3 snr=30 2026-08-10T21:59:14.414
PATH_VALID red1 hydrophone 3 2026-08-10T21:59:20.581
PATH_START red3 hydrophone 1 2026-08-10T21:59:21.410
SNR_VALID red3 hydrophone 1 snr=0 2026-08-10T22:00:23.788
SNR_VALID red3 hydrophone 1 snr=2 2026-08-10T22:01:21.519
SNR_VALID red3 hydrophone 1 snr=4 2026-08-10T22:02:15.319
SNR_VALID red3 hydrophone 1 snr=6 2026-08-10T22:03:13.813
SNR_VALID red3 hydrophone 1 snr=8 2026-08-10T22:04:02.032
SNR_VALID red3 hydrophone 1 snr=10 2026-08-10T22:04:37.998
SNR_VALID red3 hydrophone 1 snr=12 2026-08-10T22:05:08.899
SNR_VALID red3 hydrophone 1 snr=14 2026-08-10T22:05:35.263
SNR_VALID red3 hydrophone 1 snr=16 2026-08-10T22:05:58.457
SNR_VALID red3 hydrophone 1 snr=18 2026-08-10T22:06:21.300
SNR_VALID red3 hydrophone 1 snr=20 2026-08-10T22:06:45.228
SNR_VALID red3 hydrophone 1 snr=22 2026-08-10T22:07:09.260
SNR_VALID red3 hydrophone 1 snr=24 2026-08-10T22:07:32.918
SNR_VALID red3 hydrophone 1 snr=26 2026-08-10T22:07:56.750
SNR_VALID red3 hydrophone 1 snr=28 2026-08-10T22:08:20.753
SNR_VALID red3 hydrophone 1 snr=30 2026-08-10T22:08:43.532
PATH_VALID red3 hydrophone 1 2026-08-10T22:08:44.339
PATH_START red4 hydrophone 2 2026-08-10T22:08:44.908
SNR_VALID red4 hydrophone 2 snr=0 2026-08-10T22:09:38.896
SNR_VALID red4 hydrophone 2 snr=2 2026-08-10T22:10:31.699
SNR_VALID red4 hydrophone 2 snr=4 2026-08-10T22:11:22.027
SNR_VALID red4 hydrophone 2 snr=6 2026-08-10T22:12:04.283
SNR_VALID red4 hydrophone 2 snr=8 2026-08-10T22:12:33.869
SNR_VALID red4 hydrophone 2 snr=10 2026-08-10T22:12:58.227
SNR_VALID red4 hydrophone 2 snr=12 2026-08-10T22:13:21.795
SNR_VALID red4 hydrophone 2 snr=14 2026-08-10T22:13:46.521
SNR_VALID red4 hydrophone 2 snr=16 2026-08-10T22:14:10.531
SNR_VALID red4 hydrophone 2 snr=18 2026-08-10T22:14:34.521
SNR_VALID red4 hydrophone 2 snr=20 2026-08-10T22:14:59.390
SNR_VALID red4 hydrophone 2 snr=22 2026-08-10T22:15:23.954
SNR_VALID red4 hydrophone 2 snr=24 2026-08-10T22:15:46.187
SNR_VALID red4 hydrophone 2 snr=26 2026-08-10T22:16:08.264
SNR_VALID red4 hydrophone 2 snr=28 2026-08-10T22:16:30.916
SNR_VALID red4 hydrophone 2 snr=30 2026-08-10T22:16:54.194
PATH_VALID red4 hydrophone 2 2026-08-10T22:16:56.033
N2048_CRC_NO_HARM_COMPUTE_COMPLETE paths=3 2026-08-10T22:16:56.785
