N2048_CRC_NO_HARM_START paths=3 2026-08-13T20:07:41.024
PATH_START blue1 hydrophone 2 2026-08-13T20:07:41.031
SNR_VALID blue1 hydrophone 2 snr=0 2026-08-13T20:09:02.466
SNR_VALID blue1 hydrophone 2 snr=2 2026-08-13T20:09:22.575
SNR_VALID blue1 hydrophone 2 snr=4 2026-08-13T20:09:42.575
SNR_VALID blue1 hydrophone 2 snr=6 2026-08-13T20:09:59.289
SNR_VALID blue1 hydrophone 2 snr=8 2026-08-13T20:10:13.190
SNR_VALID blue1 hydrophone 2 snr=10 2026-08-13T20:10:24.773
SNR_VALID blue1 hydrophone 2 snr=12 2026-08-13T20:10:33.867
SNR_VALID blue1 hydrophone 2 snr=14 2026-08-13T20:10:42.592
SNR_VALID blue1 hydrophone 2 snr=16 2026-08-13T20:10:50.965
SNR_VALID blue1 hydrophone 2 snr=18 2026-08-13T20:10:58.712
SNR_VALID blue1 hydrophone 2 snr=20 2026-08-13T20:11:06.587
SNR_VALID blue1 hydrophone 2 snr=22 2026-08-13T20:11:15.556
SNR_VALID blue1 hydrophone 2 snr=24 2026-08-13T20:11:24.538
SNR_VALID blue1 hydrophone 2 snr=26 2026-08-13T20:11:32.779
SNR_VALID blue1 hydrophone 2 snr=28 2026-08-13T20:11:41.509
SNR_VALID blue1 hydrophone 2 snr=30 2026-08-13T20:11:51.520
PATH_VALID blue1 hydrophone 2 2026-08-13T20:11:56.467
PATH_START blue2 hydrophone 3 2026-08-13T20:11:57.305
SNR_VALID blue2 hydrophone 3 snr=0 2026-08-13T20:12:24.526
SNR_VALID blue2 hydrophone 3 snr=2 2026-08-13T20:12:49.379
SNR_VALID blue2 hydrophone 3 snr=4 2026-08-13T20:13:11.709
SNR_VALID blue2 hydrophone 3 snr=6 2026-08-13T20:13:32.656
SNR_VALID blue2 hydrophone 3 snr=8 2026-08-13T20:13:54.227
SNR_VALID blue2 hydrophone 3 snr=10 2026-08-13T20:14:15.464
SNR_VALID blue2 hydrophone 3 snr=12 2026-08-13T20:14:37.981
SNR_VALID blue2 hydrophone 3 snr=14 2026-08-13T20:15:04.194
SNR_VALID blue2 hydrophone 3 snr=16 2026-08-13T20:15:27.178
SNR_VALID blue2 hydrophone 3 snr=18 2026-08-13T20:15:48.703
SNR_VALID blue2 hydrophone 3 snr=20 2026-08-13T20:16:09.155
SNR_VALID blue2 hydrophone 3 snr=22 2026-08-13T20:16:30.337
SNR_VALID blue2 hydrophone 3 snr=24 2026-08-13T20:16:55.984
SNR_VALID blue2 hydrophone 3 snr=26 2026-08-13T20:17:18.861
SNR_VALID blue2 hydrophone 3 snr=28 2026-08-13T20:17:39.367
SNR_VALID blue2 hydrophone 3 snr=30 2026-08-13T20:18:00.782
PATH_VALID blue2 hydrophone 3 2026-08-13T20:18:01.625
PATH_START blue4 hydrophone 1 2026-08-13T20:18:02.238
SNR_VALID blue4 hydrophone 1 snr=0 2026-08-13T20:18:25.040
SNR_VALID blue4 hydrophone 1 snr=2 2026-08-13T20:18:47.022
SNR_VALID blue4 hydrophone 1 snr=4 2026-08-13T20:19:07.917
SNR_VALID blue4 hydrophone 1 snr=6 2026-08-13T20:19:29.143
SNR_VALID blue4 hydrophone 1 snr=8 2026-08-13T20:19:50.171
SNR_VALID blue4 hydrophone 1 snr=10 2026-08-13T20:20:11.275
SNR_VALID blue4 hydrophone 1 snr=12 2026-08-13T20:20:32.808
SNR_VALID blue4 hydrophone 1 snr=14 2026-08-13T20:20:53.912
SNR_VALID blue4 hydrophone 1 snr=16 2026-08-13T20:21:15.044
SNR_VALID blue4 hydrophone 1 snr=18 2026-08-13T20:21:36.783
SNR_VALID blue4 hydrophone 1 snr=20 2026-08-13T20:21:57.682
SNR_VALID blue4 hydrophone 1 snr=22 2026-08-13T20:22:18.677
SNR_VALID blue4 hydrophone 1 snr=24 2026-08-13T20:22:40.246
SNR_VALID blue4 hydrophone 1 snr=26 2026-08-13T20:23:02.539
SNR_VALID blue4 hydrophone 1 snr=28 2026-08-13T20:23:24.896
SNR_VALID blue4 hydrophone 1 snr=30 2026-08-13T20:23:47.355
PATH_VALID blue4 hydrophone 1 2026-08-13T20:23:48.241
N2048_CRC_NO_HARM_COMPUTE_COMPLETE paths=3 2026-08-13T20:23:49.171
N2048_CRC_NO_HARM_START paths=3 2026-08-15T08:43:28.561
PATH_START blue1 hydrophone 2 2026-08-15T08:43:28.585
SNR_VALID blue1 hydrophone 2 snr=0 2026-08-15T08:45:13.127
SNR_VALID blue1 hydrophone 2 snr=2 2026-08-15T08:45:43.124
SNR_VALID blue1 hydrophone 2 snr=4 2026-08-15T08:46:12.486
SNR_VALID blue1 hydrophone 2 snr=6 2026-08-15T08:46:40.295
SNR_VALID blue1 hydrophone 2 snr=8 2026-08-15T08:47:02.133
SNR_VALID blue1 hydrophone 2 snr=10 2026-08-15T08:47:20.112
SNR_VALID blue1 hydrophone 2 snr=12 2026-08-15T08:47:38.460
SNR_VALID blue1 hydrophone 2 snr=14 2026-08-15T08:47:54.315
SNR_VALID blue1 hydrophone 2 snr=16 2026-08-15T08:48:10.022
SNR_VALID blue1 hydrophone 2 snr=18 2026-08-15T08:48:25.041
SNR_VALID blue1 hydrophone 2 snr=20 2026-08-15T08:48:40.112
SNR_VALID blue1 hydrophone 2 snr=22 2026-08-15T08:48:55
SNR_VALID blue1 hydrophone 2 snr=24 2026-08-15T08:49:09.005
SNR_VALID blue1 hydrophone 2 snr=26 2026-08-15T08:49:22.618
SNR_VALID blue1 hydrophone 2 snr=28 2026-08-15T08:49:36.988
SNR_VALID blue1 hydrophone 2 snr=30 2026-08-15T08:49:52.240
PATH_VALID blue1 hydrophone 2 2026-08-15T08:49:56.739
PATH_START blue2 hydrophone 3 2026-08-15T08:49:57.408
SNR_VALID blue2 hydrophone 3 snr=0 2026-08-15T08:50:29.422
SNR_VALID blue2 hydrophone 3 snr=2 2026-08-15T08:50:59.695
SNR_VALID blue2 hydrophone 3 snr=4 2026-08-15T08:51:31.119
SNR_VALID blue2 hydrophone 3 snr=6 2026-08-15T08:52:03.264
SNR_VALID blue2 hydrophone 3 snr=8 2026-08-15T08:52:34.585
SNR_VALID blue2 hydrophone 3 snr=10 2026-08-15T08:53:05.576
SNR_VALID blue2 hydrophone 3 snr=12 2026-08-15T08:53:36.215
SNR_VALID blue2 hydrophone 3 snr=14 2026-08-15T08:54:06.860
SNR_VALID blue2 hydrophone 3 snr=16 2026-08-15T08:54:37.101
SNR_VALID blue2 hydrophone 3 snr=18 2026-08-15T08:55:09.515
SNR_VALID blue2 hydrophone 3 snr=20 2026-08-15T08:55:40.016
SNR_VALID blue2 hydrophone 3 snr=22 2026-08-15T08:56:09.963
SNR_VALID blue2 hydrophone 3 snr=24 2026-08-15T08:56:40.430
SNR_VALID blue2 hydrophone 3 snr=26 2026-08-15T08:57:13.388
SNR_VALID blue2 hydrophone 3 snr=28 2026-08-15T08:57:46.382
SNR_VALID blue2 hydrophone 3 snr=30 2026-08-15T08:58:16.681
PATH_VALID blue2 hydrophone 3 2026-08-15T08:58:19.192
PATH_START blue4 hydrophone 1 2026-08-15T08:58:19.962
SNR_VALID blue4 hydrophone 1 snr=0 2026-08-15T08:58:55.494
SNR_VALID blue4 hydrophone 1 snr=2 2026-08-15T08:59:27.850
SNR_VALID blue4 hydrophone 1 snr=4 2026-08-15T08:59:57.857
SNR_VALID blue4 hydrophone 1 snr=6 2026-08-15T09:00:28.085
SNR_VALID blue4 hydrophone 1 snr=8 2026-08-15T09:01:02.320
SNR_VALID blue4 hydrophone 1 snr=10 2026-08-15T09:01:33.701
SNR_VALID blue4 hydrophone 1 snr=12 2026-08-15T09:02:03.647
SNR_VALID blue4 hydrophone 1 snr=14 2026-08-15T09:02:33.530
SNR_VALID blue4 hydrophone 1 snr=16 2026-08-15T09:03:05.588
SNR_VALID blue4 hydrophone 1 snr=18 2026-08-15T09:03:39.814
SNR_VALID blue4 hydrophone 1 snr=20 2026-08-15T09:04:10.487
SNR_VALID blue4 hydrophone 1 snr=22 2026-08-15T09:04:40.555
SNR_VALID blue4 hydrophone 1 snr=24 2026-08-15T09:05:12.479
SNR_VALID blue4 hydrophone 1 snr=26 2026-08-15T09:05:42.366
SNR_VALID blue4 hydrophone 1 snr=28 2026-08-15T09:06:16.015
SNR_VALID blue4 hydrophone 1 snr=30 2026-08-15T09:06:46.397
PATH_VALID blue4 hydrophone 1 2026-08-15T09:06:47.666
N2048_CRC_NO_HARM_COMPUTE_COMPLETE paths=3 2026-08-15T09:06:48.193
