N2048_CRC_NO_HARM_START paths=3 2026-08-15T08:43:28.442
PATH_START blue2 hydrophone 1 2026-08-15T08:43:28.462
SNR_VALID blue2 hydrophone 1 snr=0 2026-08-15T08:45:13.097
SNR_VALID blue2 hydrophone 1 snr=2 2026-08-15T08:45:42.866
SNR_VALID blue2 hydrophone 1 snr=4 2026-08-15T08:46:12.094
SNR_VALID blue2 hydrophone 1 snr=6 2026-08-15T08:46:42.322
SNR_VALID blue2 hydrophone 1 snr=8 2026-08-15T08:47:13.077
SNR_VALID blue2 hydrophone 1 snr=10 2026-08-15T08:47:43.594
SNR_VALID blue2 hydrophone 1 snr=12 2026-08-15T08:48:15.449
SNR_VALID blue2 hydrophone 1 snr=14 2026-08-15T08:48:46.035
SNR_VALID blue2 hydrophone 1 snr=16 2026-08-15T08:49:16.601
SNR_VALID blue2 hydrophone 1 snr=18 2026-08-15T08:49:47.202
SNR_VALID blue2 hydrophone 1 snr=20 2026-08-15T08:50:19.597
SNR_VALID blue2 hydrophone 1 snr=22 2026-08-15T08:50:48.070
SNR_VALID blue2 hydrophone 1 snr=24 2026-08-15T08:51:19.892
SNR_VALID blue2 hydrophone 1 snr=26 2026-08-15T08:51:50.024
SNR_VALID blue2 hydrophone 1 snr=28 2026-08-15T08:52:21.661
SNR_VALID blue2 hydrophone 1 snr=30 2026-08-15T08:52:51.050
PATH_VALID blue2 hydrophone 1 2026-08-15T08:52:56.248
PATH_START blue3 hydrophone 2 2026-08-15T08:52:56.826
SNR_VALID blue3 hydrophone 2 snr=0 2026-08-15T08:53:28.423
SNR_VALID blue3 hydrophone 2 snr=2 2026-08-15T08:54:00.560
SNR_VALID blue3 hydrophone 2 snr=4 2026-08-15T08:54:30.533
SNR_VALID blue3 hydrophone 2 snr=6 2026-08-15T08:55:03.596
SNR_VALID blue3 hydrophone 2 snr=8 2026-08-15T08:55:34.339
SNR_VALID blue3 hydrophone 2 snr=10 2026-08-15T08:56:04.097
SNR_VALID blue3 hydrophone 2 snr=12 2026-08-15T08:56:34.382
SNR_VALID blue3 hydrophone 2 snr=14 2026-08-15T08:57:05.682
SNR_VALID blue3 hydrophone 2 snr=16 2026-08-15T08:57:38.789
SNR_VALID blue3 hydrophone 2 snr=18 2026-08-15T08:58:10.157
SNR_VALID blue3 hydrophone 2 snr=20 2026-08-15T08:58:43.213
SNR_VALID blue3 hydrophone 2 snr=22 2026-08-15T08:59:15.922
SNR_VALID blue3 hydrophone 2 snr=24 2026-08-15T08:59:46.386
SNR_VALID blue3 hydrophone 2 snr=26 2026-08-15T09:00:16.496
SNR_VALID blue3 hydrophone 2 snr=28 2026-08-15T09:00:48.359
SNR_VALID blue3 hydrophone 2 snr=30 2026-08-15T09:01:19.477
PATH_VALID blue3 hydrophone 2 2026-08-15T09:01:20.589
PATH_START blue4 hydrophone 3 2026-08-15T09:01:21.617
SNR_VALID blue4 hydrophone 3 snr=0 2026-08-15T09:01:53.774
SNR_VALID blue4 hydrophone 3 snr=2 2026-08-15T09:02:24.002
SNR_VALID blue4 hydrophone 3 snr=4 2026-08-15T09:02:55.203
SNR_VALID blue4 hydrophone 3 snr=6 2026-08-15T09:03:26.872
SNR_VALID blue4 hydrophone 3 snr=8 2026-08-15T09:03:59.339
SNR_VALID blue4 hydrophone 3 snr=10 2026-08-15T09:04:30.830
SNR_VALID blue4 hydrophone 3 snr=12 2026-08-15T09:05:02.556
SNR_VALID blue4 hydrophone 3 snr=14 2026-08-15T09:05:32.839
SNR_VALID blue4 hydrophone 3 snr=16 2026-08-15T09:06:05.508
SNR_VALID blue4 hydrophone 3 snr=18 2026-08-15T09:06:37.673
SNR_VALID blue4 hydrophone 3 snr=20 2026-08-15T09:07:02.155
SNR_VALID blue4 hydrophone 3 snr=22 2026-08-15T09:07:19.536
SNR_VALID blue4 hydrophone 3 snr=24 2026-08-15T09:07:37.017
SNR_VALID blue4 hydrophone 3 snr=26 2026-08-15T09:07:55.904
SNR_VALID blue4 hydrophone 3 snr=28 2026-08-15T09:08:13.671
SNR_VALID blue4 hydrophone 3 snr=30 2026-08-15T09:08:31.046
PATH_VALID blue4 hydrophone 3 2026-08-15T09:08:31.611
N2048_CRC_NO_HARM_COMPUTE_COMPLETE paths=3 2026-08-15T09:08:31.948
