N1536_CRC_NO_HARM_START paths=3 2026-08-12T14:50:46.037
PATH_START red1 hydrophone 3 2026-08-12T14:50:46.100
SNR_VALID red1 hydrophone 3 snr=0 2026-08-12T14:52:57.879
SNR_VALID red1 hydrophone 3 snr=2 2026-08-12T14:53:59.074
SNR_VALID red1 hydrophone 3 snr=4 2026-08-12T14:55:03.663
SNR_VALID red1 hydrophone 3 snr=6 2026-08-12T14:56:06.169
SNR_VALID red1 hydrophone 3 snr=8 2026-08-12T14:56:44.391
SNR_VALID red1 hydrophone 3 snr=10 2026-08-12T14:57:14.330
SNR_VALID red1 hydrophone 3 snr=12 2026-08-12T14:57:37.833
SNR_VALID red1 hydrophone 3 snr=14 2026-08-12T14:58:02.724
SNR_VALID red1 hydrophone 3 snr=16 2026-08-12T14:58:27.377
SNR_VALID red1 hydrophone 3 snr=18 2026-08-12T14:58:51.441
SNR_VALID red1 hydrophone 3 snr=20 2026-08-12T14:59:16.020
SNR_VALID red1 hydrophone 3 snr=22 2026-08-12T14:59:41.547
SNR_VALID red1 hydrophone 3 snr=24 2026-08-12T15:00:07.389
SNR_VALID red1 hydrophone 3 snr=26 2026-08-12T15:00:32.941
SNR_VALID red1 hydrophone 3 snr=28 2026-08-12T15:00:57.964
SNR_VALID red1 hydrophone 3 snr=30 2026-08-12T15:01:24.853
PATH_VALID red1 hydrophone 3 2026-08-12T15:01:28.156
PATH_START red3 hydrophone 1 2026-08-12T15:01:28.870
SNR_VALID red3 hydrophone 1 snr=0 2026-08-12T15:02:31.330
SNR_VALID red3 hydrophone 1 snr=2 2026-08-12T15:03:31.863
SNR_VALID red3 hydrophone 1 snr=4 2026-08-12T15:04:33.064
SNR_VALID red3 hydrophone 1 snr=6 2026-08-12T15:05:35.859
SNR_VALID red3 hydrophone 1 snr=8 2026-08-12T15:06:40.572
SNR_VALID red3 hydrophone 1 snr=10 2026-08-12T15:07:37.211
SNR_VALID red3 hydrophone 1 snr=12 2026-08-12T15:08:26.310
SNR_VALID red3 hydrophone 1 snr=14 2026-08-12T15:09:05.471
SNR_VALID red3 hydrophone 1 snr=16 2026-08-12T15:09:37.146
SNR_VALID red3 hydrophone 1 snr=18 2026-08-12T15:10:09.151
SNR_VALID red3 hydrophone 1 snr=20 2026-08-12T15:10:40.557
SNR_VALID red3 hydrophone 1 snr=22 2026-08-12T15:11:09.207
SNR_VALID red3 hydrophone 1 snr=24 2026-08-12T15:11:35.512
SNR_VALID red3 hydrophone 1 snr=26 2026-08-12T15:12:01.354
SNR_VALID red3 hydrophone 1 snr=28 2026-08-12T15:12:26.793
SNR_VALID red3 hydrophone 1 snr=30 2026-08-12T15:12:53.232
PATH_VALID red3 hydrophone 1 2026-08-12T15:12:54.875
PATH_START red4 hydrophone 2 2026-08-12T15:12:55.466
SNR_VALID red4 hydrophone 2 snr=0 2026-08-12T15:13:57.640
SNR_VALID red4 hydrophone 2 snr=2 2026-08-12T15:14:59.977
SNR_VALID red4 hydrophone 2 snr=4 2026-08-12T15:16:01.155
SNR_VALID red4 hydrophone 2 snr=6 2026-08-12T15:17:04.959
SNR_VALID red4 hydrophone 2 snr=8 2026-08-12T15:17:49.188
SNR_VALID red4 hydrophone 2 snr=10 2026-08-12T15:18:23.146
SNR_VALID red4 hydrophone 2 snr=12 2026-08-12T15:18:54.084
SNR_VALID red4 hydrophone 2 snr=14 2026-08-12T15:19:24.700
SNR_VALID red4 hydrophone 2 snr=16 2026-08-12T15:19:55.040
SNR_VALID red4 hydrophone 2 snr=18 2026-08-12T15:20:21.888
SNR_VALID red4 hydrophone 2 snr=20 2026-08-12T15:20:46.655
SNR_VALID red4 hydrophone 2 snr=22 2026-08-12T15:21:13.055
SNR_VALID red4 hydrophone 2 snr=24 2026-08-12T15:21:39.216
SNR_VALID red4 hydrophone 2 snr=26 2026-08-12T15:22:05.637
SNR_VALID red4 hydrophone 2 snr=28 2026-08-12T15:22:32.795
SNR_VALID red4 hydrophone 2 snr=30 2026-08-12T15:22:58.487
PATH_VALID red4 hydrophone 2 2026-08-12T15:23:01.199
N1536_CRC_NO_HARM_COMPUTE_COMPLETE paths=3 2026-08-12T15:23:01.797
