N1536_CRC_NO_HARM_START paths=3 2026-08-12T14:50:46.490
PATH_START red1 hydrophone 2 2026-08-12T14:50:46.506
SNR_VALID red1 hydrophone 2 snr=0 2026-08-12T14:52:56.897
SNR_VALID red1 hydrophone 2 snr=2 2026-08-12T14:53:57.762
SNR_VALID red1 hydrophone 2 snr=4 2026-08-12T14:55:02.501
SNR_VALID red1 hydrophone 2 snr=6 2026-08-12T14:56:06.069
SNR_VALID red1 hydrophone 2 snr=8 2026-08-12T14:57:06.921
SNR_VALID red1 hydrophone 2 snr=10 2026-08-12T14:57:50.951
SNR_VALID red1 hydrophone 2 snr=12 2026-08-12T14:58:20.036
SNR_VALID red1 hydrophone 2 snr=14 2026-08-12T14:58:46.920
SNR_VALID red1 hydrophone 2 snr=16 2026-08-12T14:59:13.212
SNR_VALID red1 hydrophone 2 snr=18 2026-08-12T14:59:40.418
SNR_VALID red1 hydrophone 2 snr=20 2026-08-12T15:00:06.945
SNR_VALID red1 hydrophone 2 snr=22 2026-08-12T15:00:33.667
SNR_VALID red1 hydrophone 2 snr=24 2026-08-12T15:00:58.842
SNR_VALID red1 hydrophone 2 snr=26 2026-08-12T15:01:26.994
SNR_VALID red1 hydrophone 2 snr=28 2026-08-12T15:01:52.238
SNR_VALID red1 hydrophone 2 snr=30 2026-08-12T15:02:16.660
PATH_VALID red1 hydrophone 2 2026-08-12T15:02:19.835
PATH_START red2 hydrophone 3 2026-08-12T15:02:20.401
SNR_VALID red2 hydrophone 3 snr=0 2026-08-12T15:03:21.206
SNR_VALID red2 hydrophone 3 snr=2 2026-08-12T15:04:21.949
SNR_VALID red2 hydrophone 3 snr=4 2026-08-12T15:05:24.497
SNR_VALID red2 hydrophone 3 snr=6 2026-08-12T15:06:27.647
SNR_VALID red2 hydrophone 3 snr=8 2026-08-12T15:07:25.809
SNR_VALID red2 hydrophone 3 snr=10 2026-08-12T15:08:14.084
SNR_VALID red2 hydrophone 3 snr=12 2026-08-12T15:08:49.261
SNR_VALID red2 hydrophone 3 snr=14 2026-08-12T15:09:19.243
SNR_VALID red2 hydrophone 3 snr=16 2026-08-12T15:09:47.350
SNR_VALID red2 hydrophone 3 snr=18 2026-08-12T15:10:16.511
SNR_VALID red2 hydrophone 3 snr=20 2026-08-12T15:10:49.421
SNR_VALID red2 hydrophone 3 snr=22 2026-08-12T15:11:15.750
SNR_VALID red2 hydrophone 3 snr=24 2026-08-12T15:11:44.266
SNR_VALID red2 hydrophone 3 snr=26 2026-08-12T15:12:09.239
SNR_VALID red2 hydrophone 3 snr=28 2026-08-12T15:12:34.159
SNR_VALID red2 hydrophone 3 snr=30 2026-08-12T15:12:59.799
PATH_VALID red2 hydrophone 3 2026-08-12T15:13:02.111
PATH_START red4 hydrophone 1 2026-08-12T15:13:02.687
SNR_VALID red4 hydrophone 1 snr=0 2026-08-12T15:14:04.620
SNR_VALID red4 hydrophone 1 snr=2 2026-08-12T15:15:06.328
SNR_VALID red4 hydrophone 1 snr=4 2026-08-12T15:16:07.156
SNR_VALID red4 hydrophone 1 snr=6 2026-08-12T15:17:06.524
SNR_VALID red4 hydrophone 1 snr=8 2026-08-12T15:17:45.137
SNR_VALID red4 hydrophone 1 snr=10 2026-08-12T15:18:17.371
SNR_VALID red4 hydrophone 1 snr=12 2026-08-12T15:18:47.297
SNR_VALID red4 hydrophone 1 snr=14 2026-08-12T15:19:15.150
SNR_VALID red4 hydrophone 1 snr=16 2026-08-12T15:19:43.564
SNR_VALID red4 hydrophone 1 snr=18 2026-08-12T15:20:10.823
SNR_VALID red4 hydrophone 1 snr=20 2026-08-12T15:20:37.137
SNR_VALID red4 hydrophone 1 snr=22 2026-08-12T15:21:02.698
SNR_VALID red4 hydrophone 1 snr=24 2026-08-12T15:21:28.171
SNR_VALID red4 hydrophone 1 snr=26 2026-08-12T15:21:54.179
SNR_VALID red4 hydrophone 1 snr=28 2026-08-12T15:22:21.517
SNR_VALID red4 hydrophone 1 snr=30 2026-08-12T15:22:48.457
PATH_VALID red4 hydrophone 1 2026-08-12T15:22:49.740
N1536_CRC_NO_HARM_COMPUTE_COMPLETE paths=3 2026-08-12T15:22:50.289
