N1536_CRC_NO_HARM_START paths=3 2026-08-12T14:50:46.145
PATH_START red1 hydrophone 1 2026-08-12T14:50:46.159
SNR_VALID red1 hydrophone 1 snr=0 2026-08-12T14:52:56.013
SNR_VALID red1 hydrophone 1 snr=2 2026-08-12T14:53:57.237
SNR_VALID red1 hydrophone 1 snr=4 2026-08-12T14:55:02.379
SNR_VALID red1 hydrophone 1 snr=6 2026-08-12T14:56:06.075
SNR_VALID red1 hydrophone 1 snr=8 2026-08-12T14:57:04.853
SNR_VALID red1 hydrophone 1 snr=10 2026-08-12T14:57:52.060
SNR_VALID red1 hydrophone 1 snr=12 2026-08-12T14:58:29.434
SNR_VALID red1 hydrophone 1 snr=14 2026-08-12T14:58:57.875
SNR_VALID red1 hydrophone 1 snr=16 2026-08-12T14:59:27.808
SNR_VALID red1 hydrophone 1 snr=18 2026-08-12T14:59:57.669
SNR_VALID red1 hydrophone 1 snr=20 2026-08-12T15:00:23.796
SNR_VALID red1 hydrophone 1 snr=22 2026-08-12T15:00:50.090
SNR_VALID red1 hydrophone 1 snr=24 2026-08-12T15:01:16.802
SNR_VALID red1 hydrophone 1 snr=26 2026-08-12T15:01:43.847
SNR_VALID red1 hydrophone 1 snr=28 2026-08-12T15:02:08.275
SNR_VALID red1 hydrophone 1 snr=30 2026-08-12T15:02:32.215
PATH_VALID red1 hydrophone 1 2026-08-12T15:02:35.351
PATH_START red2 hydrophone 2 2026-08-12T15:02:35.948
SNR_VALID red2 hydrophone 2 snr=0 2026-08-12T15:03:36.213
SNR_VALID red2 hydrophone 2 snr=2 2026-08-12T15:04:37.956
SNR_VALID red2 hydrophone 2 snr=4 2026-08-12T15:05:39.406
SNR_VALID red2 hydrophone 2 snr=6 2026-08-12T15:06:42.313
SNR_VALID red2 hydrophone 2 snr=8 2026-08-12T15:07:42.608
SNR_VALID red2 hydrophone 2 snr=10 2026-08-12T15:08:36.704
SNR_VALID red2 hydrophone 2 snr=12 2026-08-12T15:09:18.337
SNR_VALID red2 hydrophone 2 snr=14 2026-08-12T15:09:54.627
SNR_VALID red2 hydrophone 2 snr=16 2026-08-12T15:10:28.592
SNR_VALID red2 hydrophone 2 snr=18 2026-08-12T15:11:02.415
SNR_VALID red2 hydrophone 2 snr=20 2026-08-12T15:11:32.061
SNR_VALID red2 hydrophone 2 snr=22 2026-08-12T15:12:02.193
SNR_VALID red2 hydrophone 2 snr=24 2026-08-12T15:12:30.505
SNR_VALID red2 hydrophone 2 snr=26 2026-08-12T15:13:00.159
SNR_VALID red2 hydrophone 2 snr=28 2026-08-12T15:13:27.555
SNR_VALID red2 hydrophone 2 snr=30 2026-08-12T15:13:57.148
PATH_VALID red2 hydrophone 2 2026-08-12T15:13:58.198
PATH_START red3 hydrophone 3 2026-08-12T15:13:58.711
SNR_VALID red3 hydrophone 3 snr=0 2026-08-12T15:15:01.623
SNR_VALID red3 hydrophone 3 snr=2 2026-08-12T15:16:04.014
SNR_VALID red3 hydrophone 3 snr=4 2026-08-12T15:17:06.385
SNR_VALID red3 hydrophone 3 snr=6 2026-08-12T15:18:10.007
SNR_VALID red3 hydrophone 3 snr=8 2026-08-12T15:19:21.447
SNR_VALID red3 hydrophone 3 snr=10 2026-08-12T15:20:21.630
SNR_VALID red3 hydrophone 3 snr=12 2026-08-12T15:20:59.161
SNR_VALID red3 hydrophone 3 snr=14 2026-08-12T15:21:32.104
SNR_VALID red3 hydrophone 3 snr=16 2026-08-12T15:22:01.116
SNR_VALID red3 hydrophone 3 snr=18 2026-08-12T15:22:30.635
SNR_VALID red3 hydrophone 3 snr=20 2026-08-12T15:22:57.943
SNR_VALID red3 hydrophone 3 snr=22 2026-08-12T15:23:21.169
SNR_VALID red3 hydrophone 3 snr=24 2026-08-12T15:23:43.372
SNR_VALID red3 hydrophone 3 snr=26 2026-08-12T15:24:07.266
SNR_VALID red3 hydrophone 3 snr=28 2026-08-12T15:24:27.415
SNR_VALID red3 hydrophone 3 snr=30 2026-08-12T15:24:48.295
PATH_VALID red3 hydrophone 3 2026-08-12T15:24:50.327
N1536_CRC_NO_HARM_COMPUTE_COMPLETE paths=3 2026-08-12T15:24:50.976
