N1536_CRC_NO_HARM_START paths=3 2026-08-12T14:50:46.292
PATH_START red2 hydrophone 1 2026-08-12T14:50:46.307
SNR_VALID red2 hydrophone 1 snr=0 2026-08-12T14:52:57.010
SNR_VALID red2 hydrophone 1 snr=2 2026-08-12T14:53:59.501
SNR_VALID red2 hydrophone 1 snr=4 2026-08-12T14:55:04.236
SNR_VALID red2 hydrophone 1 snr=6 2026-08-12T14:56:06.874
SNR_VALID red2 hydrophone 1 snr=8 2026-08-12T14:57:08.936
SNR_VALID red2 hydrophone 1 snr=10 2026-08-12T14:58:07.802
SNR_VALID red2 hydrophone 1 snr=12 2026-08-12T14:59:02.259
SNR_VALID red2 hydrophone 1 snr=14 2026-08-12T14:59:53.656
SNR_VALID red2 hydrophone 1 snr=16 2026-08-12T15:00:36.913
SNR_VALID red2 hydrophone 1 snr=18 2026-08-12T15:01:12.631
SNR_VALID red2 hydrophone 1 snr=20 2026-08-12T15:01:49.185
SNR_VALID red2 hydrophone 1 snr=22 2026-08-12T15:02:21.408
SNR_VALID red2 hydrophone 1 snr=24 2026-08-12T15:02:51.076
SNR_VALID red2 hydrophone 1 snr=26 2026-08-12T15:03:20.432
SNR_VALID red2 hydrophone 1 snr=28 2026-08-12T15:03:50.434
SNR_VALID red2 hydrophone 1 snr=30 2026-08-12T15:04:19.987
PATH_VALID red2 hydrophone 1 2026-08-12T15:04:23.916
PATH_START red3 hydrophone 2 2026-08-12T15:04:24.731
SNR_VALID red3 hydrophone 2 snr=0 2026-08-12T15:05:27.600
SNR_VALID red3 hydrophone 2 snr=2 2026-08-12T15:06:31.085
SNR_VALID red3 hydrophone 2 snr=4 2026-08-12T15:07:31.367
SNR_VALID red3 hydrophone 2 snr=6 2026-08-12T15:08:31.718
SNR_VALID red3 hydrophone 2 snr=8 2026-08-12T15:09:28.263
SNR_VALID red3 hydrophone 2 snr=10 2026-08-12T15:10:13.414
SNR_VALID red3 hydrophone 2 snr=12 2026-08-12T15:10:48.787
SNR_VALID red3 hydrophone 2 snr=14 2026-08-12T15:11:16.768
SNR_VALID red3 hydrophone 2 snr=16 2026-08-12T15:11:46.436
SNR_VALID red3 hydrophone 2 snr=18 2026-08-12T15:12:10.535
SNR_VALID red3 hydrophone 2 snr=20 2026-08-12T15:12:33.892
SNR_VALID red3 hydrophone 2 snr=22 2026-08-12T15:12:58.392
SNR_VALID red3 hydrophone 2 snr=24 2026-08-12T15:13:23.011
SNR_VALID red3 hydrophone 2 snr=26 2026-08-12T15:13:47.646
SNR_VALID red3 hydrophone 2 snr=28 2026-08-12T15:14:12.310
SNR_VALID red3 hydrophone 2 snr=30 2026-08-12T15:14:36.440
PATH_VALID red3 hydrophone 2 2026-08-12T15:14:38.015
PATH_START red4 hydrophone 3 2026-08-12T15:14:38.651
SNR_VALID red4 hydrophone 3 snr=0 2026-08-12T15:15:41.809
SNR_VALID red4 hydrophone 3 snr=2 2026-08-12T15:16:43.063
SNR_VALID red4 hydrophone 3 snr=4 2026-08-12T15:17:47.570
SNR_VALID red4 hydrophone 3 snr=6 2026-08-12T15:18:54.733
SNR_VALID red4 hydrophone 3 snr=8 2026-08-12T15:19:43.342
SNR_VALID red4 hydrophone 3 snr=10 2026-08-12T15:20:17.780
SNR_VALID red4 hydrophone 3 snr=12 2026-08-12T15:20:44.212
SNR_VALID red4 hydrophone 3 snr=14 2026-08-12T15:21:09.112
SNR_VALID red4 hydrophone 3 snr=16 2026-08-12T15:21:36.133
SNR_VALID red4 hydrophone 3 snr=18 2026-08-12T15:22:02.048
SNR_VALID red4 hydrophone 3 snr=20 2026-08-12T15:22:29.356
SNR_VALID red4 hydrophone 3 snr=22 2026-08-12T15:22:56.083
SNR_VALID red4 hydrophone 3 snr=24 2026-08-12T15:23:18.717
SNR_VALID red4 hydrophone 3 snr=26 2026-08-12T15:23:40.374
SNR_VALID red4 hydrophone 3 snr=28 2026-08-12T15:24:03.666
SNR_VALID red4 hydrophone 3 snr=30 2026-08-12T15:24:24.214
PATH_VALID red4 hydrophone 3 2026-08-12T15:24:25.647
N1536_CRC_NO_HARM_COMPUTE_COMPLETE paths=3 2026-08-12T15:24:26.259
