N1344_CRC_NO_HARM_START paths=3 2026-08-21T13:59:39.748
PATH_START blue1 hydrophone 3 2026-08-21T13:59:39.760
SNR_VALID blue1 hydrophone 3 snr=0 2026-08-21T14:00:48.431
SNR_VALID blue1 hydrophone 3 snr=2 2026-08-21T14:01:10.669
SNR_VALID blue1 hydrophone 3 snr=4 2026-08-21T14:01:32.715
SNR_VALID blue1 hydrophone 3 snr=6 2026-08-21T14:01:54.568
SNR_VALID blue1 hydrophone 3 snr=8 2026-08-21T14:02:14.687
SNR_VALID blue1 hydrophone 3 snr=10 2026-08-21T14:02:32.540
SNR_VALID blue1 hydrophone 3 snr=12 2026-08-21T14:02:48.666
SNR_VALID blue1 hydrophone 3 snr=14 2026-08-21T14:03:04.158
SNR_VALID blue1 hydrophone 3 snr=16 2026-08-21T14:03:20.364
SNR_VALID blue1 hydrophone 3 snr=18 2026-08-21T14:03:37.209
SNR_VALID blue1 hydrophone 3 snr=20 2026-08-21T14:03:54.126
SNR_VALID blue1 hydrophone 3 snr=22 2026-08-21T14:04:11
SNR_VALID blue1 hydrophone 3 snr=24 2026-08-21T14:04:27.330
SNR_VALID blue1 hydrophone 3 snr=26 2026-08-21T14:04:43.978
SNR_VALID blue1 hydrophone 3 snr=28 2026-08-21T14:05:00.870
SNR_VALID blue1 hydrophone 3 snr=30 2026-08-21T14:05:17.085
PATH_VALID blue1 hydrophone 3 2026-08-21T14:05:20.443
PATH_START blue3 hydrophone 1 2026-08-21T14:05:21.024
SNR_VALID blue3 hydrophone 1 snr=0 2026-08-21T14:05:44.608
SNR_VALID blue3 hydrophone 1 snr=2 2026-08-21T14:06:06.699
SNR_VALID blue3 hydrophone 1 snr=4 2026-08-21T14:06:29.721
SNR_VALID blue3 hydrophone 1 snr=6 2026-08-21T14:06:52.569
SNR_VALID blue3 hydrophone 1 snr=8 2026-08-21T14:07:14.683
SNR_VALID blue3 hydrophone 1 snr=10 2026-08-21T14:07:36.811
SNR_VALID blue3 hydrophone 1 snr=12 2026-08-21T14:07:59.398
SNR_VALID blue3 hydrophone 1 snr=14 2026-08-21T14:08:35.166
SNR_VALID blue3 hydrophone 1 snr=16 2026-08-21T14:08:51.603
SNR_VALID blue3 hydrophone 1 snr=18 2026-08-21T14:09:07.302
SNR_VALID blue3 hydrophone 1 snr=20 2026-08-21T14:09:23.566
SNR_VALID blue3 hydrophone 1 snr=22 2026-08-21T14:09:39.553
SNR_VALID blue3 hydrophone 1 snr=24 2026-08-21T14:09:54.218
SNR_VALID blue3 hydrophone 1 snr=26 2026-08-21T14:10:09.325
SNR_VALID blue3 hydrophone 1 snr=28 2026-08-21T14:10:24.855
SNR_VALID blue3 hydrophone 1 snr=30 2026-08-21T14:10:40.469
PATH_VALID blue3 hydrophone 1 2026-08-21T14:10:41.420
PATH_START blue4 hydrophone 2 2026-08-21T14:10:42.016
SNR_VALID blue4 hydrophone 2 snr=0 2026-08-21T14:11:05.165
SNR_VALID blue4 hydrophone 2 snr=2 2026-08-21T14:11:26.832
SNR_VALID blue4 hydrophone 2 snr=4 2026-08-21T14:11:47.675
SNR_VALID blue4 hydrophone 2 snr=6 2026-08-21T14:12:08.016
SNR_VALID blue4 hydrophone 2 snr=8 2026-08-21T14:12:25.240
SNR_VALID blue4 hydrophone 2 snr=10 2026-08-21T14:12:42.272
SNR_VALID blue4 hydrophone 2 snr=12 2026-08-21T14:12:57.382
SNR_VALID blue4 hydrophone 2 snr=14 2026-08-21T14:13:11.578
SNR_VALID blue4 hydrophone 2 snr=16 2026-08-21T14:13:25.985
SNR_VALID blue4 hydrophone 2 snr=18 2026-08-21T14:13:39.432
SNR_VALID blue4 hydrophone 2 snr=20 2026-08-21T14:13:52.315
SNR_VALID blue4 hydrophone 2 snr=22 2026-08-21T14:14:04.986
SNR_VALID blue4 hydrophone 2 snr=24 2026-08-21T14:14:18.016
SNR_VALID blue4 hydrophone 2 snr=26 2026-08-21T14:14:30.400
SNR_VALID blue4 hydrophone 2 snr=28 2026-08-21T14:14:42.955
SNR_VALID blue4 hydrophone 2 snr=30 2026-08-21T14:14:56.261
PATH_VALID blue4 hydrophone 2 2026-08-21T14:14:56.934
N1344_CRC_NO_HARM_COMPUTE_COMPLETE paths=3 2026-08-21T14:14:57.355
