N1344_CRC_NO_HARM_START paths=3 2026-08-21T13:59:39.520
PATH_START blue2 hydrophone 1 2026-08-21T13:59:39.539
SNR_VALID blue2 hydrophone 1 snr=0 2026-08-21T14:00:48.403
SNR_VALID blue2 hydrophone 1 snr=2 2026-08-21T14:01:11.698
SNR_VALID blue2 hydrophone 1 snr=4 2026-08-21T14:01:34.865
SNR_VALID blue2 hydrophone 1 snr=6 2026-08-21T14:01:55.490
SNR_VALID blue2 hydrophone 1 snr=8 2026-08-21T14:02:14.027
SNR_VALID blue2 hydrophone 1 snr=10 2026-08-21T14:02:30.210
SNR_VALID blue2 hydrophone 1 snr=12 2026-08-21T14:02:45.110
SNR_VALID blue2 hydrophone 1 snr=14 2026-08-21T14:02:59.790
SNR_VALID blue2 hydrophone 1 snr=16 2026-08-21T14:03:15.690
SNR_VALID blue2 hydrophone 1 snr=18 2026-08-21T14:03:32.508
SNR_VALID blue2 hydrophone 1 snr=20 2026-08-21T14:03:49.664
SNR_VALID blue2 hydrophone 1 snr=22 2026-08-21T14:04:05.704
SNR_VALID blue2 hydrophone 1 snr=24 2026-08-21T14:04:22.119
SNR_VALID blue2 hydrophone 1 snr=26 2026-08-21T14:04:38.532
SNR_VALID blue2 hydrophone 1 snr=28 2026-08-21T14:04:55.279
SNR_VALID blue2 hydrophone 1 snr=30 2026-08-21T14:05:11.478
PATH_VALID blue2 hydrophone 1 2026-08-21T14:05:14.587
PATH_START blue3 hydrophone 2 2026-08-21T14:05:15.268
SNR_VALID blue3 hydrophone 2 snr=0 2026-08-21T14:05:41.281
SNR_VALID blue3 hydrophone 2 snr=2 2026-08-21T14:06:03.710
SNR_VALID blue3 hydrophone 2 snr=4 2026-08-21T14:06:27.401
SNR_VALID blue3 hydrophone 2 snr=6 2026-08-21T14:06:51.118
SNR_VALID blue3 hydrophone 2 snr=8 2026-08-21T14:07:13.877
SNR_VALID blue3 hydrophone 2 snr=10 2026-08-21T14:07:36.852
SNR_VALID blue3 hydrophone 2 snr=12 2026-08-21T14:07:59.956
SNR_VALID blue3 hydrophone 2 snr=14 2026-08-21T14:08:34.410
SNR_VALID blue3 hydrophone 2 snr=16 2026-08-21T14:08:49.873
SNR_VALID blue3 hydrophone 2 snr=18 2026-08-21T14:09:04.954
SNR_VALID blue3 hydrophone 2 snr=20 2026-08-21T14:09:21.108
SNR_VALID blue3 hydrophone 2 snr=22 2026-08-21T14:09:36.665
SNR_VALID blue3 hydrophone 2 snr=24 2026-08-21T14:09:51.354
SNR_VALID blue3 hydrophone 2 snr=26 2026-08-21T14:10:06.235
SNR_VALID blue3 hydrophone 2 snr=28 2026-08-21T14:10:20.470
SNR_VALID blue3 hydrophone 2 snr=30 2026-08-21T14:10:35.916
PATH_VALID blue3 hydrophone 2 2026-08-21T14:10:36.960
PATH_START blue4 hydrophone 3 2026-08-21T14:10:37.513
SNR_VALID blue4 hydrophone 3 snr=0 2026-08-21T14:11:00.661
SNR_VALID blue4 hydrophone 3 snr=2 2026-08-21T14:11:21.676
SNR_VALID blue4 hydrophone 3 snr=4 2026-08-21T14:11:42.072
SNR_VALID blue4 hydrophone 3 snr=6 2026-08-21T14:12:01.670
SNR_VALID blue4 hydrophone 3 snr=8 2026-08-21T14:12:19.567
SNR_VALID blue4 hydrophone 3 snr=10 2026-08-21T14:12:36.110
SNR_VALID blue4 hydrophone 3 snr=12 2026-08-21T14:12:51.327
SNR_VALID blue4 hydrophone 3 snr=14 2026-08-21T14:13:06.284
SNR_VALID blue4 hydrophone 3 snr=16 2026-08-21T14:13:20.150
SNR_VALID blue4 hydrophone 3 snr=18 2026-08-21T14:13:35.505
SNR_VALID blue4 hydrophone 3 snr=20 2026-08-21T14:13:49.801
SNR_VALID blue4 hydrophone 3 snr=22 2026-08-21T14:14:02.660
SNR_VALID blue4 hydrophone 3 snr=24 2026-08-21T14:14:15.615
SNR_VALID blue4 hydrophone 3 snr=26 2026-08-21T14:14:28.517
SNR_VALID blue4 hydrophone 3 snr=28 2026-08-21T14:14:42.461
SNR_VALID blue4 hydrophone 3 snr=30 2026-08-21T14:14:54.813
PATH_VALID blue4 hydrophone 3 2026-08-21T14:14:55.544
N1344_CRC_NO_HARM_COMPUTE_COMPLETE paths=3 2026-08-21T14:14:56
