N1280_CRC_NO_HARM_START paths=3 2026-08-21T13:36:18.282
PATH_START blue1 hydrophone 3 2026-08-21T13:36:18.298
SNR_VALID blue1 hydrophone 3 snr=0 2026-08-21T13:37:51.579
SNR_VALID blue1 hydrophone 3 snr=2 2026-08-21T13:38:32.051
SNR_VALID blue1 hydrophone 3 snr=4 2026-08-21T13:39:06.702
SNR_VALID blue1 hydrophone 3 snr=6 2026-08-21T13:39:41.260
SNR_VALID blue1 hydrophone 3 snr=8 2026-08-21T13:40:11.773
SNR_VALID blue1 hydrophone 3 snr=10 2026-08-21T13:40:37.572
SNR_VALID blue1 hydrophone 3 snr=12 2026-08-21T13:40:59.385
SNR_VALID blue1 hydrophone 3 snr=14 2026-08-21T13:41:20.098
SNR_VALID blue1 hydrophone 3 snr=16 2026-08-21T13:41:37.993
SNR_VALID blue1 hydrophone 3 snr=18 2026-08-21T13:41:55.918
SNR_VALID blue1 hydrophone 3 snr=20 2026-08-21T13:42:14.352
SNR_VALID blue1 hydrophone 3 snr=22 2026-08-21T13:42:31.919
SNR_VALID blue1 hydrophone 3 snr=24 2026-08-21T13:42:48.572
SNR_VALID blue1 hydrophone 3 snr=26 2026-08-21T13:43:05.964
SNR_VALID blue1 hydrophone 3 snr=28 2026-08-21T13:43:23.343
SNR_VALID blue1 hydrophone 3 snr=30 2026-08-21T13:43:40.441
PATH_VALID blue1 hydrophone 3 2026-08-21T13:43:43.293
PATH_START blue3 hydrophone 1 2026-08-21T13:43:43.867
SNR_VALID blue3 hydrophone 1 snr=0 2026-08-21T13:44:15.623
SNR_VALID blue3 hydrophone 1 snr=2 2026-08-21T13:44:46.248
SNR_VALID blue3 hydrophone 1 snr=4 2026-08-21T13:45:16.427
SNR_VALID blue3 hydrophone 1 snr=6 2026-08-21T13:45:46.536
SNR_VALID blue3 hydrophone 1 snr=8 2026-08-21T13:46:16.798
SNR_VALID blue3 hydrophone 1 snr=10 2026-08-21T13:46:46.766
SNR_VALID blue3 hydrophone 1 snr=12 2026-08-21T13:47:16.317
SNR_VALID blue3 hydrophone 1 snr=14 2026-08-21T13:47:43.749
SNR_VALID blue3 hydrophone 1 snr=16 2026-08-21T13:48:11.783
SNR_VALID blue3 hydrophone 1 snr=18 2026-08-21T13:48:39.489
SNR_VALID blue3 hydrophone 1 snr=20 2026-08-21T13:49:07.646
SNR_VALID blue3 hydrophone 1 snr=22 2026-08-21T13:49:34.237
SNR_VALID blue3 hydrophone 1 snr=24 2026-08-21T13:50:00.490
SNR_VALID blue3 hydrophone 1 snr=26 2026-08-21T13:50:27.938
SNR_VALID blue3 hydrophone 1 snr=28 2026-08-21T13:50:54.344
SNR_VALID blue3 hydrophone 1 snr=30 2026-08-21T13:51:21.850
PATH_VALID blue3 hydrophone 1 2026-08-21T13:51:22.990
PATH_START blue4 hydrophone 2 2026-08-21T13:51:23.501
SNR_VALID blue4 hydrophone 2 snr=0 2026-08-21T13:51:58.248
SNR_VALID blue4 hydrophone 2 snr=2 2026-08-21T13:52:32.731
SNR_VALID blue4 hydrophone 2 snr=4 2026-08-21T13:53:06.350
SNR_VALID blue4 hydrophone 2 snr=6 2026-08-21T13:53:38.422
SNR_VALID blue4 hydrophone 2 snr=8 2026-08-21T13:54:07.732
SNR_VALID blue4 hydrophone 2 snr=10 2026-08-21T13:54:34.484
SNR_VALID blue4 hydrophone 2 snr=12 2026-08-21T13:54:58.069
SNR_VALID blue4 hydrophone 2 snr=14 2026-08-21T13:55:21.688
SNR_VALID blue4 hydrophone 2 snr=16 2026-08-21T13:55:43.113
SNR_VALID blue4 hydrophone 2 snr=18 2026-08-21T13:56:04.476
SNR_VALID blue4 hydrophone 2 snr=20 2026-08-21T13:56:25.752
SNR_VALID blue4 hydrophone 2 snr=22 2026-08-21T13:56:46.124
SNR_VALID blue4 hydrophone 2 snr=24 2026-08-21T13:57:04.668
SNR_VALID blue4 hydrophone 2 snr=26 2026-08-21T13:57:21.484
SNR_VALID blue4 hydrophone 2 snr=28 2026-08-21T13:57:38.797
SNR_VALID blue4 hydrophone 2 snr=30 2026-08-21T13:57:52.476
PATH_VALID blue4 hydrophone 2 2026-08-21T13:57:52.964
N1280_CRC_NO_HARM_COMPUTE_COMPLETE paths=3 2026-08-21T13:57:53.252
