N1280_CRC_NO_HARM_START paths=3 2026-08-21T13:36:18.162
PATH_START blue1 hydrophone 2 2026-08-21T13:36:18.172
SNR_VALID blue1 hydrophone 2 snr=0 2026-08-21T13:37:52.455
SNR_VALID blue1 hydrophone 2 snr=2 2026-08-21T13:38:33.728
SNR_VALID blue1 hydrophone 2 snr=4 2026-08-21T13:39:08.414
SNR_VALID blue1 hydrophone 2 snr=6 2026-08-21T13:39:41.959
SNR_VALID blue1 hydrophone 2 snr=8 2026-08-21T13:40:11.791
SNR_VALID blue1 hydrophone 2 snr=10 2026-08-21T13:40:39.030
SNR_VALID blue1 hydrophone 2 snr=12 2026-08-21T13:41:02.477
SNR_VALID blue1 hydrophone 2 snr=14 2026-08-21T13:41:24.563
SNR_VALID blue1 hydrophone 2 snr=16 2026-08-21T13:41:43.778
SNR_VALID blue1 hydrophone 2 snr=18 2026-08-21T13:42:02.177
SNR_VALID blue1 hydrophone 2 snr=20 2026-08-21T13:42:20.394
SNR_VALID blue1 hydrophone 2 snr=22 2026-08-21T13:42:38.773
SNR_VALID blue1 hydrophone 2 snr=24 2026-08-21T13:42:56.638
SNR_VALID blue1 hydrophone 2 snr=26 2026-08-21T13:43:14.409
SNR_VALID blue1 hydrophone 2 snr=28 2026-08-21T13:43:32.498
SNR_VALID blue1 hydrophone 2 snr=30 2026-08-21T13:43:50.981
PATH_VALID blue1 hydrophone 2 2026-08-21T13:43:53.263
PATH_START blue2 hydrophone 3 2026-08-21T13:43:53.779
SNR_VALID blue2 hydrophone 3 snr=0 2026-08-21T13:44:28.951
SNR_VALID blue2 hydrophone 3 snr=2 2026-08-21T13:45:04.129
SNR_VALID blue2 hydrophone 3 snr=4 2026-08-21T13:45:38.535
SNR_VALID blue2 hydrophone 3 snr=6 2026-08-21T13:46:10.525
SNR_VALID blue2 hydrophone 3 snr=8 2026-08-21T13:46:39.042
SNR_VALID blue2 hydrophone 3 snr=10 2026-08-21T13:47:02.971
SNR_VALID blue2 hydrophone 3 snr=12 2026-08-21T13:47:24.413
SNR_VALID blue2 hydrophone 3 snr=14 2026-08-21T13:47:44.412
SNR_VALID blue2 hydrophone 3 snr=16 2026-08-21T13:48:02.737
SNR_VALID blue2 hydrophone 3 snr=18 2026-08-21T13:48:20.285
SNR_VALID blue2 hydrophone 3 snr=20 2026-08-21T13:48:38.729
SNR_VALID blue2 hydrophone 3 snr=22 2026-08-21T13:48:56.721
SNR_VALID blue2 hydrophone 3 snr=24 2026-08-21T13:49:15.192
SNR_VALID blue2 hydrophone 3 snr=26 2026-08-21T13:49:33.115
SNR_VALID blue2 hydrophone 3 snr=28 2026-08-21T13:49:50.066
SNR_VALID blue2 hydrophone 3 snr=30 2026-08-21T13:50:08.670
PATH_VALID blue2 hydrophone 3 2026-08-21T13:50:09.413
PATH_START blue4 hydrophone 1 2026-08-21T13:50:09.948
SNR_VALID blue4 hydrophone 1 snr=0 2026-08-21T13:50:45.010
SNR_VALID blue4 hydrophone 1 snr=2 2026-08-21T13:51:19.267
SNR_VALID blue4 hydrophone 1 snr=4 2026-08-21T13:51:53.040
SNR_VALID blue4 hydrophone 1 snr=6 2026-08-21T13:52:26.978
SNR_VALID blue4 hydrophone 1 snr=8 2026-08-21T13:52:57.753
SNR_VALID blue4 hydrophone 1 snr=10 2026-08-21T13:53:26.402
SNR_VALID blue4 hydrophone 1 snr=12 2026-08-21T13:53:51.260
SNR_VALID blue4 hydrophone 1 snr=14 2026-08-21T13:54:13.651
SNR_VALID blue4 hydrophone 1 snr=16 2026-08-21T13:54:35.169
SNR_VALID blue4 hydrophone 1 snr=18 2026-08-21T13:54:56.252
SNR_VALID blue4 hydrophone 1 snr=20 2026-08-21T13:55:16.436
SNR_VALID blue4 hydrophone 1 snr=22 2026-08-21T13:55:37.025
SNR_VALID blue4 hydrophone 1 snr=24 2026-08-21T13:55:57.139
SNR_VALID blue4 hydrophone 1 snr=26 2026-08-21T13:56:17.391
SNR_VALID blue4 hydrophone 1 snr=28 2026-08-21T13:56:36.890
SNR_VALID blue4 hydrophone 1 snr=30 2026-08-21T13:56:55.951
PATH_VALID blue4 hydrophone 1 2026-08-21T13:56:56.683
N1280_CRC_NO_HARM_COMPUTE_COMPLETE paths=3 2026-08-21T13:56:57.188
