N512_CRC_NO_HARM_START paths=3 2026-08-21T16:31:00.635
PATH_START blue1 hydrophone 1 2026-08-21T16:31:00.651
SNR_VALID blue1 hydrophone 1 snr=0 2026-08-21T16:32:16.893
SNR_VALID blue1 hydrophone 1 snr=2 2026-08-21T16:32:46.515
SNR_VALID blue1 hydrophone 1 snr=4 2026-08-21T16:33:15.829
SNR_VALID blue1 hydrophone 1 snr=6 2026-08-21T16:33:44.491
SNR_VALID blue1 hydrophone 1 snr=8 2026-08-21T16:34:13.810
SNR_VALID blue1 hydrophone 1 snr=10 2026-08-21T16:34:46.206
SNR_VALID blue1 hydrophone 1 snr=12 2026-08-21T16:35:15.422
SNR_VALID blue1 hydrophone 1 snr=14 2026-08-21T16:35:44.278
SNR_VALID blue1 hydrophone 1 snr=16 2026-08-21T16:36:11.272
SNR_VALID blue1 hydrophone 1 snr=18 2026-08-21T16:36:38.915
SNR_VALID blue1 hydrophone 1 snr=20 2026-08-21T16:37:05.691
SNR_VALID blue1 hydrophone 1 snr=22 2026-08-21T16:37:32.321
SNR_VALID blue1 hydrophone 1 snr=24 2026-08-21T16:37:58.788
SNR_VALID blue1 hydrophone 1 snr=26 2026-08-21T16:38:25.718
SNR_VALID blue1 hydrophone 1 snr=28 2026-08-21T16:38:53.608
SNR_VALID blue1 hydrophone 1 snr=30 2026-08-21T16:39:22.852
PATH_VALID blue1 hydrophone 1 2026-08-21T16:39:26.087
PATH_START blue2 hydrophone 2 2026-08-21T16:39:26.639
SNR_VALID blue2 hydrophone 2 snr=0 2026-08-21T16:39:58.388
SNR_VALID blue2 hydrophone 2 snr=2 2026-08-21T16:40:27.940
SNR_VALID blue2 hydrophone 2 snr=4 2026-08-21T16:40:57.688
SNR_VALID blue2 hydrophone 2 snr=6 2026-08-21T16:41:27.203
SNR_VALID blue2 hydrophone 2 snr=8 2026-08-21T16:41:55.497
SNR_VALID blue2 hydrophone 2 snr=10 2026-08-21T16:42:23.089
SNR_VALID blue2 hydrophone 2 snr=12 2026-08-21T16:42:49.507
SNR_VALID blue2 hydrophone 2 snr=14 2026-08-21T16:43:16.449
SNR_VALID blue2 hydrophone 2 snr=16 2026-08-21T16:43:40.578
SNR_VALID blue2 hydrophone 2 snr=18 2026-08-21T16:44:04.292
SNR_VALID blue2 hydrophone 2 snr=20 2026-08-21T16:44:28.580
SNR_VALID blue2 hydrophone 2 snr=22 2026-08-21T16:44:53.210
SNR_VALID blue2 hydrophone 2 snr=24 2026-08-21T16:45:16.677
SNR_VALID blue2 hydrophone 2 snr=26 2026-08-21T16:45:40.584
SNR_VALID blue2 hydrophone 2 snr=28 2026-08-21T16:46:03.810
SNR_VALID blue2 hydrophone 2 snr=30 2026-08-21T16:46:27.837
PATH_VALID blue2 hydrophone 2 2026-08-21T16:46:28.799
PATH_START blue3 hydrophone 3 2026-08-21T16:46:29.244
SNR_VALID blue3 hydrophone 3 snr=0 2026-08-21T16:46:57.119
SNR_VALID blue3 hydrophone 3 snr=2 2026-08-21T16:47:24.096
SNR_VALID blue3 hydrophone 3 snr=4 2026-08-21T16:47:50.882
SNR_VALID blue3 hydrophone 3 snr=6 2026-08-21T16:48:16.495
SNR_VALID blue3 hydrophone 3 snr=8 2026-08-21T16:48:41.525
SNR_VALID blue3 hydrophone 3 snr=10 2026-08-21T16:49:08.146
SNR_VALID blue3 hydrophone 3 snr=12 2026-08-21T16:49:33.628
SNR_VALID blue3 hydrophone 3 snr=14 2026-08-21T16:49:57.962
SNR_VALID blue3 hydrophone 3 snr=16 2026-08-21T16:50:22.262
SNR_VALID blue3 hydrophone 3 snr=18 2026-08-21T16:50:46.340
SNR_VALID blue3 hydrophone 3 snr=20 2026-08-21T16:51:10.618
SNR_VALID blue3 hydrophone 3 snr=22 2026-08-21T16:51:35.303
SNR_VALID blue3 hydrophone 3 snr=24 2026-08-21T16:51:59.335
SNR_VALID blue3 hydrophone 3 snr=26 2026-08-21T16:52:23.868
SNR_VALID blue3 hydrophone 3 snr=28 2026-08-21T16:52:48.547
SNR_VALID blue3 hydrophone 3 snr=30 2026-08-21T16:53:09.951
PATH_VALID blue3 hydrophone 3 2026-08-21T16:53:10.530
N512_CRC_NO_HARM_COMPUTE_COMPLETE paths=3 2026-08-21T16:53:10.891
