N1536_CRC_NO_HARM_START paths=3 2026-08-13T22:37:53.584
PATH_START blue1 hydrophone 1 2026-08-13T22:37:53.610
SNR_VALID blue1 hydrophone 1 snr=0 2026-08-13T22:39:11.544
SNR_VALID blue1 hydrophone 1 snr=2 2026-08-13T22:39:29.463
SNR_VALID blue1 hydrophone 1 snr=4 2026-08-13T22:39:47.802
SNR_VALID blue1 hydrophone 1 snr=6 2026-08-13T22:40:05.133
SNR_VALID blue1 hydrophone 1 snr=8 2026-08-13T22:40:23.295
SNR_VALID blue1 hydrophone 1 snr=10 2026-08-13T22:40:41.238
SNR_VALID blue1 hydrophone 1 snr=12 2026-08-13T22:40:56.465
SNR_VALID blue1 hydrophone 1 snr=14 2026-08-13T22:41:10.516
SNR_VALID blue1 hydrophone 1 snr=16 2026-08-13T22:41:24.068
SNR_VALID blue1 hydrophone 1 snr=18 2026-08-13T22:41:36.906
SNR_VALID blue1 hydrophone 1 snr=20 2026-08-13T22:41:49.681
SNR_VALID blue1 hydrophone 1 snr=22 2026-08-13T22:42:02.188
SNR_VALID blue1 hydrophone 1 snr=24 2026-08-13T22:42:14.239
SNR_VALID blue1 hydrophone 1 snr=26 2026-08-13T22:42:26.803
SNR_VALID blue1 hydrophone 1 snr=28 2026-08-13T22:42:40.164
SNR_VALID blue1 hydrophone 1 snr=30 2026-08-13T22:42:53.220
PATH_VALID blue1 hydrophone 1 2026-08-13T22:42:57.666
PATH_START blue2 hydrophone 2 2026-08-13T22:42:58.446
SNR_VALID blue2 hydrophone 2 snr=0 2026-08-13T22:43:19.387
SNR_VALID blue2 hydrophone 2 snr=2 2026-08-13T22:43:37.547
SNR_VALID blue2 hydrophone 2 snr=4 2026-08-13T22:43:56.490
SNR_VALID blue2 hydrophone 2 snr=6 2026-08-13T22:44:14.353
SNR_VALID blue2 hydrophone 2 snr=8 2026-08-13T22:44:32.879
SNR_VALID blue2 hydrophone 2 snr=10 2026-08-13T22:44:52.842
SNR_VALID blue2 hydrophone 2 snr=12 2026-08-13T22:45:11.360
SNR_VALID blue2 hydrophone 2 snr=14 2026-08-13T22:45:29.404
SNR_VALID blue2 hydrophone 2 snr=16 2026-08-13T22:45:47.972
SNR_VALID blue2 hydrophone 2 snr=18 2026-08-13T22:46:07.062
SNR_VALID blue2 hydrophone 2 snr=20 2026-08-13T22:46:24.949
SNR_VALID blue2 hydrophone 2 snr=22 2026-08-13T22:46:43.156
SNR_VALID blue2 hydrophone 2 snr=24 2026-08-13T22:47:01.252
SNR_VALID blue2 hydrophone 2 snr=26 2026-08-13T22:47:19.132
SNR_VALID blue2 hydrophone 2 snr=28 2026-08-13T22:47:37.443
SNR_VALID blue2 hydrophone 2 snr=30 2026-08-13T22:47:57.485
PATH_VALID blue2 hydrophone 2 2026-08-13T22:47:58.650
PATH_START blue3 hydrophone 3 2026-08-13T22:47:59.466
SNR_VALID blue3 hydrophone 3 snr=0 2026-08-13T22:48:18.618
SNR_VALID blue3 hydrophone 3 snr=2 2026-08-13T22:48:36.731
SNR_VALID blue3 hydrophone 3 snr=4 2026-08-13T22:48:55.105
SNR_VALID blue3 hydrophone 3 snr=6 2026-08-13T22:49:14.301
SNR_VALID blue3 hydrophone 3 snr=8 2026-08-13T22:49:32.858
SNR_VALID blue3 hydrophone 3 snr=10 2026-08-13T22:49:49.910
SNR_VALID blue3 hydrophone 3 snr=12 2026-08-13T22:50:08.393
SNR_VALID blue3 hydrophone 3 snr=14 2026-08-13T22:50:27.289
SNR_VALID blue3 hydrophone 3 snr=16 2026-08-13T22:50:45.398
SNR_VALID blue3 hydrophone 3 snr=18 2026-08-13T22:51:04.063
SNR_VALID blue3 hydrophone 3 snr=20 2026-08-13T22:51:23.632
SNR_VALID blue3 hydrophone 3 snr=22 2026-08-13T22:51:42.286
SNR_VALID blue3 hydrophone 3 snr=24 2026-08-13T22:52:00.867
SNR_VALID blue3 hydrophone 3 snr=26 2026-08-13T22:52:19.150
SNR_VALID blue3 hydrophone 3 snr=28 2026-08-13T22:52:37.759
SNR_VALID blue3 hydrophone 3 snr=30 2026-08-13T22:52:54.015
PATH_VALID blue3 hydrophone 3 2026-08-13T22:52:54.563
N1536_CRC_NO_HARM_COMPUTE_COMPLETE paths=3 2026-08-13T22:52:55.135
