N1536_CRC_NO_HARM_START paths=3 2026-08-15T03:39:54.932
PATH_START blue1 hydrophone 1 2026-08-15T03:39:54.955
SNR_VALID blue1 hydrophone 1 snr=0 2026-08-15T03:41:26.250
SNR_VALID blue1 hydrophone 1 snr=2 2026-08-15T03:41:51.892
SNR_VALID blue1 hydrophone 1 snr=4 2026-08-15T03:42:17.394
SNR_VALID blue1 hydrophone 1 snr=6 2026-08-15T03:42:42.919
SNR_VALID blue1 hydrophone 1 snr=8 2026-08-15T03:43:09.479
SNR_VALID blue1 hydrophone 1 snr=10 2026-08-15T03:43:35.445
SNR_VALID blue1 hydrophone 1 snr=12 2026-08-15T03:43:56.783
SNR_VALID blue1 hydrophone 1 snr=14 2026-08-15T03:44:16.800
SNR_VALID blue1 hydrophone 1 snr=16 2026-08-15T03:44:36.898
SNR_VALID blue1 hydrophone 1 snr=18 2026-08-15T03:44:56.390
SNR_VALID blue1 hydrophone 1 snr=20 2026-08-15T03:45:16.326
SNR_VALID blue1 hydrophone 1 snr=22 2026-08-15T03:45:35.511
SNR_VALID blue1 hydrophone 1 snr=24 2026-08-15T03:45:52.854
SNR_VALID blue1 hydrophone 1 snr=26 2026-08-15T03:46:11.824
SNR_VALID blue1 hydrophone 1 snr=28 2026-08-15T03:46:28.947
SNR_VALID blue1 hydrophone 1 snr=30 2026-08-15T03:46:48.415
PATH_VALID blue1 hydrophone 1 2026-08-15T03:46:52.974
PATH_START blue2 hydrophone 2 2026-08-15T03:46:53.552
SNR_VALID blue2 hydrophone 2 snr=0 2026-08-15T03:47:19.800
SNR_VALID blue2 hydrophone 2 snr=2 2026-08-15T03:47:45.262
SNR_VALID blue2 hydrophone 2 snr=4 2026-08-15T03:48:10.577
SNR_VALID blue2 hydrophone 2 snr=6 2026-08-15T03:48:35.534
SNR_VALID blue2 hydrophone 2 snr=8 2026-08-15T03:49:00.334
SNR_VALID blue2 hydrophone 2 snr=10 2026-08-15T03:49:25.686
SNR_VALID blue2 hydrophone 2 snr=12 2026-08-15T03:49:50.389
SNR_VALID blue2 hydrophone 2 snr=14 2026-08-15T03:50:15.011
SNR_VALID blue2 hydrophone 2 snr=16 2026-08-15T03:50:39.732
SNR_VALID blue2 hydrophone 2 snr=18 2026-08-15T03:51:07.504
SNR_VALID blue2 hydrophone 2 snr=20 2026-08-15T03:51:32.866
SNR_VALID blue2 hydrophone 2 snr=22 2026-08-15T03:51:58.476
SNR_VALID blue2 hydrophone 2 snr=24 2026-08-15T03:52:24.532
SNR_VALID blue2 hydrophone 2 snr=26 2026-08-15T03:52:50.116
SNR_VALID blue2 hydrophone 2 snr=28 2026-08-15T03:53:15.007
SNR_VALID blue2 hydrophone 2 snr=30 2026-08-15T03:53:40.437
PATH_VALID blue2 hydrophone 2 2026-08-15T03:53:41.469
PATH_START blue3 hydrophone 3 2026-08-15T03:53:42.076
SNR_VALID blue3 hydrophone 3 snr=0 2026-08-15T03:54:09.024
SNR_VALID blue3 hydrophone 3 snr=2 2026-08-15T03:54:33.736
SNR_VALID blue3 hydrophone 3 snr=4 2026-08-15T03:54:59.579
SNR_VALID blue3 hydrophone 3 snr=6 2026-08-15T03:55:25.223
SNR_VALID blue3 hydrophone 3 snr=8 2026-08-15T03:55:49.859
SNR_VALID blue3 hydrophone 3 snr=10 2026-08-15T03:56:15.076
SNR_VALID blue3 hydrophone 3 snr=12 2026-08-15T03:56:39.895
SNR_VALID blue3 hydrophone 3 snr=14 2026-08-15T03:57:05.612
SNR_VALID blue3 hydrophone 3 snr=16 2026-08-15T03:57:32.938
SNR_VALID blue3 hydrophone 3 snr=18 2026-08-15T03:57:59.341
SNR_VALID blue3 hydrophone 3 snr=20 2026-08-15T03:58:19.839
SNR_VALID blue3 hydrophone 3 snr=22 2026-08-15T03:58:53.219
SNR_VALID blue3 hydrophone 3 snr=24 2026-08-15T03:59:20.688
SNR_VALID blue3 hydrophone 3 snr=26 2026-08-15T03:59:45.818
SNR_VALID blue3 hydrophone 3 snr=28 2026-08-15T04:00:10.762
SNR_VALID blue3 hydrophone 3 snr=30 2026-08-15T04:00:31.012
PATH_VALID blue3 hydrophone 3 2026-08-15T04:00:32.602
N1536_CRC_NO_HARM_COMPUTE_COMPLETE paths=3 2026-08-15T04:00:33.374
