N2048_CRC_NO_HARM_START paths=3 2026-08-22T00:22:01.159
PATH_START blue2 hydrophone 1 2026-08-22T00:22:01.177
SNR_VALID blue2 hydrophone 1 snr=0 2026-08-22T00:23:42.059
SNR_VALID blue2 hydrophone 1 snr=2 2026-08-22T00:24:32.731
SNR_VALID blue2 hydrophone 1 snr=4 2026-08-22T00:25:22.985
SNR_VALID blue2 hydrophone 1 snr=6 2026-08-22T00:26:08.619
SNR_VALID blue2 hydrophone 1 snr=8 2026-08-22T00:26:58.792
SNR_VALID blue2 hydrophone 1 snr=10 2026-08-22T00:27:37.663
SNR_VALID blue2 hydrophone 1 snr=12 2026-08-22T00:28:07.153
SNR_VALID blue2 hydrophone 1 snr=14 2026-08-22T00:28:35.467
SNR_VALID blue2 hydrophone 1 snr=16 2026-08-22T00:29:01.614
SNR_VALID blue2 hydrophone 1 snr=18 2026-08-22T00:29:27.064
SNR_VALID blue2 hydrophone 1 snr=20 2026-08-22T00:29:52.786
SNR_VALID blue2 hydrophone 1 snr=22 2026-08-22T00:30:17.760
SNR_VALID blue2 hydrophone 1 snr=24 2026-08-22T00:30:42.776
SNR_VALID blue2 hydrophone 1 snr=26 2026-08-22T00:31:07.920
SNR_VALID blue2 hydrophone 1 snr=28 2026-08-22T00:31:33.806
SNR_VALID blue2 hydrophone 1 snr=30 2026-08-22T00:31:58.778
PATH_VALID blue2 hydrophone 1 2026-08-22T00:32:01.169
PATH_START blue3 hydrophone 2 2026-08-22T00:32:01.699
SNR_VALID blue3 hydrophone 2 snr=0 2026-08-22T00:33:00.539
SNR_VALID blue3 hydrophone 2 snr=2 2026-08-22T00:34:00.201
SNR_VALID blue3 hydrophone 2 snr=4 2026-08-22T00:34:59.984
SNR_VALID blue3 hydrophone 2 snr=6 2026-08-22T00:36:15.256
SNR_VALID blue3 hydrophone 2 snr=8 2026-08-22T00:37:10.716
SNR_VALID blue3 hydrophone 2 snr=10 2026-08-22T00:37:54.162
SNR_VALID blue3 hydrophone 2 snr=12 2026-08-22T00:38:36.280
SNR_VALID blue3 hydrophone 2 snr=14 2026-08-22T00:39:15.203
SNR_VALID blue3 hydrophone 2 snr=16 2026-08-22T00:39:50.406
SNR_VALID blue3 hydrophone 2 snr=18 2026-08-22T00:40:22.373
SNR_VALID blue3 hydrophone 2 snr=20 2026-08-22T00:40:54.319
SNR_VALID blue3 hydrophone 2 snr=22 2026-08-22T00:41:24.294
SNR_VALID blue3 hydrophone 2 snr=24 2026-08-22T00:41:57.634
SNR_VALID blue3 hydrophone 2 snr=26 2026-08-22T00:42:33.188
SNR_VALID blue3 hydrophone 2 snr=28 2026-08-22T00:43:04.858
SNR_VALID blue3 hydrophone 2 snr=30 2026-08-22T00:43:36.755
PATH_VALID blue3 hydrophone 2 2026-08-22T00:43:38.088
PATH_START blue4 hydrophone 3 2026-08-22T00:43:38.641
SNR_VALID blue4 hydrophone 3 snr=0 2026-08-22T00:44:29.620
SNR_VALID blue4 hydrophone 3 snr=2 2026-08-22T00:45:19.981
SNR_VALID blue4 hydrophone 3 snr=4 2026-08-22T00:46:12.049
SNR_VALID blue4 hydrophone 3 snr=6 2026-08-22T00:47:12.968
SNR_VALID blue4 hydrophone 3 snr=8 2026-08-22T00:48:00.019
SNR_VALID blue4 hydrophone 3 snr=10 2026-08-22T00:48:38.817
SNR_VALID blue4 hydrophone 3 snr=12 2026-08-22T00:49:13.342
SNR_VALID blue4 hydrophone 3 snr=14 2026-08-22T00:49:43.792
SNR_VALID blue4 hydrophone 3 snr=16 2026-08-22T00:50:11.128
SNR_VALID blue4 hydrophone 3 snr=18 2026-08-22T00:50:38.152
SNR_VALID blue4 hydrophone 3 snr=20 2026-08-22T00:51:05.375
SNR_VALID blue4 hydrophone 3 snr=22 2026-08-22T00:51:32.492
SNR_VALID blue4 hydrophone 3 snr=24 2026-08-22T00:51:59.096
SNR_VALID blue4 hydrophone 3 snr=26 2026-08-22T00:52:23.900
SNR_VALID blue4 hydrophone 3 snr=28 2026-08-22T00:52:47.540
SNR_VALID blue4 hydrophone 3 snr=30 2026-08-22T00:53:09.868
PATH_VALID blue4 hydrophone 3 2026-08-22T00:53:10.576
N2048_CRC_NO_HARM_COMPUTE_COMPLETE paths=3 2026-08-22T00:53:10.991
