N1024_CRC_NO_HARM_START paths=3 2026-08-13T21:19:12.658
PATH_START blue1 hydrophone 2 2026-08-13T21:19:12.681
SNR_VALID blue1 hydrophone 2 snr=0 2026-08-13T21:20:45.147
SNR_VALID blue1 hydrophone 2 snr=2 2026-08-13T21:21:09.314
SNR_VALID blue1 hydrophone 2 snr=4 2026-08-13T21:21:31.803
SNR_VALID blue1 hydrophone 2 snr=6 2026-08-13T21:21:56.467
SNR_VALID blue1 hydrophone 2 snr=8 2026-08-13T21:22:18.702
SNR_VALID blue1 hydrophone 2 snr=10 2026-08-13T21:22:42.634
SNR_VALID blue1 hydrophone 2 snr=12 2026-08-13T21:23:07.061
SNR_VALID blue1 hydrophone 2 snr=14 2026-08-13T21:23:29.571
SNR_VALID blue1 hydrophone 2 snr=16 2026-08-13T21:23:54.935
SNR_VALID blue1 hydrophone 2 snr=18 2026-08-13T21:24:16.545
SNR_VALID blue1 hydrophone 2 snr=20 2026-08-13T21:24:37.954
SNR_VALID blue1 hydrophone 2 snr=22 2026-08-13T21:25:00.398
SNR_VALID blue1 hydrophone 2 snr=24 2026-08-13T21:25:22.680
SNR_VALID blue1 hydrophone 2 snr=26 2026-08-13T21:25:43.344
SNR_VALID blue1 hydrophone 2 snr=28 2026-08-13T21:26:05.890
SNR_VALID blue1 hydrophone 2 snr=30 2026-08-13T21:26:26.812
PATH_VALID blue1 hydrophone 2 2026-08-13T21:26:30.981
PATH_START blue2 hydrophone 3 2026-08-13T21:26:31.570
SNR_VALID blue2 hydrophone 3 snr=0 2026-08-13T21:26:58.463
SNR_VALID blue2 hydrophone 3 snr=2 2026-08-13T21:27:21.486
SNR_VALID blue2 hydrophone 3 snr=4 2026-08-13T21:27:46.530
SNR_VALID blue2 hydrophone 3 snr=6 2026-08-13T21:28:11.555
SNR_VALID blue2 hydrophone 3 snr=8 2026-08-13T21:28:37.041
SNR_VALID blue2 hydrophone 3 snr=10 2026-08-13T21:29:02.571
SNR_VALID blue2 hydrophone 3 snr=12 2026-08-13T21:29:26.316
SNR_VALID blue2 hydrophone 3 snr=14 2026-08-13T21:29:50.640
SNR_VALID blue2 hydrophone 3 snr=16 2026-08-13T21:30:14.297
SNR_VALID blue2 hydrophone 3 snr=18 2026-08-13T21:30:38.474
SNR_VALID blue2 hydrophone 3 snr=20 2026-08-13T21:31:02.515
SNR_VALID blue2 hydrophone 3 snr=22 2026-08-13T21:31:28.950
SNR_VALID blue2 hydrophone 3 snr=24 2026-08-13T21:31:57.984
SNR_VALID blue2 hydrophone 3 snr=26 2026-08-13T21:32:22.574
SNR_VALID blue2 hydrophone 3 snr=28 2026-08-13T21:32:46.810
SNR_VALID blue2 hydrophone 3 snr=30 2026-08-13T21:33:10.905
PATH_VALID blue2 hydrophone 3 2026-08-13T21:33:12.284
PATH_START blue4 hydrophone 1 2026-08-13T21:33:12.923
SNR_VALID blue4 hydrophone 1 snr=0 2026-08-13T21:33:39.254
SNR_VALID blue4 hydrophone 1 snr=2 2026-08-13T21:34:02.747
SNR_VALID blue4 hydrophone 1 snr=4 2026-08-13T21:34:27.522
SNR_VALID blue4 hydrophone 1 snr=6 2026-08-13T21:34:51.714
SNR_VALID blue4 hydrophone 1 snr=8 2026-08-13T21:35:15.149
SNR_VALID blue4 hydrophone 1 snr=10 2026-08-13T21:35:39.416
SNR_VALID blue4 hydrophone 1 snr=12 2026-08-13T21:36:03.227
SNR_VALID blue4 hydrophone 1 snr=14 2026-08-13T21:36:26.861
SNR_VALID blue4 hydrophone 1 snr=16 2026-08-13T21:36:52.302
SNR_VALID blue4 hydrophone 1 snr=18 2026-08-13T21:37:15.368
SNR_VALID blue4 hydrophone 1 snr=20 2026-08-13T21:37:38.966
SNR_VALID blue4 hydrophone 1 snr=22 2026-08-13T21:38:03.546
SNR_VALID blue4 hydrophone 1 snr=24 2026-08-13T21:38:27.819
SNR_VALID blue4 hydrophone 1 snr=26 2026-08-13T21:38:51.307
SNR_VALID blue4 hydrophone 1 snr=28 2026-08-13T21:39:15.228
SNR_VALID blue4 hydrophone 1 snr=30 2026-08-13T21:39:41.651
PATH_VALID blue4 hydrophone 1 2026-08-13T21:39:42.831
N1024_CRC_NO_HARM_COMPUTE_COMPLETE paths=3 2026-08-13T21:39:43.494
N1024_CRC_NO_HARM_START paths=3 2026-08-15T02:09:45.164
PATH_START blue1 hydrophone 2 2026-08-15T02:09:45.190
SNR_VALID blue1 hydrophone 2 snr=0 2026-08-15T02:11:29.480
SNR_VALID blue1 hydrophone 2 snr=2 2026-08-15T02:12:02.302
SNR_VALID blue1 hydrophone 2 snr=4 2026-08-15T02:12:35.478
SNR_VALID blue1 hydrophone 2 snr=6 2026-08-15T02:13:08.218
SNR_VALID blue1 hydrophone 2 snr=8 2026-08-15T02:13:43.670
SNR_VALID blue1 hydrophone 2 snr=10 2026-08-15T02:14:22.237
SNR_VALID blue1 hydrophone 2 snr=12 2026-08-15T02:14:59.596
SNR_VALID blue1 hydrophone 2 snr=14 2026-08-15T02:15:33.574
SNR_VALID blue1 hydrophone 2 snr=16 2026-08-15T02:16:00.517
SNR_VALID blue1 hydrophone 2 snr=18 2026-08-15T02:16:44.933
SNR_VALID blue1 hydrophone 2 snr=20 2026-08-15T02:17:15.852
SNR_VALID blue1 hydrophone 2 snr=22 2026-08-15T02:17:47.277
SNR_VALID blue1 hydrophone 2 snr=24 2026-08-15T02:18:18.561
SNR_VALID blue1 hydrophone 2 snr=26 2026-08-15T02:18:48.728
SNR_VALID blue1 hydrophone 2 snr=28 2026-08-15T02:19:19.037
SNR_VALID blue1 hydrophone 2 snr=30 2026-08-15T02:19:49.044
PATH_VALID blue1 hydrophone 2 2026-08-15T02:19:53.509
PATH_START blue2 hydrophone 3 2026-08-15T02:19:54.067
SNR_VALID blue2 hydrophone 3 snr=0 2026-08-15T02:20:31.450
SNR_VALID blue2 hydrophone 3 snr=2 2026-08-15T02:21:06.479
SNR_VALID blue2 hydrophone 3 snr=4 2026-08-15T02:21:44.013
SNR_VALID blue2 hydrophone 3 snr=6 2026-08-15T02:22:19.059
SNR_VALID blue2 hydrophone 3 snr=8 2026-08-15T02:22:52.065
SNR_VALID blue2 hydrophone 3 snr=10 2026-08-15T02:23:28.268
SNR_VALID blue2 hydrophone 3 snr=12 2026-08-15T02:24:04.335
SNR_VALID blue2 hydrophone 3 snr=14 2026-08-15T02:24:37.856
SNR_VALID blue2 hydrophone 3 snr=16 2026-08-15T02:25:15.028
SNR_VALID blue2 hydrophone 3 snr=18 2026-08-15T02:25:51.972
SNR_VALID blue2 hydrophone 3 snr=20 2026-08-15T02:26:28.853
SNR_VALID blue2 hydrophone 3 snr=22 2026-08-15T02:27:02.770
SNR_VALID blue2 hydrophone 3 snr=24 2026-08-15T02:27:34.302
SNR_VALID blue2 hydrophone 3 snr=26 2026-08-15T02:28:09.544
SNR_VALID blue2 hydrophone 3 snr=28 2026-08-15T02:28:44.754
SNR_VALID blue2 hydrophone 3 snr=30 2026-08-15T02:29:17.342
PATH_VALID blue2 hydrophone 3 2026-08-15T02:29:19.823
PATH_START blue4 hydrophone 1 2026-08-15T02:29:20.490
SNR_VALID blue4 hydrophone 1 snr=0 2026-08-15T02:29:59.037
SNR_VALID blue4 hydrophone 1 snr=2 2026-08-15T02:30:40.702
SNR_VALID blue4 hydrophone 1 snr=4 2026-08-15T02:31:15.981
SNR_VALID blue4 hydrophone 1 snr=6 2026-08-15T02:31:50.311
SNR_VALID blue4 hydrophone 1 snr=8 2026-08-15T02:32:24.302
SNR_VALID blue4 hydrophone 1 snr=10 2026-08-15T02:32:59.132
SNR_VALID blue4 hydrophone 1 snr=12 2026-08-15T02:33:33.338
SNR_VALID blue4 hydrophone 1 snr=14 2026-08-15T02:34:05.690
SNR_VALID blue4 hydrophone 1 snr=16 2026-08-15T02:34:38.635
SNR_VALID blue4 hydrophone 1 snr=18 2026-08-15T02:35:12.835
SNR_VALID blue4 hydrophone 1 snr=20 2026-08-15T02:35:45.711
SNR_VALID blue4 hydrophone 1 snr=22 2026-08-15T02:36:19.350
SNR_VALID blue4 hydrophone 1 snr=24 2026-08-15T02:36:52.793
SNR_VALID blue4 hydrophone 1 snr=26 2026-08-15T02:37:26.868
SNR_VALID blue4 hydrophone 1 snr=28 2026-08-15T02:37:58.736
SNR_VALID blue4 hydrophone 1 snr=30 2026-08-15T02:38:33.878
PATH_VALID blue4 hydrophone 1 2026-08-15T02:38:35.015
N1024_CRC_NO_HARM_COMPUTE_COMPLETE paths=3 2026-08-15T02:38:35.791
