N1024_CRC_NO_HARM_START paths=3 2026-08-13T21:19:13.265
PATH_START blue1 hydrophone 3 2026-08-13T21:19:13.283
SNR_VALID blue1 hydrophone 3 snr=0 2026-08-13T21:20:45.238
SNR_VALID blue1 hydrophone 3 snr=2 2026-08-13T21:21:09.285
SNR_VALID blue1 hydrophone 3 snr=4 2026-08-13T21:21:32.419
SNR_VALID blue1 hydrophone 3 snr=6 2026-08-13T21:21:56.970
SNR_VALID blue1 hydrophone 3 snr=8 2026-08-13T21:22:20.347
SNR_VALID blue1 hydrophone 3 snr=10 2026-08-13T21:22:44.593
SNR_VALID blue1 hydrophone 3 snr=12 2026-08-13T21:23:07.620
SNR_VALID blue1 hydrophone 3 snr=14 2026-08-13T21:23:29.580
SNR_VALID blue1 hydrophone 3 snr=16 2026-08-13T21:23:54.905
SNR_VALID blue1 hydrophone 3 snr=18 2026-08-13T21:24:16.333
SNR_VALID blue1 hydrophone 3 snr=20 2026-08-13T21:24:38.728
SNR_VALID blue1 hydrophone 3 snr=22 2026-08-13T21:25:00.556
SNR_VALID blue1 hydrophone 3 snr=24 2026-08-13T21:25:23.305
SNR_VALID blue1 hydrophone 3 snr=26 2026-08-13T21:25:44.796
SNR_VALID blue1 hydrophone 3 snr=28 2026-08-13T21:26:06.419
SNR_VALID blue1 hydrophone 3 snr=30 2026-08-13T21:26:27.349
PATH_VALID blue1 hydrophone 3 2026-08-13T21:26:31.371
PATH_START blue3 hydrophone 1 2026-08-13T21:26:31.916
SNR_VALID blue3 hydrophone 1 snr=0 2026-08-13T21:26:59.055
SNR_VALID blue3 hydrophone 1 snr=2 2026-08-13T21:27:22.746
SNR_VALID blue3 hydrophone 1 snr=4 2026-08-13T21:27:48.396
SNR_VALID blue3 hydrophone 1 snr=6 2026-08-13T21:28:13.607
SNR_VALID blue3 hydrophone 1 snr=8 2026-08-13T21:28:38.726
SNR_VALID blue3 hydrophone 1 snr=10 2026-08-13T21:29:04.230
SNR_VALID blue3 hydrophone 1 snr=12 2026-08-13T21:29:28.786
SNR_VALID blue3 hydrophone 1 snr=14 2026-08-13T21:29:52.821
SNR_VALID blue3 hydrophone 1 snr=16 2026-08-13T21:30:16.974
SNR_VALID blue3 hydrophone 1 snr=18 2026-08-13T21:30:40.653
SNR_VALID blue3 hydrophone 1 snr=20 2026-08-13T21:31:06.323
SNR_VALID blue3 hydrophone 1 snr=22 2026-08-13T21:31:31.734
SNR_VALID blue3 hydrophone 1 snr=24 2026-08-13T21:32:00.515
SNR_VALID blue3 hydrophone 1 snr=26 2026-08-13T21:32:24.786
SNR_VALID blue3 hydrophone 1 snr=28 2026-08-13T21:32:49.108
SNR_VALID blue3 hydrophone 1 snr=30 2026-08-13T21:33:12.975
PATH_VALID blue3 hydrophone 1 2026-08-13T21:33:14.314
PATH_START blue4 hydrophone 2 2026-08-13T21:33:15.222
SNR_VALID blue4 hydrophone 2 snr=0 2026-08-13T21:33:40.383
SNR_VALID blue4 hydrophone 2 snr=2 2026-08-13T21:34:04.278
SNR_VALID blue4 hydrophone 2 snr=4 2026-08-13T21:34:29.773
SNR_VALID blue4 hydrophone 2 snr=6 2026-08-13T21:34:53.352
SNR_VALID blue4 hydrophone 2 snr=8 2026-08-13T21:35:17.101
SNR_VALID blue4 hydrophone 2 snr=10 2026-08-13T21:35:40.310
SNR_VALID blue4 hydrophone 2 snr=12 2026-08-13T21:36:05.269
SNR_VALID blue4 hydrophone 2 snr=14 2026-08-13T21:36:28.462
SNR_VALID blue4 hydrophone 2 snr=16 2026-08-13T21:36:54.423
SNR_VALID blue4 hydrophone 2 snr=18 2026-08-13T21:37:18.870
SNR_VALID blue4 hydrophone 2 snr=20 2026-08-13T21:37:42.079
SNR_VALID blue4 hydrophone 2 snr=22 2026-08-13T21:38:05.263
SNR_VALID blue4 hydrophone 2 snr=24 2026-08-13T21:38:30.796
SNR_VALID blue4 hydrophone 2 snr=26 2026-08-13T21:38:54.541
SNR_VALID blue4 hydrophone 2 snr=28 2026-08-13T21:39:18.403
SNR_VALID blue4 hydrophone 2 snr=30 2026-08-13T21:39:45.217
PATH_VALID blue4 hydrophone 2 2026-08-13T21:39:46.472
N1024_CRC_NO_HARM_COMPUTE_COMPLETE paths=3 2026-08-13T21:39:47.015
N1024_CRC_NO_HARM_START paths=3 2026-08-15T02:09:45.716
PATH_START blue1 hydrophone 3 2026-08-15T02:09:45.738
SNR_VALID blue1 hydrophone 3 snr=0 2026-08-15T02:11:29.332
SNR_VALID blue1 hydrophone 3 snr=2 2026-08-15T02:12:01.911
SNR_VALID blue1 hydrophone 3 snr=4 2026-08-15T02:12:35.150
SNR_VALID blue1 hydrophone 3 snr=6 2026-08-15T02:13:08.362
SNR_VALID blue1 hydrophone 3 snr=8 2026-08-15T02:13:43.805
SNR_VALID blue1 hydrophone 3 snr=10 2026-08-15T02:14:22.357
SNR_VALID blue1 hydrophone 3 snr=12 2026-08-15T02:14:59.198
SNR_VALID blue1 hydrophone 3 snr=14 2026-08-15T02:15:31.937
SNR_VALID blue1 hydrophone 3 snr=16 2026-08-15T02:15:59.383
SNR_VALID blue1 hydrophone 3 snr=18 2026-08-15T02:16:44.708
SNR_VALID blue1 hydrophone 3 snr=20 2026-08-15T02:17:16.785
SNR_VALID blue1 hydrophone 3 snr=22 2026-08-15T02:17:47.214
SNR_VALID blue1 hydrophone 3 snr=24 2026-08-15T02:18:18.106
SNR_VALID blue1 hydrophone 3 snr=26 2026-08-15T02:18:48.859
SNR_VALID blue1 hydrophone 3 snr=28 2026-08-15T02:19:18.527
SNR_VALID blue1 hydrophone 3 snr=30 2026-08-15T02:19:48.552
PATH_VALID blue1 hydrophone 3 2026-08-15T02:19:52.697
PATH_START blue3 hydrophone 1 2026-08-15T02:19:53.367
SNR_VALID blue3 hydrophone 1 snr=0 2026-08-15T02:20:29.280
SNR_VALID blue3 hydrophone 1 snr=2 2026-08-15T02:21:05.592
SNR_VALID blue3 hydrophone 1 snr=4 2026-08-15T02:21:43.456
SNR_VALID blue3 hydrophone 1 snr=6 2026-08-15T02:22:18.402
SNR_VALID blue3 hydrophone 1 snr=8 2026-08-15T02:22:51.465
SNR_VALID blue3 hydrophone 1 snr=10 2026-08-15T02:23:27.032
SNR_VALID blue3 hydrophone 1 snr=12 2026-08-15T02:24:02.014
SNR_VALID blue3 hydrophone 1 snr=14 2026-08-15T02:24:36.039
SNR_VALID blue3 hydrophone 1 snr=16 2026-08-15T02:25:12.900
SNR_VALID blue3 hydrophone 1 snr=18 2026-08-15T02:25:49.557
SNR_VALID blue3 hydrophone 1 snr=20 2026-08-15T02:26:27.966
SNR_VALID blue3 hydrophone 1 snr=22 2026-08-15T02:27:02.217
SNR_VALID blue3 hydrophone 1 snr=24 2026-08-15T02:27:31.243
SNR_VALID blue3 hydrophone 1 snr=26 2026-08-15T02:28:08.052
SNR_VALID blue3 hydrophone 1 snr=28 2026-08-15T02:28:42.366
SNR_VALID blue3 hydrophone 1 snr=30 2026-08-15T02:29:16.354
PATH_VALID blue3 hydrophone 1 2026-08-15T02:29:17.449
PATH_START blue4 hydrophone 2 2026-08-15T02:29:18.393
SNR_VALID blue4 hydrophone 2 snr=0 2026-08-15T02:29:57.609
SNR_VALID blue4 hydrophone 2 snr=2 2026-08-15T02:30:39.058
SNR_VALID blue4 hydrophone 2 snr=4 2026-08-15T02:31:14.889
SNR_VALID blue4 hydrophone 2 snr=6 2026-08-15T02:31:48.960
SNR_VALID blue4 hydrophone 2 snr=8 2026-08-15T02:32:23.060
SNR_VALID blue4 hydrophone 2 snr=10 2026-08-15T02:32:58.130
SNR_VALID blue4 hydrophone 2 snr=12 2026-08-15T02:33:32.604
SNR_VALID blue4 hydrophone 2 snr=14 2026-08-15T02:34:05.404
SNR_VALID blue4 hydrophone 2 snr=16 2026-08-15T02:34:39.197
SNR_VALID blue4 hydrophone 2 snr=18 2026-08-15T02:35:12.903
SNR_VALID blue4 hydrophone 2 snr=20 2026-08-15T02:35:45.177
SNR_VALID blue4 hydrophone 2 snr=22 2026-08-15T02:36:19.232
SNR_VALID blue4 hydrophone 2 snr=24 2026-08-15T02:36:52.437
SNR_VALID blue4 hydrophone 2 snr=26 2026-08-15T02:37:26.049
SNR_VALID blue4 hydrophone 2 snr=28 2026-08-15T02:37:59.319
SNR_VALID blue4 hydrophone 2 snr=30 2026-08-15T02:38:33.513
PATH_VALID blue4 hydrophone 2 2026-08-15T02:38:34.505
N1024_CRC_NO_HARM_COMPUTE_COMPLETE paths=3 2026-08-15T02:38:35.206
