N1024_CRC_NO_HARM_START paths=3 2026-08-13T21:19:12.603
PATH_START blue1 hydrophone 1 2026-08-13T21:19:12.660
SNR_VALID blue1 hydrophone 1 snr=0 2026-08-13T21:20:44.871
SNR_VALID blue1 hydrophone 1 snr=2 2026-08-13T21:21:08.377
SNR_VALID blue1 hydrophone 1 snr=4 2026-08-13T21:21:32.154
SNR_VALID blue1 hydrophone 1 snr=6 2026-08-13T21:21:55.562
SNR_VALID blue1 hydrophone 1 snr=8 2026-08-13T21:22:18.689
SNR_VALID blue1 hydrophone 1 snr=10 2026-08-13T21:22:42.519
SNR_VALID blue1 hydrophone 1 snr=12 2026-08-13T21:23:06.603
SNR_VALID blue1 hydrophone 1 snr=14 2026-08-13T21:23:29.152
SNR_VALID blue1 hydrophone 1 snr=16 2026-08-13T21:23:54.367
SNR_VALID blue1 hydrophone 1 snr=18 2026-08-13T21:24:16.943
SNR_VALID blue1 hydrophone 1 snr=20 2026-08-13T21:24:38.539
SNR_VALID blue1 hydrophone 1 snr=22 2026-08-13T21:25:02.328
SNR_VALID blue1 hydrophone 1 snr=24 2026-08-13T21:25:24.356
SNR_VALID blue1 hydrophone 1 snr=26 2026-08-13T21:25:46.219
SNR_VALID blue1 hydrophone 1 snr=28 2026-08-13T21:26:08.712
SNR_VALID blue1 hydrophone 1 snr=30 2026-08-13T21:26:31.983
PATH_VALID blue1 hydrophone 1 2026-08-13T21:26:36.346
PATH_START blue2 hydrophone 2 2026-08-13T21:26:36.989
SNR_VALID blue2 hydrophone 2 snr=0 2026-08-13T21:27:02.513
SNR_VALID blue2 hydrophone 2 snr=2 2026-08-13T21:27:26.036
SNR_VALID blue2 hydrophone 2 snr=4 2026-08-13T21:27:51.171
SNR_VALID blue2 hydrophone 2 snr=6 2026-08-13T21:28:16.711
SNR_VALID blue2 hydrophone 2 snr=8 2026-08-13T21:28:41.429
SNR_VALID blue2 hydrophone 2 snr=10 2026-08-13T21:29:07.121
SNR_VALID blue2 hydrophone 2 snr=12 2026-08-13T21:29:31.173
SNR_VALID blue2 hydrophone 2 snr=14 2026-08-13T21:29:55.678
SNR_VALID blue2 hydrophone 2 snr=16 2026-08-13T21:30:19.643
SNR_VALID blue2 hydrophone 2 snr=18 2026-08-13T21:30:44.268
SNR_VALID blue2 hydrophone 2 snr=20 2026-08-13T21:31:09.902
SNR_VALID blue2 hydrophone 2 snr=22 2026-08-13T21:31:35.349
SNR_VALID blue2 hydrophone 2 snr=24 2026-08-13T21:32:04.066
SNR_VALID blue2 hydrophone 2 snr=26 2026-08-13T21:32:28.296
SNR_VALID blue2 hydrophone 2 snr=28 2026-08-13T21:32:51.925
SNR_VALID blue2 hydrophone 2 snr=30 2026-08-13T21:33:16.743
PATH_VALID blue2 hydrophone 2 2026-08-13T21:33:18.245
PATH_START blue3 hydrophone 3 2026-08-13T21:33:18.933
SNR_VALID blue3 hydrophone 3 snr=0 2026-08-13T21:33:43.961
SNR_VALID blue3 hydrophone 3 snr=2 2026-08-13T21:34:07.787
SNR_VALID blue3 hydrophone 3 snr=4 2026-08-13T21:34:32.879
SNR_VALID blue3 hydrophone 3 snr=6 2026-08-13T21:34:56.567
SNR_VALID blue3 hydrophone 3 snr=8 2026-08-13T21:35:20.452
SNR_VALID blue3 hydrophone 3 snr=10 2026-08-13T21:35:43.704
SNR_VALID blue3 hydrophone 3 snr=12 2026-08-13T21:36:06.461
SNR_VALID blue3 hydrophone 3 snr=14 2026-08-13T21:36:31.185
SNR_VALID blue3 hydrophone 3 snr=16 2026-08-13T21:36:56.517
SNR_VALID blue3 hydrophone 3 snr=18 2026-08-13T21:37:19.868
SNR_VALID blue3 hydrophone 3 snr=20 2026-08-13T21:37:43.222
SNR_VALID blue3 hydrophone 3 snr=22 2026-08-13T21:38:06.534
SNR_VALID blue3 hydrophone 3 snr=24 2026-08-13T21:38:32.319
SNR_VALID blue3 hydrophone 3 snr=26 2026-08-13T21:38:56.005
SNR_VALID blue3 hydrophone 3 snr=28 2026-08-13T21:39:19.602
SNR_VALID blue3 hydrophone 3 snr=30 2026-08-13T21:39:46.145
PATH_VALID blue3 hydrophone 3 2026-08-13T21:39:47.089
N1024_CRC_NO_HARM_COMPUTE_COMPLETE paths=3 2026-08-13T21:39:47.646
N1024_CRC_NO_HARM_START paths=3 2026-08-15T02:09:45.344
PATH_START blue1 hydrophone 1 2026-08-15T02:09:45.368
SNR_VALID blue1 hydrophone 1 snr=0 2026-08-15T02:11:29.468
SNR_VALID blue1 hydrophone 1 snr=2 2026-08-15T02:12:02.038
SNR_VALID blue1 hydrophone 1 snr=4 2026-08-15T02:12:35.116
SNR_VALID blue1 hydrophone 1 snr=6 2026-08-15T02:13:07.725
SNR_VALID blue1 hydrophone 1 snr=8 2026-08-15T02:13:44.515
SNR_VALID blue1 hydrophone 1 snr=10 2026-08-15T02:14:22.297
SNR_VALID blue1 hydrophone 1 snr=12 2026-08-15T02:14:59.172
SNR_VALID blue1 hydrophone 1 snr=14 2026-08-15T02:15:32.618
SNR_VALID blue1 hydrophone 1 snr=16 2026-08-15T02:16:00.433
SNR_VALID blue1 hydrophone 1 snr=18 2026-08-15T02:16:44.644
SNR_VALID blue1 hydrophone 1 snr=20 2026-08-15T02:17:16.312
SNR_VALID blue1 hydrophone 1 snr=22 2026-08-15T02:17:47.503
SNR_VALID blue1 hydrophone 1 snr=24 2026-08-15T02:18:18.692
SNR_VALID blue1 hydrophone 1 snr=26 2026-08-15T02:18:49.924
SNR_VALID blue1 hydrophone 1 snr=28 2026-08-15T02:19:21.239
SNR_VALID blue1 hydrophone 1 snr=30 2026-08-15T02:19:51.849
PATH_VALID blue1 hydrophone 1 2026-08-15T02:19:57.382
PATH_START blue2 hydrophone 2 2026-08-15T02:19:58.147
SNR_VALID blue2 hydrophone 2 snr=0 2026-08-15T02:20:33.272
SNR_VALID blue2 hydrophone 2 snr=2 2026-08-15T02:21:08.865
SNR_VALID blue2 hydrophone 2 snr=4 2026-08-15T02:21:45.604
SNR_VALID blue2 hydrophone 2 snr=6 2026-08-15T02:22:21.752
SNR_VALID blue2 hydrophone 2 snr=8 2026-08-15T02:22:54.825
SNR_VALID blue2 hydrophone 2 snr=10 2026-08-15T02:23:30.954
SNR_VALID blue2 hydrophone 2 snr=12 2026-08-15T02:24:06.187
SNR_VALID blue2 hydrophone 2 snr=14 2026-08-15T02:24:38.795
SNR_VALID blue2 hydrophone 2 snr=16 2026-08-15T02:25:18.881
SNR_VALID blue2 hydrophone 2 snr=18 2026-08-15T02:25:56.458
SNR_VALID blue2 hydrophone 2 snr=20 2026-08-15T02:26:31.991
SNR_VALID blue2 hydrophone 2 snr=22 2026-08-15T02:27:06.389
SNR_VALID blue2 hydrophone 2 snr=24 2026-08-15T02:27:38.298
SNR_VALID blue2 hydrophone 2 snr=26 2026-08-15T02:28:14.256
SNR_VALID blue2 hydrophone 2 snr=28 2026-08-15T02:28:48.315
SNR_VALID blue2 hydrophone 2 snr=30 2026-08-15T02:29:20.791
PATH_VALID blue2 hydrophone 2 2026-08-15T02:29:23.039
PATH_START blue3 hydrophone 3 2026-08-15T02:29:23.939
SNR_VALID blue3 hydrophone 3 snr=0 2026-08-15T02:30:02.719
SNR_VALID blue3 hydrophone 3 snr=2 2026-08-15T02:30:44.406
SNR_VALID blue3 hydrophone 3 snr=4 2026-08-15T02:31:18.491
SNR_VALID blue3 hydrophone 3 snr=6 2026-08-15T02:31:52.362
SNR_VALID blue3 hydrophone 3 snr=8 2026-08-15T02:32:25.913
SNR_VALID blue3 hydrophone 3 snr=10 2026-08-15T02:33:02.949
SNR_VALID blue3 hydrophone 3 snr=12 2026-08-15T02:33:35.288
SNR_VALID blue3 hydrophone 3 snr=14 2026-08-15T02:34:08.369
SNR_VALID blue3 hydrophone 3 snr=16 2026-08-15T02:34:41.646
SNR_VALID blue3 hydrophone 3 snr=18 2026-08-15T02:35:14.633
SNR_VALID blue3 hydrophone 3 snr=20 2026-08-15T02:35:48.365
SNR_VALID blue3 hydrophone 3 snr=22 2026-08-15T02:36:23.087
SNR_VALID blue3 hydrophone 3 snr=24 2026-08-15T02:36:56.555
SNR_VALID blue3 hydrophone 3 snr=26 2026-08-15T02:37:30.233
SNR_VALID blue3 hydrophone 3 snr=28 2026-08-15T02:38:03.437
SNR_VALID blue3 hydrophone 3 snr=30 2026-08-15T02:38:37.961
PATH_VALID blue3 hydrophone 3 2026-08-15T02:38:38.642
N1024_CRC_NO_HARM_COMPUTE_COMPLETE paths=3 2026-08-15T02:38:39.043
