N1024_CRC_NO_HARM_START paths=3 2026-08-13T21:19:14.001
PATH_START blue2 hydrophone 1 2026-08-13T21:19:14.025
SNR_VALID blue2 hydrophone 1 snr=0 2026-08-13T21:20:45.570
SNR_VALID blue2 hydrophone 1 snr=2 2026-08-13T21:21:10.613
SNR_VALID blue2 hydrophone 1 snr=4 2026-08-13T21:21:33.267
SNR_VALID blue2 hydrophone 1 snr=6 2026-08-13T21:21:58.143
SNR_VALID blue2 hydrophone 1 snr=8 2026-08-13T21:22:21.144
SNR_VALID blue2 hydrophone 1 snr=10 2026-08-13T21:22:45.049
SNR_VALID blue2 hydrophone 1 snr=12 2026-08-13T21:23:07.530
SNR_VALID blue2 hydrophone 1 snr=14 2026-08-13T21:23:30.978
SNR_VALID blue2 hydrophone 1 snr=16 2026-08-13T21:23:57.382
SNR_VALID blue2 hydrophone 1 snr=18 2026-08-13T21:24:20.595
SNR_VALID blue2 hydrophone 1 snr=20 2026-08-13T21:24:43.588
SNR_VALID blue2 hydrophone 1 snr=22 2026-08-13T21:25:09.162
SNR_VALID blue2 hydrophone 1 snr=24 2026-08-13T21:25:32.600
SNR_VALID blue2 hydrophone 1 snr=26 2026-08-13T21:25:56.411
SNR_VALID blue2 hydrophone 1 snr=28 2026-08-13T21:26:21.220
SNR_VALID blue2 hydrophone 1 snr=30 2026-08-13T21:26:46.426
PATH_VALID blue2 hydrophone 1 2026-08-13T21:26:50.628
PATH_START blue3 hydrophone 2 2026-08-13T21:26:51.200
SNR_VALID blue3 hydrophone 2 snr=0 2026-08-13T21:27:16.281
SNR_VALID blue3 hydrophone 2 snr=2 2026-08-13T21:27:41.025
SNR_VALID blue3 hydrophone 2 snr=4 2026-08-13T21:28:06.807
SNR_VALID blue3 hydrophone 2 snr=6 2026-08-13T21:28:32.019
SNR_VALID blue3 hydrophone 2 snr=8 2026-08-13T21:28:56.916
SNR_VALID blue3 hydrophone 2 snr=10 2026-08-13T21:29:21.231
SNR_VALID blue3 hydrophone 2 snr=12 2026-08-13T21:29:45.369
SNR_VALID blue3 hydrophone 2 snr=14 2026-08-13T21:30:09.258
SNR_VALID blue3 hydrophone 2 snr=16 2026-08-13T21:30:32.880
SNR_VALID blue3 hydrophone 2 snr=18 2026-08-13T21:30:57.905
SNR_VALID blue3 hydrophone 2 snr=20 2026-08-13T21:31:24.575
SNR_VALID blue3 hydrophone 2 snr=22 2026-08-13T21:31:53.729
SNR_VALID blue3 hydrophone 2 snr=24 2026-08-13T21:32:18.331
SNR_VALID blue3 hydrophone 2 snr=26 2026-08-13T21:32:41.644
SNR_VALID blue3 hydrophone 2 snr=28 2026-08-13T21:33:06.086
SNR_VALID blue3 hydrophone 2 snr=30 2026-08-13T21:33:31.336
PATH_VALID blue3 hydrophone 2 2026-08-13T21:33:32.690
PATH_START blue4 hydrophone 3 2026-08-13T21:33:33.587
SNR_VALID blue4 hydrophone 3 snr=0 2026-08-13T21:33:57.646
SNR_VALID blue4 hydrophone 3 snr=2 2026-08-13T21:34:21.272
SNR_VALID blue4 hydrophone 3 snr=4 2026-08-13T21:34:46.874
SNR_VALID blue4 hydrophone 3 snr=6 2026-08-13T21:35:10.433
SNR_VALID blue4 hydrophone 3 snr=8 2026-08-13T21:35:33.683
SNR_VALID blue4 hydrophone 3 snr=10 2026-08-13T21:35:57.654
SNR_VALID blue4 hydrophone 3 snr=12 2026-08-13T21:36:21.704
SNR_VALID blue4 hydrophone 3 snr=14 2026-08-13T21:36:46.968
SNR_VALID blue4 hydrophone 3 snr=16 2026-08-13T21:37:10.728
SNR_VALID blue4 hydrophone 3 snr=18 2026-08-13T21:37:34.933
SNR_VALID blue4 hydrophone 3 snr=20 2026-08-13T21:37:58.570
SNR_VALID blue4 hydrophone 3 snr=22 2026-08-13T21:38:23.291
SNR_VALID blue4 hydrophone 3 snr=24 2026-08-13T21:38:47.637
SNR_VALID blue4 hydrophone 3 snr=26 2026-08-13T21:39:12.293
SNR_VALID blue4 hydrophone 3 snr=28 2026-08-13T21:39:37.639
SNR_VALID blue4 hydrophone 3 snr=30 2026-08-13T21:39:57.020
PATH_VALID blue4 hydrophone 3 2026-08-13T21:39:57.662
N1024_CRC_NO_HARM_COMPUTE_COMPLETE paths=3 2026-08-13T21:39:57.999
