N1024_CRC_NO_HARM_START paths=3 2026-08-15T02:09:45.344
PATH_START blue1 hydrophone 1 2026-08-15T02:09:45.368
SNR_VALID blue1 hydrophone 1 snr=0 2026-08-15T02:11:29.468
SNR_VALID blue1 hydrophone 1 snr=2 2026-08-15T02:12:02.038
SNR_VALID blue1 hydrophone 1 snr=4 2026-08-15T02:12:35.116
SNR_VALID blue1 hydrophone 1 snr=6 2026-08-15T02:13:07.725
SNR_VALID blue1 hydrophone 1 snr=8 2026-08-15T02:13:44.515
SNR_VALID blue1 hydrophone 1 snr=10 2026-08-15T02:14:22.297
SNR_VALID blue1 hydrophone 1 snr=12 2026-08-15T02:14:59.172
SNR_VALID blue1 hydrophone 1 snr=14 2026-08-15T02:15:32.618
SNR_VALID blue1 hydrophone 1 snr=16 2026-08-15T02:16:00.433
SNR_VALID blue1 hydrophone 1 snr=18 2026-08-15T02:16:44.644
SNR_VALID blue1 hydrophone 1 snr=20 2026-08-15T02:17:16.312
SNR_VALID blue1 hydrophone 1 snr=22 2026-08-15T02:17:47.503
SNR_VALID blue1 hydrophone 1 snr=24 2026-08-15T02:18:18.692
SNR_VALID blue1 hydrophone 1 snr=26 2026-08-15T02:18:49.924
SNR_VALID blue1 hydrophone 1 snr=28 2026-08-15T02:19:21.239
SNR_VALID blue1 hydrophone 1 snr=30 2026-08-15T02:19:51.849
PATH_VALID blue1 hydrophone 1 2026-08-15T02:19:57.382
PATH_START blue2 hydrophone 2 2026-08-15T02:19:58.147
SNR_VALID blue2 hydrophone 2 snr=0 2026-08-15T02:20:33.272
SNR_VALID blue2 hydrophone 2 snr=2 2026-08-15T02:21:08.865
SNR_VALID blue2 hydrophone 2 snr=4 2026-08-15T02:21:45.604
SNR_VALID blue2 hydrophone 2 snr=6 2026-08-15T02:22:21.752
SNR_VALID blue2 hydrophone 2 snr=8 2026-08-15T02:22:54.825
SNR_VALID blue2 hydrophone 2 snr=10 2026-08-15T02:23:30.954
SNR_VALID blue2 hydrophone 2 snr=12 2026-08-15T02:24:06.187
SNR_VALID blue2 hydrophone 2 snr=14 2026-08-15T02:24:38.795
SNR_VALID blue2 hydrophone 2 snr=16 2026-08-15T02:25:18.881
SNR_VALID blue2 hydrophone 2 snr=18 2026-08-15T02:25:56.458
SNR_VALID blue2 hydrophone 2 snr=20 2026-08-15T02:26:31.991
SNR_VALID blue2 hydrophone 2 snr=22 2026-08-15T02:27:06.389
SNR_VALID blue2 hydrophone 2 snr=24 2026-08-15T02:27:38.298
SNR_VALID blue2 hydrophone 2 snr=26 2026-08-15T02:28:14.256
SNR_VALID blue2 hydrophone 2 snr=28 2026-08-15T02:28:48.315
SNR_VALID blue2 hydrophone 2 snr=30 2026-08-15T02:29:20.791
PATH_VALID blue2 hydrophone 2 2026-08-15T02:29:23.039
PATH_START blue3 hydrophone 3 2026-08-15T02:29:23.939
SNR_VALID blue3 hydrophone 3 snr=0 2026-08-15T02:30:02.719
SNR_VALID blue3 hydrophone 3 snr=2 2026-08-15T02:30:44.406
SNR_VALID blue3 hydrophone 3 snr=4 2026-08-15T02:31:18.491
SNR_VALID blue3 hydrophone 3 snr=6 2026-08-15T02:31:52.362
SNR_VALID blue3 hydrophone 3 snr=8 2026-08-15T02:32:25.913
SNR_VALID blue3 hydrophone 3 snr=10 2026-08-15T02:33:02.949
SNR_VALID blue3 hydrophone 3 snr=12 2026-08-15T02:33:35.288
SNR_VALID blue3 hydrophone 3 snr=14 2026-08-15T02:34:08.369
SNR_VALID blue3 hydrophone 3 snr=16 2026-08-15T02:34:41.646
SNR_VALID blue3 hydrophone 3 snr=18 2026-08-15T02:35:14.633
SNR_VALID blue3 hydrophone 3 snr=20 2026-08-15T02:35:48.365
SNR_VALID blue3 hydrophone 3 snr=22 2026-08-15T02:36:23.087
SNR_VALID blue3 hydrophone 3 snr=24 2026-08-15T02:36:56.555
SNR_VALID blue3 hydrophone 3 snr=26 2026-08-15T02:37:30.233
SNR_VALID blue3 hydrophone 3 snr=28 2026-08-15T02:38:03.437
SNR_VALID blue3 hydrophone 3 snr=30 2026-08-15T02:38:37.961
PATH_VALID blue3 hydrophone 3 2026-08-15T02:38:38.642
N1024_CRC_NO_HARM_COMPUTE_COMPLETE paths=3 2026-08-15T02:38:39.043
