N512_CRC_NO_HARM_START paths=3 2026-08-15T14:12:20.228
PATH_START red1 hydrophone 2 2026-08-15T14:12:20.242
SNR_VALID red1 hydrophone 2 snr=0 2026-08-15T14:14:50.291
SNR_VALID red1 hydrophone 2 snr=2 2026-08-15T14:16:05.800
SNR_VALID red1 hydrophone 2 snr=4 2026-08-15T14:17:20.239
SNR_VALID red1 hydrophone 2 snr=6 2026-08-15T14:18:32.288
SNR_VALID red1 hydrophone 2 snr=8 2026-08-15T14:19:45.635
SNR_VALID red1 hydrophone 2 snr=10 2026-08-15T14:21:03.412
SNR_VALID red1 hydrophone 2 snr=12 2026-08-15T14:22:16.033
SNR_VALID red1 hydrophone 2 snr=14 2026-08-15T14:23:17.426
SNR_VALID red1 hydrophone 2 snr=16 2026-08-15T14:24:05.680
SNR_VALID red1 hydrophone 2 snr=18 2026-08-15T14:24:55.142
SNR_VALID red1 hydrophone 2 snr=20 2026-08-15T14:25:41.698
SNR_VALID red1 hydrophone 2 snr=22 2026-08-15T14:26:29.076
SNR_VALID red1 hydrophone 2 snr=24 2026-08-15T14:27:07.116
SNR_VALID red1 hydrophone 2 snr=26 2026-08-15T14:27:51.347
SNR_VALID red1 hydrophone 2 snr=28 2026-08-15T14:28:36.180
SNR_VALID red1 hydrophone 2 snr=30 2026-08-15T14:29:19.044
PATH_VALID red1 hydrophone 2 2026-08-15T14:29:22.869
PATH_START red2 hydrophone 3 2026-08-15T14:29:23.566
SNR_VALID red2 hydrophone 3 snr=0 2026-08-15T14:30:48.046
SNR_VALID red2 hydrophone 3 snr=2 2026-08-15T14:32:01.104
SNR_VALID red2 hydrophone 3 snr=4 2026-08-15T14:33:17.275
SNR_VALID red2 hydrophone 3 snr=6 2026-08-15T14:34:30.377
SNR_VALID red2 hydrophone 3 snr=8 2026-08-15T14:35:43.111
SNR_VALID red2 hydrophone 3 snr=10 2026-08-15T14:36:42.597
SNR_VALID red2 hydrophone 3 snr=12 2026-08-15T14:37:26.801
SNR_VALID red2 hydrophone 3 snr=14 2026-08-15T14:38:07.276
SNR_VALID red2 hydrophone 3 snr=16 2026-08-15T14:38:46.358
SNR_VALID red2 hydrophone 3 snr=18 2026-08-15T14:39:23.317
SNR_VALID red2 hydrophone 3 snr=20 2026-08-15T14:39:56.317
SNR_VALID red2 hydrophone 3 snr=22 2026-08-15T14:40:34.030
SNR_VALID red2 hydrophone 3 snr=24 2026-08-15T14:41:12.217
SNR_VALID red2 hydrophone 3 snr=26 2026-08-15T14:41:51.230
SNR_VALID red2 hydrophone 3 snr=28 2026-08-15T14:42:27.880
SNR_VALID red2 hydrophone 3 snr=30 2026-08-15T14:43:01.602
PATH_VALID red2 hydrophone 3 2026-08-15T14:43:02.686
PATH_START red4 hydrophone 1 2026-08-15T14:43:03.363
SNR_VALID red4 hydrophone 1 snr=0 2026-08-15T14:44:28.020
SNR_VALID red4 hydrophone 1 snr=2 2026-08-15T14:45:57.139
SNR_VALID red4 hydrophone 1 snr=4 2026-08-15T14:47:16.695
SNR_VALID red4 hydrophone 1 snr=6 2026-08-15T14:48:40.920
SNR_VALID red4 hydrophone 1 snr=8 2026-08-15T14:49:35.399
SNR_VALID red4 hydrophone 1 snr=10 2026-08-15T14:50:18.971
SNR_VALID red4 hydrophone 1 snr=12 2026-08-15T14:50:59.404
SNR_VALID red4 hydrophone 1 snr=14 2026-08-15T14:51:37.227
SNR_VALID red4 hydrophone 1 snr=16 2026-08-15T14:52:13.694
SNR_VALID red4 hydrophone 1 snr=18 2026-08-15T14:52:47.739
SNR_VALID red4 hydrophone 1 snr=20 2026-08-15T14:53:21.631
SNR_VALID red4 hydrophone 1 snr=22 2026-08-15T14:53:57.066
SNR_VALID red4 hydrophone 1 snr=24 2026-08-15T14:54:31.616
SNR_VALID red4 hydrophone 1 snr=26 2026-08-15T14:55:07.682
SNR_VALID red4 hydrophone 1 snr=28 2026-08-15T14:55:42.118
SNR_VALID red4 hydrophone 1 snr=30 2026-08-15T14:56:11.986
PATH_VALID red4 hydrophone 1 2026-08-15T14:56:13.004
N512_CRC_NO_HARM_COMPUTE_COMPLETE paths=3 2026-08-15T14:56:13.532
