N512_CRC_NO_HARM_START paths=3 2026-08-15T14:12:19.982
PATH_START red1 hydrophone 1 2026-08-15T14:12:19.999
SNR_VALID red1 hydrophone 1 snr=0 2026-08-15T14:14:49.599
SNR_VALID red1 hydrophone 1 snr=2 2026-08-15T14:16:04.309
SNR_VALID red1 hydrophone 1 snr=4 2026-08-15T14:17:17.818
SNR_VALID red1 hydrophone 1 snr=6 2026-08-15T14:18:28.931
SNR_VALID red1 hydrophone 1 snr=8 2026-08-15T14:19:43.280
SNR_VALID red1 hydrophone 1 snr=10 2026-08-15T14:20:57.459
SNR_VALID red1 hydrophone 1 snr=12 2026-08-15T14:22:04.715
SNR_VALID red1 hydrophone 1 snr=14 2026-08-15T14:23:07.545
SNR_VALID red1 hydrophone 1 snr=16 2026-08-15T14:24:03.930
SNR_VALID red1 hydrophone 1 snr=18 2026-08-15T14:25:03.035
SNR_VALID red1 hydrophone 1 snr=20 2026-08-15T14:26:02.710
SNR_VALID red1 hydrophone 1 snr=22 2026-08-15T14:26:59.759
SNR_VALID red1 hydrophone 1 snr=24 2026-08-15T14:27:51.248
SNR_VALID red1 hydrophone 1 snr=26 2026-08-15T14:28:46.200
SNR_VALID red1 hydrophone 1 snr=28 2026-08-15T14:29:38.990
SNR_VALID red1 hydrophone 1 snr=30 2026-08-15T14:30:38.498
PATH_VALID red1 hydrophone 1 2026-08-15T14:30:43.514
PATH_START red2 hydrophone 2 2026-08-15T14:30:44.269
SNR_VALID red2 hydrophone 2 snr=0 2026-08-15T14:31:59.635
SNR_VALID red2 hydrophone 2 snr=2 2026-08-15T14:33:15.867
SNR_VALID red2 hydrophone 2 snr=4 2026-08-15T14:34:26.766
SNR_VALID red2 hydrophone 2 snr=6 2026-08-15T14:35:44.996
SNR_VALID red2 hydrophone 2 snr=8 2026-08-15T14:36:59.730
SNR_VALID red2 hydrophone 2 snr=10 2026-08-15T14:38:07.624
SNR_VALID red2 hydrophone 2 snr=12 2026-08-15T14:39:09.083
SNR_VALID red2 hydrophone 2 snr=14 2026-08-15T14:39:56.801
SNR_VALID red2 hydrophone 2 snr=16 2026-08-15T14:40:48.823
SNR_VALID red2 hydrophone 2 snr=18 2026-08-15T14:41:32.980
SNR_VALID red2 hydrophone 2 snr=20 2026-08-15T14:42:16.852
SNR_VALID red2 hydrophone 2 snr=22 2026-08-15T14:42:59.847
SNR_VALID red2 hydrophone 2 snr=24 2026-08-15T14:43:42.082
SNR_VALID red2 hydrophone 2 snr=26 2026-08-15T14:44:29.887
SNR_VALID red2 hydrophone 2 snr=28 2026-08-15T14:45:16.309
SNR_VALID red2 hydrophone 2 snr=30 2026-08-15T14:46:02.772
PATH_VALID red2 hydrophone 2 2026-08-15T14:46:03.586
PATH_START red3 hydrophone 3 2026-08-15T14:46:04.059
SNR_VALID red3 hydrophone 3 snr=0 2026-08-15T14:47:25.107
SNR_VALID red3 hydrophone 3 snr=2 2026-08-15T14:48:50.309
SNR_VALID red3 hydrophone 3 snr=4 2026-08-15T14:50:04.936
SNR_VALID red3 hydrophone 3 snr=6 2026-08-15T14:51:23.060
SNR_VALID red3 hydrophone 3 snr=8 2026-08-15T14:52:33.191
SNR_VALID red3 hydrophone 3 snr=10 2026-08-15T14:53:32.112
SNR_VALID red3 hydrophone 3 snr=12 2026-08-15T14:54:20.636
SNR_VALID red3 hydrophone 3 snr=14 2026-08-15T14:55:03.121
SNR_VALID red3 hydrophone 3 snr=16 2026-08-15T14:55:43.371
SNR_VALID red3 hydrophone 3 snr=18 2026-08-15T14:56:15.755
SNR_VALID red3 hydrophone 3 snr=20 2026-08-15T14:56:46.745
SNR_VALID red3 hydrophone 3 snr=22 2026-08-15T14:57:14.677
SNR_VALID red3 hydrophone 3 snr=24 2026-08-15T14:57:43.281
SNR_VALID red3 hydrophone 3 snr=26 2026-08-15T14:58:10.879
SNR_VALID red3 hydrophone 3 snr=28 2026-08-15T14:58:38.421
SNR_VALID red3 hydrophone 3 snr=30 2026-08-15T14:59:00.096
PATH_VALID red3 hydrophone 3 2026-08-15T14:59:00.798
N512_CRC_NO_HARM_COMPUTE_COMPLETE paths=3 2026-08-15T14:59:01.146
