N512_CRC_NO_HARM_START paths=3 2026-08-15T14:12:19.857
PATH_START red1 hydrophone 3 2026-08-15T14:12:19.870
SNR_VALID red1 hydrophone 3 snr=0 2026-08-15T14:14:49.207
SNR_VALID red1 hydrophone 3 snr=2 2026-08-15T14:16:03.875
SNR_VALID red1 hydrophone 3 snr=4 2026-08-15T14:17:18.493
SNR_VALID red1 hydrophone 3 snr=6 2026-08-15T14:18:29.453
SNR_VALID red1 hydrophone 3 snr=8 2026-08-15T14:19:39.240
SNR_VALID red1 hydrophone 3 snr=10 2026-08-15T14:20:30.615
SNR_VALID red1 hydrophone 3 snr=12 2026-08-15T14:21:13.932
SNR_VALID red1 hydrophone 3 snr=14 2026-08-15T14:21:52.234
SNR_VALID red1 hydrophone 3 snr=16 2026-08-15T14:22:31.143
SNR_VALID red1 hydrophone 3 snr=18 2026-08-15T14:23:06.359
SNR_VALID red1 hydrophone 3 snr=20 2026-08-15T14:23:42.779
SNR_VALID red1 hydrophone 3 snr=22 2026-08-15T14:24:15.077
SNR_VALID red1 hydrophone 3 snr=24 2026-08-15T14:24:50.278
SNR_VALID red1 hydrophone 3 snr=26 2026-08-15T14:25:27.679
SNR_VALID red1 hydrophone 3 snr=28 2026-08-15T14:26:07.399
SNR_VALID red1 hydrophone 3 snr=30 2026-08-15T14:26:44.801
PATH_VALID red1 hydrophone 3 2026-08-15T14:26:49.365
PATH_START red3 hydrophone 1 2026-08-15T14:26:49.951
SNR_VALID red3 hydrophone 1 snr=0 2026-08-15T14:28:01.046
SNR_VALID red3 hydrophone 1 snr=2 2026-08-15T14:29:13.268
SNR_VALID red3 hydrophone 1 snr=4 2026-08-15T14:30:36.682
SNR_VALID red3 hydrophone 1 snr=6 2026-08-15T14:31:53.155
SNR_VALID red3 hydrophone 1 snr=8 2026-08-15T14:33:10.164
SNR_VALID red3 hydrophone 1 snr=10 2026-08-15T14:34:19.639
SNR_VALID red3 hydrophone 1 snr=12 2026-08-15T14:35:32.496
SNR_VALID red3 hydrophone 1 snr=14 2026-08-15T14:36:35.608
SNR_VALID red3 hydrophone 1 snr=16 2026-08-15T14:37:37.181
SNR_VALID red3 hydrophone 1 snr=18 2026-08-15T14:38:30.669
SNR_VALID red3 hydrophone 1 snr=20 2026-08-15T14:39:22.629
SNR_VALID red3 hydrophone 1 snr=22 2026-08-15T14:40:06.539
SNR_VALID red3 hydrophone 1 snr=24 2026-08-15T14:40:55.779
SNR_VALID red3 hydrophone 1 snr=26 2026-08-15T14:41:45.109
SNR_VALID red3 hydrophone 1 snr=28 2026-08-15T14:42:34.428
SNR_VALID red3 hydrophone 1 snr=30 2026-08-15T14:43:19.091
PATH_VALID red3 hydrophone 1 2026-08-15T14:43:20.921
PATH_START red4 hydrophone 2 2026-08-15T14:43:21.499
SNR_VALID red4 hydrophone 2 snr=0 2026-08-15T14:44:47.423
SNR_VALID red4 hydrophone 2 snr=2 2026-08-15T14:46:11.203
SNR_VALID red4 hydrophone 2 snr=4 2026-08-15T14:47:37.380
SNR_VALID red4 hydrophone 2 snr=6 2026-08-15T14:49:02.280
SNR_VALID red4 hydrophone 2 snr=8 2026-08-15T14:49:58.751
SNR_VALID red4 hydrophone 2 snr=10 2026-08-15T14:50:42.594
SNR_VALID red4 hydrophone 2 snr=12 2026-08-15T14:51:21.959
SNR_VALID red4 hydrophone 2 snr=14 2026-08-15T14:51:58.644
SNR_VALID red4 hydrophone 2 snr=16 2026-08-15T14:52:32.855
SNR_VALID red4 hydrophone 2 snr=18 2026-08-15T14:53:07.926
SNR_VALID red4 hydrophone 2 snr=20 2026-08-15T14:53:44.924
SNR_VALID red4 hydrophone 2 snr=22 2026-08-15T14:54:21.040
SNR_VALID red4 hydrophone 2 snr=24 2026-08-15T14:54:56.531
SNR_VALID red4 hydrophone 2 snr=26 2026-08-15T14:55:31.064
SNR_VALID red4 hydrophone 2 snr=28 2026-08-15T14:56:01.443
SNR_VALID red4 hydrophone 2 snr=30 2026-08-15T14:56:33.844
PATH_VALID red4 hydrophone 2 2026-08-15T14:56:34.680
N512_CRC_NO_HARM_COMPUTE_COMPLETE paths=3 2026-08-15T14:56:35.252
