N512_CRC_NO_HARM_START paths=3 2026-08-15T14:12:19.598
PATH_START red2 hydrophone 1 2026-08-15T14:12:19.638
SNR_VALID red2 hydrophone 1 snr=0 2026-08-15T14:14:48.747
SNR_VALID red2 hydrophone 1 snr=2 2026-08-15T14:16:03.415
SNR_VALID red2 hydrophone 1 snr=4 2026-08-15T14:17:16.130
SNR_VALID red2 hydrophone 1 snr=6 2026-08-15T14:18:26.966
SNR_VALID red2 hydrophone 1 snr=8 2026-08-15T14:19:39.118
SNR_VALID red2 hydrophone 1 snr=10 2026-08-15T14:20:55.830
SNR_VALID red2 hydrophone 1 snr=12 2026-08-15T14:22:09.834
SNR_VALID red2 hydrophone 1 snr=14 2026-08-15T14:23:16.914
SNR_VALID red2 hydrophone 1 snr=16 2026-08-15T14:24:20.438
SNR_VALID red2 hydrophone 1 snr=18 2026-08-15T14:25:26.582
SNR_VALID red2 hydrophone 1 snr=20 2026-08-15T14:26:35.414
SNR_VALID red2 hydrophone 1 snr=22 2026-08-15T14:27:34.464
SNR_VALID red2 hydrophone 1 snr=24 2026-08-15T14:28:36.922
SNR_VALID red2 hydrophone 1 snr=26 2026-08-15T14:29:40.553
SNR_VALID red2 hydrophone 1 snr=28 2026-08-15T14:30:48.939
SNR_VALID red2 hydrophone 1 snr=30 2026-08-15T14:31:48.632
PATH_VALID red2 hydrophone 1 2026-08-15T14:31:53.165
PATH_START red3 hydrophone 2 2026-08-15T14:31:53.776
SNR_VALID red3 hydrophone 2 snr=0 2026-08-15T14:33:10.614
SNR_VALID red3 hydrophone 2 snr=2 2026-08-15T14:34:21.649
SNR_VALID red3 hydrophone 2 snr=4 2026-08-15T14:35:38.777
SNR_VALID red3 hydrophone 2 snr=6 2026-08-15T14:36:53.468
SNR_VALID red3 hydrophone 2 snr=8 2026-08-15T14:38:06.940
SNR_VALID red3 hydrophone 2 snr=10 2026-08-15T14:39:11.923
SNR_VALID red3 hydrophone 2 snr=12 2026-08-15T14:40:04.624
SNR_VALID red3 hydrophone 2 snr=14 2026-08-15T14:40:48.496
SNR_VALID red3 hydrophone 2 snr=16 2026-08-15T14:41:29.469
SNR_VALID red3 hydrophone 2 snr=18 2026-08-15T14:42:10.102
SNR_VALID red3 hydrophone 2 snr=20 2026-08-15T14:42:50.776
SNR_VALID red3 hydrophone 2 snr=22 2026-08-15T14:43:25.904
SNR_VALID red3 hydrophone 2 snr=24 2026-08-15T14:44:11.745
SNR_VALID red3 hydrophone 2 snr=26 2026-08-15T14:44:56.141
SNR_VALID red3 hydrophone 2 snr=28 2026-08-15T14:45:40.287
SNR_VALID red3 hydrophone 2 snr=30 2026-08-15T14:46:22.917
PATH_VALID red3 hydrophone 2 2026-08-15T14:46:25.445
PATH_START red4 hydrophone 3 2026-08-15T14:46:26.077
SNR_VALID red4 hydrophone 3 snr=0 2026-08-15T14:47:52.639
SNR_VALID red4 hydrophone 3 snr=2 2026-08-15T14:49:15.228
SNR_VALID red4 hydrophone 3 snr=4 2026-08-15T14:50:28.295
SNR_VALID red4 hydrophone 3 snr=6 2026-08-15T14:51:44.890
SNR_VALID red4 hydrophone 3 snr=8 2026-08-15T14:52:42.343
SNR_VALID red4 hydrophone 3 snr=10 2026-08-15T14:53:27.497
SNR_VALID red4 hydrophone 3 snr=12 2026-08-15T14:54:06.727
SNR_VALID red4 hydrophone 3 snr=14 2026-08-15T14:54:43.039
SNR_VALID red4 hydrophone 3 snr=16 2026-08-15T14:55:19.719
SNR_VALID red4 hydrophone 3 snr=18 2026-08-15T14:55:51.059
SNR_VALID red4 hydrophone 3 snr=20 2026-08-15T14:56:25.257
SNR_VALID red4 hydrophone 3 snr=22 2026-08-15T14:56:53.555
SNR_VALID red4 hydrophone 3 snr=24 2026-08-15T14:57:19.348
SNR_VALID red4 hydrophone 3 snr=26 2026-08-15T14:57:45.527
SNR_VALID red4 hydrophone 3 snr=28 2026-08-15T14:58:12.398
SNR_VALID red4 hydrophone 3 snr=30 2026-08-15T14:58:39.249
PATH_VALID red4 hydrophone 3 2026-08-15T14:58:40.189
N512_CRC_NO_HARM_COMPUTE_COMPLETE paths=3 2026-08-15T14:58:40.650
