DIRECT18_START paths=3 2026-08-14T22:58:37.528
PATH_START red2 hydrophone 1 2026-08-14T22:58:37.541
SNR_VALID red2 hydrophone 1 snr=0 2026-08-14T23:00:21.705
SNR_VALID red2 hydrophone 1 snr=2 2026-08-14T23:00:51.869
SNR_VALID red2 hydrophone 1 snr=4 2026-08-14T23:01:19.986
SNR_VALID red2 hydrophone 1 snr=6 2026-08-14T23:01:48.701
SNR_VALID red2 hydrophone 1 snr=8 2026-08-14T23:02:17.150
SNR_VALID red2 hydrophone 1 snr=10 2026-08-14T23:02:45.851
SNR_VALID red2 hydrophone 1 snr=12 2026-08-14T23:03:12.799
SNR_VALID red2 hydrophone 1 snr=14 2026-08-14T23:03:38.490
SNR_VALID red2 hydrophone 1 snr=16 2026-08-14T23:04:05.493
SNR_VALID red2 hydrophone 1 snr=18 2026-08-14T23:04:31.251
SNR_VALID red2 hydrophone 1 snr=20 2026-08-14T23:04:58.020
SNR_VALID red2 hydrophone 1 snr=22 2026-08-14T23:05:24.186
SNR_VALID red2 hydrophone 1 snr=24 2026-08-14T23:05:48.649
SNR_VALID red2 hydrophone 1 snr=26 2026-08-14T23:06:14.111
SNR_VALID red2 hydrophone 1 snr=28 2026-08-14T23:06:40.212
SNR_VALID red2 hydrophone 1 snr=30 2026-08-14T23:07:06.210
PATH_VALID red2 hydrophone 1 2026-08-14T23:07:07.580
PATH_START red3 hydrophone 2 2026-08-14T23:07:07.851
SNR_VALID red3 hydrophone 2 snr=0 2026-08-14T23:07:35.946
SNR_VALID red3 hydrophone 2 snr=2 2026-08-14T23:08:03.398
SNR_VALID red3 hydrophone 2 snr=4 2026-08-14T23:08:31.598
SNR_VALID red3 hydrophone 2 snr=6 2026-08-14T23:09:02.252
SNR_VALID red3 hydrophone 2 snr=8 2026-08-14T23:09:30.840
SNR_VALID red3 hydrophone 2 snr=10 2026-08-14T23:09:59.940
SNR_VALID red3 hydrophone 2 snr=12 2026-08-14T23:10:27.498
SNR_VALID red3 hydrophone 2 snr=14 2026-08-14T23:10:54.093
SNR_VALID red3 hydrophone 2 snr=16 2026-08-14T23:11:20.654
SNR_VALID red3 hydrophone 2 snr=18 2026-08-14T23:11:43.092
SNR_VALID red3 hydrophone 2 snr=20 2026-08-14T23:12:06.893
SNR_VALID red3 hydrophone 2 snr=22 2026-08-14T23:12:30.325
SNR_VALID red3 hydrophone 2 snr=24 2026-08-14T23:12:53.283
SNR_VALID red3 hydrophone 2 snr=26 2026-08-14T23:13:17.225
SNR_VALID red3 hydrophone 2 snr=28 2026-08-14T23:13:40.878
SNR_VALID red3 hydrophone 2 snr=30 2026-08-14T23:14:03.764
PATH_VALID red3 hydrophone 2 2026-08-14T23:14:04.033
PATH_START red4 hydrophone 3 2026-08-14T23:14:04.395
SNR_VALID red4 hydrophone 3 snr=0 2026-08-14T23:14:32.445
SNR_VALID red4 hydrophone 3 snr=2 2026-08-14T23:15:02.781
SNR_VALID red4 hydrophone 3 snr=4 2026-08-14T23:15:30.189
SNR_VALID red4 hydrophone 3 snr=6 2026-08-14T23:15:56.908
SNR_VALID red4 hydrophone 3 snr=8 2026-08-14T23:16:22.716
SNR_VALID red4 hydrophone 3 snr=10 2026-08-14T23:16:46.438
SNR_VALID red4 hydrophone 3 snr=12 2026-08-14T23:17:10.402
SNR_VALID red4 hydrophone 3 snr=14 2026-08-14T23:17:33.480
SNR_VALID red4 hydrophone 3 snr=16 2026-08-14T23:17:55.770
SNR_VALID red4 hydrophone 3 snr=18 2026-08-14T23:18:19.835
SNR_VALID red4 hydrophone 3 snr=20 2026-08-14T23:18:43.265
SNR_VALID red4 hydrophone 3 snr=22 2026-08-14T23:19:06.613
SNR_VALID red4 hydrophone 3 snr=24 2026-08-14T23:19:30.166
SNR_VALID red4 hydrophone 3 snr=26 2026-08-14T23:19:51.910
SNR_VALID red4 hydrophone 3 snr=28 2026-08-14T23:20:13.389
SNR_VALID red4 hydrophone 3 snr=30 2026-08-14T23:20:33.844
PATH_VALID red4 hydrophone 3 2026-08-14T23:20:33.955
DIRECT18_COMPUTE_COMPLETE paths=3 2026-08-14T23:20:34.183
