DIRECT18_START paths=3 2026-08-14T22:58:37.432
PATH_START red1 hydrophone 3 2026-08-14T22:58:37.444
SNR_VALID red1 hydrophone 3 snr=0 2026-08-14T23:00:19.182
SNR_VALID red1 hydrophone 3 snr=2 2026-08-14T23:00:48.288
SNR_VALID red1 hydrophone 3 snr=4 2026-08-14T23:01:16.017
SNR_VALID red1 hydrophone 3 snr=6 2026-08-14T23:01:43.472
SNR_VALID red1 hydrophone 3 snr=8 2026-08-14T23:02:08.516
SNR_VALID red1 hydrophone 3 snr=10 2026-08-14T23:02:32.300
SNR_VALID red1 hydrophone 3 snr=12 2026-08-14T23:02:55.847
SNR_VALID red1 hydrophone 3 snr=14 2026-08-14T23:03:18.512
SNR_VALID red1 hydrophone 3 snr=16 2026-08-14T23:03:41.381
SNR_VALID red1 hydrophone 3 snr=18 2026-08-14T23:04:04.275
SNR_VALID red1 hydrophone 3 snr=20 2026-08-14T23:04:27.423
SNR_VALID red1 hydrophone 3 snr=22 2026-08-14T23:04:51.799
SNR_VALID red1 hydrophone 3 snr=24 2026-08-14T23:05:15.213
SNR_VALID red1 hydrophone 3 snr=26 2026-08-14T23:05:39.004
SNR_VALID red1 hydrophone 3 snr=28 2026-08-14T23:06:02.670
SNR_VALID red1 hydrophone 3 snr=30 2026-08-14T23:06:25.727
PATH_VALID red1 hydrophone 3 2026-08-14T23:06:26.805
PATH_START red3 hydrophone 1 2026-08-14T23:06:27.042
SNR_VALID red3 hydrophone 1 snr=0 2026-08-14T23:06:57.334
SNR_VALID red3 hydrophone 1 snr=2 2026-08-14T23:07:23.172
SNR_VALID red3 hydrophone 1 snr=4 2026-08-14T23:07:50.446
SNR_VALID red3 hydrophone 1 snr=6 2026-08-14T23:08:17.529
SNR_VALID red3 hydrophone 1 snr=8 2026-08-14T23:08:46.655
SNR_VALID red3 hydrophone 1 snr=10 2026-08-14T23:09:15.323
SNR_VALID red3 hydrophone 1 snr=12 2026-08-14T23:09:42.658
SNR_VALID red3 hydrophone 1 snr=14 2026-08-14T23:10:10.505
SNR_VALID red3 hydrophone 1 snr=16 2026-08-14T23:10:37.088
SNR_VALID red3 hydrophone 1 snr=18 2026-08-14T23:11:03.364
SNR_VALID red3 hydrophone 1 snr=20 2026-08-14T23:11:28.010
SNR_VALID red3 hydrophone 1 snr=22 2026-08-14T23:11:51.503
SNR_VALID red3 hydrophone 1 snr=24 2026-08-14T23:12:13.886
SNR_VALID red3 hydrophone 1 snr=26 2026-08-14T23:12:37.575
SNR_VALID red3 hydrophone 1 snr=28 2026-08-14T23:13:00.521
SNR_VALID red3 hydrophone 1 snr=30 2026-08-14T23:13:23.667
PATH_VALID red3 hydrophone 1 2026-08-14T23:13:23.784
PATH_START red4 hydrophone 2 2026-08-14T23:13:24.021
SNR_VALID red4 hydrophone 2 snr=0 2026-08-14T23:13:52.243
SNR_VALID red4 hydrophone 2 snr=2 2026-08-14T23:14:20.105
SNR_VALID red4 hydrophone 2 snr=4 2026-08-14T23:14:46.728
SNR_VALID red4 hydrophone 2 snr=6 2026-08-14T23:15:15.704
SNR_VALID red4 hydrophone 2 snr=8 2026-08-14T23:15:39.934
SNR_VALID red4 hydrophone 2 snr=10 2026-08-14T23:16:02.934
SNR_VALID red4 hydrophone 2 snr=12 2026-08-14T23:16:27.417
SNR_VALID red4 hydrophone 2 snr=14 2026-08-14T23:16:50.999
SNR_VALID red4 hydrophone 2 snr=16 2026-08-14T23:17:15.759
SNR_VALID red4 hydrophone 2 snr=18 2026-08-14T23:17:38.990
SNR_VALID red4 hydrophone 2 snr=20 2026-08-14T23:18:02.257
SNR_VALID red4 hydrophone 2 snr=22 2026-08-14T23:18:26.057
SNR_VALID red4 hydrophone 2 snr=24 2026-08-14T23:18:48.996
SNR_VALID red4 hydrophone 2 snr=26 2026-08-14T23:19:12.427
SNR_VALID red4 hydrophone 2 snr=28 2026-08-14T23:19:35.101
SNR_VALID red4 hydrophone 2 snr=30 2026-08-14T23:19:57.581
PATH_VALID red4 hydrophone 2 2026-08-14T23:19:57.736
DIRECT18_COMPUTE_COMPLETE paths=3 2026-08-14T23:19:58.055
