DIRECT18_START paths=3 2026-08-14T22:58:44.285
PATH_START red1 hydrophone 2 2026-08-14T22:58:44.307
SNR_VALID red1 hydrophone 2 snr=0 2026-08-14T23:00:27.389
SNR_VALID red1 hydrophone 2 snr=2 2026-08-14T23:00:56.204
SNR_VALID red1 hydrophone 2 snr=4 2026-08-14T23:01:23.720
SNR_VALID red1 hydrophone 2 snr=6 2026-08-14T23:01:52.023
SNR_VALID red1 hydrophone 2 snr=8 2026-08-14T23:02:18.855
SNR_VALID red1 hydrophone 2 snr=10 2026-08-14T23:02:44.763
SNR_VALID red1 hydrophone 2 snr=12 2026-08-14T23:03:08.719
SNR_VALID red1 hydrophone 2 snr=14 2026-08-14T23:03:31.714
SNR_VALID red1 hydrophone 2 snr=16 2026-08-14T23:03:55.300
SNR_VALID red1 hydrophone 2 snr=18 2026-08-14T23:04:19.266
SNR_VALID red1 hydrophone 2 snr=20 2026-08-14T23:04:42.624
SNR_VALID red1 hydrophone 2 snr=22 2026-08-14T23:05:07.638
SNR_VALID red1 hydrophone 2 snr=24 2026-08-14T23:05:31.628
SNR_VALID red1 hydrophone 2 snr=26 2026-08-14T23:05:56.059
SNR_VALID red1 hydrophone 2 snr=28 2026-08-14T23:06:20.039
SNR_VALID red1 hydrophone 2 snr=30 2026-08-14T23:06:45.621
PATH_VALID red1 hydrophone 2 2026-08-14T23:06:46.802
PATH_START red2 hydrophone 3 2026-08-14T23:06:47.130
SNR_VALID red2 hydrophone 3 snr=0 2026-08-14T23:07:17.035
SNR_VALID red2 hydrophone 3 snr=2 2026-08-14T23:07:44.970
SNR_VALID red2 hydrophone 3 snr=4 2026-08-14T23:08:13.017
SNR_VALID red2 hydrophone 3 snr=6 2026-08-14T23:08:43.060
SNR_VALID red2 hydrophone 3 snr=8 2026-08-14T23:09:14.953
SNR_VALID red2 hydrophone 3 snr=10 2026-08-14T23:09:45.323
SNR_VALID red2 hydrophone 3 snr=12 2026-08-14T23:10:14.823
SNR_VALID red2 hydrophone 3 snr=14 2026-08-14T23:10:45.895
SNR_VALID red2 hydrophone 3 snr=16 2026-08-14T23:11:15.233
SNR_VALID red2 hydrophone 3 snr=18 2026-08-14T23:11:40.049
SNR_VALID red2 hydrophone 3 snr=20 2026-08-14T23:12:04.222
SNR_VALID red2 hydrophone 3 snr=22 2026-08-14T23:12:29.335
SNR_VALID red2 hydrophone 3 snr=24 2026-08-14T23:12:53.566
SNR_VALID red2 hydrophone 3 snr=26 2026-08-14T23:13:18.017
SNR_VALID red2 hydrophone 3 snr=28 2026-08-14T23:13:42.350
SNR_VALID red2 hydrophone 3 snr=30 2026-08-14T23:14:06.466
PATH_VALID red2 hydrophone 3 2026-08-14T23:14:06.581
PATH_START red4 hydrophone 1 2026-08-14T23:14:06.834
SNR_VALID red4 hydrophone 1 snr=0 2026-08-14T23:14:35.040
SNR_VALID red4 hydrophone 1 snr=2 2026-08-14T23:15:05.646
SNR_VALID red4 hydrophone 1 snr=4 2026-08-14T23:15:32.688
SNR_VALID red4 hydrophone 1 snr=6 2026-08-14T23:15:59.145
SNR_VALID red4 hydrophone 1 snr=8 2026-08-14T23:16:23.602
SNR_VALID red4 hydrophone 1 snr=10 2026-08-14T23:16:47.229
SNR_VALID red4 hydrophone 1 snr=12 2026-08-14T23:17:11.956
SNR_VALID red4 hydrophone 1 snr=14 2026-08-14T23:17:35.310
SNR_VALID red4 hydrophone 1 snr=16 2026-08-14T23:17:57.873
SNR_VALID red4 hydrophone 1 snr=18 2026-08-14T23:18:21.591
SNR_VALID red4 hydrophone 1 snr=20 2026-08-14T23:18:44.621
SNR_VALID red4 hydrophone 1 snr=22 2026-08-14T23:19:08.634
SNR_VALID red4 hydrophone 1 snr=24 2026-08-14T23:19:31.659
SNR_VALID red4 hydrophone 1 snr=26 2026-08-14T23:19:53.532
SNR_VALID red4 hydrophone 1 snr=28 2026-08-14T23:20:13.933
SNR_VALID red4 hydrophone 1 snr=30 2026-08-14T23:20:34.709
PATH_VALID red4 hydrophone 1 2026-08-14T23:20:34.825
DIRECT18_COMPUTE_COMPLETE paths=3 2026-08-14T23:20:35.052
