DIRECT18_START paths=3 2026-08-14T22:58:44.403
PATH_START red1 hydrophone 1 2026-08-14T22:58:44.423
SNR_VALID red1 hydrophone 1 snr=0 2026-08-14T23:00:31.357
SNR_VALID red1 hydrophone 1 snr=2 2026-08-14T23:01:01.174
SNR_VALID red1 hydrophone 1 snr=4 2026-08-14T23:01:30.273
SNR_VALID red1 hydrophone 1 snr=6 2026-08-14T23:02:01.424
SNR_VALID red1 hydrophone 1 snr=8 2026-08-14T23:02:29.651
SNR_VALID red1 hydrophone 1 snr=10 2026-08-14T23:02:56.169
SNR_VALID red1 hydrophone 1 snr=12 2026-08-14T23:03:21.585
SNR_VALID red1 hydrophone 1 snr=14 2026-08-14T23:03:46.295
SNR_VALID red1 hydrophone 1 snr=16 2026-08-14T23:04:11.360
SNR_VALID red1 hydrophone 1 snr=18 2026-08-14T23:04:35.573
SNR_VALID red1 hydrophone 1 snr=20 2026-08-14T23:05:00.659
SNR_VALID red1 hydrophone 1 snr=22 2026-08-14T23:05:25.754
SNR_VALID red1 hydrophone 1 snr=24 2026-08-14T23:05:49.588
SNR_VALID red1 hydrophone 1 snr=26 2026-08-14T23:06:14.380
SNR_VALID red1 hydrophone 1 snr=28 2026-08-14T23:06:39.773
SNR_VALID red1 hydrophone 1 snr=30 2026-08-14T23:07:05.301
PATH_VALID red1 hydrophone 1 2026-08-14T23:07:06.583
PATH_START red2 hydrophone 2 2026-08-14T23:07:06.812
SNR_VALID red2 hydrophone 2 snr=0 2026-08-14T23:07:35.879
SNR_VALID red2 hydrophone 2 snr=2 2026-08-14T23:08:02.993
SNR_VALID red2 hydrophone 2 snr=4 2026-08-14T23:08:31.053
SNR_VALID red2 hydrophone 2 snr=6 2026-08-14T23:09:03.147
SNR_VALID red2 hydrophone 2 snr=8 2026-08-14T23:09:33.161
SNR_VALID red2 hydrophone 2 snr=10 2026-08-14T23:10:06.372
SNR_VALID red2 hydrophone 2 snr=12 2026-08-14T23:10:36.778
SNR_VALID red2 hydrophone 2 snr=14 2026-08-14T23:11:06.103
SNR_VALID red2 hydrophone 2 snr=16 2026-08-14T23:11:32.132
SNR_VALID red2 hydrophone 2 snr=18 2026-08-14T23:11:57.158
SNR_VALID red2 hydrophone 2 snr=20 2026-08-14T23:12:22.188
SNR_VALID red2 hydrophone 2 snr=22 2026-08-14T23:12:46.199
SNR_VALID red2 hydrophone 2 snr=24 2026-08-14T23:13:09.688
SNR_VALID red2 hydrophone 2 snr=26 2026-08-14T23:13:34.674
SNR_VALID red2 hydrophone 2 snr=28 2026-08-14T23:13:58.479
SNR_VALID red2 hydrophone 2 snr=30 2026-08-14T23:14:22.137
PATH_VALID red2 hydrophone 2 2026-08-14T23:14:22.344
PATH_START red3 hydrophone 3 2026-08-14T23:14:22.625
SNR_VALID red3 hydrophone 3 snr=0 2026-08-14T23:14:51.837
SNR_VALID red3 hydrophone 3 snr=2 2026-08-14T23:15:20.276
SNR_VALID red3 hydrophone 3 snr=4 2026-08-14T23:15:47.167
SNR_VALID red3 hydrophone 3 snr=6 2026-08-14T23:16:14.552
SNR_VALID red3 hydrophone 3 snr=8 2026-08-14T23:16:40.894
SNR_VALID red3 hydrophone 3 snr=10 2026-08-14T23:17:07.215
SNR_VALID red3 hydrophone 3 snr=12 2026-08-14T23:17:32.338
SNR_VALID red3 hydrophone 3 snr=14 2026-08-14T23:17:55.707
SNR_VALID red3 hydrophone 3 snr=16 2026-08-14T23:18:19.616
SNR_VALID red3 hydrophone 3 snr=18 2026-08-14T23:18:43.827
SNR_VALID red3 hydrophone 3 snr=20 2026-08-14T23:19:07.316
SNR_VALID red3 hydrophone 3 snr=22 2026-08-14T23:19:30.048
SNR_VALID red3 hydrophone 3 snr=24 2026-08-14T23:19:52.580
SNR_VALID red3 hydrophone 3 snr=26 2026-08-14T23:20:13.972
SNR_VALID red3 hydrophone 3 snr=28 2026-08-14T23:20:34.539
SNR_VALID red3 hydrophone 3 snr=30 2026-08-14T23:20:49.349
PATH_VALID red3 hydrophone 3 2026-08-14T23:20:49.427
DIRECT18_COMPUTE_COMPLETE paths=3 2026-08-14T23:20:49.601
