N512_CRC_NO_HARM_START paths=3 2026-08-15T11:57:38.141
PATH_START red2 hydrophone 1 2026-08-15T11:57:38.154
SNR_VALID red2 hydrophone 1 snr=0 2026-08-15T12:00:26.060
SNR_VALID red2 hydrophone 1 snr=2 2026-08-15T12:01:55.748
SNR_VALID red2 hydrophone 1 snr=4 2026-08-15T12:03:23.941
SNR_VALID red2 hydrophone 1 snr=6 2026-08-15T12:04:52.302
SNR_VALID red2 hydrophone 1 snr=8 2026-08-15T12:06:19.618
SNR_VALID red2 hydrophone 1 snr=10 2026-08-15T12:07:47.546
SNR_VALID red2 hydrophone 1 snr=12 2026-08-15T12:09:13.685
SNR_VALID red2 hydrophone 1 snr=14 2026-08-15T12:10:40.868
SNR_VALID red2 hydrophone 1 snr=16 2026-08-15T12:12:08.271
SNR_VALID red2 hydrophone 1 snr=18 2026-08-15T12:13:34.627
SNR_VALID red2 hydrophone 1 snr=20 2026-08-15T12:15:03.686
SNR_VALID red2 hydrophone 1 snr=22 2026-08-15T12:16:32.779
SNR_VALID red2 hydrophone 1 snr=24 2026-08-15T12:18:05.027
SNR_VALID red2 hydrophone 1 snr=26 2026-08-15T12:19:31.680
SNR_VALID red2 hydrophone 1 snr=28 2026-08-15T12:20:57.668
SNR_VALID red2 hydrophone 1 snr=30 2026-08-15T12:22:39.349
PATH_VALID red2 hydrophone 1 2026-08-15T12:22:44.845
PATH_START red3 hydrophone 2 2026-08-15T12:22:45.496
SNR_VALID red3 hydrophone 2 snr=0 2026-08-15T12:24:19.892
SNR_VALID red3 hydrophone 2 snr=2 2026-08-15T12:25:54.574
SNR_VALID red3 hydrophone 2 snr=4 2026-08-15T12:27:31.588
SNR_VALID red3 hydrophone 2 snr=6 2026-08-15T12:29:07.048
SNR_VALID red3 hydrophone 2 snr=8 2026-08-15T12:30:39.445
SNR_VALID red3 hydrophone 2 snr=10 2026-08-15T12:32:10.938
SNR_VALID red3 hydrophone 2 snr=12 2026-08-15T12:33:42.425
SNR_VALID red3 hydrophone 2 snr=14 2026-08-15T12:35:11.795
SNR_VALID red3 hydrophone 2 snr=16 2026-08-15T12:36:34.557
SNR_VALID red3 hydrophone 2 snr=18 2026-08-15T12:37:55.168
SNR_VALID red3 hydrophone 2 snr=20 2026-08-15T12:39:17.367
SNR_VALID red3 hydrophone 2 snr=22 2026-08-15T12:40:35.370
SNR_VALID red3 hydrophone 2 snr=24 2026-08-15T12:41:52.068
SNR_VALID red3 hydrophone 2 snr=26 2026-08-15T12:43:12.418
SNR_VALID red3 hydrophone 2 snr=28 2026-08-15T12:44:34.402
SNR_VALID red3 hydrophone 2 snr=30 2026-08-15T12:45:54.310
PATH_VALID red3 hydrophone 2 2026-08-15T12:45:55.955
PATH_START red4 hydrophone 3 2026-08-15T12:45:56.499
SNR_VALID red4 hydrophone 3 snr=0 2026-08-15T12:47:21.854
SNR_VALID red4 hydrophone 3 snr=2 2026-08-15T12:48:50.200
SNR_VALID red4 hydrophone 3 snr=4 2026-08-15T12:50:18.067
SNR_VALID red4 hydrophone 3 snr=6 2026-08-15T12:51:40.598
SNR_VALID red4 hydrophone 3 snr=8 2026-08-15T12:53:06.622
SNR_VALID red4 hydrophone 3 snr=10 2026-08-15T12:54:28.562
SNR_VALID red4 hydrophone 3 snr=12 2026-08-15T12:55:47.996
SNR_VALID red4 hydrophone 3 snr=14 2026-08-15T12:57:02.946
SNR_VALID red4 hydrophone 3 snr=16 2026-08-15T12:58:17.534
SNR_VALID red4 hydrophone 3 snr=18 2026-08-15T12:59:27.700
SNR_VALID red4 hydrophone 3 snr=20 2026-08-15T13:00:35.967
SNR_VALID red4 hydrophone 3 snr=22 2026-08-15T13:01:49.672
SNR_VALID red4 hydrophone 3 snr=24 2026-08-15T13:02:57.443
SNR_VALID red4 hydrophone 3 snr=26 2026-08-15T13:04:04.796
SNR_VALID red4 hydrophone 3 snr=28 2026-08-15T13:05:17.570
SNR_VALID red4 hydrophone 3 snr=30 2026-08-15T13:06:18.035
PATH_VALID red4 hydrophone 3 2026-08-15T13:06:19.191
N512_CRC_NO_HARM_COMPUTE_COMPLETE paths=3 2026-08-15T13:06:19.766
