N512_CRC_NO_HARM_START paths=3 2026-08-15T11:57:36.556
PATH_START red1 hydrophone 2 2026-08-15T11:57:36.576
SNR_VALID red1 hydrophone 2 snr=0 2026-08-15T12:00:25.616
SNR_VALID red1 hydrophone 2 snr=2 2026-08-15T12:01:54.764
SNR_VALID red1 hydrophone 2 snr=4 2026-08-15T12:03:22.595
SNR_VALID red1 hydrophone 2 snr=6 2026-08-15T12:04:50.221
SNR_VALID red1 hydrophone 2 snr=8 2026-08-15T12:06:16.454
SNR_VALID red1 hydrophone 2 snr=10 2026-08-15T12:07:42.833
SNR_VALID red1 hydrophone 2 snr=12 2026-08-15T12:09:09.426
SNR_VALID red1 hydrophone 2 snr=14 2026-08-15T12:10:36.372
SNR_VALID red1 hydrophone 2 snr=16 2026-08-15T12:12:02.314
SNR_VALID red1 hydrophone 2 snr=18 2026-08-15T12:13:30.471
SNR_VALID red1 hydrophone 2 snr=20 2026-08-15T12:14:58.129
SNR_VALID red1 hydrophone 2 snr=22 2026-08-15T12:16:25.264
SNR_VALID red1 hydrophone 2 snr=24 2026-08-15T12:17:58.083
SNR_VALID red1 hydrophone 2 snr=26 2026-08-15T12:19:23.866
SNR_VALID red1 hydrophone 2 snr=28 2026-08-15T12:20:47.981
SNR_VALID red1 hydrophone 2 snr=30 2026-08-15T12:22:25.308
PATH_VALID red1 hydrophone 2 2026-08-15T12:22:31.046
PATH_START red2 hydrophone 3 2026-08-15T12:22:32.188
SNR_VALID red2 hydrophone 3 snr=0 2026-08-15T12:24:08.871
SNR_VALID red2 hydrophone 3 snr=2 2026-08-15T12:25:42.547
SNR_VALID red2 hydrophone 3 snr=4 2026-08-15T12:27:20.394
SNR_VALID red2 hydrophone 3 snr=6 2026-08-15T12:28:54.971
SNR_VALID red2 hydrophone 3 snr=8 2026-08-15T12:30:26.957
SNR_VALID red2 hydrophone 3 snr=10 2026-08-15T12:31:58.645
SNR_VALID red2 hydrophone 3 snr=12 2026-08-15T12:33:25.498
SNR_VALID red2 hydrophone 3 snr=14 2026-08-15T12:34:58.580
SNR_VALID red2 hydrophone 3 snr=16 2026-08-15T12:36:22.672
SNR_VALID red2 hydrophone 3 snr=18 2026-08-15T12:37:45.102
SNR_VALID red2 hydrophone 3 snr=20 2026-08-15T12:39:08.805
SNR_VALID red2 hydrophone 3 snr=22 2026-08-15T12:40:28.837
SNR_VALID red2 hydrophone 3 snr=24 2026-08-15T12:41:50.450
SNR_VALID red2 hydrophone 3 snr=26 2026-08-15T12:43:13.426
SNR_VALID red2 hydrophone 3 snr=28 2026-08-15T12:44:36.720
SNR_VALID red2 hydrophone 3 snr=30 2026-08-15T12:46:01.305
PATH_VALID red2 hydrophone 3 2026-08-15T12:46:02.456
PATH_START red4 hydrophone 1 2026-08-15T12:46:03.533
SNR_VALID red4 hydrophone 1 snr=0 2026-08-15T12:47:26.987
SNR_VALID red4 hydrophone 1 snr=2 2026-08-15T12:48:55.050
SNR_VALID red4 hydrophone 1 snr=4 2026-08-15T12:50:24.385
SNR_VALID red4 hydrophone 1 snr=6 2026-08-15T12:51:48.902
SNR_VALID red4 hydrophone 1 snr=8 2026-08-15T12:53:14.320
SNR_VALID red4 hydrophone 1 snr=10 2026-08-15T12:54:35.832
SNR_VALID red4 hydrophone 1 snr=12 2026-08-15T12:55:53.554
SNR_VALID red4 hydrophone 1 snr=14 2026-08-15T12:57:05.932
SNR_VALID red4 hydrophone 1 snr=16 2026-08-15T12:58:16.616
SNR_VALID red4 hydrophone 1 snr=18 2026-08-15T12:59:20.448
SNR_VALID red4 hydrophone 1 snr=20 2026-08-15T13:00:21.659
SNR_VALID red4 hydrophone 1 snr=22 2026-08-15T13:01:25.733
SNR_VALID red4 hydrophone 1 snr=24 2026-08-15T13:02:25.772
SNR_VALID red4 hydrophone 1 snr=26 2026-08-15T13:03:26.474
SNR_VALID red4 hydrophone 1 snr=28 2026-08-15T13:04:26.934
SNR_VALID red4 hydrophone 1 snr=30 2026-08-15T13:05:27.722
PATH_VALID red4 hydrophone 1 2026-08-15T13:05:29.521
N512_CRC_NO_HARM_COMPUTE_COMPLETE paths=3 2026-08-15T13:05:30.142
