N512_CRC_NO_HARM_START paths=3 2026-08-15T11:57:36.638
PATH_START red1 hydrophone 1 2026-08-15T11:57:36.698
SNR_VALID red1 hydrophone 1 snr=0 2026-08-15T12:00:25.618
SNR_VALID red1 hydrophone 1 snr=2 2026-08-15T12:01:55.037
SNR_VALID red1 hydrophone 1 snr=4 2026-08-15T12:03:24.999
SNR_VALID red1 hydrophone 1 snr=6 2026-08-15T12:04:52.794
SNR_VALID red1 hydrophone 1 snr=8 2026-08-15T12:06:19.676
SNR_VALID red1 hydrophone 1 snr=10 2026-08-15T12:07:46.667
SNR_VALID red1 hydrophone 1 snr=12 2026-08-15T12:09:12.454
SNR_VALID red1 hydrophone 1 snr=14 2026-08-15T12:10:38.941
SNR_VALID red1 hydrophone 1 snr=16 2026-08-15T12:12:05.088
SNR_VALID red1 hydrophone 1 snr=18 2026-08-15T12:13:28.485
SNR_VALID red1 hydrophone 1 snr=20 2026-08-15T12:14:54.229
SNR_VALID red1 hydrophone 1 snr=22 2026-08-15T12:16:18.534
SNR_VALID red1 hydrophone 1 snr=24 2026-08-15T12:17:47.600
SNR_VALID red1 hydrophone 1 snr=26 2026-08-15T12:19:11.323
SNR_VALID red1 hydrophone 1 snr=28 2026-08-15T12:20:31.280
SNR_VALID red1 hydrophone 1 snr=30 2026-08-15T12:21:59.003
PATH_VALID red1 hydrophone 1 2026-08-15T12:22:04.794
PATH_START red2 hydrophone 2 2026-08-15T12:22:05.617
SNR_VALID red2 hydrophone 2 snr=0 2026-08-15T12:23:42.390
SNR_VALID red2 hydrophone 2 snr=2 2026-08-15T12:25:20.193
SNR_VALID red2 hydrophone 2 snr=4 2026-08-15T12:26:52.884
SNR_VALID red2 hydrophone 2 snr=6 2026-08-15T12:28:26.827
SNR_VALID red2 hydrophone 2 snr=8 2026-08-15T12:29:57.738
SNR_VALID red2 hydrophone 2 snr=10 2026-08-15T12:31:33
SNR_VALID red2 hydrophone 2 snr=12 2026-08-15T12:32:57.261
SNR_VALID red2 hydrophone 2 snr=14 2026-08-15T12:34:29.686
SNR_VALID red2 hydrophone 2 snr=16 2026-08-15T12:35:56.689
SNR_VALID red2 hydrophone 2 snr=18 2026-08-15T12:37:19.751
SNR_VALID red2 hydrophone 2 snr=20 2026-08-15T12:38:41.471
SNR_VALID red2 hydrophone 2 snr=22 2026-08-15T12:40:04.845
SNR_VALID red2 hydrophone 2 snr=24 2026-08-15T12:41:26.293
SNR_VALID red2 hydrophone 2 snr=26 2026-08-15T12:42:49.892
SNR_VALID red2 hydrophone 2 snr=28 2026-08-15T12:44:15.456
SNR_VALID red2 hydrophone 2 snr=30 2026-08-15T12:45:41.023
PATH_VALID red2 hydrophone 2 2026-08-15T12:45:43.440
PATH_START red3 hydrophone 3 2026-08-15T12:45:44.516
SNR_VALID red3 hydrophone 3 snr=0 2026-08-15T12:47:07.110
SNR_VALID red3 hydrophone 3 snr=2 2026-08-15T12:48:33.647
SNR_VALID red3 hydrophone 3 snr=4 2026-08-15T12:50:01.562
SNR_VALID red3 hydrophone 3 snr=6 2026-08-15T12:51:25.185
SNR_VALID red3 hydrophone 3 snr=8 2026-08-15T12:52:49.444
SNR_VALID red3 hydrophone 3 snr=10 2026-08-15T12:54:13.965
SNR_VALID red3 hydrophone 3 snr=12 2026-08-15T12:55:35.939
SNR_VALID red3 hydrophone 3 snr=14 2026-08-15T12:56:56.614
SNR_VALID red3 hydrophone 3 snr=16 2026-08-15T12:58:21.016
SNR_VALID red3 hydrophone 3 snr=18 2026-08-15T12:59:41.304
SNR_VALID red3 hydrophone 3 snr=20 2026-08-15T13:01:04.977
SNR_VALID red3 hydrophone 3 snr=22 2026-08-15T13:02:25.852
SNR_VALID red3 hydrophone 3 snr=24 2026-08-15T13:03:45.419
SNR_VALID red3 hydrophone 3 snr=26 2026-08-15T13:05:12.871
SNR_VALID red3 hydrophone 3 snr=28 2026-08-15T13:06:26.331
SNR_VALID red3 hydrophone 3 snr=30 2026-08-15T13:07:13.756
PATH_VALID red3 hydrophone 3 2026-08-15T13:07:14.470
N512_CRC_NO_HARM_COMPUTE_COMPLETE paths=3 2026-08-15T13:07:14.891
