N512_CRC_NO_HARM_START paths=3 2026-08-15T11:57:37.506
PATH_START red1 hydrophone 3 2026-08-15T11:57:37.533
SNR_VALID red1 hydrophone 3 snr=0 2026-08-15T12:00:25.047
SNR_VALID red1 hydrophone 3 snr=2 2026-08-15T12:01:53.327
SNR_VALID red1 hydrophone 3 snr=4 2026-08-15T12:03:23.505
SNR_VALID red1 hydrophone 3 snr=6 2026-08-15T12:04:51.832
SNR_VALID red1 hydrophone 3 snr=8 2026-08-15T12:06:19.242
SNR_VALID red1 hydrophone 3 snr=10 2026-08-15T12:07:47.417
SNR_VALID red1 hydrophone 3 snr=12 2026-08-15T12:09:12.944
SNR_VALID red1 hydrophone 3 snr=14 2026-08-15T12:10:38.633
SNR_VALID red1 hydrophone 3 snr=16 2026-08-15T12:12:04.110
SNR_VALID red1 hydrophone 3 snr=18 2026-08-15T12:13:26.892
SNR_VALID red1 hydrophone 3 snr=20 2026-08-15T12:14:50.066
SNR_VALID red1 hydrophone 3 snr=22 2026-08-15T12:16:11.372
SNR_VALID red1 hydrophone 3 snr=24 2026-08-15T12:17:34.086
SNR_VALID red1 hydrophone 3 snr=26 2026-08-15T12:18:53.747
SNR_VALID red1 hydrophone 3 snr=28 2026-08-15T12:20:10.192
SNR_VALID red1 hydrophone 3 snr=30 2026-08-15T12:21:32.474
PATH_VALID red1 hydrophone 3 2026-08-15T12:21:36.904
PATH_START red3 hydrophone 1 2026-08-15T12:21:37.542
SNR_VALID red3 hydrophone 1 snr=0 2026-08-15T12:23:17.430
SNR_VALID red3 hydrophone 1 snr=2 2026-08-15T12:24:53.350
SNR_VALID red3 hydrophone 1 snr=4 2026-08-15T12:26:29.463
SNR_VALID red3 hydrophone 1 snr=6 2026-08-15T12:28:03.862
SNR_VALID red3 hydrophone 1 snr=8 2026-08-15T12:29:35.852
SNR_VALID red3 hydrophone 1 snr=10 2026-08-15T12:31:11.709
SNR_VALID red3 hydrophone 1 snr=12 2026-08-15T12:32:38.119
SNR_VALID red3 hydrophone 1 snr=14 2026-08-15T12:34:11.410
SNR_VALID red3 hydrophone 1 snr=16 2026-08-15T12:35:39.886
SNR_VALID red3 hydrophone 1 snr=18 2026-08-15T12:37:02.128
SNR_VALID red3 hydrophone 1 snr=20 2026-08-15T12:38:26.916
SNR_VALID red3 hydrophone 1 snr=22 2026-08-15T12:39:50.051
SNR_VALID red3 hydrophone 1 snr=24 2026-08-15T12:41:12.758
SNR_VALID red3 hydrophone 1 snr=26 2026-08-15T12:42:36.866
SNR_VALID red3 hydrophone 1 snr=28 2026-08-15T12:44:01.121
SNR_VALID red3 hydrophone 1 snr=30 2026-08-15T12:45:27.396
PATH_VALID red3 hydrophone 1 2026-08-15T12:45:29.781
PATH_START red4 hydrophone 2 2026-08-15T12:45:30.445
SNR_VALID red4 hydrophone 2 snr=0 2026-08-15T12:46:55.267
SNR_VALID red4 hydrophone 2 snr=2 2026-08-15T12:48:21.511
SNR_VALID red4 hydrophone 2 snr=4 2026-08-15T12:49:46.565
SNR_VALID red4 hydrophone 2 snr=6 2026-08-15T12:51:13.322
SNR_VALID red4 hydrophone 2 snr=8 2026-08-15T12:52:38.374
SNR_VALID red4 hydrophone 2 snr=10 2026-08-15T12:54:01.177
SNR_VALID red4 hydrophone 2 snr=12 2026-08-15T12:55:24.718
SNR_VALID red4 hydrophone 2 snr=14 2026-08-15T12:56:42.553
SNR_VALID red4 hydrophone 2 snr=16 2026-08-15T12:58:00.011
SNR_VALID red4 hydrophone 2 snr=18 2026-08-15T12:59:12.109
SNR_VALID red4 hydrophone 2 snr=20 2026-08-15T13:00:20.782
SNR_VALID red4 hydrophone 2 snr=22 2026-08-15T13:01:33.003
SNR_VALID red4 hydrophone 2 snr=24 2026-08-15T13:02:40.724
SNR_VALID red4 hydrophone 2 snr=26 2026-08-15T13:03:44.276
SNR_VALID red4 hydrophone 2 snr=28 2026-08-15T13:04:55.773
SNR_VALID red4 hydrophone 2 snr=30 2026-08-15T13:06:02.901
PATH_VALID red4 hydrophone 2 2026-08-15T13:06:03.804
N512_CRC_NO_HARM_COMPUTE_COMPLETE paths=3 2026-08-15T13:06:04.425
