N1536_CRC_NO_HARM_START paths=3 2026-08-11T11:47:42.209
PATH_START red1 hydrophone 2 2026-08-11T11:47:42.231
SNR_VALID red1 hydrophone 2 snr=0 2026-08-11T11:49:45.281
SNR_VALID red1 hydrophone 2 snr=2 2026-08-11T11:50:40.653
SNR_VALID red1 hydrophone 2 snr=4 2026-08-11T11:51:31.666
SNR_VALID red1 hydrophone 2 snr=6 2026-08-11T11:52:23.343
SNR_VALID red1 hydrophone 2 snr=8 2026-08-11T11:53:11.233
SNR_VALID red1 hydrophone 2 snr=10 2026-08-11T11:53:44.780
SNR_VALID red1 hydrophone 2 snr=12 2026-08-11T11:54:15.161
SNR_VALID red1 hydrophone 2 snr=14 2026-08-11T11:54:40.238
SNR_VALID red1 hydrophone 2 snr=16 2026-08-11T11:55:04.812
SNR_VALID red1 hydrophone 2 snr=18 2026-08-11T11:55:28.301
SNR_VALID red1 hydrophone 2 snr=20 2026-08-11T11:55:54.523
SNR_VALID red1 hydrophone 2 snr=22 2026-08-11T11:56:18.757
SNR_VALID red1 hydrophone 2 snr=24 2026-08-11T11:56:44.579
SNR_VALID red1 hydrophone 2 snr=26 2026-08-11T11:57:11.262
SNR_VALID red1 hydrophone 2 snr=28 2026-08-11T11:57:39.718
SNR_VALID red1 hydrophone 2 snr=30 2026-08-11T11:58:04.913
PATH_VALID red1 hydrophone 2 2026-08-11T11:58:08.959
PATH_START red2 hydrophone 3 2026-08-11T11:58:09.694
SNR_VALID red2 hydrophone 3 snr=0 2026-08-11T11:59:08.395
SNR_VALID red2 hydrophone 3 snr=2 2026-08-11T12:00:06.147
SNR_VALID red2 hydrophone 3 snr=4 2026-08-11T12:01:02.378
SNR_VALID red2 hydrophone 3 snr=6 2026-08-11T12:01:57.230
SNR_VALID red2 hydrophone 3 snr=8 2026-08-11T12:02:44.362
SNR_VALID red2 hydrophone 3 snr=10 2026-08-11T12:03:22.503
SNR_VALID red2 hydrophone 3 snr=12 2026-08-11T12:03:50.966
SNR_VALID red2 hydrophone 3 snr=14 2026-08-11T12:04:16.809
SNR_VALID red2 hydrophone 3 snr=16 2026-08-11T12:04:44.397
SNR_VALID red2 hydrophone 3 snr=18 2026-08-11T12:05:10.328
SNR_VALID red2 hydrophone 3 snr=20 2026-08-11T12:05:34.572
SNR_VALID red2 hydrophone 3 snr=22 2026-08-11T12:05:59.261
SNR_VALID red2 hydrophone 3 snr=24 2026-08-11T12:06:24.221
SNR_VALID red2 hydrophone 3 snr=26 2026-08-11T12:06:49.135
SNR_VALID red2 hydrophone 3 snr=28 2026-08-11T12:07:12.458
SNR_VALID red2 hydrophone 3 snr=30 2026-08-11T12:07:36.763
PATH_VALID red2 hydrophone 3 2026-08-11T12:07:38.343
PATH_START red4 hydrophone 1 2026-08-11T12:07:39.071
SNR_VALID red4 hydrophone 1 snr=0 2026-08-11T12:08:40.910
SNR_VALID red4 hydrophone 1 snr=2 2026-08-11T12:09:36.013
SNR_VALID red4 hydrophone 1 snr=4 2026-08-11T12:10:32.833
SNR_VALID red4 hydrophone 1 snr=6 2026-08-11T12:11:22.230
SNR_VALID red4 hydrophone 1 snr=8 2026-08-11T12:11:52.805
SNR_VALID red4 hydrophone 1 snr=10 2026-08-11T12:12:17.886
SNR_VALID red4 hydrophone 1 snr=12 2026-08-11T12:12:41.600
SNR_VALID red4 hydrophone 1 snr=14 2026-08-11T12:13:06.348
SNR_VALID red4 hydrophone 1 snr=16 2026-08-11T12:13:30.567
SNR_VALID red4 hydrophone 1 snr=18 2026-08-11T12:13:54.977
SNR_VALID red4 hydrophone 1 snr=20 2026-08-11T12:14:18.809
SNR_VALID red4 hydrophone 1 snr=22 2026-08-11T12:14:42.186
SNR_VALID red4 hydrophone 1 snr=24 2026-08-11T12:15:07.311
SNR_VALID red4 hydrophone 1 snr=26 2026-08-11T12:15:31.114
SNR_VALID red4 hydrophone 1 snr=28 2026-08-11T12:15:54.708
SNR_VALID red4 hydrophone 1 snr=30 2026-08-11T12:16:18.477
PATH_VALID red4 hydrophone 1 2026-08-11T12:16:19.594
N1536_CRC_NO_HARM_COMPUTE_COMPLETE paths=3 2026-08-11T12:16:20.396
