N1536_CRC_NO_HARM_START paths=3 2026-08-11T11:47:42.209
PATH_START red1 hydrophone 1 2026-08-11T11:47:42.219
SNR_VALID red1 hydrophone 1 snr=0 2026-08-11T11:49:45.626
SNR_VALID red1 hydrophone 1 snr=2 2026-08-11T11:50:40.948
SNR_VALID red1 hydrophone 1 snr=4 2026-08-11T11:51:32.502
SNR_VALID red1 hydrophone 1 snr=6 2026-08-11T11:52:24.163
SNR_VALID red1 hydrophone 1 snr=8 2026-08-11T11:53:11.959
SNR_VALID red1 hydrophone 1 snr=10 2026-08-11T11:53:52.302
SNR_VALID red1 hydrophone 1 snr=12 2026-08-11T11:54:24.024
SNR_VALID red1 hydrophone 1 snr=14 2026-08-11T11:54:51.364
SNR_VALID red1 hydrophone 1 snr=16 2026-08-11T11:55:16.255
SNR_VALID red1 hydrophone 1 snr=18 2026-08-11T11:55:41.222
SNR_VALID red1 hydrophone 1 snr=20 2026-08-11T11:56:07.245
SNR_VALID red1 hydrophone 1 snr=22 2026-08-11T11:56:30.840
SNR_VALID red1 hydrophone 1 snr=24 2026-08-11T11:56:56.781
SNR_VALID red1 hydrophone 1 snr=26 2026-08-11T11:57:24.069
SNR_VALID red1 hydrophone 1 snr=28 2026-08-11T11:57:50.175
SNR_VALID red1 hydrophone 1 snr=30 2026-08-11T11:58:14.836
PATH_VALID red1 hydrophone 1 2026-08-11T11:58:19.317
PATH_START red2 hydrophone 2 2026-08-11T11:58:20.268
SNR_VALID red2 hydrophone 2 snr=0 2026-08-11T11:59:19.883
SNR_VALID red2 hydrophone 2 snr=2 2026-08-11T12:00:15.712
SNR_VALID red2 hydrophone 2 snr=4 2026-08-11T12:01:12.395
SNR_VALID red2 hydrophone 2 snr=6 2026-08-11T12:02:06.281
SNR_VALID red2 hydrophone 2 snr=8 2026-08-11T12:02:59.067
SNR_VALID red2 hydrophone 2 snr=10 2026-08-11T12:03:42.186
SNR_VALID red2 hydrophone 2 snr=12 2026-08-11T12:04:13.755
SNR_VALID red2 hydrophone 2 snr=14 2026-08-11T12:04:42.059
SNR_VALID red2 hydrophone 2 snr=16 2026-08-11T12:05:07.324
SNR_VALID red2 hydrophone 2 snr=18 2026-08-11T12:05:33.678
SNR_VALID red2 hydrophone 2 snr=20 2026-08-11T12:05:58.179
SNR_VALID red2 hydrophone 2 snr=22 2026-08-11T12:06:24.782
SNR_VALID red2 hydrophone 2 snr=24 2026-08-11T12:06:49.813
SNR_VALID red2 hydrophone 2 snr=26 2026-08-11T12:07:15.408
SNR_VALID red2 hydrophone 2 snr=28 2026-08-11T12:07:41.353
SNR_VALID red2 hydrophone 2 snr=30 2026-08-11T12:08:06.803
PATH_VALID red2 hydrophone 2 2026-08-11T12:08:07.963
PATH_START red3 hydrophone 3 2026-08-11T12:08:08.816
SNR_VALID red3 hydrophone 3 snr=0 2026-08-11T12:09:08.130
SNR_VALID red3 hydrophone 3 snr=2 2026-08-11T12:10:02.372
SNR_VALID red3 hydrophone 3 snr=4 2026-08-11T12:11:00.602
SNR_VALID red3 hydrophone 3 snr=6 2026-08-11T12:11:56.220
SNR_VALID red3 hydrophone 3 snr=8 2026-08-11T12:12:47.902
SNR_VALID red3 hydrophone 3 snr=10 2026-08-11T12:13:25.018
SNR_VALID red3 hydrophone 3 snr=12 2026-08-11T12:13:52.340
SNR_VALID red3 hydrophone 3 snr=14 2026-08-11T12:14:17.639
SNR_VALID red3 hydrophone 3 snr=16 2026-08-11T12:14:41.531
SNR_VALID red3 hydrophone 3 snr=18 2026-08-11T12:15:07.036
SNR_VALID red3 hydrophone 3 snr=20 2026-08-11T12:15:31.673
SNR_VALID red3 hydrophone 3 snr=22 2026-08-11T12:15:54.704
SNR_VALID red3 hydrophone 3 snr=24 2026-08-11T12:16:18.858
SNR_VALID red3 hydrophone 3 snr=26 2026-08-11T12:16:38.950
SNR_VALID red3 hydrophone 3 snr=28 2026-08-11T12:16:56.299
SNR_VALID red3 hydrophone 3 snr=30 2026-08-11T12:17:14.252
PATH_VALID red3 hydrophone 3 2026-08-11T12:17:15.094
N1536_CRC_NO_HARM_COMPUTE_COMPLETE paths=3 2026-08-11T12:17:15.473
