N1536_CRC_NO_HARM_START paths=3 2026-08-11T11:47:41.565
PATH_START red2 hydrophone 1 2026-08-11T11:47:41.569
SNR_VALID red2 hydrophone 1 snr=0 2026-08-11T11:49:45.459
SNR_VALID red2 hydrophone 1 snr=2 2026-08-11T11:50:40.583
SNR_VALID red2 hydrophone 1 snr=4 2026-08-11T11:51:31.765
SNR_VALID red2 hydrophone 1 snr=6 2026-08-11T11:52:22.896
SNR_VALID red2 hydrophone 1 snr=8 2026-08-11T11:53:16.217
SNR_VALID red2 hydrophone 1 snr=10 2026-08-11T11:54:11.418
SNR_VALID red2 hydrophone 1 snr=12 2026-08-11T11:54:53.590
SNR_VALID red2 hydrophone 1 snr=14 2026-08-11T11:55:29.014
SNR_VALID red2 hydrophone 1 snr=16 2026-08-11T11:56:01.654
SNR_VALID red2 hydrophone 1 snr=18 2026-08-11T11:56:32.052
SNR_VALID red2 hydrophone 1 snr=20 2026-08-11T11:57:03.143
SNR_VALID red2 hydrophone 1 snr=22 2026-08-11T11:57:32.586
SNR_VALID red2 hydrophone 1 snr=24 2026-08-11T11:57:59.436
SNR_VALID red2 hydrophone 1 snr=26 2026-08-11T11:58:28.926
SNR_VALID red2 hydrophone 1 snr=28 2026-08-11T11:58:53.403
SNR_VALID red2 hydrophone 1 snr=30 2026-08-11T11:59:19.952
PATH_VALID red2 hydrophone 1 2026-08-11T11:59:23.880
PATH_START red3 hydrophone 2 2026-08-11T11:59:24.607
SNR_VALID red3 hydrophone 2 snr=0 2026-08-11T12:00:20.307
SNR_VALID red3 hydrophone 2 snr=2 2026-08-11T12:01:16.326
SNR_VALID red3 hydrophone 2 snr=4 2026-08-11T12:02:11.122
SNR_VALID red3 hydrophone 2 snr=6 2026-08-11T12:03:06.113
SNR_VALID red3 hydrophone 2 snr=8 2026-08-11T12:03:54.560
SNR_VALID red3 hydrophone 2 snr=10 2026-08-11T12:04:27.343
SNR_VALID red3 hydrophone 2 snr=12 2026-08-11T12:04:54.746
SNR_VALID red3 hydrophone 2 snr=14 2026-08-11T12:05:20.653
SNR_VALID red3 hydrophone 2 snr=16 2026-08-11T12:05:45.703
SNR_VALID red3 hydrophone 2 snr=18 2026-08-11T12:06:10.267
SNR_VALID red3 hydrophone 2 snr=20 2026-08-11T12:06:34.768
SNR_VALID red3 hydrophone 2 snr=22 2026-08-11T12:06:59.386
SNR_VALID red3 hydrophone 2 snr=24 2026-08-11T12:07:23.782
SNR_VALID red3 hydrophone 2 snr=26 2026-08-11T12:07:49.586
SNR_VALID red3 hydrophone 2 snr=28 2026-08-11T12:08:14
SNR_VALID red3 hydrophone 2 snr=30 2026-08-11T12:08:37.218
PATH_VALID red3 hydrophone 2 2026-08-11T12:08:38.585
PATH_START red4 hydrophone 3 2026-08-11T12:08:39.270
SNR_VALID red4 hydrophone 3 snr=0 2026-08-11T12:09:36.356
SNR_VALID red4 hydrophone 3 snr=2 2026-08-11T12:10:33.430
SNR_VALID red4 hydrophone 3 snr=4 2026-08-11T12:11:30.747
SNR_VALID red4 hydrophone 3 snr=6 2026-08-11T12:12:20.313
SNR_VALID red4 hydrophone 3 snr=8 2026-08-11T12:12:54.697
SNR_VALID red4 hydrophone 3 snr=10 2026-08-11T12:13:22.216
SNR_VALID red4 hydrophone 3 snr=12 2026-08-11T12:13:47.319
SNR_VALID red4 hydrophone 3 snr=14 2026-08-11T12:14:12.351
SNR_VALID red4 hydrophone 3 snr=16 2026-08-11T12:14:35.818
SNR_VALID red4 hydrophone 3 snr=18 2026-08-11T12:15:00.394
SNR_VALID red4 hydrophone 3 snr=20 2026-08-11T12:15:25.328
SNR_VALID red4 hydrophone 3 snr=22 2026-08-11T12:15:48.356
SNR_VALID red4 hydrophone 3 snr=24 2026-08-11T12:16:11.925
SNR_VALID red4 hydrophone 3 snr=26 2026-08-11T12:16:33.338
SNR_VALID red4 hydrophone 3 snr=28 2026-08-11T12:16:51.519
SNR_VALID red4 hydrophone 3 snr=30 2026-08-11T12:17:09.054
PATH_VALID red4 hydrophone 3 2026-08-11T12:17:09.596
N1536_CRC_NO_HARM_COMPUTE_COMPLETE paths=3 2026-08-11T12:17:10.262
