N1536_CRC_NO_HARM_START paths=3 2026-08-11T11:47:41.955
PATH_START red1 hydrophone 3 2026-08-11T11:47:41.977
SNR_VALID red1 hydrophone 3 snr=0 2026-08-11T11:49:46.031
SNR_VALID red1 hydrophone 3 snr=2 2026-08-11T11:50:41.120
SNR_VALID red1 hydrophone 3 snr=4 2026-08-11T11:51:32.437
SNR_VALID red1 hydrophone 3 snr=6 2026-08-11T11:52:19.807
SNR_VALID red1 hydrophone 3 snr=8 2026-08-11T11:52:51.413
SNR_VALID red1 hydrophone 3 snr=10 2026-08-11T11:53:15.177
SNR_VALID red1 hydrophone 3 snr=12 2026-08-11T11:53:38.230
SNR_VALID red1 hydrophone 3 snr=14 2026-08-11T11:54:02.366
SNR_VALID red1 hydrophone 3 snr=16 2026-08-11T11:54:28.568
SNR_VALID red1 hydrophone 3 snr=18 2026-08-11T11:54:51.541
SNR_VALID red1 hydrophone 3 snr=20 2026-08-11T11:55:14.140
SNR_VALID red1 hydrophone 3 snr=22 2026-08-11T11:55:36.918
SNR_VALID red1 hydrophone 3 snr=24 2026-08-11T11:56:01.288
SNR_VALID red1 hydrophone 3 snr=26 2026-08-11T11:56:24.075
SNR_VALID red1 hydrophone 3 snr=28 2026-08-11T11:56:48.584
SNR_VALID red1 hydrophone 3 snr=30 2026-08-11T11:57:13.133
PATH_VALID red1 hydrophone 3 2026-08-11T11:57:18.537
PATH_START red3 hydrophone 1 2026-08-11T11:57:19.385
SNR_VALID red3 hydrophone 1 snr=0 2026-08-11T11:58:25.336
SNR_VALID red3 hydrophone 1 snr=2 2026-08-11T11:59:23.692
SNR_VALID red3 hydrophone 1 snr=4 2026-08-11T12:00:18.717
SNR_VALID red3 hydrophone 1 snr=6 2026-08-11T12:01:14.213
SNR_VALID red3 hydrophone 1 snr=8 2026-08-11T12:02:06.762
SNR_VALID red3 hydrophone 1 snr=10 2026-08-11T12:02:54.646
SNR_VALID red3 hydrophone 1 snr=12 2026-08-11T12:03:33.762
SNR_VALID red3 hydrophone 1 snr=14 2026-08-11T12:04:06.880
SNR_VALID red3 hydrophone 1 snr=16 2026-08-11T12:04:36.186
SNR_VALID red3 hydrophone 1 snr=18 2026-08-11T12:05:01.176
SNR_VALID red3 hydrophone 1 snr=20 2026-08-11T12:05:28.211
SNR_VALID red3 hydrophone 1 snr=22 2026-08-11T12:05:51.945
SNR_VALID red3 hydrophone 1 snr=24 2026-08-11T12:06:16.814
SNR_VALID red3 hydrophone 1 snr=26 2026-08-11T12:06:42.562
SNR_VALID red3 hydrophone 1 snr=28 2026-08-11T12:07:09.281
SNR_VALID red3 hydrophone 1 snr=30 2026-08-11T12:07:34.654
PATH_VALID red3 hydrophone 1 2026-08-11T12:07:35.719
PATH_START red4 hydrophone 2 2026-08-11T12:07:36.558
SNR_VALID red4 hydrophone 2 snr=0 2026-08-11T12:08:37.903
SNR_VALID red4 hydrophone 2 snr=2 2026-08-11T12:09:33.530
SNR_VALID red4 hydrophone 2 snr=4 2026-08-11T12:10:31.055
SNR_VALID red4 hydrophone 2 snr=6 2026-08-11T12:11:21.704
SNR_VALID red4 hydrophone 2 snr=8 2026-08-11T12:11:53.475
SNR_VALID red4 hydrophone 2 snr=10 2026-08-11T12:12:18.980
SNR_VALID red4 hydrophone 2 snr=12 2026-08-11T12:12:43.060
SNR_VALID red4 hydrophone 2 snr=14 2026-08-11T12:13:07.863
SNR_VALID red4 hydrophone 2 snr=16 2026-08-11T12:13:32.070
SNR_VALID red4 hydrophone 2 snr=18 2026-08-11T12:13:56.961
SNR_VALID red4 hydrophone 2 snr=20 2026-08-11T12:14:21.605
SNR_VALID red4 hydrophone 2 snr=22 2026-08-11T12:14:45.417
SNR_VALID red4 hydrophone 2 snr=24 2026-08-11T12:15:11.141
SNR_VALID red4 hydrophone 2 snr=26 2026-08-11T12:15:35.270
SNR_VALID red4 hydrophone 2 snr=28 2026-08-11T12:15:58.889
SNR_VALID red4 hydrophone 2 snr=30 2026-08-11T12:16:22.588
PATH_VALID red4 hydrophone 2 2026-08-11T12:16:23.719
N1536_CRC_NO_HARM_COMPUTE_COMPLETE paths=3 2026-08-11T12:16:24.356
