N1024_CRC_NO_HARM_START paths=3 2026-08-15T15:00:16.825
PATH_START red1 hydrophone 3 2026-08-15T15:00:16.834
SNR_VALID red1 hydrophone 3 snr=0 2026-08-15T15:02:57.393
SNR_VALID red1 hydrophone 3 snr=2 2026-08-15T15:04:19.447
SNR_VALID red1 hydrophone 3 snr=4 2026-08-15T15:05:42.954
SNR_VALID red1 hydrophone 3 snr=6 2026-08-15T15:07:06.913
SNR_VALID red1 hydrophone 3 snr=8 2026-08-15T15:08:02.625
SNR_VALID red1 hydrophone 3 snr=10 2026-08-15T15:08:45.394
SNR_VALID red1 hydrophone 3 snr=12 2026-08-15T15:09:29.248
SNR_VALID red1 hydrophone 3 snr=14 2026-08-15T15:10:12.794
SNR_VALID red1 hydrophone 3 snr=16 2026-08-15T15:10:57.830
SNR_VALID red1 hydrophone 3 snr=18 2026-08-15T15:11:39.634
SNR_VALID red1 hydrophone 3 snr=20 2026-08-15T15:12:16.620
SNR_VALID red1 hydrophone 3 snr=22 2026-08-15T15:13:00.043
SNR_VALID red1 hydrophone 3 snr=24 2026-08-15T15:13:44.173
SNR_VALID red1 hydrophone 3 snr=26 2026-08-15T15:14:25.991
SNR_VALID red1 hydrophone 3 snr=28 2026-08-15T15:15:09.040
SNR_VALID red1 hydrophone 3 snr=30 2026-08-15T15:15:50.688
PATH_VALID red1 hydrophone 3 2026-08-15T15:15:54.831
PATH_START red3 hydrophone 1 2026-08-15T15:15:55.507
SNR_VALID red3 hydrophone 1 snr=0 2026-08-15T15:17:22.112
SNR_VALID red3 hydrophone 1 snr=2 2026-08-15T15:18:42.756
SNR_VALID red3 hydrophone 1 snr=4 2026-08-15T15:20:08.247
SNR_VALID red3 hydrophone 1 snr=6 2026-08-15T15:21:33.315
SNR_VALID red3 hydrophone 1 snr=8 2026-08-15T15:23:02.258
SNR_VALID red3 hydrophone 1 snr=10 2026-08-15T15:24:25.085
SNR_VALID red3 hydrophone 1 snr=12 2026-08-15T15:25:32.589
SNR_VALID red3 hydrophone 1 snr=14 2026-08-15T15:26:31.020
SNR_VALID red3 hydrophone 1 snr=16 2026-08-15T15:27:27.340
SNR_VALID red3 hydrophone 1 snr=18 2026-08-15T15:28:11.202
SNR_VALID red3 hydrophone 1 snr=20 2026-08-15T15:28:56.502
SNR_VALID red3 hydrophone 1 snr=22 2026-08-15T15:29:41.480
SNR_VALID red3 hydrophone 1 snr=24 2026-08-15T15:30:27.424
SNR_VALID red3 hydrophone 1 snr=26 2026-08-15T15:31:09.671
SNR_VALID red3 hydrophone 1 snr=28 2026-08-15T15:31:55.073
SNR_VALID red3 hydrophone 1 snr=30 2026-08-15T15:32:40.242
PATH_VALID red3 hydrophone 1 2026-08-15T15:32:42.304
PATH_START red4 hydrophone 2 2026-08-15T15:32:43.509
SNR_VALID red4 hydrophone 2 snr=0 2026-08-15T15:34:10.715
SNR_VALID red4 hydrophone 2 snr=2 2026-08-15T15:35:41.403
SNR_VALID red4 hydrophone 2 snr=4 2026-08-15T15:37:13.126
SNR_VALID red4 hydrophone 2 snr=6 2026-08-15T15:38:48.069
SNR_VALID red4 hydrophone 2 snr=8 2026-08-15T15:39:57.691
SNR_VALID red4 hydrophone 2 snr=10 2026-08-15T15:40:43.912
SNR_VALID red4 hydrophone 2 snr=12 2026-08-15T15:41:28.828
SNR_VALID red4 hydrophone 2 snr=14 2026-08-15T15:42:14.110
SNR_VALID red4 hydrophone 2 snr=16 2026-08-15T15:42:59.891
SNR_VALID red4 hydrophone 2 snr=18 2026-08-15T15:43:42.753
SNR_VALID red4 hydrophone 2 snr=20 2026-08-15T15:44:28.300
SNR_VALID red4 hydrophone 2 snr=22 2026-08-15T15:45:13.512
SNR_VALID red4 hydrophone 2 snr=24 2026-08-15T15:45:58.026
SNR_VALID red4 hydrophone 2 snr=26 2026-08-15T15:46:42.019
SNR_VALID red4 hydrophone 2 snr=28 2026-08-15T15:47:21.637
SNR_VALID red4 hydrophone 2 snr=30 2026-08-15T15:48:02.657
PATH_VALID red4 hydrophone 2 2026-08-15T15:48:03.669
N1024_CRC_NO_HARM_COMPUTE_COMPLETE paths=3 2026-08-15T15:48:04.270
