N1024_CRC_NO_HARM_START paths=3 2026-08-15T15:00:16.803
PATH_START red1 hydrophone 2 2026-08-15T15:00:16.814
SNR_VALID red1 hydrophone 2 snr=0 2026-08-15T15:02:57.564
SNR_VALID red1 hydrophone 2 snr=2 2026-08-15T15:04:19.514
SNR_VALID red1 hydrophone 2 snr=4 2026-08-15T15:05:41.123
SNR_VALID red1 hydrophone 2 snr=6 2026-08-15T15:07:08.137
SNR_VALID red1 hydrophone 2 snr=8 2026-08-15T15:08:23.859
SNR_VALID red1 hydrophone 2 snr=10 2026-08-15T15:09:23.900
SNR_VALID red1 hydrophone 2 snr=12 2026-08-15T15:10:12.967
SNR_VALID red1 hydrophone 2 snr=14 2026-08-15T15:10:59.388
SNR_VALID red1 hydrophone 2 snr=16 2026-08-15T15:11:41.436
SNR_VALID red1 hydrophone 2 snr=18 2026-08-15T15:12:21.013
SNR_VALID red1 hydrophone 2 snr=20 2026-08-15T15:13:05.060
SNR_VALID red1 hydrophone 2 snr=22 2026-08-15T15:13:50.204
SNR_VALID red1 hydrophone 2 snr=24 2026-08-15T15:14:35.481
SNR_VALID red1 hydrophone 2 snr=26 2026-08-15T15:15:18.167
SNR_VALID red1 hydrophone 2 snr=28 2026-08-15T15:16:01.816
SNR_VALID red1 hydrophone 2 snr=30 2026-08-15T15:16:44.556
PATH_VALID red1 hydrophone 2 2026-08-15T15:16:49.061
PATH_START red2 hydrophone 3 2026-08-15T15:16:49.689
SNR_VALID red2 hydrophone 3 snr=0 2026-08-15T15:18:14.491
SNR_VALID red2 hydrophone 3 snr=2 2026-08-15T15:19:37.718
SNR_VALID red2 hydrophone 3 snr=4 2026-08-15T15:21:03.583
SNR_VALID red2 hydrophone 3 snr=6 2026-08-15T15:22:31.629
SNR_VALID red2 hydrophone 3 snr=8 2026-08-15T15:23:46.726
SNR_VALID red2 hydrophone 3 snr=10 2026-08-15T15:24:38.516
SNR_VALID red2 hydrophone 3 snr=12 2026-08-15T15:25:25.145
SNR_VALID red2 hydrophone 3 snr=14 2026-08-15T15:26:16.829
SNR_VALID red2 hydrophone 3 snr=16 2026-08-15T15:27:07.408
SNR_VALID red2 hydrophone 3 snr=18 2026-08-15T15:27:48.077
SNR_VALID red2 hydrophone 3 snr=20 2026-08-15T15:28:31.883
SNR_VALID red2 hydrophone 3 snr=22 2026-08-15T15:29:16.507
SNR_VALID red2 hydrophone 3 snr=24 2026-08-15T15:30:01.810
SNR_VALID red2 hydrophone 3 snr=26 2026-08-15T15:30:48.939
SNR_VALID red2 hydrophone 3 snr=28 2026-08-15T15:31:33.217
SNR_VALID red2 hydrophone 3 snr=30 2026-08-15T15:32:20.400
PATH_VALID red2 hydrophone 3 2026-08-15T15:32:21.481
PATH_START red4 hydrophone 1 2026-08-15T15:32:22.075
SNR_VALID red4 hydrophone 1 snr=0 2026-08-15T15:33:57.450
SNR_VALID red4 hydrophone 1 snr=2 2026-08-15T15:35:21.920
SNR_VALID red4 hydrophone 1 snr=4 2026-08-15T15:36:54.022
SNR_VALID red4 hydrophone 1 snr=6 2026-08-15T15:38:23.338
SNR_VALID red4 hydrophone 1 snr=8 2026-08-15T15:39:25.975
SNR_VALID red4 hydrophone 1 snr=10 2026-08-15T15:40:17.518
SNR_VALID red4 hydrophone 1 snr=12 2026-08-15T15:40:59.724
SNR_VALID red4 hydrophone 1 snr=14 2026-08-15T15:41:45.278
SNR_VALID red4 hydrophone 1 snr=16 2026-08-15T15:42:28.854
SNR_VALID red4 hydrophone 1 snr=18 2026-08-15T15:43:12.426
SNR_VALID red4 hydrophone 1 snr=20 2026-08-15T15:43:56.723
SNR_VALID red4 hydrophone 1 snr=22 2026-08-15T15:44:40.720
SNR_VALID red4 hydrophone 1 snr=24 2026-08-15T15:45:25.761
SNR_VALID red4 hydrophone 1 snr=26 2026-08-15T15:46:11.071
SNR_VALID red4 hydrophone 1 snr=28 2026-08-15T15:46:52.122
SNR_VALID red4 hydrophone 1 snr=30 2026-08-15T15:47:32.814
PATH_VALID red4 hydrophone 1 2026-08-15T15:47:35.081
N1024_CRC_NO_HARM_COMPUTE_COMPLETE paths=3 2026-08-15T15:47:35.778
