N1024_CRC_NO_HARM_START paths=3 2026-08-15T15:00:16.882
PATH_START red2 hydrophone 1 2026-08-15T15:00:16.891
SNR_VALID red2 hydrophone 1 snr=0 2026-08-15T15:02:55.241
SNR_VALID red2 hydrophone 1 snr=2 2026-08-15T15:04:15.980
SNR_VALID red2 hydrophone 1 snr=4 2026-08-15T15:05:37.837
SNR_VALID red2 hydrophone 1 snr=6 2026-08-15T15:07:03.746
SNR_VALID red2 hydrophone 1 snr=8 2026-08-15T15:08:25.020
SNR_VALID red2 hydrophone 1 snr=10 2026-08-15T15:09:39.527
SNR_VALID red2 hydrophone 1 snr=12 2026-08-15T15:10:52.096
SNR_VALID red2 hydrophone 1 snr=14 2026-08-15T15:11:49.835
SNR_VALID red2 hydrophone 1 snr=16 2026-08-15T15:12:43.873
SNR_VALID red2 hydrophone 1 snr=18 2026-08-15T15:13:33.969
SNR_VALID red2 hydrophone 1 snr=20 2026-08-15T15:14:23.036
SNR_VALID red2 hydrophone 1 snr=22 2026-08-15T15:15:13.441
SNR_VALID red2 hydrophone 1 snr=24 2026-08-15T15:16:01.562
SNR_VALID red2 hydrophone 1 snr=26 2026-08-15T15:16:49.432
SNR_VALID red2 hydrophone 1 snr=28 2026-08-15T15:17:37.793
SNR_VALID red2 hydrophone 1 snr=30 2026-08-15T15:18:22.149
PATH_VALID red2 hydrophone 1 2026-08-15T15:18:26.534
PATH_START red3 hydrophone 2 2026-08-15T15:18:27.507
SNR_VALID red3 hydrophone 2 snr=0 2026-08-15T15:19:54.515
SNR_VALID red3 hydrophone 2 snr=2 2026-08-15T15:21:20.031
SNR_VALID red3 hydrophone 2 snr=4 2026-08-15T15:22:47.225
SNR_VALID red3 hydrophone 2 snr=6 2026-08-15T15:24:11.925
SNR_VALID red3 hydrophone 2 snr=8 2026-08-15T15:25:26.537
SNR_VALID red3 hydrophone 2 snr=10 2026-08-15T15:26:31.633
SNR_VALID red3 hydrophone 2 snr=12 2026-08-15T15:27:26.780
SNR_VALID red3 hydrophone 2 snr=14 2026-08-15T15:28:10.900
SNR_VALID red3 hydrophone 2 snr=16 2026-08-15T15:28:56.957
SNR_VALID red3 hydrophone 2 snr=18 2026-08-15T15:29:41.408
SNR_VALID red3 hydrophone 2 snr=20 2026-08-15T15:30:27.431
SNR_VALID red3 hydrophone 2 snr=22 2026-08-15T15:31:08.780
SNR_VALID red3 hydrophone 2 snr=24 2026-08-15T15:31:54.908
SNR_VALID red3 hydrophone 2 snr=26 2026-08-15T15:32:39.562
SNR_VALID red3 hydrophone 2 snr=28 2026-08-15T15:33:28.443
SNR_VALID red3 hydrophone 2 snr=30 2026-08-15T15:34:08.516
PATH_VALID red3 hydrophone 2 2026-08-15T15:34:11.484
PATH_START red4 hydrophone 3 2026-08-15T15:34:12.277
SNR_VALID red4 hydrophone 3 snr=0 2026-08-15T15:35:42.514
SNR_VALID red4 hydrophone 3 snr=2 2026-08-15T15:37:15.352
SNR_VALID red4 hydrophone 3 snr=4 2026-08-15T15:38:55.414
SNR_VALID red4 hydrophone 3 snr=6 2026-08-15T15:40:26.486
SNR_VALID red4 hydrophone 3 snr=8 2026-08-15T15:41:26.955
SNR_VALID red4 hydrophone 3 snr=10 2026-08-15T15:42:14.485
SNR_VALID red4 hydrophone 3 snr=12 2026-08-15T15:43:00.183
SNR_VALID red4 hydrophone 3 snr=14 2026-08-15T15:43:43.895
SNR_VALID red4 hydrophone 3 snr=16 2026-08-15T15:44:29.742
SNR_VALID red4 hydrophone 3 snr=18 2026-08-15T15:45:13.930
SNR_VALID red4 hydrophone 3 snr=20 2026-08-15T15:45:58.848
SNR_VALID red4 hydrophone 3 snr=22 2026-08-15T15:46:43.688
SNR_VALID red4 hydrophone 3 snr=24 2026-08-15T15:47:22.768
SNR_VALID red4 hydrophone 3 snr=26 2026-08-15T15:48:03.345
SNR_VALID red4 hydrophone 3 snr=28 2026-08-15T15:48:35.190
SNR_VALID red4 hydrophone 3 snr=30 2026-08-15T15:49:07.255
PATH_VALID red4 hydrophone 3 2026-08-15T15:49:09.077
N1024_CRC_NO_HARM_COMPUTE_COMPLETE paths=3 2026-08-15T15:49:09.646
