N1024_CRC_NO_HARM_START paths=3 2026-08-15T15:00:16.807
PATH_START red1 hydrophone 1 2026-08-15T15:00:16.819
SNR_VALID red1 hydrophone 1 snr=0 2026-08-15T15:02:56.632
SNR_VALID red1 hydrophone 1 snr=2 2026-08-15T15:04:17.344
SNR_VALID red1 hydrophone 1 snr=4 2026-08-15T15:05:38.030
SNR_VALID red1 hydrophone 1 snr=6 2026-08-15T15:07:04.371
SNR_VALID red1 hydrophone 1 snr=8 2026-08-15T15:08:20.837
SNR_VALID red1 hydrophone 1 snr=10 2026-08-15T15:09:28.965
SNR_VALID red1 hydrophone 1 snr=12 2026-08-15T15:10:27.699
SNR_VALID red1 hydrophone 1 snr=14 2026-08-15T15:11:16.831
SNR_VALID red1 hydrophone 1 snr=16 2026-08-15T15:11:56.901
SNR_VALID red1 hydrophone 1 snr=18 2026-08-15T15:12:39.718
SNR_VALID red1 hydrophone 1 snr=20 2026-08-15T15:13:22.533
SNR_VALID red1 hydrophone 1 snr=22 2026-08-15T15:14:07.088
SNR_VALID red1 hydrophone 1 snr=24 2026-08-15T15:14:53.376
SNR_VALID red1 hydrophone 1 snr=26 2026-08-15T15:15:33.921
SNR_VALID red1 hydrophone 1 snr=28 2026-08-15T15:16:16.281
SNR_VALID red1 hydrophone 1 snr=30 2026-08-15T15:16:59.790
PATH_VALID red1 hydrophone 1 2026-08-15T15:17:04.406
PATH_START red2 hydrophone 2 2026-08-15T15:17:05.112
SNR_VALID red2 hydrophone 2 snr=0 2026-08-15T15:18:25.812
SNR_VALID red2 hydrophone 2 snr=2 2026-08-15T15:19:50.635
SNR_VALID red2 hydrophone 2 snr=4 2026-08-15T15:21:16.891
SNR_VALID red2 hydrophone 2 snr=6 2026-08-15T15:22:46.483
SNR_VALID red2 hydrophone 2 snr=8 2026-08-15T15:24:09.790
SNR_VALID red2 hydrophone 2 snr=10 2026-08-15T15:25:20.900
SNR_VALID red2 hydrophone 2 snr=12 2026-08-15T15:26:22.598
SNR_VALID red2 hydrophone 2 snr=14 2026-08-15T15:27:13.714
SNR_VALID red2 hydrophone 2 snr=16 2026-08-15T15:27:56.271
SNR_VALID red2 hydrophone 2 snr=18 2026-08-15T15:28:41.778
SNR_VALID red2 hydrophone 2 snr=20 2026-08-15T15:29:25.769
SNR_VALID red2 hydrophone 2 snr=22 2026-08-15T15:30:10.421
SNR_VALID red2 hydrophone 2 snr=24 2026-08-15T15:30:54.021
SNR_VALID red2 hydrophone 2 snr=26 2026-08-15T15:31:40.126
SNR_VALID red2 hydrophone 2 snr=28 2026-08-15T15:32:23.408
SNR_VALID red2 hydrophone 2 snr=30 2026-08-15T15:33:14.006
PATH_VALID red2 hydrophone 2 2026-08-15T15:33:16.954
PATH_START red3 hydrophone 3 2026-08-15T15:33:17.517
SNR_VALID red3 hydrophone 3 snr=0 2026-08-15T15:34:37.538
SNR_VALID red3 hydrophone 3 snr=2 2026-08-15T15:36:09.968
SNR_VALID red3 hydrophone 3 snr=4 2026-08-15T15:37:45.379
SNR_VALID red3 hydrophone 3 snr=6 2026-08-15T15:39:27.414
SNR_VALID red3 hydrophone 3 snr=8 2026-08-15T15:40:49.734
SNR_VALID red3 hydrophone 3 snr=10 2026-08-15T15:41:56.360
SNR_VALID red3 hydrophone 3 snr=12 2026-08-15T15:42:50.421
SNR_VALID red3 hydrophone 3 snr=14 2026-08-15T15:43:40.242
SNR_VALID red3 hydrophone 3 snr=16 2026-08-15T15:44:27.009
SNR_VALID red3 hydrophone 3 snr=18 2026-08-15T15:45:14.383
SNR_VALID red3 hydrophone 3 snr=20 2026-08-15T15:46:00.293
SNR_VALID red3 hydrophone 3 snr=22 2026-08-15T15:46:45.925
SNR_VALID red3 hydrophone 3 snr=24 2026-08-15T15:47:26.293
SNR_VALID red3 hydrophone 3 snr=26 2026-08-15T15:48:07.390
SNR_VALID red3 hydrophone 3 snr=28 2026-08-15T15:48:39.558
SNR_VALID red3 hydrophone 3 snr=30 2026-08-15T15:49:13.159
PATH_VALID red3 hydrophone 3 2026-08-15T15:49:13.777
N1024_CRC_NO_HARM_COMPUTE_COMPLETE paths=3 2026-08-15T15:49:14.115
