N1536_CRC_NO_HARM_START paths=3 2026-08-12T13:15:47.424
PATH_START red2 hydrophone 1 2026-08-12T13:15:47.440
SNR_VALID red2 hydrophone 1 snr=0 2026-08-12T13:20:02.373
SNR_VALID red2 hydrophone 1 snr=2 2026-08-12T13:23:10.553
SNR_VALID red2 hydrophone 1 snr=4 2026-08-12T13:26:15.505
SNR_VALID red2 hydrophone 1 snr=6 2026-08-12T13:29:20.646
SNR_VALID red2 hydrophone 1 snr=8 2026-08-12T13:32:07.050
SNR_VALID red2 hydrophone 1 snr=10 2026-08-12T13:34:47.844
SNR_VALID red2 hydrophone 1 snr=12 2026-08-12T13:37:14.219
SNR_VALID red2 hydrophone 1 snr=14 2026-08-12T13:39:12.639
SNR_VALID red2 hydrophone 1 snr=16 2026-08-12T13:41:04.381
SNR_VALID red2 hydrophone 1 snr=18 2026-08-12T13:42:49.410
SNR_VALID red2 hydrophone 1 snr=20 2026-08-12T13:44:24.128
SNR_VALID red2 hydrophone 1 snr=22 2026-08-12T13:45:55.774
SNR_VALID red2 hydrophone 1 snr=24 2026-08-12T13:47:26.634
SNR_VALID red2 hydrophone 1 snr=26 2026-08-12T13:48:49.968
SNR_VALID red2 hydrophone 1 snr=28 2026-08-12T13:50:12.390
SNR_VALID red2 hydrophone 1 snr=30 2026-08-12T13:51:43.954
PATH_VALID red2 hydrophone 1 2026-08-12T13:51:48.550
PATH_START red3 hydrophone 2 2026-08-12T13:51:49.300
SNR_VALID red3 hydrophone 2 snr=0 2026-08-12T13:55:18.945
SNR_VALID red3 hydrophone 2 snr=2 2026-08-12T13:58:47.173
SNR_VALID red3 hydrophone 2 snr=4 2026-08-12T14:02:15.080
SNR_VALID red3 hydrophone 2 snr=6 2026-08-12T14:05:28.861
SNR_VALID red3 hydrophone 2 snr=8 2026-08-12T14:08:18.688
SNR_VALID red3 hydrophone 2 snr=10 2026-08-12T14:10:13.036
SNR_VALID red3 hydrophone 2 snr=12 2026-08-12T14:11:39.494
SNR_VALID red3 hydrophone 2 snr=14 2026-08-12T14:12:58.946
SNR_VALID red3 hydrophone 2 snr=16 2026-08-12T14:14:25.617
SNR_VALID red3 hydrophone 2 snr=18 2026-08-12T14:15:36.725
SNR_VALID red3 hydrophone 2 snr=20 2026-08-12T14:16:44.621
SNR_VALID red3 hydrophone 2 snr=22 2026-08-12T14:17:49.431
SNR_VALID red3 hydrophone 2 snr=24 2026-08-12T14:18:50.782
SNR_VALID red3 hydrophone 2 snr=26 2026-08-12T14:19:54.125
SNR_VALID red3 hydrophone 2 snr=28 2026-08-12T14:20:59.614
SNR_VALID red3 hydrophone 2 snr=30 2026-08-12T14:22:10.378
PATH_VALID red3 hydrophone 2 2026-08-12T14:22:12.330
PATH_START red4 hydrophone 3 2026-08-12T14:22:13.072
SNR_VALID red4 hydrophone 3 snr=0 2026-08-12T14:25:20.351
SNR_VALID red4 hydrophone 3 snr=2 2026-08-12T14:28:37.259
SNR_VALID red4 hydrophone 3 snr=4 2026-08-12T14:31:46.876
SNR_VALID red4 hydrophone 3 snr=6 2026-08-12T14:34:42.917
SNR_VALID red4 hydrophone 3 snr=8 2026-08-12T14:37:09.796
SNR_VALID red4 hydrophone 3 snr=10 2026-08-12T14:38:51.245
SNR_VALID red4 hydrophone 3 snr=12 2026-08-12T14:39:59.830
SNR_VALID red4 hydrophone 3 snr=14 2026-08-12T14:41:06.761
SNR_VALID red4 hydrophone 3 snr=16 2026-08-12T14:42:07.130
SNR_VALID red4 hydrophone 3 snr=18 2026-08-12T14:43:03.872
SNR_VALID red4 hydrophone 3 snr=20 2026-08-12T14:43:55.546
SNR_VALID red4 hydrophone 3 snr=22 2026-08-12T14:44:50.974
SNR_VALID red4 hydrophone 3 snr=24 2026-08-12T14:45:46.346
SNR_VALID red4 hydrophone 3 snr=26 2026-08-12T14:46:34.371
SNR_VALID red4 hydrophone 3 snr=28 2026-08-12T14:47:18.511
SNR_VALID red4 hydrophone 3 snr=30 2026-08-12T14:48:01.562
PATH_VALID red4 hydrophone 3 2026-08-12T14:48:02.456
N1536_CRC_NO_HARM_COMPUTE_COMPLETE paths=3 2026-08-12T14:48:02.978
