N1536_CRC_NO_HARM_START paths=3 2026-08-12T13:15:47.562
PATH_START red1 hydrophone 2 2026-08-12T13:15:47.585
SNR_VALID red1 hydrophone 2 snr=0 2026-08-12T13:20:05.743
SNR_VALID red1 hydrophone 2 snr=2 2026-08-12T13:23:14.271
SNR_VALID red1 hydrophone 2 snr=4 2026-08-12T13:26:21.489
SNR_VALID red1 hydrophone 2 snr=6 2026-08-12T13:29:24.552
SNR_VALID red1 hydrophone 2 snr=8 2026-08-12T13:32:02.319
SNR_VALID red1 hydrophone 2 snr=10 2026-08-12T13:34:29.806
SNR_VALID red1 hydrophone 2 snr=12 2026-08-12T13:36:26.253
SNR_VALID red1 hydrophone 2 snr=14 2026-08-12T13:37:59.324
SNR_VALID red1 hydrophone 2 snr=16 2026-08-12T13:39:18.086
SNR_VALID red1 hydrophone 2 snr=18 2026-08-12T13:40:37.553
SNR_VALID red1 hydrophone 2 snr=20 2026-08-12T13:41:45.912
SNR_VALID red1 hydrophone 2 snr=22 2026-08-12T13:42:55.234
SNR_VALID red1 hydrophone 2 snr=24 2026-08-12T13:44:00.825
SNR_VALID red1 hydrophone 2 snr=26 2026-08-12T13:45:10.661
SNR_VALID red1 hydrophone 2 snr=28 2026-08-12T13:46:15.752
SNR_VALID red1 hydrophone 2 snr=30 2026-08-12T13:47:30.167
PATH_VALID red1 hydrophone 2 2026-08-12T13:47:36.524
PATH_START red2 hydrophone 3 2026-08-12T13:47:37.234
SNR_VALID red2 hydrophone 3 snr=0 2026-08-12T13:50:49.724
SNR_VALID red2 hydrophone 3 snr=2 2026-08-12T13:54:12.854
SNR_VALID red2 hydrophone 3 snr=4 2026-08-12T13:57:38.959
SNR_VALID red2 hydrophone 3 snr=6 2026-08-12T14:01:03.385
SNR_VALID red2 hydrophone 3 snr=8 2026-08-12T14:04:08.950
SNR_VALID red2 hydrophone 3 snr=10 2026-08-12T14:06:35.230
SNR_VALID red2 hydrophone 3 snr=12 2026-08-12T14:08:43.753
SNR_VALID red2 hydrophone 3 snr=14 2026-08-12T14:10:05.760
SNR_VALID red2 hydrophone 3 snr=16 2026-08-12T14:11:25.512
SNR_VALID red2 hydrophone 3 snr=18 2026-08-12T14:12:37.728
SNR_VALID red2 hydrophone 3 snr=20 2026-08-12T14:14:01.068
SNR_VALID red2 hydrophone 3 snr=22 2026-08-12T14:15:17.818
SNR_VALID red2 hydrophone 3 snr=24 2026-08-12T14:16:33.160
SNR_VALID red2 hydrophone 3 snr=26 2026-08-12T14:17:40.496
SNR_VALID red2 hydrophone 3 snr=28 2026-08-12T14:18:40.104
SNR_VALID red2 hydrophone 3 snr=30 2026-08-12T14:19:43.278
PATH_VALID red2 hydrophone 3 2026-08-12T14:19:46.051
PATH_START red4 hydrophone 1 2026-08-12T14:19:46.788
SNR_VALID red4 hydrophone 1 snr=0 2026-08-12T14:23:09.807
SNR_VALID red4 hydrophone 1 snr=2 2026-08-12T14:26:22.146
SNR_VALID red4 hydrophone 1 snr=4 2026-08-12T14:29:29.315
SNR_VALID red4 hydrophone 1 snr=6 2026-08-12T14:32:24.670
SNR_VALID red4 hydrophone 1 snr=8 2026-08-12T14:34:25.208
SNR_VALID red4 hydrophone 1 snr=10 2026-08-12T14:35:44.177
SNR_VALID red4 hydrophone 1 snr=12 2026-08-12T14:36:52.089
SNR_VALID red4 hydrophone 1 snr=14 2026-08-12T14:37:53.292
SNR_VALID red4 hydrophone 1 snr=16 2026-08-12T14:38:57.242
SNR_VALID red4 hydrophone 1 snr=18 2026-08-12T14:39:58.915
SNR_VALID red4 hydrophone 1 snr=20 2026-08-12T14:40:56.201
SNR_VALID red4 hydrophone 1 snr=22 2026-08-12T14:41:55.272
SNR_VALID red4 hydrophone 1 snr=24 2026-08-12T14:42:49.670
SNR_VALID red4 hydrophone 1 snr=26 2026-08-12T14:43:39.570
SNR_VALID red4 hydrophone 1 snr=28 2026-08-12T14:44:34.832
SNR_VALID red4 hydrophone 1 snr=30 2026-08-12T14:45:30.269
PATH_VALID red4 hydrophone 1 2026-08-12T14:45:31.827
N1536_CRC_NO_HARM_COMPUTE_COMPLETE paths=3 2026-08-12T14:45:32.633
