N1536_CRC_NO_HARM_START paths=3 2026-08-12T13:15:47.943
PATH_START red1 hydrophone 3 2026-08-12T13:15:47.960
SNR_VALID red1 hydrophone 3 snr=0 2026-08-12T13:20:04.957
SNR_VALID red1 hydrophone 3 snr=2 2026-08-12T13:23:11.350
SNR_VALID red1 hydrophone 3 snr=4 2026-08-12T13:26:13.309
SNR_VALID red1 hydrophone 3 snr=6 2026-08-12T13:29:07.637
SNR_VALID red1 hydrophone 3 snr=8 2026-08-12T13:31:27.045
SNR_VALID red1 hydrophone 3 snr=10 2026-08-12T13:32:50.233
SNR_VALID red1 hydrophone 3 snr=12 2026-08-12T13:33:58.865
SNR_VALID red1 hydrophone 3 snr=14 2026-08-12T13:35:10.670
SNR_VALID red1 hydrophone 3 snr=16 2026-08-12T13:36:12.841
SNR_VALID red1 hydrophone 3 snr=18 2026-08-12T13:37:10.421
SNR_VALID red1 hydrophone 3 snr=20 2026-08-12T13:38:07.151
SNR_VALID red1 hydrophone 3 snr=22 2026-08-12T13:39:03.552
SNR_VALID red1 hydrophone 3 snr=24 2026-08-12T13:40:03.316
SNR_VALID red1 hydrophone 3 snr=26 2026-08-12T13:40:58.059
SNR_VALID red1 hydrophone 3 snr=28 2026-08-12T13:41:56.132
SNR_VALID red1 hydrophone 3 snr=30 2026-08-12T13:42:54.660
PATH_VALID red1 hydrophone 3 2026-08-12T13:42:57.892
PATH_START red3 hydrophone 1 2026-08-12T13:42:58.621
SNR_VALID red3 hydrophone 1 snr=0 2026-08-12T13:46:12.762
SNR_VALID red3 hydrophone 1 snr=2 2026-08-12T13:49:26.346
SNR_VALID red3 hydrophone 1 snr=4 2026-08-12T13:52:51.146
SNR_VALID red3 hydrophone 1 snr=6 2026-08-12T13:56:18.550
SNR_VALID red3 hydrophone 1 snr=8 2026-08-12T13:59:30.037
SNR_VALID red3 hydrophone 1 snr=10 2026-08-12T14:02:17.662
SNR_VALID red3 hydrophone 1 snr=12 2026-08-12T14:04:22.932
SNR_VALID red3 hydrophone 1 snr=14 2026-08-12T14:06:15.774
SNR_VALID red3 hydrophone 1 snr=16 2026-08-12T14:07:48.548
SNR_VALID red3 hydrophone 1 snr=18 2026-08-12T14:09:02.883
SNR_VALID red3 hydrophone 1 snr=20 2026-08-12T14:10:12.482
SNR_VALID red3 hydrophone 1 snr=22 2026-08-12T14:11:26.029
SNR_VALID red3 hydrophone 1 snr=24 2026-08-12T14:12:33.279
SNR_VALID red3 hydrophone 1 snr=26 2026-08-12T14:13:52.479
SNR_VALID red3 hydrophone 1 snr=28 2026-08-12T14:15:08.033
SNR_VALID red3 hydrophone 1 snr=30 2026-08-12T14:16:19.379
PATH_VALID red3 hydrophone 1 2026-08-12T14:16:20.864
PATH_START red4 hydrophone 2 2026-08-12T14:16:21.607
SNR_VALID red4 hydrophone 2 snr=0 2026-08-12T14:19:30.637
SNR_VALID red4 hydrophone 2 snr=2 2026-08-12T14:22:53.773
SNR_VALID red4 hydrophone 2 snr=4 2026-08-12T14:25:58.873
SNR_VALID red4 hydrophone 2 snr=6 2026-08-12T14:28:57.875
SNR_VALID red4 hydrophone 2 snr=8 2026-08-12T14:31:18.696
SNR_VALID red4 hydrophone 2 snr=10 2026-08-12T14:32:55.863
SNR_VALID red4 hydrophone 2 snr=12 2026-08-12T14:34:09.257
SNR_VALID red4 hydrophone 2 snr=14 2026-08-12T14:35:13.001
SNR_VALID red4 hydrophone 2 snr=16 2026-08-12T14:36:11.530
SNR_VALID red4 hydrophone 2 snr=18 2026-08-12T14:37:07.166
SNR_VALID red4 hydrophone 2 snr=20 2026-08-12T14:38:01.146
SNR_VALID red4 hydrophone 2 snr=22 2026-08-12T14:38:57.147
SNR_VALID red4 hydrophone 2 snr=24 2026-08-12T14:39:51.314
SNR_VALID red4 hydrophone 2 snr=26 2026-08-12T14:40:46.014
SNR_VALID red4 hydrophone 2 snr=28 2026-08-12T14:41:40.036
SNR_VALID red4 hydrophone 2 snr=30 2026-08-12T14:42:34.123
PATH_VALID red4 hydrophone 2 2026-08-12T14:42:36.146
N1536_CRC_NO_HARM_COMPUTE_COMPLETE paths=3 2026-08-12T14:42:36.837
