N1536_CRC_NO_HARM_START paths=3 2026-08-12T13:15:47.321
PATH_START red1 hydrophone 1 2026-08-12T13:15:47.331
SNR_VALID red1 hydrophone 1 snr=0 2026-08-12T13:20:04.537
SNR_VALID red1 hydrophone 1 snr=2 2026-08-12T13:23:14.750
SNR_VALID red1 hydrophone 1 snr=4 2026-08-12T13:26:17.962
SNR_VALID red1 hydrophone 1 snr=6 2026-08-12T13:29:20.405
SNR_VALID red1 hydrophone 1 snr=8 2026-08-12T13:32:01.389
SNR_VALID red1 hydrophone 1 snr=10 2026-08-12T13:34:27.362
SNR_VALID red1 hydrophone 1 snr=12 2026-08-12T13:36:23.985
SNR_VALID red1 hydrophone 1 snr=14 2026-08-12T13:38:01.324
SNR_VALID red1 hydrophone 1 snr=16 2026-08-12T13:39:33.428
SNR_VALID red1 hydrophone 1 snr=18 2026-08-12T13:40:58.500
SNR_VALID red1 hydrophone 1 snr=20 2026-08-12T13:42:11.047
SNR_VALID red1 hydrophone 1 snr=22 2026-08-12T13:43:24.218
SNR_VALID red1 hydrophone 1 snr=24 2026-08-12T13:44:31.739
SNR_VALID red1 hydrophone 1 snr=26 2026-08-12T13:45:39.286
SNR_VALID red1 hydrophone 1 snr=28 2026-08-12T13:46:44.524
SNR_VALID red1 hydrophone 1 snr=30 2026-08-12T13:47:54.875
PATH_VALID red1 hydrophone 1 2026-08-12T13:47:59.131
PATH_START red2 hydrophone 2 2026-08-12T13:47:59.812
SNR_VALID red2 hydrophone 2 snr=0 2026-08-12T13:51:13.238
SNR_VALID red2 hydrophone 2 snr=2 2026-08-12T13:54:39.642
SNR_VALID red2 hydrophone 2 snr=4 2026-08-12T13:58:09.122
SNR_VALID red2 hydrophone 2 snr=6 2026-08-12T14:01:34.228
SNR_VALID red2 hydrophone 2 snr=8 2026-08-12T14:04:45.811
SNR_VALID red2 hydrophone 2 snr=10 2026-08-12T14:07:51.988
SNR_VALID red2 hydrophone 2 snr=12 2026-08-12T14:09:59.024
SNR_VALID red2 hydrophone 2 snr=14 2026-08-12T14:11:36.812
SNR_VALID red2 hydrophone 2 snr=16 2026-08-12T14:12:58.864
SNR_VALID red2 hydrophone 2 snr=18 2026-08-12T14:14:26.061
SNR_VALID red2 hydrophone 2 snr=20 2026-08-12T14:15:46.978
SNR_VALID red2 hydrophone 2 snr=22 2026-08-12T14:17:02.041
SNR_VALID red2 hydrophone 2 snr=24 2026-08-12T14:18:10.476
SNR_VALID red2 hydrophone 2 snr=26 2026-08-12T14:19:18.596
SNR_VALID red2 hydrophone 2 snr=28 2026-08-12T14:20:27.083
SNR_VALID red2 hydrophone 2 snr=30 2026-08-12T14:21:42.051
PATH_VALID red2 hydrophone 2 2026-08-12T14:21:43.355
PATH_START red3 hydrophone 3 2026-08-12T14:21:44.456
SNR_VALID red3 hydrophone 3 snr=0 2026-08-12T14:25:00.265
SNR_VALID red3 hydrophone 3 snr=2 2026-08-12T14:28:19.820
SNR_VALID red3 hydrophone 3 snr=4 2026-08-12T14:31:29.955
SNR_VALID red3 hydrophone 3 snr=6 2026-08-12T14:34:30.378
SNR_VALID red3 hydrophone 3 snr=8 2026-08-12T14:36:56.532
SNR_VALID red3 hydrophone 3 snr=10 2026-08-12T14:38:59.887
SNR_VALID red3 hydrophone 3 snr=12 2026-08-12T14:40:27.276
SNR_VALID red3 hydrophone 3 snr=14 2026-08-12T14:41:33.963
SNR_VALID red3 hydrophone 3 snr=16 2026-08-12T14:42:38.306
SNR_VALID red3 hydrophone 3 snr=18 2026-08-12T14:43:38.433
SNR_VALID red3 hydrophone 3 snr=20 2026-08-12T14:44:41.442
SNR_VALID red3 hydrophone 3 snr=22 2026-08-12T14:45:42.347
SNR_VALID red3 hydrophone 3 snr=24 2026-08-12T14:46:36.235
SNR_VALID red3 hydrophone 3 snr=26 2026-08-12T14:47:25.058
SNR_VALID red3 hydrophone 3 snr=28 2026-08-12T14:48:11.140
SNR_VALID red3 hydrophone 3 snr=30 2026-08-12T14:48:49.651
PATH_VALID red3 hydrophone 3 2026-08-12T14:48:50.217
N1536_CRC_NO_HARM_COMPUTE_COMPLETE paths=3 2026-08-12T14:48:50.565
