N2048_CRC_NO_HARM_START paths=3 2026-08-22T00:00:54.622
PATH_START blue1 hydrophone 3 2026-08-22T00:00:54.637
SNR_VALID blue1 hydrophone 3 snr=0 2026-08-22T00:02:11.537
SNR_VALID blue1 hydrophone 3 snr=2 2026-08-22T00:02:40.573
SNR_VALID blue1 hydrophone 3 snr=4 2026-08-22T00:03:11.189
SNR_VALID blue1 hydrophone 3 snr=6 2026-08-22T00:03:45.425
SNR_VALID blue1 hydrophone 3 snr=8 2026-08-22T00:04:16.084
SNR_VALID blue1 hydrophone 3 snr=10 2026-08-22T00:04:43.620
SNR_VALID blue1 hydrophone 3 snr=12 2026-08-22T00:05:07.951
SNR_VALID blue1 hydrophone 3 snr=14 2026-08-22T00:05:30.959
SNR_VALID blue1 hydrophone 3 snr=16 2026-08-22T00:05:52.091
SNR_VALID blue1 hydrophone 3 snr=18 2026-08-22T00:06:13.933
SNR_VALID blue1 hydrophone 3 snr=20 2026-08-22T00:06:34.109
SNR_VALID blue1 hydrophone 3 snr=22 2026-08-22T00:06:54.370
SNR_VALID blue1 hydrophone 3 snr=24 2026-08-22T00:07:14.520
SNR_VALID blue1 hydrophone 3 snr=26 2026-08-22T00:07:36.957
SNR_VALID blue1 hydrophone 3 snr=28 2026-08-22T00:07:59.424
SNR_VALID blue1 hydrophone 3 snr=30 2026-08-22T00:08:31.182
PATH_VALID blue1 hydrophone 3 2026-08-22T00:08:34.161
PATH_START blue3 hydrophone 1 2026-08-22T00:08:34.676
SNR_VALID blue3 hydrophone 1 snr=0 2026-08-22T00:09:02.985
SNR_VALID blue3 hydrophone 1 snr=2 2026-08-22T00:09:28.509
SNR_VALID blue3 hydrophone 1 snr=4 2026-08-22T00:09:53.684
SNR_VALID blue3 hydrophone 1 snr=6 2026-08-22T00:10:17.978
SNR_VALID blue3 hydrophone 1 snr=8 2026-08-22T00:10:42.168
SNR_VALID blue3 hydrophone 1 snr=10 2026-08-22T00:11:05.528
SNR_VALID blue3 hydrophone 1 snr=12 2026-08-22T00:11:27.075
SNR_VALID blue3 hydrophone 1 snr=14 2026-08-22T00:11:48.592
SNR_VALID blue3 hydrophone 1 snr=16 2026-08-22T00:12:09.300
SNR_VALID blue3 hydrophone 1 snr=18 2026-08-22T00:12:29.479
SNR_VALID blue3 hydrophone 1 snr=20 2026-08-22T00:12:52.215
SNR_VALID blue3 hydrophone 1 snr=22 2026-08-22T00:13:11.394
SNR_VALID blue3 hydrophone 1 snr=24 2026-08-22T00:13:31.345
SNR_VALID blue3 hydrophone 1 snr=26 2026-08-22T00:13:50.438
SNR_VALID blue3 hydrophone 1 snr=28 2026-08-22T00:14:09.170
SNR_VALID blue3 hydrophone 1 snr=30 2026-08-22T00:14:27.816
PATH_VALID blue3 hydrophone 1 2026-08-22T00:14:28.655
PATH_START blue4 hydrophone 2 2026-08-22T00:14:29.220
SNR_VALID blue4 hydrophone 2 snr=0 2026-08-22T00:14:59.159
SNR_VALID blue4 hydrophone 2 snr=2 2026-08-22T00:15:27.451
SNR_VALID blue4 hydrophone 2 snr=4 2026-08-22T00:15:55.834
SNR_VALID blue4 hydrophone 2 snr=6 2026-08-22T00:16:23.814
SNR_VALID blue4 hydrophone 2 snr=8 2026-08-22T00:16:48.557
SNR_VALID blue4 hydrophone 2 snr=10 2026-08-22T00:17:10.624
SNR_VALID blue4 hydrophone 2 snr=12 2026-08-22T00:17:30.739
SNR_VALID blue4 hydrophone 2 snr=14 2026-08-22T00:17:48.607
SNR_VALID blue4 hydrophone 2 snr=16 2026-08-22T00:18:05.854
SNR_VALID blue4 hydrophone 2 snr=18 2026-08-22T00:18:22.389
SNR_VALID blue4 hydrophone 2 snr=20 2026-08-22T00:18:41.006
SNR_VALID blue4 hydrophone 2 snr=22 2026-08-22T00:18:57.270
SNR_VALID blue4 hydrophone 2 snr=24 2026-08-22T00:19:13.251
SNR_VALID blue4 hydrophone 2 snr=26 2026-08-22T00:19:29.625
SNR_VALID blue4 hydrophone 2 snr=28 2026-08-22T00:19:45.768
SNR_VALID blue4 hydrophone 2 snr=30 2026-08-22T00:19:59.285
PATH_VALID blue4 hydrophone 2 2026-08-22T00:19:59.984
N2048_CRC_NO_HARM_COMPUTE_COMPLETE paths=3 2026-08-22T00:20:00.464
