N2048_CRC_NO_HARM_START paths=3 2026-08-22T00:00:55.950
PATH_START blue2 hydrophone 1 2026-08-22T00:00:55.973
SNR_VALID blue2 hydrophone 1 snr=0 2026-08-22T00:02:13.057
SNR_VALID blue2 hydrophone 1 snr=2 2026-08-22T00:02:42.634
SNR_VALID blue2 hydrophone 1 snr=4 2026-08-22T00:03:14.578
SNR_VALID blue2 hydrophone 1 snr=6 2026-08-22T00:03:49.282
SNR_VALID blue2 hydrophone 1 snr=8 2026-08-22T00:04:20.642
SNR_VALID blue2 hydrophone 1 snr=10 2026-08-22T00:04:47.037
SNR_VALID blue2 hydrophone 1 snr=12 2026-08-22T00:05:10.006
SNR_VALID blue2 hydrophone 1 snr=14 2026-08-22T00:05:33.084
SNR_VALID blue2 hydrophone 1 snr=16 2026-08-22T00:05:54.274
SNR_VALID blue2 hydrophone 1 snr=18 2026-08-22T00:06:16.099
SNR_VALID blue2 hydrophone 1 snr=20 2026-08-22T00:06:37.410
SNR_VALID blue2 hydrophone 1 snr=22 2026-08-22T00:06:58.389
SNR_VALID blue2 hydrophone 1 snr=24 2026-08-22T00:07:20.239
SNR_VALID blue2 hydrophone 1 snr=26 2026-08-22T00:07:43.118
SNR_VALID blue2 hydrophone 1 snr=28 2026-08-22T00:08:09.131
SNR_VALID blue2 hydrophone 1 snr=30 2026-08-22T00:08:36.658
PATH_VALID blue2 hydrophone 1 2026-08-22T00:08:38.903
PATH_START blue3 hydrophone 2 2026-08-22T00:08:39.458
SNR_VALID blue3 hydrophone 2 snr=0 2026-08-22T00:09:04.995
SNR_VALID blue3 hydrophone 2 snr=2 2026-08-22T00:09:30.422
SNR_VALID blue3 hydrophone 2 snr=4 2026-08-22T00:09:54.551
SNR_VALID blue3 hydrophone 2 snr=6 2026-08-22T00:10:19.227
SNR_VALID blue3 hydrophone 2 snr=8 2026-08-22T00:10:41.868
SNR_VALID blue3 hydrophone 2 snr=10 2026-08-22T00:11:03.318
SNR_VALID blue3 hydrophone 2 snr=12 2026-08-22T00:11:23.435
SNR_VALID blue3 hydrophone 2 snr=14 2026-08-22T00:11:42.776
SNR_VALID blue3 hydrophone 2 snr=16 2026-08-22T00:12:02.374
SNR_VALID blue3 hydrophone 2 snr=18 2026-08-22T00:12:21.534
SNR_VALID blue3 hydrophone 2 snr=20 2026-08-22T00:12:39.934
SNR_VALID blue3 hydrophone 2 snr=22 2026-08-22T00:13:00.446
SNR_VALID blue3 hydrophone 2 snr=24 2026-08-22T00:13:17.391
SNR_VALID blue3 hydrophone 2 snr=26 2026-08-22T00:13:35.934
SNR_VALID blue3 hydrophone 2 snr=28 2026-08-22T00:13:52.808
SNR_VALID blue3 hydrophone 2 snr=30 2026-08-22T00:14:10.259
PATH_VALID blue3 hydrophone 2 2026-08-22T00:14:11.056
PATH_START blue4 hydrophone 3 2026-08-22T00:14:11.556
SNR_VALID blue4 hydrophone 3 snr=0 2026-08-22T00:14:41.963
SNR_VALID blue4 hydrophone 3 snr=2 2026-08-22T00:15:10.683
SNR_VALID blue4 hydrophone 3 snr=4 2026-08-22T00:15:38.697
SNR_VALID blue4 hydrophone 3 snr=6 2026-08-22T00:16:06.235
SNR_VALID blue4 hydrophone 3 snr=8 2026-08-22T00:16:31.474
SNR_VALID blue4 hydrophone 3 snr=10 2026-08-22T00:16:52.658
SNR_VALID blue4 hydrophone 3 snr=12 2026-08-22T00:17:10.821
SNR_VALID blue4 hydrophone 3 snr=14 2026-08-22T00:17:28.649
SNR_VALID blue4 hydrophone 3 snr=16 2026-08-22T00:17:46.013
SNR_VALID blue4 hydrophone 3 snr=18 2026-08-22T00:18:03.374
SNR_VALID blue4 hydrophone 3 snr=20 2026-08-22T00:18:19.551
SNR_VALID blue4 hydrophone 3 snr=22 2026-08-22T00:18:37.747
SNR_VALID blue4 hydrophone 3 snr=24 2026-08-22T00:18:53.523
SNR_VALID blue4 hydrophone 3 snr=26 2026-08-22T00:19:09.890
SNR_VALID blue4 hydrophone 3 snr=28 2026-08-22T00:19:26.158
SNR_VALID blue4 hydrophone 3 snr=30 2026-08-22T00:19:42.649
PATH_VALID blue4 hydrophone 3 2026-08-22T00:19:43.429
N2048_CRC_NO_HARM_COMPUTE_COMPLETE paths=3 2026-08-22T00:19:43.958
