DIRECT18_START paths=3 2026-08-14T22:35:12.065
PATH_START red1 hydrophone 3 2026-08-14T22:35:12.090
SNR_VALID red1 hydrophone 3 snr=0 2026-08-14T22:36:51.923
SNR_VALID red1 hydrophone 3 snr=2 2026-08-14T22:37:20.488
SNR_VALID red1 hydrophone 3 snr=4 2026-08-14T22:37:46.722
SNR_VALID red1 hydrophone 3 snr=6 2026-08-14T22:38:14.730
SNR_VALID red1 hydrophone 3 snr=8 2026-08-14T22:38:41.665
SNR_VALID red1 hydrophone 3 snr=10 2026-08-14T22:39:08.018
SNR_VALID red1 hydrophone 3 snr=12 2026-08-14T22:39:35.553
SNR_VALID red1 hydrophone 3 snr=14 2026-08-14T22:40:00.101
SNR_VALID red1 hydrophone 3 snr=16 2026-08-14T22:40:26.371
SNR_VALID red1 hydrophone 3 snr=18 2026-08-14T22:40:50.340
SNR_VALID red1 hydrophone 3 snr=20 2026-08-14T22:41:14.762
SNR_VALID red1 hydrophone 3 snr=22 2026-08-14T22:41:37.867
SNR_VALID red1 hydrophone 3 snr=24 2026-08-14T22:42:01.774
SNR_VALID red1 hydrophone 3 snr=26 2026-08-14T22:42:25.321
SNR_VALID red1 hydrophone 3 snr=28 2026-08-14T22:42:48.528
SNR_VALID red1 hydrophone 3 snr=30 2026-08-14T22:43:10.814
PATH_VALID red1 hydrophone 3 2026-08-14T22:43:12.731
PATH_START red3 hydrophone 1 2026-08-14T22:43:12.974
SNR_VALID red3 hydrophone 1 snr=0 2026-08-14T22:43:41.965
SNR_VALID red3 hydrophone 1 snr=2 2026-08-14T22:44:09.208
SNR_VALID red3 hydrophone 1 snr=4 2026-08-14T22:44:37.065
SNR_VALID red3 hydrophone 1 snr=6 2026-08-14T22:45:04.005
SNR_VALID red3 hydrophone 1 snr=8 2026-08-14T22:45:31.670
SNR_VALID red3 hydrophone 1 snr=10 2026-08-14T22:45:57.684
SNR_VALID red3 hydrophone 1 snr=12 2026-08-14T22:46:24.306
SNR_VALID red3 hydrophone 1 snr=14 2026-08-14T22:46:50.613
SNR_VALID red3 hydrophone 1 snr=16 2026-08-14T22:47:14.903
SNR_VALID red3 hydrophone 1 snr=18 2026-08-14T22:47:39.510
SNR_VALID red3 hydrophone 1 snr=20 2026-08-14T22:48:04.709
SNR_VALID red3 hydrophone 1 snr=22 2026-08-14T22:48:30.133
SNR_VALID red3 hydrophone 1 snr=24 2026-08-14T22:48:54.827
SNR_VALID red3 hydrophone 1 snr=26 2026-08-14T22:49:18.444
SNR_VALID red3 hydrophone 1 snr=28 2026-08-14T22:49:42.610
SNR_VALID red3 hydrophone 1 snr=30 2026-08-14T22:50:05.336
PATH_VALID red3 hydrophone 1 2026-08-14T22:50:05.528
PATH_START red4 hydrophone 2 2026-08-14T22:50:05.793
SNR_VALID red4 hydrophone 2 snr=0 2026-08-14T22:50:35.159
SNR_VALID red4 hydrophone 2 snr=2 2026-08-14T22:51:05.513
SNR_VALID red4 hydrophone 2 snr=4 2026-08-14T22:51:33.758
SNR_VALID red4 hydrophone 2 snr=6 2026-08-14T22:52:02.349
SNR_VALID red4 hydrophone 2 snr=8 2026-08-14T22:52:30.247
SNR_VALID red4 hydrophone 2 snr=10 2026-08-14T22:52:55.241
SNR_VALID red4 hydrophone 2 snr=12 2026-08-14T22:53:19.406
SNR_VALID red4 hydrophone 2 snr=14 2026-08-14T22:53:45.693
SNR_VALID red4 hydrophone 2 snr=16 2026-08-14T22:54:11.706
SNR_VALID red4 hydrophone 2 snr=18 2026-08-14T22:54:37.997
SNR_VALID red4 hydrophone 2 snr=20 2026-08-14T22:55:05.334
SNR_VALID red4 hydrophone 2 snr=22 2026-08-14T22:55:30.306
SNR_VALID red4 hydrophone 2 snr=24 2026-08-14T22:55:54.793
SNR_VALID red4 hydrophone 2 snr=26 2026-08-14T22:56:19.185
SNR_VALID red4 hydrophone 2 snr=28 2026-08-14T22:56:42.912
SNR_VALID red4 hydrophone 2 snr=30 2026-08-14T22:57:06.312
PATH_VALID red4 hydrophone 2 2026-08-14T22:57:06.486
DIRECT18_COMPUTE_COMPLETE paths=3 2026-08-14T22:57:06.764
