DIRECT18_START paths=3 2026-08-14T22:35:17.969
PATH_START red1 hydrophone 1 2026-08-14T22:35:17.981
SNR_VALID red1 hydrophone 1 snr=0 2026-08-14T22:36:57.676
SNR_VALID red1 hydrophone 1 snr=2 2026-08-14T22:37:26.243
SNR_VALID red1 hydrophone 1 snr=4 2026-08-14T22:37:53.643
SNR_VALID red1 hydrophone 1 snr=6 2026-08-14T22:38:21.293
SNR_VALID red1 hydrophone 1 snr=8 2026-08-14T22:38:48.597
SNR_VALID red1 hydrophone 1 snr=10 2026-08-14T22:39:16.845
SNR_VALID red1 hydrophone 1 snr=12 2026-08-14T22:39:47.027
SNR_VALID red1 hydrophone 1 snr=14 2026-08-14T22:40:13.668
SNR_VALID red1 hydrophone 1 snr=16 2026-08-14T22:40:41.211
SNR_VALID red1 hydrophone 1 snr=18 2026-08-14T22:41:06.996
SNR_VALID red1 hydrophone 1 snr=20 2026-08-14T22:41:31.453
SNR_VALID red1 hydrophone 1 snr=22 2026-08-14T22:41:56.020
SNR_VALID red1 hydrophone 1 snr=24 2026-08-14T22:42:20.648
SNR_VALID red1 hydrophone 1 snr=26 2026-08-14T22:42:45.172
SNR_VALID red1 hydrophone 1 snr=28 2026-08-14T22:43:10.086
SNR_VALID red1 hydrophone 1 snr=30 2026-08-14T22:43:34.793
PATH_VALID red1 hydrophone 1 2026-08-14T22:43:36.515
PATH_START red2 hydrophone 2 2026-08-14T22:43:36.824
SNR_VALID red2 hydrophone 2 snr=0 2026-08-14T22:44:05.506
SNR_VALID red2 hydrophone 2 snr=2 2026-08-14T22:44:34.650
SNR_VALID red2 hydrophone 2 snr=4 2026-08-14T22:45:02.745
SNR_VALID red2 hydrophone 2 snr=6 2026-08-14T22:45:30.936
SNR_VALID red2 hydrophone 2 snr=8 2026-08-14T22:45:57.228
SNR_VALID red2 hydrophone 2 snr=10 2026-08-14T22:46:24.302
SNR_VALID red2 hydrophone 2 snr=12 2026-08-14T22:46:51.326
SNR_VALID red2 hydrophone 2 snr=14 2026-08-14T22:47:17.570
SNR_VALID red2 hydrophone 2 snr=16 2026-08-14T22:47:42.750
SNR_VALID red2 hydrophone 2 snr=18 2026-08-14T22:48:08.765
SNR_VALID red2 hydrophone 2 snr=20 2026-08-14T22:48:34.646
SNR_VALID red2 hydrophone 2 snr=22 2026-08-14T22:48:59.733
SNR_VALID red2 hydrophone 2 snr=24 2026-08-14T22:49:23.638
SNR_VALID red2 hydrophone 2 snr=26 2026-08-14T22:49:48.495
SNR_VALID red2 hydrophone 2 snr=28 2026-08-14T22:50:12.824
SNR_VALID red2 hydrophone 2 snr=30 2026-08-14T22:50:37.095
PATH_VALID red2 hydrophone 2 2026-08-14T22:50:37.264
PATH_START red3 hydrophone 3 2026-08-14T22:50:37.560
SNR_VALID red3 hydrophone 3 snr=0 2026-08-14T22:51:08.830
SNR_VALID red3 hydrophone 3 snr=2 2026-08-14T22:51:37.545
SNR_VALID red3 hydrophone 3 snr=4 2026-08-14T22:52:05.968
SNR_VALID red3 hydrophone 3 snr=6 2026-08-14T22:52:33.651
SNR_VALID red3 hydrophone 3 snr=8 2026-08-14T22:53:01.761
SNR_VALID red3 hydrophone 3 snr=10 2026-08-14T22:53:29.010
SNR_VALID red3 hydrophone 3 snr=12 2026-08-14T22:53:57.118
SNR_VALID red3 hydrophone 3 snr=14 2026-08-14T22:54:24.855
SNR_VALID red3 hydrophone 3 snr=16 2026-08-14T22:54:50.802
SNR_VALID red3 hydrophone 3 snr=18 2026-08-14T22:55:18.320
SNR_VALID red3 hydrophone 3 snr=20 2026-08-14T22:55:41.976
SNR_VALID red3 hydrophone 3 snr=22 2026-08-14T22:56:06.723
SNR_VALID red3 hydrophone 3 snr=24 2026-08-14T22:56:30.573
SNR_VALID red3 hydrophone 3 snr=26 2026-08-14T22:56:54.060
SNR_VALID red3 hydrophone 3 snr=28 2026-08-14T22:57:17.061
SNR_VALID red3 hydrophone 3 snr=30 2026-08-14T22:57:33.425
PATH_VALID red3 hydrophone 3 2026-08-14T22:57:33.498
DIRECT18_COMPUTE_COMPLETE paths=3 2026-08-14T22:57:33.655
