DIRECT18_START paths=3 2026-08-14T22:35:11.214
PATH_START red2 hydrophone 1 2026-08-14T22:35:11.227
SNR_VALID red2 hydrophone 1 snr=0 2026-08-14T22:36:51.742
SNR_VALID red2 hydrophone 1 snr=2 2026-08-14T22:37:20.269
SNR_VALID red2 hydrophone 1 snr=4 2026-08-14T22:37:46.433
SNR_VALID red2 hydrophone 1 snr=6 2026-08-14T22:38:14.402
SNR_VALID red2 hydrophone 1 snr=8 2026-08-14T22:38:41.632
SNR_VALID red2 hydrophone 1 snr=10 2026-08-14T22:39:10.122
SNR_VALID red2 hydrophone 1 snr=12 2026-08-14T22:39:40.778
SNR_VALID red2 hydrophone 1 snr=14 2026-08-14T22:40:08.311
SNR_VALID red2 hydrophone 1 snr=16 2026-08-14T22:40:36.607
SNR_VALID red2 hydrophone 1 snr=18 2026-08-14T22:41:03.773
SNR_VALID red2 hydrophone 1 snr=20 2026-08-14T22:41:29.770
SNR_VALID red2 hydrophone 1 snr=22 2026-08-14T22:41:54.785
SNR_VALID red2 hydrophone 1 snr=24 2026-08-14T22:42:21.330
SNR_VALID red2 hydrophone 1 snr=26 2026-08-14T22:42:47.536
SNR_VALID red2 hydrophone 1 snr=28 2026-08-14T22:43:13.204
SNR_VALID red2 hydrophone 1 snr=30 2026-08-14T22:43:40.219
PATH_VALID red2 hydrophone 1 2026-08-14T22:43:41.279
PATH_START red3 hydrophone 2 2026-08-14T22:43:41.530
SNR_VALID red3 hydrophone 2 snr=0 2026-08-14T22:44:10.798
SNR_VALID red3 hydrophone 2 snr=2 2026-08-14T22:44:38.415
SNR_VALID red3 hydrophone 2 snr=4 2026-08-14T22:45:06.392
SNR_VALID red3 hydrophone 2 snr=6 2026-08-14T22:45:33.649
SNR_VALID red3 hydrophone 2 snr=8 2026-08-14T22:46:00.931
SNR_VALID red3 hydrophone 2 snr=10 2026-08-14T22:46:27.735
SNR_VALID red3 hydrophone 2 snr=12 2026-08-14T22:46:53.246
SNR_VALID red3 hydrophone 2 snr=14 2026-08-14T22:47:17.214
SNR_VALID red3 hydrophone 2 snr=16 2026-08-14T22:47:40.793
SNR_VALID red3 hydrophone 2 snr=18 2026-08-14T22:48:05.384
SNR_VALID red3 hydrophone 2 snr=20 2026-08-14T22:48:30.790
SNR_VALID red3 hydrophone 2 snr=22 2026-08-14T22:48:55.007
SNR_VALID red3 hydrophone 2 snr=24 2026-08-14T22:49:18.184
SNR_VALID red3 hydrophone 2 snr=26 2026-08-14T22:49:41.285
SNR_VALID red3 hydrophone 2 snr=28 2026-08-14T22:50:04.293
SNR_VALID red3 hydrophone 2 snr=30 2026-08-14T22:50:27.492
PATH_VALID red3 hydrophone 2 2026-08-14T22:50:27.602
PATH_START red4 hydrophone 3 2026-08-14T22:50:27.816
SNR_VALID red4 hydrophone 3 snr=0 2026-08-14T22:50:58.420
SNR_VALID red4 hydrophone 3 snr=2 2026-08-14T22:51:27.006
SNR_VALID red4 hydrophone 3 snr=4 2026-08-14T22:51:55.028
SNR_VALID red4 hydrophone 3 snr=6 2026-08-14T22:52:22.231
SNR_VALID red4 hydrophone 3 snr=8 2026-08-14T22:52:49.013
SNR_VALID red4 hydrophone 3 snr=10 2026-08-14T22:53:14.214
SNR_VALID red4 hydrophone 3 snr=12 2026-08-14T22:53:38.995
SNR_VALID red4 hydrophone 3 snr=14 2026-08-14T22:54:04.953
SNR_VALID red4 hydrophone 3 snr=16 2026-08-14T22:54:31.665
SNR_VALID red4 hydrophone 3 snr=18 2026-08-14T22:54:57.838
SNR_VALID red4 hydrophone 3 snr=20 2026-08-14T22:55:22.908
SNR_VALID red4 hydrophone 3 snr=22 2026-08-14T22:55:46.222
SNR_VALID red4 hydrophone 3 snr=24 2026-08-14T22:56:10.177
SNR_VALID red4 hydrophone 3 snr=26 2026-08-14T22:56:33.047
SNR_VALID red4 hydrophone 3 snr=28 2026-08-14T22:56:56.056
SNR_VALID red4 hydrophone 3 snr=30 2026-08-14T22:57:18.045
PATH_VALID red4 hydrophone 3 2026-08-14T22:57:18.189
DIRECT18_COMPUTE_COMPLETE paths=3 2026-08-14T22:57:18.415
