DIRECT18_START paths=3 2026-08-14T22:35:18.035
PATH_START red1 hydrophone 2 2026-08-14T22:35:18.045
SNR_VALID red1 hydrophone 2 snr=0 2026-08-14T22:36:58.461
SNR_VALID red1 hydrophone 2 snr=2 2026-08-14T22:37:26.924
SNR_VALID red1 hydrophone 2 snr=4 2026-08-14T22:37:53.250
SNR_VALID red1 hydrophone 2 snr=6 2026-08-14T22:38:21.466
SNR_VALID red1 hydrophone 2 snr=8 2026-08-14T22:38:48.965
SNR_VALID red1 hydrophone 2 snr=10 2026-08-14T22:39:17.720
SNR_VALID red1 hydrophone 2 snr=12 2026-08-14T22:39:48.704
SNR_VALID red1 hydrophone 2 snr=14 2026-08-14T22:40:15.638
SNR_VALID red1 hydrophone 2 snr=16 2026-08-14T22:40:41.999
SNR_VALID red1 hydrophone 2 snr=18 2026-08-14T22:41:07.216
SNR_VALID red1 hydrophone 2 snr=20 2026-08-14T22:41:30.868
SNR_VALID red1 hydrophone 2 snr=22 2026-08-14T22:41:54.686
SNR_VALID red1 hydrophone 2 snr=24 2026-08-14T22:42:20.087
SNR_VALID red1 hydrophone 2 snr=26 2026-08-14T22:42:43.837
SNR_VALID red1 hydrophone 2 snr=28 2026-08-14T22:43:07.934
SNR_VALID red1 hydrophone 2 snr=30 2026-08-14T22:43:31.825
PATH_VALID red1 hydrophone 2 2026-08-14T22:43:33.213
PATH_START red2 hydrophone 3 2026-08-14T22:43:33.489
SNR_VALID red2 hydrophone 3 snr=0 2026-08-14T22:44:01.563
SNR_VALID red2 hydrophone 3 snr=2 2026-08-14T22:44:32.023
SNR_VALID red2 hydrophone 3 snr=4 2026-08-14T22:44:59.530
SNR_VALID red2 hydrophone 3 snr=6 2026-08-14T22:45:27.707
SNR_VALID red2 hydrophone 3 snr=8 2026-08-14T22:45:54.673
SNR_VALID red2 hydrophone 3 snr=10 2026-08-14T22:46:21.612
SNR_VALID red2 hydrophone 3 snr=12 2026-08-14T22:46:48.182
SNR_VALID red2 hydrophone 3 snr=14 2026-08-14T22:47:13.390
SNR_VALID red2 hydrophone 3 snr=16 2026-08-14T22:47:38.351
SNR_VALID red2 hydrophone 3 snr=18 2026-08-14T22:48:03.696
SNR_VALID red2 hydrophone 3 snr=20 2026-08-14T22:48:29.382
SNR_VALID red2 hydrophone 3 snr=22 2026-08-14T22:48:54.535
SNR_VALID red2 hydrophone 3 snr=24 2026-08-14T22:49:18.207
SNR_VALID red2 hydrophone 3 snr=26 2026-08-14T22:49:42.427
SNR_VALID red2 hydrophone 3 snr=28 2026-08-14T22:50:05.890
SNR_VALID red2 hydrophone 3 snr=30 2026-08-14T22:50:30.003
PATH_VALID red2 hydrophone 3 2026-08-14T22:50:30.208
PATH_START red4 hydrophone 1 2026-08-14T22:50:30.507
SNR_VALID red4 hydrophone 1 snr=0 2026-08-14T22:51:00.596
SNR_VALID red4 hydrophone 1 snr=2 2026-08-14T22:51:29.217
SNR_VALID red4 hydrophone 1 snr=4 2026-08-14T22:51:58.044
SNR_VALID red4 hydrophone 1 snr=6 2026-08-14T22:52:25.382
SNR_VALID red4 hydrophone 1 snr=8 2026-08-14T22:52:51.908
SNR_VALID red4 hydrophone 1 snr=10 2026-08-14T22:53:15.612
SNR_VALID red4 hydrophone 1 snr=12 2026-08-14T22:53:41.258
SNR_VALID red4 hydrophone 1 snr=14 2026-08-14T22:54:07.005
SNR_VALID red4 hydrophone 1 snr=16 2026-08-14T22:54:33.176
SNR_VALID red4 hydrophone 1 snr=18 2026-08-14T22:54:59.975
SNR_VALID red4 hydrophone 1 snr=20 2026-08-14T22:55:25.648
SNR_VALID red4 hydrophone 1 snr=22 2026-08-14T22:55:49.504
SNR_VALID red4 hydrophone 1 snr=24 2026-08-14T22:56:12.951
SNR_VALID red4 hydrophone 1 snr=26 2026-08-14T22:56:36.574
SNR_VALID red4 hydrophone 1 snr=28 2026-08-14T22:57:00.393
SNR_VALID red4 hydrophone 1 snr=30 2026-08-14T22:57:22.755
PATH_VALID red4 hydrophone 1 2026-08-14T22:57:22.847
DIRECT18_COMPUTE_COMPLETE paths=3 2026-08-14T22:57:23.023
