N1024_CRC_NO_HARM_START paths=3 2026-08-13T19:27:47.492
PATH_START blue1 hydrophone 3 2026-08-13T19:27:47.503
SNR_VALID blue1 hydrophone 3 snr=0 2026-08-13T19:29:11.538
SNR_VALID blue1 hydrophone 3 snr=2 2026-08-13T19:29:33.348
SNR_VALID blue1 hydrophone 3 snr=4 2026-08-13T19:29:53.580
SNR_VALID blue1 hydrophone 3 snr=6 2026-08-13T19:30:11.539
SNR_VALID blue1 hydrophone 3 snr=8 2026-08-13T19:30:26.425
SNR_VALID blue1 hydrophone 3 snr=10 2026-08-13T19:30:36.193
SNR_VALID blue1 hydrophone 3 snr=12 2026-08-13T19:30:44.313
SNR_VALID blue1 hydrophone 3 snr=14 2026-08-13T19:30:50.784
SNR_VALID blue1 hydrophone 3 snr=16 2026-08-13T19:30:58.198
SNR_VALID blue1 hydrophone 3 snr=18 2026-08-13T19:31:05.309
SNR_VALID blue1 hydrophone 3 snr=20 2026-08-13T19:31:12.066
SNR_VALID blue1 hydrophone 3 snr=22 2026-08-13T19:31:18.497
SNR_VALID blue1 hydrophone 3 snr=24 2026-08-13T19:31:25.241
SNR_VALID blue1 hydrophone 3 snr=26 2026-08-13T19:31:32.179
SNR_VALID blue1 hydrophone 3 snr=28 2026-08-13T19:31:38.776
SNR_VALID blue1 hydrophone 3 snr=30 2026-08-13T19:31:44.974
PATH_VALID blue1 hydrophone 3 2026-08-13T19:31:48.564
PATH_START blue3 hydrophone 1 2026-08-13T19:31:49.208
SNR_VALID blue3 hydrophone 1 snr=0 2026-08-13T19:32:13.339
SNR_VALID blue3 hydrophone 1 snr=2 2026-08-13T19:32:33.824
SNR_VALID blue3 hydrophone 1 snr=4 2026-08-13T19:32:55.183
SNR_VALID blue3 hydrophone 1 snr=6 2026-08-13T19:33:17.160
SNR_VALID blue3 hydrophone 1 snr=8 2026-08-13T19:33:39.601
SNR_VALID blue3 hydrophone 1 snr=10 2026-08-13T19:34:01.045
SNR_VALID blue3 hydrophone 1 snr=12 2026-08-13T19:34:22.414
SNR_VALID blue3 hydrophone 1 snr=14 2026-08-13T19:34:43.817
SNR_VALID blue3 hydrophone 1 snr=16 2026-08-13T19:35:05.955
SNR_VALID blue3 hydrophone 1 snr=18 2026-08-13T19:35:26.998
SNR_VALID blue3 hydrophone 1 snr=20 2026-08-13T19:35:47.525
SNR_VALID blue3 hydrophone 1 snr=22 2026-08-13T19:36:08.271
SNR_VALID blue3 hydrophone 1 snr=24 2026-08-13T19:36:28.685
SNR_VALID blue3 hydrophone 1 snr=26 2026-08-13T19:36:49.119
SNR_VALID blue3 hydrophone 1 snr=28 2026-08-13T19:37:10.233
SNR_VALID blue3 hydrophone 1 snr=30 2026-08-13T19:37:31.192
PATH_VALID blue3 hydrophone 1 2026-08-13T19:37:32.933
PATH_START blue4 hydrophone 2 2026-08-13T19:37:33.755
SNR_VALID blue4 hydrophone 2 snr=0 2026-08-13T19:37:56.633
SNR_VALID blue4 hydrophone 2 snr=2 2026-08-13T19:38:17.578
SNR_VALID blue4 hydrophone 2 snr=4 2026-08-13T19:38:39.856
SNR_VALID blue4 hydrophone 2 snr=6 2026-08-13T19:39:01.131
SNR_VALID blue4 hydrophone 2 snr=8 2026-08-13T19:39:22.778
SNR_VALID blue4 hydrophone 2 snr=10 2026-08-13T19:39:42.896
SNR_VALID blue4 hydrophone 2 snr=12 2026-08-13T19:40:03.987
SNR_VALID blue4 hydrophone 2 snr=14 2026-08-13T19:40:24.733
SNR_VALID blue4 hydrophone 2 snr=16 2026-08-13T19:40:45.478
SNR_VALID blue4 hydrophone 2 snr=18 2026-08-13T19:41:06.556
SNR_VALID blue4 hydrophone 2 snr=20 2026-08-13T19:41:27.717
SNR_VALID blue4 hydrophone 2 snr=22 2026-08-13T19:41:48.548
SNR_VALID blue4 hydrophone 2 snr=24 2026-08-13T19:42:09.393
SNR_VALID blue4 hydrophone 2 snr=26 2026-08-13T19:42:30.264
SNR_VALID blue4 hydrophone 2 snr=28 2026-08-13T19:42:51.844
SNR_VALID blue4 hydrophone 2 snr=30 2026-08-13T19:43:12.714
PATH_VALID blue4 hydrophone 2 2026-08-13T19:43:13.671
N1024_CRC_NO_HARM_COMPUTE_COMPLETE paths=3 2026-08-13T19:43:14.278
N1024_CRC_NO_HARM_START paths=3 2026-08-15T07:43:26.195
PATH_START blue1 hydrophone 3 2026-08-15T07:43:26.227
SNR_VALID blue1 hydrophone 3 snr=0 2026-08-15T07:45:06.574
SNR_VALID blue1 hydrophone 3 snr=2 2026-08-15T07:45:38.139
SNR_VALID blue1 hydrophone 3 snr=4 2026-08-15T07:46:07.897
SNR_VALID blue1 hydrophone 3 snr=6 2026-08-15T07:46:36.083
SNR_VALID blue1 hydrophone 3 snr=8 2026-08-15T07:46:58.791
SNR_VALID blue1 hydrophone 3 snr=10 2026-08-15T07:47:17.519
SNR_VALID blue1 hydrophone 3 snr=12 2026-08-15T07:47:31.091
SNR_VALID blue1 hydrophone 3 snr=14 2026-08-15T07:47:45.739
SNR_VALID blue1 hydrophone 3 snr=16 2026-08-15T07:48:00.938
SNR_VALID blue1 hydrophone 3 snr=18 2026-08-15T07:48:15.040
SNR_VALID blue1 hydrophone 3 snr=20 2026-08-15T07:48:28.501
SNR_VALID blue1 hydrophone 3 snr=22 2026-08-15T07:48:42.326
SNR_VALID blue1 hydrophone 3 snr=24 2026-08-15T07:48:55.387
SNR_VALID blue1 hydrophone 3 snr=26 2026-08-15T07:49:09.756
SNR_VALID blue1 hydrophone 3 snr=28 2026-08-15T07:49:23.074
SNR_VALID blue1 hydrophone 3 snr=30 2026-08-15T07:49:37.355
PATH_VALID blue1 hydrophone 3 2026-08-15T07:49:41.974
PATH_START blue3 hydrophone 1 2026-08-15T07:49:42.619
SNR_VALID blue3 hydrophone 1 snr=0 2026-08-15T07:50:15.191
SNR_VALID blue3 hydrophone 1 snr=2 2026-08-15T07:50:46.719
SNR_VALID blue3 hydrophone 1 snr=4 2026-08-15T07:51:18.417
SNR_VALID blue3 hydrophone 1 snr=6 2026-08-15T07:51:50.066
SNR_VALID blue3 hydrophone 1 snr=8 2026-08-15T07:52:21.423
SNR_VALID blue3 hydrophone 1 snr=10 2026-08-15T07:52:51.449
SNR_VALID blue3 hydrophone 1 snr=12 2026-08-15T07:53:22.768
SNR_VALID blue3 hydrophone 1 snr=14 2026-08-15T07:53:53.730
SNR_VALID blue3 hydrophone 1 snr=16 2026-08-15T07:54:24.584
SNR_VALID blue3 hydrophone 1 snr=18 2026-08-15T07:54:56.300
SNR_VALID blue3 hydrophone 1 snr=20 2026-08-15T07:55:27.849
SNR_VALID blue3 hydrophone 1 snr=22 2026-08-15T07:55:57.800
SNR_VALID blue3 hydrophone 1 snr=24 2026-08-15T07:56:29.850
SNR_VALID blue3 hydrophone 1 snr=26 2026-08-15T07:57:00.010
SNR_VALID blue3 hydrophone 1 snr=28 2026-08-15T07:57:31.600
SNR_VALID blue3 hydrophone 1 snr=30 2026-08-15T07:58:02.935
PATH_VALID blue3 hydrophone 1 2026-08-15T07:58:03.970
PATH_START blue4 hydrophone 2 2026-08-15T07:58:04.635
SNR_VALID blue4 hydrophone 2 snr=0 2026-08-15T07:58:37.526
SNR_VALID blue4 hydrophone 2 snr=2 2026-08-15T07:59:10.727
SNR_VALID blue4 hydrophone 2 snr=4 2026-08-15T07:59:41.652
SNR_VALID blue4 hydrophone 2 snr=6 2026-08-15T08:00:12.707
SNR_VALID blue4 hydrophone 2 snr=8 2026-08-15T08:00:45.372
SNR_VALID blue4 hydrophone 2 snr=10 2026-08-15T08:01:17.532
SNR_VALID blue4 hydrophone 2 snr=12 2026-08-15T08:01:51.114
SNR_VALID blue4 hydrophone 2 snr=14 2026-08-15T08:02:28.756
SNR_VALID blue4 hydrophone 2 snr=16 2026-08-15T08:03:03.690
SNR_VALID blue4 hydrophone 2 snr=18 2026-08-15T08:03:39.613
SNR_VALID blue4 hydrophone 2 snr=20 2026-08-15T08:04:18.436
SNR_VALID blue4 hydrophone 2 snr=22 2026-08-15T08:04:58.525
SNR_VALID blue4 hydrophone 2 snr=24 2026-08-15T08:05:36.781
SNR_VALID blue4 hydrophone 2 snr=26 2026-08-15T08:06:11.878
SNR_VALID blue4 hydrophone 2 snr=28 2026-08-15T08:06:47.381
SNR_VALID blue4 hydrophone 2 snr=30 2026-08-15T08:07:21.906
PATH_VALID blue4 hydrophone 2 2026-08-15T08:07:24.456
N1024_CRC_NO_HARM_COMPUTE_COMPLETE paths=3 2026-08-15T08:07:25.260
