N1024_CRC_NO_HARM_START paths=3 2026-08-13T19:27:47.352
PATH_START blue1 hydrophone 1 2026-08-13T19:27:47.362
SNR_VALID blue1 hydrophone 1 snr=0 2026-08-13T19:29:12.585
SNR_VALID blue1 hydrophone 1 snr=2 2026-08-13T19:29:33.557
SNR_VALID blue1 hydrophone 1 snr=4 2026-08-13T19:29:54.067
SNR_VALID blue1 hydrophone 1 snr=6 2026-08-13T19:30:14.367
SNR_VALID blue1 hydrophone 1 snr=8 2026-08-13T19:30:32.992
SNR_VALID blue1 hydrophone 1 snr=10 2026-08-13T19:30:46.425
SNR_VALID blue1 hydrophone 1 snr=12 2026-08-13T19:30:56.141
SNR_VALID blue1 hydrophone 1 snr=14 2026-08-13T19:31:04.590
SNR_VALID blue1 hydrophone 1 snr=16 2026-08-13T19:31:11.867
SNR_VALID blue1 hydrophone 1 snr=18 2026-08-13T19:31:17.996
SNR_VALID blue1 hydrophone 1 snr=20 2026-08-13T19:31:26.077
SNR_VALID blue1 hydrophone 1 snr=22 2026-08-13T19:31:32.455
SNR_VALID blue1 hydrophone 1 snr=24 2026-08-13T19:31:39.545
SNR_VALID blue1 hydrophone 1 snr=26 2026-08-13T19:31:44.983
SNR_VALID blue1 hydrophone 1 snr=28 2026-08-13T19:31:51.999
SNR_VALID blue1 hydrophone 1 snr=30 2026-08-13T19:31:58.736
PATH_VALID blue1 hydrophone 1 2026-08-13T19:32:02.186
PATH_START blue2 hydrophone 2 2026-08-13T19:32:02.960
SNR_VALID blue2 hydrophone 2 snr=0 2026-08-13T19:32:25.220
SNR_VALID blue2 hydrophone 2 snr=2 2026-08-13T19:32:46.482
SNR_VALID blue2 hydrophone 2 snr=4 2026-08-13T19:33:07.911
SNR_VALID blue2 hydrophone 2 snr=6 2026-08-13T19:33:30.288
SNR_VALID blue2 hydrophone 2 snr=8 2026-08-13T19:33:52.979
SNR_VALID blue2 hydrophone 2 snr=10 2026-08-13T19:34:13.699
SNR_VALID blue2 hydrophone 2 snr=12 2026-08-13T19:34:35.512
SNR_VALID blue2 hydrophone 2 snr=14 2026-08-13T19:34:57.442
SNR_VALID blue2 hydrophone 2 snr=16 2026-08-13T19:35:18.956
SNR_VALID blue2 hydrophone 2 snr=18 2026-08-13T19:35:39.604
SNR_VALID blue2 hydrophone 2 snr=20 2026-08-13T19:36:00.385
SNR_VALID blue2 hydrophone 2 snr=22 2026-08-13T19:36:20.647
SNR_VALID blue2 hydrophone 2 snr=24 2026-08-13T19:36:41.100
SNR_VALID blue2 hydrophone 2 snr=26 2026-08-13T19:37:01.670
SNR_VALID blue2 hydrophone 2 snr=28 2026-08-13T19:37:22.662
SNR_VALID blue2 hydrophone 2 snr=30 2026-08-13T19:37:43.797
PATH_VALID blue2 hydrophone 2 2026-08-13T19:37:44.605
PATH_START blue3 hydrophone 3 2026-08-13T19:37:45.142
SNR_VALID blue3 hydrophone 3 snr=0 2026-08-13T19:38:07.538
SNR_VALID blue3 hydrophone 3 snr=2 2026-08-13T19:38:29.038
SNR_VALID blue3 hydrophone 3 snr=4 2026-08-13T19:38:50.900
SNR_VALID blue3 hydrophone 3 snr=6 2026-08-13T19:39:11.624
SNR_VALID blue3 hydrophone 3 snr=8 2026-08-13T19:39:32.225
SNR_VALID blue3 hydrophone 3 snr=10 2026-08-13T19:39:53.381
SNR_VALID blue3 hydrophone 3 snr=12 2026-08-13T19:40:14.279
SNR_VALID blue3 hydrophone 3 snr=14 2026-08-13T19:40:35.917
SNR_VALID blue3 hydrophone 3 snr=16 2026-08-13T19:40:56.973
SNR_VALID blue3 hydrophone 3 snr=18 2026-08-13T19:41:17.966
SNR_VALID blue3 hydrophone 3 snr=20 2026-08-13T19:41:39.440
SNR_VALID blue3 hydrophone 3 snr=22 2026-08-13T19:41:59.936
SNR_VALID blue3 hydrophone 3 snr=24 2026-08-13T19:42:20.881
SNR_VALID blue3 hydrophone 3 snr=26 2026-08-13T19:42:41.502
SNR_VALID blue3 hydrophone 3 snr=28 2026-08-13T19:43:02.674
SNR_VALID blue3 hydrophone 3 snr=30 2026-08-13T19:43:22.209
PATH_VALID blue3 hydrophone 3 2026-08-13T19:43:23.399
N1024_CRC_NO_HARM_COMPUTE_COMPLETE paths=3 2026-08-13T19:43:24.220
N1024_CRC_NO_HARM_START paths=3 2026-08-15T07:43:26.547
PATH_START blue1 hydrophone 1 2026-08-15T07:43:26.569
SNR_VALID blue1 hydrophone 1 snr=0 2026-08-15T07:45:09.013
SNR_VALID blue1 hydrophone 1 snr=2 2026-08-15T07:45:41
SNR_VALID blue1 hydrophone 1 snr=4 2026-08-15T07:46:10.196
SNR_VALID blue1 hydrophone 1 snr=6 2026-08-15T07:46:40.150
SNR_VALID blue1 hydrophone 1 snr=8 2026-08-15T07:47:09.170
SNR_VALID blue1 hydrophone 1 snr=10 2026-08-15T07:47:30.010
SNR_VALID blue1 hydrophone 1 snr=12 2026-08-15T07:47:47.608
SNR_VALID blue1 hydrophone 1 snr=14 2026-08-15T07:48:02.900
SNR_VALID blue1 hydrophone 1 snr=16 2026-08-15T07:48:17.540
SNR_VALID blue1 hydrophone 1 snr=18 2026-08-15T07:48:31.269
SNR_VALID blue1 hydrophone 1 snr=20 2026-08-15T07:48:44.897
SNR_VALID blue1 hydrophone 1 snr=22 2026-08-15T07:48:58.446
SNR_VALID blue1 hydrophone 1 snr=24 2026-08-15T07:49:12.462
SNR_VALID blue1 hydrophone 1 snr=26 2026-08-15T07:49:26.292
SNR_VALID blue1 hydrophone 1 snr=28 2026-08-15T07:49:39.114
SNR_VALID blue1 hydrophone 1 snr=30 2026-08-15T07:49:53.393
PATH_VALID blue1 hydrophone 1 2026-08-15T07:49:57.696
PATH_START blue2 hydrophone 2 2026-08-15T07:49:58.630
SNR_VALID blue2 hydrophone 2 snr=0 2026-08-15T07:50:30.524
SNR_VALID blue2 hydrophone 2 snr=2 2026-08-15T07:51:02.298
SNR_VALID blue2 hydrophone 2 snr=4 2026-08-15T07:51:34.223
SNR_VALID blue2 hydrophone 2 snr=6 2026-08-15T07:52:04.711
SNR_VALID blue2 hydrophone 2 snr=8 2026-08-15T07:52:35.402
SNR_VALID blue2 hydrophone 2 snr=10 2026-08-15T07:53:06.870
SNR_VALID blue2 hydrophone 2 snr=12 2026-08-15T07:53:36.678
SNR_VALID blue2 hydrophone 2 snr=14 2026-08-15T07:54:07.705
SNR_VALID blue2 hydrophone 2 snr=16 2026-08-15T07:54:38.334
SNR_VALID blue2 hydrophone 2 snr=18 2026-08-15T07:55:10.638
SNR_VALID blue2 hydrophone 2 snr=20 2026-08-15T07:55:40.291
SNR_VALID blue2 hydrophone 2 snr=22 2026-08-15T07:56:10.593
SNR_VALID blue2 hydrophone 2 snr=24 2026-08-15T07:56:41.412
SNR_VALID blue2 hydrophone 2 snr=26 2026-08-15T07:57:11.560
SNR_VALID blue2 hydrophone 2 snr=28 2026-08-15T07:57:43.426
SNR_VALID blue2 hydrophone 2 snr=30 2026-08-15T07:58:15.080
PATH_VALID blue2 hydrophone 2 2026-08-15T07:58:16.356
PATH_START blue3 hydrophone 3 2026-08-15T07:58:17.190
SNR_VALID blue3 hydrophone 3 snr=0 2026-08-15T07:58:49.581
SNR_VALID blue3 hydrophone 3 snr=2 2026-08-15T07:59:21.698
SNR_VALID blue3 hydrophone 3 snr=4 2026-08-15T07:59:52.184
SNR_VALID blue3 hydrophone 3 snr=6 2026-08-15T08:00:23.176
SNR_VALID blue3 hydrophone 3 snr=8 2026-08-15T08:00:55.381
SNR_VALID blue3 hydrophone 3 snr=10 2026-08-15T08:01:28.929
SNR_VALID blue3 hydrophone 3 snr=12 2026-08-15T08:02:03.992
SNR_VALID blue3 hydrophone 3 snr=14 2026-08-15T08:02:40.337
SNR_VALID blue3 hydrophone 3 snr=16 2026-08-15T08:03:14.285
SNR_VALID blue3 hydrophone 3 snr=18 2026-08-15T08:03:51.202
SNR_VALID blue3 hydrophone 3 snr=20 2026-08-15T08:04:29.582
SNR_VALID blue3 hydrophone 3 snr=22 2026-08-15T08:05:07.487
SNR_VALID blue3 hydrophone 3 snr=24 2026-08-15T08:05:47.485
SNR_VALID blue3 hydrophone 3 snr=26 2026-08-15T08:06:21.202
SNR_VALID blue3 hydrophone 3 snr=28 2026-08-15T08:06:55.027
SNR_VALID blue3 hydrophone 3 snr=30 2026-08-15T08:07:31.716
PATH_VALID blue3 hydrophone 3 2026-08-15T08:07:34.107
N1024_CRC_NO_HARM_COMPUTE_COMPLETE paths=3 2026-08-15T08:07:34.629
