N512_CRC_NO_HARM_START paths=3 2026-08-13T19:47:20.639
PATH_START blue1 hydrophone 1 2026-08-13T19:47:20.652
SNR_VALID blue1 hydrophone 1 snr=0 2026-08-13T19:48:41.153
SNR_VALID blue1 hydrophone 1 snr=2 2026-08-13T19:49:02.423
SNR_VALID blue1 hydrophone 1 snr=4 2026-08-13T19:49:23.550
SNR_VALID blue1 hydrophone 1 snr=6 2026-08-13T19:49:44.233
SNR_VALID blue1 hydrophone 1 snr=8 2026-08-13T19:50:04.938
SNR_VALID blue1 hydrophone 1 snr=10 2026-08-13T19:50:24.483
SNR_VALID blue1 hydrophone 1 snr=12 2026-08-13T19:50:40.339
SNR_VALID blue1 hydrophone 1 snr=14 2026-08-13T19:50:54.928
SNR_VALID blue1 hydrophone 1 snr=16 2026-08-13T19:51:06.982
SNR_VALID blue1 hydrophone 1 snr=18 2026-08-13T19:51:18.856
SNR_VALID blue1 hydrophone 1 snr=20 2026-08-13T19:51:30.680
SNR_VALID blue1 hydrophone 1 snr=22 2026-08-13T19:51:41.480
SNR_VALID blue1 hydrophone 1 snr=24 2026-08-13T19:51:52.888
SNR_VALID blue1 hydrophone 1 snr=26 2026-08-13T19:52:03.535
SNR_VALID blue1 hydrophone 1 snr=28 2026-08-13T19:52:14.747
SNR_VALID blue1 hydrophone 1 snr=30 2026-08-13T19:52:25.311
PATH_VALID blue1 hydrophone 1 2026-08-13T19:52:28.998
PATH_START blue2 hydrophone 2 2026-08-13T19:52:29.620
SNR_VALID blue2 hydrophone 2 snr=0 2026-08-13T19:52:51.910
SNR_VALID blue2 hydrophone 2 snr=2 2026-08-13T19:53:13.267
SNR_VALID blue2 hydrophone 2 snr=4 2026-08-13T19:53:34.937
SNR_VALID blue2 hydrophone 2 snr=6 2026-08-13T19:53:56.252
SNR_VALID blue2 hydrophone 2 snr=8 2026-08-13T19:54:17.963
SNR_VALID blue2 hydrophone 2 snr=10 2026-08-13T19:54:38.891
SNR_VALID blue2 hydrophone 2 snr=12 2026-08-13T19:55:00.633
SNR_VALID blue2 hydrophone 2 snr=14 2026-08-13T19:55:20.926
SNR_VALID blue2 hydrophone 2 snr=16 2026-08-13T19:55:42.206
SNR_VALID blue2 hydrophone 2 snr=18 2026-08-13T19:56:02.989
SNR_VALID blue2 hydrophone 2 snr=20 2026-08-13T19:56:24.274
SNR_VALID blue2 hydrophone 2 snr=22 2026-08-13T19:56:45.632
SNR_VALID blue2 hydrophone 2 snr=24 2026-08-13T19:57:07.723
SNR_VALID blue2 hydrophone 2 snr=26 2026-08-13T19:57:28.601
SNR_VALID blue2 hydrophone 2 snr=28 2026-08-13T19:57:49.980
SNR_VALID blue2 hydrophone 2 snr=30 2026-08-13T19:58:12.215
PATH_VALID blue2 hydrophone 2 2026-08-13T19:58:13.009
PATH_START blue3 hydrophone 3 2026-08-13T19:58:13.615
SNR_VALID blue3 hydrophone 3 snr=0 2026-08-13T19:58:39.951
SNR_VALID blue3 hydrophone 3 snr=2 2026-08-13T19:59:03.588
SNR_VALID blue3 hydrophone 3 snr=4 2026-08-13T19:59:26.461
SNR_VALID blue3 hydrophone 3 snr=6 2026-08-13T19:59:49.109
SNR_VALID blue3 hydrophone 3 snr=8 2026-08-13T20:00:11.670
SNR_VALID blue3 hydrophone 3 snr=10 2026-08-13T20:00:33.805
SNR_VALID blue3 hydrophone 3 snr=12 2026-08-13T20:00:55.046
SNR_VALID blue3 hydrophone 3 snr=14 2026-08-13T20:01:16.534
SNR_VALID blue3 hydrophone 3 snr=16 2026-08-13T20:01:38.635
SNR_VALID blue3 hydrophone 3 snr=18 2026-08-13T20:01:59.990
SNR_VALID blue3 hydrophone 3 snr=20 2026-08-13T20:02:21.851
SNR_VALID blue3 hydrophone 3 snr=22 2026-08-13T20:02:43.483
SNR_VALID blue3 hydrophone 3 snr=24 2026-08-13T20:03:05.072
SNR_VALID blue3 hydrophone 3 snr=26 2026-08-13T20:03:27.177
SNR_VALID blue3 hydrophone 3 snr=28 2026-08-13T20:03:48.664
SNR_VALID blue3 hydrophone 3 snr=30 2026-08-13T20:04:08.514
PATH_VALID blue3 hydrophone 3 2026-08-13T20:04:09.140
N512_CRC_NO_HARM_COMPUTE_COMPLETE paths=3 2026-08-13T20:04:09.566
N512_CRC_NO_HARM_START paths=3 2026-08-15T08:13:07.686
PATH_START blue1 hydrophone 1 2026-08-15T08:13:07.718
SNR_VALID blue1 hydrophone 1 snr=0 2026-08-15T08:14:55.729
SNR_VALID blue1 hydrophone 1 snr=2 2026-08-15T08:15:27.162
SNR_VALID blue1 hydrophone 1 snr=4 2026-08-15T08:15:59.392
SNR_VALID blue1 hydrophone 1 snr=6 2026-08-15T08:16:32.034
SNR_VALID blue1 hydrophone 1 snr=8 2026-08-15T08:17:05.171
SNR_VALID blue1 hydrophone 1 snr=10 2026-08-15T08:17:34.542
SNR_VALID blue1 hydrophone 1 snr=12 2026-08-15T08:17:59.985
SNR_VALID blue1 hydrophone 1 snr=14 2026-08-15T08:18:22.975
SNR_VALID blue1 hydrophone 1 snr=16 2026-08-15T08:18:43.963
SNR_VALID blue1 hydrophone 1 snr=18 2026-08-15T08:19:03.487
SNR_VALID blue1 hydrophone 1 snr=20 2026-08-15T08:19:23.456
SNR_VALID blue1 hydrophone 1 snr=22 2026-08-15T08:19:42.944
SNR_VALID blue1 hydrophone 1 snr=24 2026-08-15T08:20:01.529
SNR_VALID blue1 hydrophone 1 snr=26 2026-08-15T08:20:21.317
SNR_VALID blue1 hydrophone 1 snr=28 2026-08-15T08:20:39.673
SNR_VALID blue1 hydrophone 1 snr=30 2026-08-15T08:20:59.297
PATH_VALID blue1 hydrophone 1 2026-08-15T08:21:03.932
PATH_START blue2 hydrophone 2 2026-08-15T08:21:04.564
SNR_VALID blue2 hydrophone 2 snr=0 2026-08-15T08:21:39.179
SNR_VALID blue2 hydrophone 2 snr=2 2026-08-15T08:22:11.289
SNR_VALID blue2 hydrophone 2 snr=4 2026-08-15T08:22:44.536
SNR_VALID blue2 hydrophone 2 snr=6 2026-08-15T08:23:15.509
SNR_VALID blue2 hydrophone 2 snr=8 2026-08-15T08:23:47.788
SNR_VALID blue2 hydrophone 2 snr=10 2026-08-15T08:24:20.012
SNR_VALID blue2 hydrophone 2 snr=12 2026-08-15T08:24:51.377
SNR_VALID blue2 hydrophone 2 snr=14 2026-08-15T08:25:23.589
SNR_VALID blue2 hydrophone 2 snr=16 2026-08-15T08:25:57.192
SNR_VALID blue2 hydrophone 2 snr=18 2026-08-15T08:26:29.739
SNR_VALID blue2 hydrophone 2 snr=20 2026-08-15T08:27:08.170
SNR_VALID blue2 hydrophone 2 snr=22 2026-08-15T08:27:40.468
SNR_VALID blue2 hydrophone 2 snr=24 2026-08-15T08:28:11.483
SNR_VALID blue2 hydrophone 2 snr=26 2026-08-15T08:28:43.599
SNR_VALID blue2 hydrophone 2 snr=28 2026-08-15T08:29:15.452
SNR_VALID blue2 hydrophone 2 snr=30 2026-08-15T08:29:47.778
PATH_VALID blue2 hydrophone 2 2026-08-15T08:29:48.783
PATH_START blue3 hydrophone 3 2026-08-15T08:29:49.453
SNR_VALID blue3 hydrophone 3 snr=0 2026-08-15T08:30:22.876
SNR_VALID blue3 hydrophone 3 snr=2 2026-08-15T08:30:57.589
SNR_VALID blue3 hydrophone 3 snr=4 2026-08-15T08:31:30.651
SNR_VALID blue3 hydrophone 3 snr=6 2026-08-15T08:32:01.270
SNR_VALID blue3 hydrophone 3 snr=8 2026-08-15T08:32:31.692
SNR_VALID blue3 hydrophone 3 snr=10 2026-08-15T08:33:04.969
SNR_VALID blue3 hydrophone 3 snr=12 2026-08-15T08:33:38.221
SNR_VALID blue3 hydrophone 3 snr=14 2026-08-15T08:34:10.064
SNR_VALID blue3 hydrophone 3 snr=16 2026-08-15T08:34:41.274
SNR_VALID blue3 hydrophone 3 snr=18 2026-08-15T08:35:18.645
SNR_VALID blue3 hydrophone 3 snr=20 2026-08-15T08:35:52.859
SNR_VALID blue3 hydrophone 3 snr=22 2026-08-15T08:36:24.853
SNR_VALID blue3 hydrophone 3 snr=24 2026-08-15T08:36:57.283
SNR_VALID blue3 hydrophone 3 snr=26 2026-08-15T08:37:27.805
SNR_VALID blue3 hydrophone 3 snr=28 2026-08-15T08:37:58.694
SNR_VALID blue3 hydrophone 3 snr=30 2026-08-15T08:38:27.931
PATH_VALID blue3 hydrophone 3 2026-08-15T08:38:28.610
N512_CRC_NO_HARM_COMPUTE_COMPLETE paths=3 2026-08-15T08:38:29.045
