N512_CRC_NO_HARM_START paths=3 2026-08-15T08:13:07.686
PATH_START blue1 hydrophone 1 2026-08-15T08:13:07.718
SNR_VALID blue1 hydrophone 1 snr=0 2026-08-15T08:14:55.729
SNR_VALID blue1 hydrophone 1 snr=2 2026-08-15T08:15:27.162
SNR_VALID blue1 hydrophone 1 snr=4 2026-08-15T08:15:59.392
SNR_VALID blue1 hydrophone 1 snr=6 2026-08-15T08:16:32.034
SNR_VALID blue1 hydrophone 1 snr=8 2026-08-15T08:17:05.171
SNR_VALID blue1 hydrophone 1 snr=10 2026-08-15T08:17:34.542
SNR_VALID blue1 hydrophone 1 snr=12 2026-08-15T08:17:59.985
SNR_VALID blue1 hydrophone 1 snr=14 2026-08-15T08:18:22.975
SNR_VALID blue1 hydrophone 1 snr=16 2026-08-15T08:18:43.963
SNR_VALID blue1 hydrophone 1 snr=18 2026-08-15T08:19:03.487
SNR_VALID blue1 hydrophone 1 snr=20 2026-08-15T08:19:23.456
SNR_VALID blue1 hydrophone 1 snr=22 2026-08-15T08:19:42.944
SNR_VALID blue1 hydrophone 1 snr=24 2026-08-15T08:20:01.529
SNR_VALID blue1 hydrophone 1 snr=26 2026-08-15T08:20:21.317
SNR_VALID blue1 hydrophone 1 snr=28 2026-08-15T08:20:39.673
SNR_VALID blue1 hydrophone 1 snr=30 2026-08-15T08:20:59.297
PATH_VALID blue1 hydrophone 1 2026-08-15T08:21:03.932
PATH_START blue2 hydrophone 2 2026-08-15T08:21:04.564
SNR_VALID blue2 hydrophone 2 snr=0 2026-08-15T08:21:39.179
SNR_VALID blue2 hydrophone 2 snr=2 2026-08-15T08:22:11.289
SNR_VALID blue2 hydrophone 2 snr=4 2026-08-15T08:22:44.536
SNR_VALID blue2 hydrophone 2 snr=6 2026-08-15T08:23:15.509
SNR_VALID blue2 hydrophone 2 snr=8 2026-08-15T08:23:47.788
SNR_VALID blue2 hydrophone 2 snr=10 2026-08-15T08:24:20.012
SNR_VALID blue2 hydrophone 2 snr=12 2026-08-15T08:24:51.377
SNR_VALID blue2 hydrophone 2 snr=14 2026-08-15T08:25:23.589
SNR_VALID blue2 hydrophone 2 snr=16 2026-08-15T08:25:57.192
SNR_VALID blue2 hydrophone 2 snr=18 2026-08-15T08:26:29.739
SNR_VALID blue2 hydrophone 2 snr=20 2026-08-15T08:27:08.170
SNR_VALID blue2 hydrophone 2 snr=22 2026-08-15T08:27:40.468
SNR_VALID blue2 hydrophone 2 snr=24 2026-08-15T08:28:11.483
SNR_VALID blue2 hydrophone 2 snr=26 2026-08-15T08:28:43.599
SNR_VALID blue2 hydrophone 2 snr=28 2026-08-15T08:29:15.452
SNR_VALID blue2 hydrophone 2 snr=30 2026-08-15T08:29:47.778
PATH_VALID blue2 hydrophone 2 2026-08-15T08:29:48.783
PATH_START blue3 hydrophone 3 2026-08-15T08:29:49.453
SNR_VALID blue3 hydrophone 3 snr=0 2026-08-15T08:30:22.876
SNR_VALID blue3 hydrophone 3 snr=2 2026-08-15T08:30:57.589
SNR_VALID blue3 hydrophone 3 snr=4 2026-08-15T08:31:30.651
SNR_VALID blue3 hydrophone 3 snr=6 2026-08-15T08:32:01.270
SNR_VALID blue3 hydrophone 3 snr=8 2026-08-15T08:32:31.692
SNR_VALID blue3 hydrophone 3 snr=10 2026-08-15T08:33:04.969
SNR_VALID blue3 hydrophone 3 snr=12 2026-08-15T08:33:38.221
SNR_VALID blue3 hydrophone 3 snr=14 2026-08-15T08:34:10.064
SNR_VALID blue3 hydrophone 3 snr=16 2026-08-15T08:34:41.274
SNR_VALID blue3 hydrophone 3 snr=18 2026-08-15T08:35:18.645
SNR_VALID blue3 hydrophone 3 snr=20 2026-08-15T08:35:52.859
SNR_VALID blue3 hydrophone 3 snr=22 2026-08-15T08:36:24.853
SNR_VALID blue3 hydrophone 3 snr=24 2026-08-15T08:36:57.283
SNR_VALID blue3 hydrophone 3 snr=26 2026-08-15T08:37:27.805
SNR_VALID blue3 hydrophone 3 snr=28 2026-08-15T08:37:58.694
SNR_VALID blue3 hydrophone 3 snr=30 2026-08-15T08:38:27.931
PATH_VALID blue3 hydrophone 3 2026-08-15T08:38:28.610
N512_CRC_NO_HARM_COMPUTE_COMPLETE paths=3 2026-08-15T08:38:29.045
