N1536_CRC_NO_HARM_START paths=3 2026-08-11T11:08:17.044
PATH_START red1 hydrophone 1 2026-08-11T11:08:17.054
SNR_VALID red1 hydrophone 1 snr=0 2026-08-11T11:10:25.431
SNR_VALID red1 hydrophone 1 snr=2 2026-08-11T11:11:28.192
SNR_VALID red1 hydrophone 1 snr=4 2026-08-11T11:12:28.126
SNR_VALID red1 hydrophone 1 snr=6 2026-08-11T11:13:29.012
SNR_VALID red1 hydrophone 1 snr=8 2026-08-11T11:14:30.492
SNR_VALID red1 hydrophone 1 snr=10 2026-08-11T11:15:28.428
SNR_VALID red1 hydrophone 1 snr=12 2026-08-11T11:16:24.887
SNR_VALID red1 hydrophone 1 snr=14 2026-08-11T11:17:11.463
SNR_VALID red1 hydrophone 1 snr=16 2026-08-11T11:17:57.009
SNR_VALID red1 hydrophone 1 snr=18 2026-08-11T11:18:33.291
SNR_VALID red1 hydrophone 1 snr=20 2026-08-11T11:19:07.786
SNR_VALID red1 hydrophone 1 snr=22 2026-08-11T11:19:39.983
SNR_VALID red1 hydrophone 1 snr=24 2026-08-11T11:20:10.278
SNR_VALID red1 hydrophone 1 snr=26 2026-08-11T11:20:43.185
SNR_VALID red1 hydrophone 1 snr=28 2026-08-11T11:21:15.050
SNR_VALID red1 hydrophone 1 snr=30 2026-08-11T11:21:45.361
PATH_VALID red1 hydrophone 1 2026-08-11T11:21:49.853
PATH_START red2 hydrophone 2 2026-08-11T11:21:50.875
SNR_VALID red2 hydrophone 2 snr=0 2026-08-11T11:22:57.203
SNR_VALID red2 hydrophone 2 snr=2 2026-08-11T11:24:02.925
SNR_VALID red2 hydrophone 2 snr=4 2026-08-11T11:25:12.419
SNR_VALID red2 hydrophone 2 snr=6 2026-08-11T11:26:16.981
SNR_VALID red2 hydrophone 2 snr=8 2026-08-11T11:27:27.893
SNR_VALID red2 hydrophone 2 snr=10 2026-08-11T11:28:35.787
SNR_VALID red2 hydrophone 2 snr=12 2026-08-11T11:29:33.898
SNR_VALID red2 hydrophone 2 snr=14 2026-08-11T11:30:18.213
SNR_VALID red2 hydrophone 2 snr=16 2026-08-11T11:30:55.343
SNR_VALID red2 hydrophone 2 snr=18 2026-08-11T11:31:30.357
SNR_VALID red2 hydrophone 2 snr=20 2026-08-11T11:32:03.686
SNR_VALID red2 hydrophone 2 snr=22 2026-08-11T11:32:36.090
SNR_VALID red2 hydrophone 2 snr=24 2026-08-11T11:33:08.717
SNR_VALID red2 hydrophone 2 snr=26 2026-08-11T11:33:40.440
SNR_VALID red2 hydrophone 2 snr=28 2026-08-11T11:34:09.465
SNR_VALID red2 hydrophone 2 snr=30 2026-08-11T11:34:37.806
PATH_VALID red2 hydrophone 2 2026-08-11T11:34:38.776
PATH_START red3 hydrophone 3 2026-08-11T11:34:39.655
SNR_VALID red3 hydrophone 3 snr=0 2026-08-11T11:35:50.992
SNR_VALID red3 hydrophone 3 snr=2 2026-08-11T11:36:54.671
SNR_VALID red3 hydrophone 3 snr=4 2026-08-11T11:38:02.389
SNR_VALID red3 hydrophone 3 snr=6 2026-08-11T11:39:07.139
SNR_VALID red3 hydrophone 3 snr=8 2026-08-11T11:40:13.722
SNR_VALID red3 hydrophone 3 snr=10 2026-08-11T11:41:11.133
SNR_VALID red3 hydrophone 3 snr=12 2026-08-11T11:41:57.623
SNR_VALID red3 hydrophone 3 snr=14 2026-08-11T11:42:34.423
SNR_VALID red3 hydrophone 3 snr=16 2026-08-11T11:43:07.735
SNR_VALID red3 hydrophone 3 snr=18 2026-08-11T11:43:37.848
SNR_VALID red3 hydrophone 3 snr=20 2026-08-11T11:44:02.476
SNR_VALID red3 hydrophone 3 snr=22 2026-08-11T11:44:24.613
SNR_VALID red3 hydrophone 3 snr=24 2026-08-11T11:44:43.556
SNR_VALID red3 hydrophone 3 snr=26 2026-08-11T11:45:07.653
SNR_VALID red3 hydrophone 3 snr=28 2026-08-11T11:45:27.590
SNR_VALID red3 hydrophone 3 snr=30 2026-08-11T11:45:49.038
PATH_VALID red3 hydrophone 3 2026-08-11T11:45:49.786
N1536_CRC_NO_HARM_COMPUTE_COMPLETE paths=3 2026-08-11T11:45:50.211
