N1536_CRC_NO_HARM_START paths=3 2026-08-11T11:08:16.969
PATH_START red1 hydrophone 3 2026-08-11T11:08:16.985
SNR_VALID red1 hydrophone 3 snr=0 2026-08-11T11:10:25.513
SNR_VALID red1 hydrophone 3 snr=2 2026-08-11T11:11:28.434
SNR_VALID red1 hydrophone 3 snr=4 2026-08-11T11:12:28.291
SNR_VALID red1 hydrophone 3 snr=6 2026-08-11T11:13:28.494
SNR_VALID red1 hydrophone 3 snr=8 2026-08-11T11:14:22.549
SNR_VALID red1 hydrophone 3 snr=10 2026-08-11T11:14:55.934
SNR_VALID red1 hydrophone 3 snr=12 2026-08-11T11:15:25.116
SNR_VALID red1 hydrophone 3 snr=14 2026-08-11T11:15:55.624
SNR_VALID red1 hydrophone 3 snr=16 2026-08-11T11:16:23.012
SNR_VALID red1 hydrophone 3 snr=18 2026-08-11T11:16:50.013
SNR_VALID red1 hydrophone 3 snr=20 2026-08-11T11:17:18.788
SNR_VALID red1 hydrophone 3 snr=22 2026-08-11T11:17:45.547
SNR_VALID red1 hydrophone 3 snr=24 2026-08-11T11:18:14.742
SNR_VALID red1 hydrophone 3 snr=26 2026-08-11T11:18:41.496
SNR_VALID red1 hydrophone 3 snr=28 2026-08-11T11:19:08.895
SNR_VALID red1 hydrophone 3 snr=30 2026-08-11T11:19:34.750
PATH_VALID red1 hydrophone 3 2026-08-11T11:19:40.910
PATH_START red3 hydrophone 1 2026-08-11T11:19:41.784
SNR_VALID red3 hydrophone 1 snr=0 2026-08-11T11:20:51.951
SNR_VALID red3 hydrophone 1 snr=2 2026-08-11T11:22:02.651
SNR_VALID red3 hydrophone 1 snr=4 2026-08-11T11:23:07.563
SNR_VALID red3 hydrophone 1 snr=6 2026-08-11T11:24:13.471
SNR_VALID red3 hydrophone 1 snr=8 2026-08-11T11:25:23.781
SNR_VALID red3 hydrophone 1 snr=10 2026-08-11T11:26:28.434
SNR_VALID red3 hydrophone 1 snr=12 2026-08-11T11:27:32.863
SNR_VALID red3 hydrophone 1 snr=14 2026-08-11T11:28:25.830
SNR_VALID red3 hydrophone 1 snr=16 2026-08-11T11:29:12.356
SNR_VALID red3 hydrophone 1 snr=18 2026-08-11T11:29:51.080
SNR_VALID red3 hydrophone 1 snr=20 2026-08-11T11:30:27.905
SNR_VALID red3 hydrophone 1 snr=22 2026-08-11T11:31:02.998
SNR_VALID red3 hydrophone 1 snr=24 2026-08-11T11:31:38.937
SNR_VALID red3 hydrophone 1 snr=26 2026-08-11T11:32:11.245
SNR_VALID red3 hydrophone 1 snr=28 2026-08-11T11:32:45.265
SNR_VALID red3 hydrophone 1 snr=30 2026-08-11T11:33:21.919
PATH_VALID red3 hydrophone 1 2026-08-11T11:33:23.080
PATH_START red4 hydrophone 2 2026-08-11T11:33:23.975
SNR_VALID red4 hydrophone 2 snr=0 2026-08-11T11:34:30.310
SNR_VALID red4 hydrophone 2 snr=2 2026-08-11T11:35:40.852
SNR_VALID red4 hydrophone 2 snr=4 2026-08-11T11:36:44.548
SNR_VALID red4 hydrophone 2 snr=6 2026-08-11T11:37:52.269
SNR_VALID red4 hydrophone 2 snr=8 2026-08-11T11:38:49.233
SNR_VALID red4 hydrophone 2 snr=10 2026-08-11T11:39:26.250
SNR_VALID red4 hydrophone 2 snr=12 2026-08-11T11:39:57.912
SNR_VALID red4 hydrophone 2 snr=14 2026-08-11T11:40:24.684
SNR_VALID red4 hydrophone 2 snr=16 2026-08-11T11:40:53.057
SNR_VALID red4 hydrophone 2 snr=18 2026-08-11T11:41:20.834
SNR_VALID red4 hydrophone 2 snr=20 2026-08-11T11:41:49.086
SNR_VALID red4 hydrophone 2 snr=22 2026-08-11T11:42:16.722
SNR_VALID red4 hydrophone 2 snr=24 2026-08-11T11:42:44.706
SNR_VALID red4 hydrophone 2 snr=26 2026-08-11T11:43:11.851
SNR_VALID red4 hydrophone 2 snr=28 2026-08-11T11:43:41.109
SNR_VALID red4 hydrophone 2 snr=30 2026-08-11T11:44:03.520
PATH_VALID red4 hydrophone 2 2026-08-11T11:44:04.958
N1536_CRC_NO_HARM_COMPUTE_COMPLETE paths=3 2026-08-11T11:44:05.626
