N1536_CRC_NO_HARM_START paths=3 2026-08-11T11:08:17.106
PATH_START red2 hydrophone 1 2026-08-11T11:08:17.111
SNR_VALID red2 hydrophone 1 snr=0 2026-08-11T11:10:25.760
SNR_VALID red2 hydrophone 1 snr=2 2026-08-11T11:11:28.926
SNR_VALID red2 hydrophone 1 snr=4 2026-08-11T11:12:28.498
SNR_VALID red2 hydrophone 1 snr=6 2026-08-11T11:13:28.757
SNR_VALID red2 hydrophone 1 snr=8 2026-08-11T11:14:30.762
SNR_VALID red2 hydrophone 1 snr=10 2026-08-11T11:15:38.903
SNR_VALID red2 hydrophone 1 snr=12 2026-08-11T11:16:44.082
SNR_VALID red2 hydrophone 1 snr=14 2026-08-11T11:17:48.017
SNR_VALID red2 hydrophone 1 snr=16 2026-08-11T11:18:47.004
SNR_VALID red2 hydrophone 1 snr=18 2026-08-11T11:19:36.922
SNR_VALID red2 hydrophone 1 snr=20 2026-08-11T11:20:24.995
SNR_VALID red2 hydrophone 1 snr=22 2026-08-11T11:21:23.122
SNR_VALID red2 hydrophone 1 snr=24 2026-08-11T11:22:10.583
SNR_VALID red2 hydrophone 1 snr=26 2026-08-11T11:22:57.479
SNR_VALID red2 hydrophone 1 snr=28 2026-08-11T11:23:42.403
SNR_VALID red2 hydrophone 1 snr=30 2026-08-11T11:24:29.419
PATH_VALID red2 hydrophone 1 2026-08-11T11:24:34.041
PATH_START red3 hydrophone 2 2026-08-11T11:24:35.155
SNR_VALID red3 hydrophone 2 snr=0 2026-08-11T11:25:45.138
SNR_VALID red3 hydrophone 2 snr=2 2026-08-11T11:26:49.820
SNR_VALID red3 hydrophone 2 snr=4 2026-08-11T11:27:59.248
SNR_VALID red3 hydrophone 2 snr=6 2026-08-11T11:29:11.885
SNR_VALID red3 hydrophone 2 snr=8 2026-08-11T11:30:17.523
SNR_VALID red3 hydrophone 2 snr=10 2026-08-11T11:31:14.291
SNR_VALID red3 hydrophone 2 snr=12 2026-08-11T11:31:59.332
SNR_VALID red3 hydrophone 2 snr=14 2026-08-11T11:32:33.710
SNR_VALID red3 hydrophone 2 snr=16 2026-08-11T11:33:07.114
SNR_VALID red3 hydrophone 2 snr=18 2026-08-11T11:33:36.187
SNR_VALID red3 hydrophone 2 snr=20 2026-08-11T11:34:03.405
SNR_VALID red3 hydrophone 2 snr=22 2026-08-11T11:34:30.322
SNR_VALID red3 hydrophone 2 snr=24 2026-08-11T11:35:00.819
SNR_VALID red3 hydrophone 2 snr=26 2026-08-11T11:35:28.383
SNR_VALID red3 hydrophone 2 snr=28 2026-08-11T11:35:56.296
SNR_VALID red3 hydrophone 2 snr=30 2026-08-11T11:36:22.862
PATH_VALID red3 hydrophone 2 2026-08-11T11:36:24.216
PATH_START red4 hydrophone 3 2026-08-11T11:36:25.181
SNR_VALID red4 hydrophone 3 snr=0 2026-08-11T11:37:32.812
SNR_VALID red4 hydrophone 3 snr=2 2026-08-11T11:38:38.348
SNR_VALID red4 hydrophone 3 snr=4 2026-08-11T11:39:45.509
SNR_VALID red4 hydrophone 3 snr=6 2026-08-11T11:40:52.165
SNR_VALID red4 hydrophone 3 snr=8 2026-08-11T11:41:44.770
SNR_VALID red4 hydrophone 3 snr=10 2026-08-11T11:42:18.580
SNR_VALID red4 hydrophone 3 snr=12 2026-08-11T11:42:47.343
SNR_VALID red4 hydrophone 3 snr=14 2026-08-11T11:43:15.156
SNR_VALID red4 hydrophone 3 snr=16 2026-08-11T11:43:43.996
SNR_VALID red4 hydrophone 3 snr=18 2026-08-11T11:44:06.590
SNR_VALID red4 hydrophone 3 snr=20 2026-08-11T11:44:26.596
SNR_VALID red4 hydrophone 3 snr=22 2026-08-11T11:44:47.218
SNR_VALID red4 hydrophone 3 snr=24 2026-08-11T11:45:10.704
SNR_VALID red4 hydrophone 3 snr=26 2026-08-11T11:45:30.801
SNR_VALID red4 hydrophone 3 snr=28 2026-08-11T11:45:52.132
SNR_VALID red4 hydrophone 3 snr=30 2026-08-11T11:46:08.042
PATH_VALID red4 hydrophone 3 2026-08-11T11:46:08.994
N1536_CRC_NO_HARM_COMPUTE_COMPLETE paths=3 2026-08-11T11:46:09.405
