N1536_CRC_NO_HARM_START paths=3 2026-08-11T11:08:17.173
PATH_START red1 hydrophone 2 2026-08-11T11:08:17.181
SNR_VALID red1 hydrophone 2 snr=0 2026-08-11T11:10:25.489
SNR_VALID red1 hydrophone 2 snr=2 2026-08-11T11:11:28.382
SNR_VALID red1 hydrophone 2 snr=4 2026-08-11T11:12:28.214
SNR_VALID red1 hydrophone 2 snr=6 2026-08-11T11:13:26.800
SNR_VALID red1 hydrophone 2 snr=8 2026-08-11T11:14:28.306
SNR_VALID red1 hydrophone 2 snr=10 2026-08-11T11:15:29.205
SNR_VALID red1 hydrophone 2 snr=12 2026-08-11T11:16:25.046
SNR_VALID red1 hydrophone 2 snr=14 2026-08-11T11:17:03.639
SNR_VALID red1 hydrophone 2 snr=16 2026-08-11T11:17:37.162
SNR_VALID red1 hydrophone 2 snr=18 2026-08-11T11:18:07.500
SNR_VALID red1 hydrophone 2 snr=20 2026-08-11T11:18:35.994
SNR_VALID red1 hydrophone 2 snr=22 2026-08-11T11:19:05.078
SNR_VALID red1 hydrophone 2 snr=24 2026-08-11T11:19:33.456
SNR_VALID red1 hydrophone 2 snr=26 2026-08-11T11:20:02.321
SNR_VALID red1 hydrophone 2 snr=28 2026-08-11T11:20:31.456
SNR_VALID red1 hydrophone 2 snr=30 2026-08-11T11:21:01.768
PATH_VALID red1 hydrophone 2 2026-08-11T11:21:06.222
PATH_START red2 hydrophone 3 2026-08-11T11:21:07.145
SNR_VALID red2 hydrophone 3 snr=0 2026-08-11T11:22:18.637
SNR_VALID red2 hydrophone 3 snr=2 2026-08-11T11:23:22.056
SNR_VALID red2 hydrophone 3 snr=4 2026-08-11T11:24:29.428
SNR_VALID red2 hydrophone 3 snr=6 2026-08-11T11:25:38.590
SNR_VALID red2 hydrophone 3 snr=8 2026-08-11T11:26:39.806
SNR_VALID red2 hydrophone 3 snr=10 2026-08-11T11:27:40.292
SNR_VALID red2 hydrophone 3 snr=12 2026-08-11T11:28:24.254
SNR_VALID red2 hydrophone 3 snr=14 2026-08-11T11:29:07.023
SNR_VALID red2 hydrophone 3 snr=16 2026-08-11T11:29:38.964
SNR_VALID red2 hydrophone 3 snr=18 2026-08-11T11:30:07.825
SNR_VALID red2 hydrophone 3 snr=20 2026-08-11T11:30:34.906
SNR_VALID red2 hydrophone 3 snr=22 2026-08-11T11:31:02.732
SNR_VALID red2 hydrophone 3 snr=24 2026-08-11T11:31:33.056
SNR_VALID red2 hydrophone 3 snr=26 2026-08-11T11:32:01.737
SNR_VALID red2 hydrophone 3 snr=28 2026-08-11T11:32:30.479
SNR_VALID red2 hydrophone 3 snr=30 2026-08-11T11:32:59.293
PATH_VALID red2 hydrophone 3 2026-08-11T11:33:00.259
PATH_START red4 hydrophone 1 2026-08-11T11:33:01.112
SNR_VALID red4 hydrophone 1 snr=0 2026-08-11T11:34:09.810
SNR_VALID red4 hydrophone 1 snr=2 2026-08-11T11:35:18.234
SNR_VALID red4 hydrophone 1 snr=4 2026-08-11T11:36:22.958
SNR_VALID red4 hydrophone 1 snr=6 2026-08-11T11:37:27.889
SNR_VALID red4 hydrophone 1 snr=8 2026-08-11T11:38:17.399
SNR_VALID red4 hydrophone 1 snr=10 2026-08-11T11:38:49.878
SNR_VALID red4 hydrophone 1 snr=12 2026-08-11T11:39:18.340
SNR_VALID red4 hydrophone 1 snr=14 2026-08-11T11:39:45.664
SNR_VALID red4 hydrophone 1 snr=16 2026-08-11T11:40:12.753
SNR_VALID red4 hydrophone 1 snr=18 2026-08-11T11:40:40.040
SNR_VALID red4 hydrophone 1 snr=20 2026-08-11T11:41:07.145
SNR_VALID red4 hydrophone 1 snr=22 2026-08-11T11:41:34.163
SNR_VALID red4 hydrophone 1 snr=24 2026-08-11T11:42:02.928
SNR_VALID red4 hydrophone 1 snr=26 2026-08-11T11:42:30.331
SNR_VALID red4 hydrophone 1 snr=28 2026-08-11T11:42:58.439
SNR_VALID red4 hydrophone 1 snr=30 2026-08-11T11:43:26.969
PATH_VALID red4 hydrophone 1 2026-08-11T11:43:27.832
N1536_CRC_NO_HARM_COMPUTE_COMPLETE paths=3 2026-08-11T11:43:28.376
