N4096_CRC_NO_HARM_START paths=3 2026-08-11T09:52:54.608
PATH_START red1 hydrophone 3 2026-08-11T09:52:54.612
SNR_VALID red1 hydrophone 3 snr=0 2026-08-11T09:54:52.898
SNR_VALID red1 hydrophone 3 snr=2 2026-08-11T09:55:45.446
SNR_VALID red1 hydrophone 3 snr=4 2026-08-11T09:56:35.280
SNR_VALID red1 hydrophone 3 snr=6 2026-08-11T09:57:25.870
SNR_VALID red1 hydrophone 3 snr=8 2026-08-11T09:58:18.897
SNR_VALID red1 hydrophone 3 snr=10 2026-08-11T09:59:04.240
SNR_VALID red1 hydrophone 3 snr=12 2026-08-11T09:59:50.064
SNR_VALID red1 hydrophone 3 snr=14 2026-08-11T10:00:33.162
SNR_VALID red1 hydrophone 3 snr=16 2026-08-11T10:01:12.859
SNR_VALID red1 hydrophone 3 snr=18 2026-08-11T10:01:51.422
SNR_VALID red1 hydrophone 3 snr=20 2026-08-11T10:02:33.383
SNR_VALID red1 hydrophone 3 snr=22 2026-08-11T10:03:09.480
SNR_VALID red1 hydrophone 3 snr=24 2026-08-11T10:03:44.377
SNR_VALID red1 hydrophone 3 snr=26 2026-08-11T10:04:21.034
SNR_VALID red1 hydrophone 3 snr=28 2026-08-11T10:04:54.784
SNR_VALID red1 hydrophone 3 snr=30 2026-08-11T10:05:28.465
PATH_VALID red1 hydrophone 3 2026-08-11T10:05:33.443
PATH_START red3 hydrophone 1 2026-08-11T10:05:34.274
SNR_VALID red3 hydrophone 1 snr=0 2026-08-11T10:06:34.421
SNR_VALID red3 hydrophone 1 snr=2 2026-08-11T10:07:36.033
SNR_VALID red3 hydrophone 1 snr=4 2026-08-11T10:08:36.579
SNR_VALID red3 hydrophone 1 snr=6 2026-08-11T10:09:34.650
SNR_VALID red3 hydrophone 1 snr=8 2026-08-11T10:10:31.579
SNR_VALID red3 hydrophone 1 snr=10 2026-08-11T10:11:24.512
SNR_VALID red3 hydrophone 1 snr=12 2026-08-11T10:12:12.559
SNR_VALID red3 hydrophone 1 snr=14 2026-08-11T10:12:56.426
SNR_VALID red3 hydrophone 1 snr=16 2026-08-11T10:13:37.310
SNR_VALID red3 hydrophone 1 snr=18 2026-08-11T10:14:15.743
SNR_VALID red3 hydrophone 1 snr=20 2026-08-11T10:14:53.103
SNR_VALID red3 hydrophone 1 snr=22 2026-08-11T10:15:29.948
SNR_VALID red3 hydrophone 1 snr=24 2026-08-11T10:16:07.503
SNR_VALID red3 hydrophone 1 snr=26 2026-08-11T10:16:41.184
SNR_VALID red3 hydrophone 1 snr=28 2026-08-11T10:17:12.769
SNR_VALID red3 hydrophone 1 snr=30 2026-08-11T10:17:45.429
PATH_VALID red3 hydrophone 1 2026-08-11T10:17:46.208
PATH_START red4 hydrophone 2 2026-08-11T10:17:46.860
SNR_VALID red4 hydrophone 2 snr=0 2026-08-11T10:18:48.993
SNR_VALID red4 hydrophone 2 snr=2 2026-08-11T10:19:46.828
SNR_VALID red4 hydrophone 2 snr=4 2026-08-11T10:20:45.574
SNR_VALID red4 hydrophone 2 snr=6 2026-08-11T10:21:41.466
SNR_VALID red4 hydrophone 2 snr=8 2026-08-11T10:22:28.918
SNR_VALID red4 hydrophone 2 snr=10 2026-08-11T10:23:06.970
SNR_VALID red4 hydrophone 2 snr=12 2026-08-11T10:23:38.070
SNR_VALID red4 hydrophone 2 snr=14 2026-08-11T10:24:09.303
SNR_VALID red4 hydrophone 2 snr=16 2026-08-11T10:24:34.467
SNR_VALID red4 hydrophone 2 snr=18 2026-08-11T10:25:03.983
SNR_VALID red4 hydrophone 2 snr=20 2026-08-11T10:25:32.456
SNR_VALID red4 hydrophone 2 snr=22 2026-08-11T10:25:57.808
SNR_VALID red4 hydrophone 2 snr=24 2026-08-11T10:26:23.217
SNR_VALID red4 hydrophone 2 snr=26 2026-08-11T10:26:51.636
SNR_VALID red4 hydrophone 2 snr=28 2026-08-11T10:27:21.584
SNR_VALID red4 hydrophone 2 snr=30 2026-08-11T10:27:49.110
PATH_VALID red4 hydrophone 2 2026-08-11T10:27:50.062
N4096_CRC_NO_HARM_COMPUTE_COMPLETE paths=3 2026-08-11T10:27:50.709
