N4096_CRC_NO_HARM_START paths=3 2026-08-11T09:52:53.987
PATH_START red1 hydrophone 2 2026-08-11T09:52:54.001
SNR_VALID red1 hydrophone 2 snr=0 2026-08-11T09:54:53.701
SNR_VALID red1 hydrophone 2 snr=2 2026-08-11T09:55:46.139
SNR_VALID red1 hydrophone 2 snr=4 2026-08-11T09:56:35.920
SNR_VALID red1 hydrophone 2 snr=6 2026-08-11T09:57:26.888
SNR_VALID red1 hydrophone 2 snr=8 2026-08-11T09:58:21.579
SNR_VALID red1 hydrophone 2 snr=10 2026-08-11T09:59:14.463
SNR_VALID red1 hydrophone 2 snr=12 2026-08-11T10:00:09.668
SNR_VALID red1 hydrophone 2 snr=14 2026-08-11T10:01:02.306
SNR_VALID red1 hydrophone 2 snr=16 2026-08-11T10:01:55.108
SNR_VALID red1 hydrophone 2 snr=18 2026-08-11T10:02:44.212
SNR_VALID red1 hydrophone 2 snr=20 2026-08-11T10:03:27.922
SNR_VALID red1 hydrophone 2 snr=22 2026-08-11T10:04:09.515
SNR_VALID red1 hydrophone 2 snr=24 2026-08-11T10:04:49.954
SNR_VALID red1 hydrophone 2 snr=26 2026-08-11T10:05:29.948
SNR_VALID red1 hydrophone 2 snr=28 2026-08-11T10:06:09.889
SNR_VALID red1 hydrophone 2 snr=30 2026-08-11T10:06:48.153
PATH_VALID red1 hydrophone 2 2026-08-11T10:06:52.781
PATH_START red2 hydrophone 3 2026-08-11T10:06:53.552
SNR_VALID red2 hydrophone 3 snr=0 2026-08-11T10:07:56.703
SNR_VALID red2 hydrophone 3 snr=2 2026-08-11T10:08:59.207
SNR_VALID red2 hydrophone 3 snr=4 2026-08-11T10:09:56.113
SNR_VALID red2 hydrophone 3 snr=6 2026-08-11T10:10:52.195
SNR_VALID red2 hydrophone 3 snr=8 2026-08-11T10:11:48.418
SNR_VALID red2 hydrophone 3 snr=10 2026-08-11T10:12:41.291
SNR_VALID red2 hydrophone 3 snr=12 2026-08-11T10:13:32.401
SNR_VALID red2 hydrophone 3 snr=14 2026-08-11T10:14:22.549
SNR_VALID red2 hydrophone 3 snr=16 2026-08-11T10:15:09.614
SNR_VALID red2 hydrophone 3 snr=18 2026-08-11T10:15:57.797
SNR_VALID red2 hydrophone 3 snr=20 2026-08-11T10:16:41.629
SNR_VALID red2 hydrophone 3 snr=22 2026-08-11T10:17:27.356
SNR_VALID red2 hydrophone 3 snr=24 2026-08-11T10:18:13.949
SNR_VALID red2 hydrophone 3 snr=26 2026-08-11T10:18:57.964
SNR_VALID red2 hydrophone 3 snr=28 2026-08-11T10:19:41.300
SNR_VALID red2 hydrophone 3 snr=30 2026-08-11T10:20:24.610
PATH_VALID red2 hydrophone 3 2026-08-11T10:20:25.423
PATH_START red4 hydrophone 1 2026-08-11T10:20:26.041
SNR_VALID red4 hydrophone 1 snr=0 2026-08-11T10:21:25.422
SNR_VALID red4 hydrophone 1 snr=2 2026-08-11T10:22:21.261
SNR_VALID red4 hydrophone 1 snr=4 2026-08-11T10:23:18.585
SNR_VALID red4 hydrophone 1 snr=6 2026-08-11T10:24:10.555
SNR_VALID red4 hydrophone 1 snr=8 2026-08-11T10:24:52.707
SNR_VALID red4 hydrophone 1 snr=10 2026-08-11T10:25:27.557
SNR_VALID red4 hydrophone 1 snr=12 2026-08-11T10:25:59
SNR_VALID red4 hydrophone 1 snr=14 2026-08-11T10:26:24.600
SNR_VALID red4 hydrophone 1 snr=16 2026-08-11T10:26:54.417
SNR_VALID red4 hydrophone 1 snr=18 2026-08-11T10:27:26.771
SNR_VALID red4 hydrophone 1 snr=20 2026-08-11T10:27:55.547
SNR_VALID red4 hydrophone 1 snr=22 2026-08-11T10:28:20.581
SNR_VALID red4 hydrophone 1 snr=24 2026-08-11T10:28:44.418
SNR_VALID red4 hydrophone 1 snr=26 2026-08-11T10:29:07.363
SNR_VALID red4 hydrophone 1 snr=28 2026-08-11T10:29:30.192
SNR_VALID red4 hydrophone 1 snr=30 2026-08-11T10:29:52.462
PATH_VALID red4 hydrophone 1 2026-08-11T10:29:53.187
N4096_CRC_NO_HARM_COMPUTE_COMPLETE paths=3 2026-08-11T10:29:53.721
