N4096_CRC_NO_HARM_START paths=3 2026-08-11T09:52:55.240
PATH_START red2 hydrophone 1 2026-08-11T09:52:55.249
SNR_VALID red2 hydrophone 1 snr=0 2026-08-11T09:54:55.159
SNR_VALID red2 hydrophone 1 snr=2 2026-08-11T09:55:48.054
SNR_VALID red2 hydrophone 1 snr=4 2026-08-11T09:56:37.561
SNR_VALID red2 hydrophone 1 snr=6 2026-08-11T09:57:28.093
SNR_VALID red2 hydrophone 1 snr=8 2026-08-11T09:58:23.375
SNR_VALID red2 hydrophone 1 snr=10 2026-08-11T09:59:18.817
SNR_VALID red2 hydrophone 1 snr=12 2026-08-11T10:00:18.942
SNR_VALID red2 hydrophone 1 snr=14 2026-08-11T10:01:20.242
SNR_VALID red2 hydrophone 1 snr=16 2026-08-11T10:02:19.048
SNR_VALID red2 hydrophone 1 snr=18 2026-08-11T10:03:17.542
SNR_VALID red2 hydrophone 1 snr=20 2026-08-11T10:04:11.586
SNR_VALID red2 hydrophone 1 snr=22 2026-08-11T10:05:08.567
SNR_VALID red2 hydrophone 1 snr=24 2026-08-11T10:05:59.888
SNR_VALID red2 hydrophone 1 snr=26 2026-08-11T10:06:49.139
SNR_VALID red2 hydrophone 1 snr=28 2026-08-11T10:07:42.249
SNR_VALID red2 hydrophone 1 snr=30 2026-08-11T10:08:34.951
PATH_VALID red2 hydrophone 1 2026-08-11T10:08:39.884
PATH_START red3 hydrophone 2 2026-08-11T10:08:40.775
SNR_VALID red3 hydrophone 2 snr=0 2026-08-11T10:09:40.562
SNR_VALID red3 hydrophone 2 snr=2 2026-08-11T10:10:39.059
SNR_VALID red3 hydrophone 2 snr=4 2026-08-11T10:11:35.831
SNR_VALID red3 hydrophone 2 snr=6 2026-08-11T10:12:31.203
SNR_VALID red3 hydrophone 2 snr=8 2026-08-11T10:13:25.037
SNR_VALID red3 hydrophone 2 snr=10 2026-08-11T10:14:12.915
SNR_VALID red3 hydrophone 2 snr=12 2026-08-11T10:14:54.587
SNR_VALID red3 hydrophone 2 snr=14 2026-08-11T10:15:37.396
SNR_VALID red3 hydrophone 2 snr=16 2026-08-11T10:16:15.017
SNR_VALID red3 hydrophone 2 snr=18 2026-08-11T10:16:48.644
SNR_VALID red3 hydrophone 2 snr=20 2026-08-11T10:17:21.388
SNR_VALID red3 hydrophone 2 snr=22 2026-08-11T10:17:54.764
SNR_VALID red3 hydrophone 2 snr=24 2026-08-11T10:18:25.755
SNR_VALID red3 hydrophone 2 snr=26 2026-08-11T10:18:56.008
SNR_VALID red3 hydrophone 2 snr=28 2026-08-11T10:19:25.071
SNR_VALID red3 hydrophone 2 snr=30 2026-08-11T10:19:56.094
PATH_VALID red3 hydrophone 2 2026-08-11T10:19:58.437
PATH_START red4 hydrophone 3 2026-08-11T10:19:59.219
SNR_VALID red4 hydrophone 3 snr=0 2026-08-11T10:20:58.434
SNR_VALID red4 hydrophone 3 snr=2 2026-08-11T10:21:55.548
SNR_VALID red4 hydrophone 3 snr=4 2026-08-11T10:22:51.808
SNR_VALID red4 hydrophone 3 snr=6 2026-08-11T10:23:47.396
SNR_VALID red4 hydrophone 3 snr=8 2026-08-11T10:24:36.488
SNR_VALID red4 hydrophone 3 snr=10 2026-08-11T10:25:19.911
SNR_VALID red4 hydrophone 3 snr=12 2026-08-11T10:25:58.319
SNR_VALID red4 hydrophone 3 snr=14 2026-08-11T10:26:31.247
SNR_VALID red4 hydrophone 3 snr=16 2026-08-11T10:27:07.068
SNR_VALID red4 hydrophone 3 snr=18 2026-08-11T10:27:38.958
SNR_VALID red4 hydrophone 3 snr=20 2026-08-11T10:28:08.283
SNR_VALID red4 hydrophone 3 snr=22 2026-08-11T10:28:34.596
SNR_VALID red4 hydrophone 3 snr=24 2026-08-11T10:29:01.005
SNR_VALID red4 hydrophone 3 snr=26 2026-08-11T10:29:27.885
SNR_VALID red4 hydrophone 3 snr=28 2026-08-11T10:29:53.810
SNR_VALID red4 hydrophone 3 snr=30 2026-08-11T10:30:17.734
PATH_VALID red4 hydrophone 3 2026-08-11T10:30:19.314
N4096_CRC_NO_HARM_COMPUTE_COMPLETE paths=3 2026-08-11T10:30:20.112
