N4096_CRC_NO_HARM_START paths=3 2026-08-11T09:52:54.801
PATH_START red1 hydrophone 1 2026-08-11T09:52:54.806
SNR_VALID red1 hydrophone 1 snr=0 2026-08-11T09:54:53.645
SNR_VALID red1 hydrophone 1 snr=2 2026-08-11T09:55:46.665
SNR_VALID red1 hydrophone 1 snr=4 2026-08-11T09:56:36.668
SNR_VALID red1 hydrophone 1 snr=6 2026-08-11T09:57:28.086
SNR_VALID red1 hydrophone 1 snr=8 2026-08-11T09:58:23.316
SNR_VALID red1 hydrophone 1 snr=10 2026-08-11T09:59:17.599
SNR_VALID red1 hydrophone 1 snr=12 2026-08-11T10:00:14.039
SNR_VALID red1 hydrophone 1 snr=14 2026-08-11T10:01:06.525
SNR_VALID red1 hydrophone 1 snr=16 2026-08-11T10:01:56.381
SNR_VALID red1 hydrophone 1 snr=18 2026-08-11T10:02:47.361
SNR_VALID red1 hydrophone 1 snr=20 2026-08-11T10:03:31.004
SNR_VALID red1 hydrophone 1 snr=22 2026-08-11T10:04:15.055
SNR_VALID red1 hydrophone 1 snr=24 2026-08-11T10:04:59.316
SNR_VALID red1 hydrophone 1 snr=26 2026-08-11T10:05:42.473
SNR_VALID red1 hydrophone 1 snr=28 2026-08-11T10:06:24.046
SNR_VALID red1 hydrophone 1 snr=30 2026-08-11T10:07:09.602
PATH_VALID red1 hydrophone 1 2026-08-11T10:07:14.236
PATH_START red2 hydrophone 2 2026-08-11T10:07:15.022
SNR_VALID red2 hydrophone 2 snr=0 2026-08-11T10:08:18.358
SNR_VALID red2 hydrophone 2 snr=2 2026-08-11T10:09:18.268
SNR_VALID red2 hydrophone 2 snr=4 2026-08-11T10:10:16.422
SNR_VALID red2 hydrophone 2 snr=6 2026-08-11T10:11:12.874
SNR_VALID red2 hydrophone 2 snr=8 2026-08-11T10:12:08.206
SNR_VALID red2 hydrophone 2 snr=10 2026-08-11T10:13:03.251
SNR_VALID red2 hydrophone 2 snr=12 2026-08-11T10:13:56.680
SNR_VALID red2 hydrophone 2 snr=14 2026-08-11T10:14:44.626
SNR_VALID red2 hydrophone 2 snr=16 2026-08-11T10:15:39.465
SNR_VALID red2 hydrophone 2 snr=18 2026-08-11T10:16:25.705
SNR_VALID red2 hydrophone 2 snr=20 2026-08-11T10:17:11.293
SNR_VALID red2 hydrophone 2 snr=22 2026-08-11T10:17:59.518
SNR_VALID red2 hydrophone 2 snr=24 2026-08-11T10:18:44.183
SNR_VALID red2 hydrophone 2 snr=26 2026-08-11T10:19:29.289
SNR_VALID red2 hydrophone 2 snr=28 2026-08-11T10:20:15.991
SNR_VALID red2 hydrophone 2 snr=30 2026-08-11T10:21:00.087
PATH_VALID red2 hydrophone 2 2026-08-11T10:21:02.409
PATH_START red3 hydrophone 3 2026-08-11T10:21:03.275
SNR_VALID red3 hydrophone 3 snr=0 2026-08-11T10:22:01.777
SNR_VALID red3 hydrophone 3 snr=2 2026-08-11T10:22:58.083
SNR_VALID red3 hydrophone 3 snr=4 2026-08-11T10:23:56.755
SNR_VALID red3 hydrophone 3 snr=6 2026-08-11T10:24:54.752
SNR_VALID red3 hydrophone 3 snr=8 2026-08-11T10:25:53.976
SNR_VALID red3 hydrophone 3 snr=10 2026-08-11T10:26:46.816
SNR_VALID red3 hydrophone 3 snr=12 2026-08-11T10:27:38.498
SNR_VALID red3 hydrophone 3 snr=14 2026-08-11T10:28:16.049
SNR_VALID red3 hydrophone 3 snr=16 2026-08-11T10:28:46.927
SNR_VALID red3 hydrophone 3 snr=18 2026-08-11T10:29:15.289
SNR_VALID red3 hydrophone 3 snr=20 2026-08-11T10:29:41.086
SNR_VALID red3 hydrophone 3 snr=22 2026-08-11T10:30:05.187
SNR_VALID red3 hydrophone 3 snr=24 2026-08-11T10:30:29.893
SNR_VALID red3 hydrophone 3 snr=26 2026-08-11T10:30:48.206
SNR_VALID red3 hydrophone 3 snr=28 2026-08-11T10:31:06.162
SNR_VALID red3 hydrophone 3 snr=30 2026-08-11T10:31:25.532
PATH_VALID red3 hydrophone 3 2026-08-11T10:31:27.152
N4096_CRC_NO_HARM_COMPUTE_COMPLETE paths=3 2026-08-11T10:31:27.790
