N512_CRC_NO_HARM_START paths=3 2026-08-15T13:08:37.643
PATH_START red1 hydrophone 2 2026-08-15T13:08:37.674
SNR_VALID red1 hydrophone 2 snr=0 2026-08-15T13:11:17.089
SNR_VALID red1 hydrophone 2 snr=2 2026-08-15T13:12:36.572
SNR_VALID red1 hydrophone 2 snr=4 2026-08-15T13:14:06.443
SNR_VALID red1 hydrophone 2 snr=6 2026-08-15T13:15:36.067
SNR_VALID red1 hydrophone 2 snr=8 2026-08-15T13:17:03.464
SNR_VALID red1 hydrophone 2 snr=10 2026-08-15T13:18:39.320
SNR_VALID red1 hydrophone 2 snr=12 2026-08-15T13:20:10.384
SNR_VALID red1 hydrophone 2 snr=14 2026-08-15T13:21:47.578
SNR_VALID red1 hydrophone 2 snr=16 2026-08-15T13:23:15.618
SNR_VALID red1 hydrophone 2 snr=18 2026-08-15T13:24:46.665
SNR_VALID red1 hydrophone 2 snr=20 2026-08-15T13:26:11.075
SNR_VALID red1 hydrophone 2 snr=22 2026-08-15T13:27:33.484
SNR_VALID red1 hydrophone 2 snr=24 2026-08-15T13:28:53.568
SNR_VALID red1 hydrophone 2 snr=26 2026-08-15T13:30:18.877
SNR_VALID red1 hydrophone 2 snr=28 2026-08-15T13:31:40.503
SNR_VALID red1 hydrophone 2 snr=30 2026-08-15T13:32:57.434
PATH_VALID red1 hydrophone 2 2026-08-15T13:33:02.224
PATH_START red2 hydrophone 3 2026-08-15T13:33:02.761
SNR_VALID red2 hydrophone 3 snr=0 2026-08-15T13:34:24.391
SNR_VALID red2 hydrophone 3 snr=2 2026-08-15T13:35:44.828
SNR_VALID red2 hydrophone 3 snr=4 2026-08-15T13:37:05.754
SNR_VALID red2 hydrophone 3 snr=6 2026-08-15T13:38:24.599
SNR_VALID red2 hydrophone 3 snr=8 2026-08-15T13:39:43.452
SNR_VALID red2 hydrophone 3 snr=10 2026-08-15T13:41:01.949
SNR_VALID red2 hydrophone 3 snr=12 2026-08-15T13:42:15.476
SNR_VALID red2 hydrophone 3 snr=14 2026-08-15T13:43:35.455
SNR_VALID red2 hydrophone 3 snr=16 2026-08-15T13:44:50.757
SNR_VALID red2 hydrophone 3 snr=18 2026-08-15T13:45:58.697
SNR_VALID red2 hydrophone 3 snr=20 2026-08-15T13:47:18.102
SNR_VALID red2 hydrophone 3 snr=22 2026-08-15T13:48:25.739
SNR_VALID red2 hydrophone 3 snr=24 2026-08-15T13:49:30.379
SNR_VALID red2 hydrophone 3 snr=26 2026-08-15T13:50:40.592
SNR_VALID red2 hydrophone 3 snr=28 2026-08-15T13:51:44.549
SNR_VALID red2 hydrophone 3 snr=30 2026-08-15T13:52:50.706
PATH_VALID red2 hydrophone 3 2026-08-15T13:52:52.866
PATH_START red4 hydrophone 1 2026-08-15T13:52:53.788
SNR_VALID red4 hydrophone 1 snr=0 2026-08-15T13:54:14.141
SNR_VALID red4 hydrophone 1 snr=2 2026-08-15T13:55:30.103
SNR_VALID red4 hydrophone 1 snr=4 2026-08-15T13:56:48.170
SNR_VALID red4 hydrophone 1 snr=6 2026-08-15T13:58:06.797
SNR_VALID red4 hydrophone 1 snr=8 2026-08-15T13:59:23.134
SNR_VALID red4 hydrophone 1 snr=10 2026-08-15T14:00:39.247
SNR_VALID red4 hydrophone 1 snr=12 2026-08-15T14:01:46.351
SNR_VALID red4 hydrophone 1 snr=14 2026-08-15T14:02:39.180
SNR_VALID red4 hydrophone 1 snr=16 2026-08-15T14:03:28.440
SNR_VALID red4 hydrophone 1 snr=18 2026-08-15T14:04:14.019
SNR_VALID red4 hydrophone 1 snr=20 2026-08-15T14:04:51.438
SNR_VALID red4 hydrophone 1 snr=22 2026-08-15T14:05:37.331
SNR_VALID red4 hydrophone 1 snr=24 2026-08-15T14:06:23.641
SNR_VALID red4 hydrophone 1 snr=26 2026-08-15T14:07:06.200
SNR_VALID red4 hydrophone 1 snr=28 2026-08-15T14:07:45.419
SNR_VALID red4 hydrophone 1 snr=30 2026-08-15T14:08:22.100
PATH_VALID red4 hydrophone 1 2026-08-15T14:08:23.736
N512_CRC_NO_HARM_COMPUTE_COMPLETE paths=3 2026-08-15T14:08:24.324
