N512_CRC_NO_HARM_START paths=3 2026-08-15T13:08:37.216
PATH_START red1 hydrophone 3 2026-08-15T13:08:37.261
SNR_VALID red1 hydrophone 3 snr=0 2026-08-15T13:11:17.064
SNR_VALID red1 hydrophone 3 snr=2 2026-08-15T13:12:36.694
SNR_VALID red1 hydrophone 3 snr=4 2026-08-15T13:14:06.283
SNR_VALID red1 hydrophone 3 snr=6 2026-08-15T13:15:37.214
SNR_VALID red1 hydrophone 3 snr=8 2026-08-15T13:17:04.238
SNR_VALID red1 hydrophone 3 snr=10 2026-08-15T13:18:39.070
SNR_VALID red1 hydrophone 3 snr=12 2026-08-15T13:20:06.715
SNR_VALID red1 hydrophone 3 snr=14 2026-08-15T13:21:36.088
SNR_VALID red1 hydrophone 3 snr=16 2026-08-15T13:22:50.525
SNR_VALID red1 hydrophone 3 snr=18 2026-08-15T13:23:56.948
SNR_VALID red1 hydrophone 3 snr=20 2026-08-15T13:25:00.696
SNR_VALID red1 hydrophone 3 snr=22 2026-08-15T13:25:56.794
SNR_VALID red1 hydrophone 3 snr=24 2026-08-15T13:26:53.570
SNR_VALID red1 hydrophone 3 snr=26 2026-08-15T13:27:45.718
SNR_VALID red1 hydrophone 3 snr=28 2026-08-15T13:28:37.799
SNR_VALID red1 hydrophone 3 snr=30 2026-08-15T13:29:29.304
PATH_VALID red1 hydrophone 3 2026-08-15T13:29:34.087
PATH_START red3 hydrophone 1 2026-08-15T13:29:34.701
SNR_VALID red3 hydrophone 1 snr=0 2026-08-15T13:31:02.302
SNR_VALID red3 hydrophone 1 snr=2 2026-08-15T13:32:20.928
SNR_VALID red3 hydrophone 1 snr=4 2026-08-15T13:33:41.723
SNR_VALID red3 hydrophone 1 snr=6 2026-08-15T13:35:04.882
SNR_VALID red3 hydrophone 1 snr=8 2026-08-15T13:36:20.969
SNR_VALID red3 hydrophone 1 snr=10 2026-08-15T13:37:40.865
SNR_VALID red3 hydrophone 1 snr=12 2026-08-15T13:38:58.545
SNR_VALID red3 hydrophone 1 snr=14 2026-08-15T13:40:17.570
SNR_VALID red3 hydrophone 1 snr=16 2026-08-15T13:41:36.998
SNR_VALID red3 hydrophone 1 snr=18 2026-08-15T13:42:52.083
SNR_VALID red3 hydrophone 1 snr=20 2026-08-15T13:44:15.323
SNR_VALID red3 hydrophone 1 snr=22 2026-08-15T13:45:31.335
SNR_VALID red3 hydrophone 1 snr=24 2026-08-15T13:46:59.155
SNR_VALID red3 hydrophone 1 snr=26 2026-08-15T13:48:21.994
SNR_VALID red3 hydrophone 1 snr=28 2026-08-15T13:49:36.137
SNR_VALID red3 hydrophone 1 snr=30 2026-08-15T13:50:58.933
PATH_VALID red3 hydrophone 1 2026-08-15T13:51:01.198
PATH_START red4 hydrophone 2 2026-08-15T13:51:01.753
SNR_VALID red4 hydrophone 2 snr=0 2026-08-15T13:52:16.933
SNR_VALID red4 hydrophone 2 snr=2 2026-08-15T13:53:36.112
SNR_VALID red4 hydrophone 2 snr=4 2026-08-15T13:54:53.863
SNR_VALID red4 hydrophone 2 snr=6 2026-08-15T13:56:11.920
SNR_VALID red4 hydrophone 2 snr=8 2026-08-15T13:57:34.100
SNR_VALID red4 hydrophone 2 snr=10 2026-08-15T13:58:48.277
SNR_VALID red4 hydrophone 2 snr=12 2026-08-15T14:00:01.933
SNR_VALID red4 hydrophone 2 snr=14 2026-08-15T14:01:09.515
SNR_VALID red4 hydrophone 2 snr=16 2026-08-15T14:02:05.762
SNR_VALID red4 hydrophone 2 snr=18 2026-08-15T14:02:57.272
SNR_VALID red4 hydrophone 2 snr=20 2026-08-15T14:03:45.266
SNR_VALID red4 hydrophone 2 snr=22 2026-08-15T14:04:30.217
SNR_VALID red4 hydrophone 2 snr=24 2026-08-15T14:05:15.065
SNR_VALID red4 hydrophone 2 snr=26 2026-08-15T14:06:03.491
SNR_VALID red4 hydrophone 2 snr=28 2026-08-15T14:06:49.568
SNR_VALID red4 hydrophone 2 snr=30 2026-08-15T14:07:37.015
PATH_VALID red4 hydrophone 2 2026-08-15T14:07:38.030
N512_CRC_NO_HARM_COMPUTE_COMPLETE paths=3 2026-08-15T14:07:38.535
