N512_CRC_NO_HARM_START paths=3 2026-08-15T13:08:37.361
PATH_START red1 hydrophone 1 2026-08-15T13:08:37.390
SNR_VALID red1 hydrophone 1 snr=0 2026-08-15T13:11:17.545
SNR_VALID red1 hydrophone 1 snr=2 2026-08-15T13:12:35.918
SNR_VALID red1 hydrophone 1 snr=4 2026-08-15T13:14:06.683
SNR_VALID red1 hydrophone 1 snr=6 2026-08-15T13:15:38.527
SNR_VALID red1 hydrophone 1 snr=8 2026-08-15T13:17:06.411
SNR_VALID red1 hydrophone 1 snr=10 2026-08-15T13:18:42.537
SNR_VALID red1 hydrophone 1 snr=12 2026-08-15T13:20:13.148
SNR_VALID red1 hydrophone 1 snr=14 2026-08-15T13:21:46.404
SNR_VALID red1 hydrophone 1 snr=16 2026-08-15T13:23:08.308
SNR_VALID red1 hydrophone 1 snr=18 2026-08-15T13:24:35.593
SNR_VALID red1 hydrophone 1 snr=20 2026-08-15T13:25:52.883
SNR_VALID red1 hydrophone 1 snr=22 2026-08-15T13:27:10.007
SNR_VALID red1 hydrophone 1 snr=24 2026-08-15T13:28:23.354
SNR_VALID red1 hydrophone 1 snr=26 2026-08-15T13:29:39.305
SNR_VALID red1 hydrophone 1 snr=28 2026-08-15T13:30:55.909
SNR_VALID red1 hydrophone 1 snr=30 2026-08-15T13:32:11.299
PATH_VALID red1 hydrophone 1 2026-08-15T13:32:15.465
PATH_START red2 hydrophone 2 2026-08-15T13:32:16.120
SNR_VALID red2 hydrophone 2 snr=0 2026-08-15T13:33:34.116
SNR_VALID red2 hydrophone 2 snr=2 2026-08-15T13:34:55.541
SNR_VALID red2 hydrophone 2 snr=4 2026-08-15T13:36:13.629
SNR_VALID red2 hydrophone 2 snr=6 2026-08-15T13:37:33.915
SNR_VALID red2 hydrophone 2 snr=8 2026-08-15T13:38:50.837
SNR_VALID red2 hydrophone 2 snr=10 2026-08-15T13:40:10.841
SNR_VALID red2 hydrophone 2 snr=12 2026-08-15T13:41:28.325
SNR_VALID red2 hydrophone 2 snr=14 2026-08-15T13:42:44.494
SNR_VALID red2 hydrophone 2 snr=16 2026-08-15T13:44:06.716
SNR_VALID red2 hydrophone 2 snr=18 2026-08-15T13:45:24.750
SNR_VALID red2 hydrophone 2 snr=20 2026-08-15T13:46:52.202
SNR_VALID red2 hydrophone 2 snr=22 2026-08-15T13:48:13.131
SNR_VALID red2 hydrophone 2 snr=24 2026-08-15T13:49:27.333
SNR_VALID red2 hydrophone 2 snr=26 2026-08-15T13:50:47.948
SNR_VALID red2 hydrophone 2 snr=28 2026-08-15T13:52:00.430
SNR_VALID red2 hydrophone 2 snr=30 2026-08-15T13:53:18.170
PATH_VALID red2 hydrophone 2 2026-08-15T13:53:20.029
PATH_START red3 hydrophone 3 2026-08-15T13:53:20.620
SNR_VALID red3 hydrophone 3 snr=0 2026-08-15T13:54:39.903
SNR_VALID red3 hydrophone 3 snr=2 2026-08-15T13:55:55.995
SNR_VALID red3 hydrophone 3 snr=4 2026-08-15T13:57:13.864
SNR_VALID red3 hydrophone 3 snr=6 2026-08-15T13:58:30.492
SNR_VALID red3 hydrophone 3 snr=8 2026-08-15T13:59:48.865
SNR_VALID red3 hydrophone 3 snr=10 2026-08-15T14:01:09.831
SNR_VALID red3 hydrophone 3 snr=12 2026-08-15T14:02:29.128
SNR_VALID red3 hydrophone 3 snr=14 2026-08-15T14:03:44.317
SNR_VALID red3 hydrophone 3 snr=16 2026-08-15T14:04:50.894
SNR_VALID red3 hydrophone 3 snr=18 2026-08-15T14:06:05.690
SNR_VALID red3 hydrophone 3 snr=20 2026-08-15T14:07:19.090
SNR_VALID red3 hydrophone 3 snr=22 2026-08-15T14:08:17.780
SNR_VALID red3 hydrophone 3 snr=24 2026-08-15T14:08:59.873
SNR_VALID red3 hydrophone 3 snr=26 2026-08-15T14:09:39.399
SNR_VALID red3 hydrophone 3 snr=28 2026-08-15T14:10:18.827
SNR_VALID red3 hydrophone 3 snr=30 2026-08-15T14:10:56.867
PATH_VALID red3 hydrophone 3 2026-08-15T14:10:57.478
N512_CRC_NO_HARM_COMPUTE_COMPLETE paths=3 2026-08-15T14:10:57.808
