N512_CRC_NO_HARM_START paths=3 2026-08-15T13:08:38.318
PATH_START red2 hydrophone 1 2026-08-15T13:08:38.331
SNR_VALID red2 hydrophone 1 snr=0 2026-08-15T13:11:16.227
SNR_VALID red2 hydrophone 1 snr=2 2026-08-15T13:12:34.414
SNR_VALID red2 hydrophone 1 snr=4 2026-08-15T13:14:03.034
SNR_VALID red2 hydrophone 1 snr=6 2026-08-15T13:15:32.182
SNR_VALID red2 hydrophone 1 snr=8 2026-08-15T13:17:00.468
SNR_VALID red2 hydrophone 1 snr=10 2026-08-15T13:18:35.306
SNR_VALID red2 hydrophone 1 snr=12 2026-08-15T13:20:06.458
SNR_VALID red2 hydrophone 1 snr=14 2026-08-15T13:21:45.020
SNR_VALID red2 hydrophone 1 snr=16 2026-08-15T13:23:10.894
SNR_VALID red2 hydrophone 1 snr=18 2026-08-15T13:24:41.517
SNR_VALID red2 hydrophone 1 snr=20 2026-08-15T13:26:05.044
SNR_VALID red2 hydrophone 1 snr=22 2026-08-15T13:27:28.453
SNR_VALID red2 hydrophone 1 snr=24 2026-08-15T13:28:46.863
SNR_VALID red2 hydrophone 1 snr=26 2026-08-15T13:30:12.266
SNR_VALID red2 hydrophone 1 snr=28 2026-08-15T13:31:35.316
SNR_VALID red2 hydrophone 1 snr=30 2026-08-15T13:32:51.268
PATH_VALID red2 hydrophone 1 2026-08-15T13:32:54.589
PATH_START red3 hydrophone 2 2026-08-15T13:32:55.659
SNR_VALID red3 hydrophone 2 snr=0 2026-08-15T13:34:18.058
SNR_VALID red3 hydrophone 2 snr=2 2026-08-15T13:35:37.534
SNR_VALID red3 hydrophone 2 snr=4 2026-08-15T13:36:57.689
SNR_VALID red3 hydrophone 2 snr=6 2026-08-15T13:38:16.313
SNR_VALID red3 hydrophone 2 snr=8 2026-08-15T13:39:34.374
SNR_VALID red3 hydrophone 2 snr=10 2026-08-15T13:40:51.949
SNR_VALID red3 hydrophone 2 snr=12 2026-08-15T13:42:05.309
SNR_VALID red3 hydrophone 2 snr=14 2026-08-15T13:43:26.797
SNR_VALID red3 hydrophone 2 snr=16 2026-08-15T13:44:41.237
SNR_VALID red3 hydrophone 2 snr=18 2026-08-15T13:45:48.729
SNR_VALID red3 hydrophone 2 snr=20 2026-08-15T13:47:06.602
SNR_VALID red3 hydrophone 2 snr=22 2026-08-15T13:48:15.030
SNR_VALID red3 hydrophone 2 snr=24 2026-08-15T13:49:13.559
SNR_VALID red3 hydrophone 2 snr=26 2026-08-15T13:50:20.608
SNR_VALID red3 hydrophone 2 snr=28 2026-08-15T13:51:27.320
SNR_VALID red3 hydrophone 2 snr=30 2026-08-15T13:52:26.093
PATH_VALID red3 hydrophone 2 2026-08-15T13:52:29.013
PATH_START red4 hydrophone 3 2026-08-15T13:52:29.633
SNR_VALID red4 hydrophone 3 snr=0 2026-08-15T13:53:49.964
SNR_VALID red4 hydrophone 3 snr=2 2026-08-15T13:55:03.257
SNR_VALID red4 hydrophone 3 snr=4 2026-08-15T13:56:23.728
SNR_VALID red4 hydrophone 3 snr=6 2026-08-15T13:57:43.326
SNR_VALID red4 hydrophone 3 snr=8 2026-08-15T13:58:58.676
SNR_VALID red4 hydrophone 3 snr=10 2026-08-15T14:00:14.108
SNR_VALID red4 hydrophone 3 snr=12 2026-08-15T14:01:28.389
SNR_VALID red4 hydrophone 3 snr=14 2026-08-15T14:02:27.378
SNR_VALID red4 hydrophone 3 snr=16 2026-08-15T14:03:19.755
SNR_VALID red4 hydrophone 3 snr=18 2026-08-15T14:04:07.269
SNR_VALID red4 hydrophone 3 snr=20 2026-08-15T14:04:48.654
SNR_VALID red4 hydrophone 3 snr=22 2026-08-15T14:05:35.273
SNR_VALID red4 hydrophone 3 snr=24 2026-08-15T14:06:23.268
SNR_VALID red4 hydrophone 3 snr=26 2026-08-15T14:07:07.213
SNR_VALID red4 hydrophone 3 snr=28 2026-08-15T14:07:45.340
SNR_VALID red4 hydrophone 3 snr=30 2026-08-15T14:08:20.973
PATH_VALID red4 hydrophone 3 2026-08-15T14:08:22.387
N512_CRC_NO_HARM_COMPUTE_COMPLETE paths=3 2026-08-15T14:08:23.007
