N1200_CRC_NO_HARM_START paths=3 2026-08-21T13:14:03.621
PATH_START blue1 hydrophone 1 2026-08-21T13:14:03.641
SNR_VALID blue1 hydrophone 1 snr=0 2026-08-21T13:15:23.499
SNR_VALID blue1 hydrophone 1 snr=2 2026-08-21T13:15:55.719
SNR_VALID blue1 hydrophone 1 snr=4 2026-08-21T13:16:33.570
SNR_VALID blue1 hydrophone 1 snr=6 2026-08-21T13:17:06.090
SNR_VALID blue1 hydrophone 1 snr=8 2026-08-21T13:17:37.787
SNR_VALID blue1 hydrophone 1 snr=10 2026-08-21T13:18:05.603
SNR_VALID blue1 hydrophone 1 snr=12 2026-08-21T13:18:30.750
SNR_VALID blue1 hydrophone 1 snr=14 2026-08-21T13:18:54.223
SNR_VALID blue1 hydrophone 1 snr=16 2026-08-21T13:19:14.059
SNR_VALID blue1 hydrophone 1 snr=18 2026-08-21T13:19:33.333
SNR_VALID blue1 hydrophone 1 snr=20 2026-08-21T13:19:51.834
SNR_VALID blue1 hydrophone 1 snr=22 2026-08-21T13:20:10.534
SNR_VALID blue1 hydrophone 1 snr=24 2026-08-21T13:20:28.859
SNR_VALID blue1 hydrophone 1 snr=26 2026-08-21T13:20:46.956
SNR_VALID blue1 hydrophone 1 snr=28 2026-08-21T13:21:04.883
SNR_VALID blue1 hydrophone 1 snr=30 2026-08-21T13:21:22.675
PATH_VALID blue1 hydrophone 1 2026-08-21T13:21:24.881
PATH_START blue2 hydrophone 2 2026-08-21T13:21:25.373
SNR_VALID blue2 hydrophone 2 snr=0 2026-08-21T13:21:59.111
SNR_VALID blue2 hydrophone 2 snr=2 2026-08-21T13:22:32.054
SNR_VALID blue2 hydrophone 2 snr=4 2026-08-21T13:23:05.028
SNR_VALID blue2 hydrophone 2 snr=6 2026-08-21T13:23:35.720
SNR_VALID blue2 hydrophone 2 snr=8 2026-08-21T13:24:00.725
SNR_VALID blue2 hydrophone 2 snr=10 2026-08-21T13:24:22.758
SNR_VALID blue2 hydrophone 2 snr=12 2026-08-21T13:24:44.506
SNR_VALID blue2 hydrophone 2 snr=14 2026-08-21T13:25:03.585
SNR_VALID blue2 hydrophone 2 snr=16 2026-08-21T13:25:21.356
SNR_VALID blue2 hydrophone 2 snr=18 2026-08-21T13:25:38.955
SNR_VALID blue2 hydrophone 2 snr=20 2026-08-21T13:25:57.255
SNR_VALID blue2 hydrophone 2 snr=22 2026-08-21T13:26:15.218
SNR_VALID blue2 hydrophone 2 snr=24 2026-08-21T13:26:36.359
SNR_VALID blue2 hydrophone 2 snr=26 2026-08-21T13:26:56.602
SNR_VALID blue2 hydrophone 2 snr=28 2026-08-21T13:27:14.878
SNR_VALID blue2 hydrophone 2 snr=30 2026-08-21T13:27:32.784
PATH_VALID blue2 hydrophone 2 2026-08-21T13:27:33.512
PATH_START blue3 hydrophone 3 2026-08-21T13:27:33.993
SNR_VALID blue3 hydrophone 3 snr=0 2026-08-21T13:28:04.160
SNR_VALID blue3 hydrophone 3 snr=2 2026-08-21T13:28:34.508
SNR_VALID blue3 hydrophone 3 snr=4 2026-08-21T13:29:04.302
SNR_VALID blue3 hydrophone 3 snr=6 2026-08-21T13:29:33.382
SNR_VALID blue3 hydrophone 3 snr=8 2026-08-21T13:30:01.644
SNR_VALID blue3 hydrophone 3 snr=10 2026-08-21T13:30:31.084
SNR_VALID blue3 hydrophone 3 snr=12 2026-08-21T13:30:59.125
SNR_VALID blue3 hydrophone 3 snr=14 2026-08-21T13:31:25.874
SNR_VALID blue3 hydrophone 3 snr=16 2026-08-21T13:31:52.150
SNR_VALID blue3 hydrophone 3 snr=18 2026-08-21T13:32:17.436
SNR_VALID blue3 hydrophone 3 snr=20 2026-08-21T13:32:42.183
SNR_VALID blue3 hydrophone 3 snr=22 2026-08-21T13:33:08.053
SNR_VALID blue3 hydrophone 3 snr=24 2026-08-21T13:33:33.123
SNR_VALID blue3 hydrophone 3 snr=26 2026-08-21T13:33:57.409
SNR_VALID blue3 hydrophone 3 snr=28 2026-08-21T13:34:18.265
SNR_VALID blue3 hydrophone 3 snr=30 2026-08-21T13:34:37.445
PATH_VALID blue3 hydrophone 3 2026-08-21T13:34:38.030
N1200_CRC_NO_HARM_COMPUTE_COMPLETE paths=3 2026-08-21T13:34:38.374
