N1536_CRC_NO_HARM_START paths=3 2026-08-15T09:11:29.235
PATH_START blue1 hydrophone 1 2026-08-15T09:11:29.258
SNR_VALID blue1 hydrophone 1 snr=0 2026-08-15T09:13:01.174
SNR_VALID blue1 hydrophone 1 snr=2 2026-08-15T09:13:23.605
SNR_VALID blue1 hydrophone 1 snr=4 2026-08-15T09:13:48.118
SNR_VALID blue1 hydrophone 1 snr=6 2026-08-15T09:14:10.686
SNR_VALID blue1 hydrophone 1 snr=8 2026-08-15T09:14:32.736
SNR_VALID blue1 hydrophone 1 snr=10 2026-08-15T09:14:50.110
SNR_VALID blue1 hydrophone 1 snr=12 2026-08-15T09:15:04.879
SNR_VALID blue1 hydrophone 1 snr=14 2026-08-15T09:15:16.978
SNR_VALID blue1 hydrophone 1 snr=16 2026-08-15T09:15:28.916
SNR_VALID blue1 hydrophone 1 snr=18 2026-08-15T09:15:40.217
SNR_VALID blue1 hydrophone 1 snr=20 2026-08-15T09:15:52.592
SNR_VALID blue1 hydrophone 1 snr=22 2026-08-15T09:16:03.622
SNR_VALID blue1 hydrophone 1 snr=24 2026-08-15T09:16:15.269
SNR_VALID blue1 hydrophone 1 snr=26 2026-08-15T09:16:27.734
SNR_VALID blue1 hydrophone 1 snr=28 2026-08-15T09:16:39.561
SNR_VALID blue1 hydrophone 1 snr=30 2026-08-15T09:16:50.655
PATH_VALID blue1 hydrophone 1 2026-08-15T09:16:54.847
PATH_START blue2 hydrophone 2 2026-08-15T09:16:55.550
SNR_VALID blue2 hydrophone 2 snr=0 2026-08-15T09:17:19.626
SNR_VALID blue2 hydrophone 2 snr=2 2026-08-15T09:17:44.223
SNR_VALID blue2 hydrophone 2 snr=4 2026-08-15T09:18:08.357
SNR_VALID blue2 hydrophone 2 snr=6 2026-08-15T09:18:30.699
SNR_VALID blue2 hydrophone 2 snr=8 2026-08-15T09:18:55.192
SNR_VALID blue2 hydrophone 2 snr=10 2026-08-15T09:19:19.349
SNR_VALID blue2 hydrophone 2 snr=12 2026-08-15T09:19:42.460
SNR_VALID blue2 hydrophone 2 snr=14 2026-08-15T09:20:06.112
SNR_VALID blue2 hydrophone 2 snr=16 2026-08-15T09:20:30.804
SNR_VALID blue2 hydrophone 2 snr=18 2026-08-15T09:20:55.260
SNR_VALID blue2 hydrophone 2 snr=20 2026-08-15T09:21:19.823
SNR_VALID blue2 hydrophone 2 snr=22 2026-08-15T09:21:44.259
SNR_VALID blue2 hydrophone 2 snr=24 2026-08-15T09:22:08.594
SNR_VALID blue2 hydrophone 2 snr=26 2026-08-15T09:22:33.050
SNR_VALID blue2 hydrophone 2 snr=28 2026-08-15T09:22:57.313
SNR_VALID blue2 hydrophone 2 snr=30 2026-08-15T09:23:22.040
PATH_VALID blue2 hydrophone 2 2026-08-15T09:23:23.499
PATH_START blue3 hydrophone 3 2026-08-15T09:23:24.148
SNR_VALID blue3 hydrophone 3 snr=0 2026-08-15T09:23:51.323
SNR_VALID blue3 hydrophone 3 snr=2 2026-08-15T09:24:16.905
SNR_VALID blue3 hydrophone 3 snr=4 2026-08-15T09:24:39.403
SNR_VALID blue3 hydrophone 3 snr=6 2026-08-15T09:25:03.921
SNR_VALID blue3 hydrophone 3 snr=8 2026-08-15T09:25:27.812
SNR_VALID blue3 hydrophone 3 snr=10 2026-08-15T09:25:51.927
SNR_VALID blue3 hydrophone 3 snr=12 2026-08-15T09:26:17.366
SNR_VALID blue3 hydrophone 3 snr=14 2026-08-15T09:26:41.613
SNR_VALID blue3 hydrophone 3 snr=16 2026-08-15T09:27:05.851
SNR_VALID blue3 hydrophone 3 snr=18 2026-08-15T09:27:30.581
SNR_VALID blue3 hydrophone 3 snr=20 2026-08-15T09:27:53.119
SNR_VALID blue3 hydrophone 3 snr=22 2026-08-15T09:28:19.006
SNR_VALID blue3 hydrophone 3 snr=24 2026-08-15T09:28:43.173
SNR_VALID blue3 hydrophone 3 snr=26 2026-08-15T09:29:06.786
SNR_VALID blue3 hydrophone 3 snr=28 2026-08-15T09:29:30.561
SNR_VALID blue3 hydrophone 3 snr=30 2026-08-15T09:29:56.610
PATH_VALID blue3 hydrophone 3 2026-08-15T09:29:58.181
N1536_CRC_NO_HARM_COMPUTE_COMPLETE paths=3 2026-08-15T09:29:59.036
