N4096_CRC_NO_HARM_START paths=3 2026-08-15T05:50:23.524
PATH_START blue2 hydrophone 1 2026-08-15T05:50:23.551
SNR_VALID blue2 hydrophone 1 snr=0 2026-08-15T05:52:40.654
SNR_VALID blue2 hydrophone 1 snr=2 2026-08-15T05:53:47.943
SNR_VALID blue2 hydrophone 1 snr=4 2026-08-15T05:54:56.023
SNR_VALID blue2 hydrophone 1 snr=6 2026-08-15T05:56:02.196
SNR_VALID blue2 hydrophone 1 snr=8 2026-08-15T05:57:07.745
SNR_VALID blue2 hydrophone 1 snr=10 2026-08-15T05:58:18.461
SNR_VALID blue2 hydrophone 1 snr=12 2026-08-15T05:59:25.684
SNR_VALID blue2 hydrophone 1 snr=14 2026-08-15T06:00:38.057
SNR_VALID blue2 hydrophone 1 snr=16 2026-08-15T06:01:48.930
SNR_VALID blue2 hydrophone 1 snr=18 2026-08-15T06:02:58.774
SNR_VALID blue2 hydrophone 1 snr=20 2026-08-15T06:04:05.082
SNR_VALID blue2 hydrophone 1 snr=22 2026-08-15T06:05:16.193
SNR_VALID blue2 hydrophone 1 snr=24 2026-08-15T06:06:26.241
SNR_VALID blue2 hydrophone 1 snr=26 2026-08-15T06:07:35.782
SNR_VALID blue2 hydrophone 1 snr=28 2026-08-15T06:08:43.978
SNR_VALID blue2 hydrophone 1 snr=30 2026-08-15T06:09:52.553
PATH_VALID blue2 hydrophone 1 2026-08-15T06:09:57.275
PATH_START blue3 hydrophone 2 2026-08-15T06:09:57.880
SNR_VALID blue3 hydrophone 2 snr=0 2026-08-15T06:11:07.699
SNR_VALID blue3 hydrophone 2 snr=2 2026-08-15T06:12:15.072
SNR_VALID blue3 hydrophone 2 snr=4 2026-08-15T06:13:23.527
SNR_VALID blue3 hydrophone 2 snr=6 2026-08-15T06:14:33.001
SNR_VALID blue3 hydrophone 2 snr=8 2026-08-15T06:15:41.180
SNR_VALID blue3 hydrophone 2 snr=10 2026-08-15T06:16:47.665
SNR_VALID blue3 hydrophone 2 snr=12 2026-08-15T06:17:54.403
SNR_VALID blue3 hydrophone 2 snr=14 2026-08-15T06:19:02.883
SNR_VALID blue3 hydrophone 2 snr=16 2026-08-15T06:20:13.214
SNR_VALID blue3 hydrophone 2 snr=18 2026-08-15T06:21:25.850
SNR_VALID blue3 hydrophone 2 snr=20 2026-08-15T06:22:37.152
SNR_VALID blue3 hydrophone 2 snr=22 2026-08-15T06:23:47.928
SNR_VALID blue3 hydrophone 2 snr=24 2026-08-15T06:24:57.068
SNR_VALID blue3 hydrophone 2 snr=26 2026-08-15T06:26:12.152
SNR_VALID blue3 hydrophone 2 snr=28 2026-08-15T06:27:17.968
SNR_VALID blue3 hydrophone 2 snr=30 2026-08-15T06:28:24.651
PATH_VALID blue3 hydrophone 2 2026-08-15T06:28:26.153
PATH_START blue4 hydrophone 3 2026-08-15T06:28:26.858
SNR_VALID blue4 hydrophone 3 snr=0 2026-08-15T06:29:36.581
SNR_VALID blue4 hydrophone 3 snr=2 2026-08-15T06:30:44.590
SNR_VALID blue4 hydrophone 3 snr=4 2026-08-15T06:31:55.369
SNR_VALID blue4 hydrophone 3 snr=6 2026-08-15T06:33:06.354
SNR_VALID blue4 hydrophone 3 snr=8 2026-08-15T06:34:13.157
SNR_VALID blue4 hydrophone 3 snr=10 2026-08-15T06:35:22.389
SNR_VALID blue4 hydrophone 3 snr=12 2026-08-15T06:36:31.132
SNR_VALID blue4 hydrophone 3 snr=14 2026-08-15T06:37:39.560
SNR_VALID blue4 hydrophone 3 snr=16 2026-08-15T06:38:46.867
SNR_VALID blue4 hydrophone 3 snr=18 2026-08-15T06:39:55.136
SNR_VALID blue4 hydrophone 3 snr=20 2026-08-15T06:41:03.248
SNR_VALID blue4 hydrophone 3 snr=22 2026-08-15T06:42:05.011
SNR_VALID blue4 hydrophone 3 snr=24 2026-08-15T06:42:44.828
SNR_VALID blue4 hydrophone 3 snr=26 2026-08-15T06:43:24.320
SNR_VALID blue4 hydrophone 3 snr=28 2026-08-15T06:44:05.812
SNR_VALID blue4 hydrophone 3 snr=30 2026-08-15T06:44:43.200
PATH_VALID blue4 hydrophone 3 2026-08-15T06:44:45.217
N4096_CRC_NO_HARM_COMPUTE_COMPLETE paths=3 2026-08-15T06:44:45.797
