N4096_CRC_NO_HARM_START paths=3 2026-08-15T05:50:23.387
PATH_START blue1 hydrophone 2 2026-08-15T05:50:23.413
SNR_VALID blue1 hydrophone 2 snr=0 2026-08-15T05:52:39.197
SNR_VALID blue1 hydrophone 2 snr=2 2026-08-15T05:53:45.659
SNR_VALID blue1 hydrophone 2 snr=4 2026-08-15T05:54:54.402
SNR_VALID blue1 hydrophone 2 snr=6 2026-08-15T05:55:57.998
SNR_VALID blue1 hydrophone 2 snr=8 2026-08-15T05:56:55.094
SNR_VALID blue1 hydrophone 2 snr=10 2026-08-15T05:57:46.958
SNR_VALID blue1 hydrophone 2 snr=12 2026-08-15T05:58:33.003
SNR_VALID blue1 hydrophone 2 snr=14 2026-08-15T05:59:15.497
SNR_VALID blue1 hydrophone 2 snr=16 2026-08-15T05:59:57.646
SNR_VALID blue1 hydrophone 2 snr=18 2026-08-15T06:00:44.878
SNR_VALID blue1 hydrophone 2 snr=20 2026-08-15T06:01:30.168
SNR_VALID blue1 hydrophone 2 snr=22 2026-08-15T06:02:13.301
SNR_VALID blue1 hydrophone 2 snr=24 2026-08-15T06:02:54.289
SNR_VALID blue1 hydrophone 2 snr=26 2026-08-15T06:03:36.616
SNR_VALID blue1 hydrophone 2 snr=28 2026-08-15T06:04:18.139
SNR_VALID blue1 hydrophone 2 snr=30 2026-08-15T06:05:00.730
PATH_VALID blue1 hydrophone 2 2026-08-15T06:05:05.147
PATH_START blue2 hydrophone 3 2026-08-15T06:05:05.911
SNR_VALID blue2 hydrophone 3 snr=0 2026-08-15T06:06:19.229
SNR_VALID blue2 hydrophone 3 snr=2 2026-08-15T06:07:28.711
SNR_VALID blue2 hydrophone 3 snr=4 2026-08-15T06:08:35.032
SNR_VALID blue2 hydrophone 3 snr=6 2026-08-15T06:09:45.607
SNR_VALID blue2 hydrophone 3 snr=8 2026-08-15T06:10:55.437
SNR_VALID blue2 hydrophone 3 snr=10 2026-08-15T06:12:02.571
SNR_VALID blue2 hydrophone 3 snr=12 2026-08-15T06:13:08.958
SNR_VALID blue2 hydrophone 3 snr=14 2026-08-15T06:14:16.797
SNR_VALID blue2 hydrophone 3 snr=16 2026-08-15T06:15:28.416
SNR_VALID blue2 hydrophone 3 snr=18 2026-08-15T06:16:35.028
SNR_VALID blue2 hydrophone 3 snr=20 2026-08-15T06:17:42.523
SNR_VALID blue2 hydrophone 3 snr=22 2026-08-15T06:18:49.250
SNR_VALID blue2 hydrophone 3 snr=24 2026-08-15T06:19:57.011
SNR_VALID blue2 hydrophone 3 snr=26 2026-08-15T06:21:09.289
SNR_VALID blue2 hydrophone 3 snr=28 2026-08-15T06:22:21.174
SNR_VALID blue2 hydrophone 3 snr=30 2026-08-15T06:23:31.993
PATH_VALID blue2 hydrophone 3 2026-08-15T06:23:33.323
PATH_START blue4 hydrophone 1 2026-08-15T06:23:34.199
SNR_VALID blue4 hydrophone 1 snr=0 2026-08-15T06:24:45.694
SNR_VALID blue4 hydrophone 1 snr=2 2026-08-15T06:26:00.593
SNR_VALID blue4 hydrophone 1 snr=4 2026-08-15T06:27:09.130
SNR_VALID blue4 hydrophone 1 snr=6 2026-08-15T06:28:15.198
SNR_VALID blue4 hydrophone 1 snr=8 2026-08-15T06:29:24.038
SNR_VALID blue4 hydrophone 1 snr=10 2026-08-15T06:30:33.277
SNR_VALID blue4 hydrophone 1 snr=12 2026-08-15T06:31:44.545
SNR_VALID blue4 hydrophone 1 snr=14 2026-08-15T06:32:52.877
SNR_VALID blue4 hydrophone 1 snr=16 2026-08-15T06:34:01.295
SNR_VALID blue4 hydrophone 1 snr=18 2026-08-15T06:35:09.798
SNR_VALID blue4 hydrophone 1 snr=20 2026-08-15T06:36:16.737
SNR_VALID blue4 hydrophone 1 snr=22 2026-08-15T06:37:24.920
SNR_VALID blue4 hydrophone 1 snr=24 2026-08-15T06:38:31.359
SNR_VALID blue4 hydrophone 1 snr=26 2026-08-15T06:39:38.074
SNR_VALID blue4 hydrophone 1 snr=28 2026-08-15T06:40:46.507
SNR_VALID blue4 hydrophone 1 snr=30 2026-08-15T06:41:50.602
PATH_VALID blue4 hydrophone 1 2026-08-15T06:41:52.851
N4096_CRC_NO_HARM_COMPUTE_COMPLETE paths=3 2026-08-15T06:41:53.353
