DIRECT18_START paths=3 2026-08-14T21:47:25.059
PATH_START red2 hydrophone 1 2026-08-14T21:47:25.077
SNR_VALID red2 hydrophone 1 snr=0 2026-08-14T21:49:05.766
SNR_VALID red2 hydrophone 1 snr=2 2026-08-14T21:49:34.945
SNR_VALID red2 hydrophone 1 snr=4 2026-08-14T21:50:04.736
SNR_VALID red2 hydrophone 1 snr=6 2026-08-14T21:50:34.878
SNR_VALID red2 hydrophone 1 snr=8 2026-08-14T21:51:05.060
SNR_VALID red2 hydrophone 1 snr=10 2026-08-14T21:51:37.144
SNR_VALID red2 hydrophone 1 snr=12 2026-08-14T21:52:06.870
SNR_VALID red2 hydrophone 1 snr=14 2026-08-14T21:52:38.140
SNR_VALID red2 hydrophone 1 snr=16 2026-08-14T21:53:08.092
SNR_VALID red2 hydrophone 1 snr=18 2026-08-14T21:53:36.488
SNR_VALID red2 hydrophone 1 snr=20 2026-08-14T21:54:03.554
SNR_VALID red2 hydrophone 1 snr=22 2026-08-14T21:54:31.708
SNR_VALID red2 hydrophone 1 snr=24 2026-08-14T21:55:01.708
SNR_VALID red2 hydrophone 1 snr=26 2026-08-14T21:55:29.647
SNR_VALID red2 hydrophone 1 snr=28 2026-08-14T21:55:57.412
SNR_VALID red2 hydrophone 1 snr=30 2026-08-14T21:56:24.583
PATH_VALID red2 hydrophone 1 2026-08-14T21:56:26.082
PATH_START red3 hydrophone 2 2026-08-14T21:56:26.462
SNR_VALID red3 hydrophone 2 snr=0 2026-08-14T21:56:56.165
SNR_VALID red3 hydrophone 2 snr=2 2026-08-14T21:57:26.624
SNR_VALID red3 hydrophone 2 snr=4 2026-08-14T21:57:57.093
SNR_VALID red3 hydrophone 2 snr=6 2026-08-14T21:58:26.773
SNR_VALID red3 hydrophone 2 snr=8 2026-08-14T21:58:58.337
SNR_VALID red3 hydrophone 2 snr=10 2026-08-14T21:59:25.909
SNR_VALID red3 hydrophone 2 snr=12 2026-08-14T21:59:52.157
SNR_VALID red3 hydrophone 2 snr=14 2026-08-14T22:00:17.495
SNR_VALID red3 hydrophone 2 snr=16 2026-08-14T22:00:43.140
SNR_VALID red3 hydrophone 2 snr=18 2026-08-14T22:01:09.328
SNR_VALID red3 hydrophone 2 snr=20 2026-08-14T22:01:34.867
SNR_VALID red3 hydrophone 2 snr=22 2026-08-14T22:01:59.947
SNR_VALID red3 hydrophone 2 snr=24 2026-08-14T22:02:24.731
SNR_VALID red3 hydrophone 2 snr=26 2026-08-14T22:02:51.561
SNR_VALID red3 hydrophone 2 snr=28 2026-08-14T22:03:20.598
SNR_VALID red3 hydrophone 2 snr=30 2026-08-14T22:03:48.266
PATH_VALID red3 hydrophone 2 2026-08-14T22:03:48.448
PATH_START red4 hydrophone 3 2026-08-14T22:03:48.672
SNR_VALID red4 hydrophone 3 snr=0 2026-08-14T22:04:20.464
SNR_VALID red4 hydrophone 3 snr=2 2026-08-14T22:04:50.578
SNR_VALID red4 hydrophone 3 snr=4 2026-08-14T22:05:20.101
SNR_VALID red4 hydrophone 3 snr=6 2026-08-14T22:05:50.134
SNR_VALID red4 hydrophone 3 snr=8 2026-08-14T22:06:18.459
SNR_VALID red4 hydrophone 3 snr=10 2026-08-14T22:06:45.660
SNR_VALID red4 hydrophone 3 snr=12 2026-08-14T22:07:12.107
SNR_VALID red4 hydrophone 3 snr=14 2026-08-14T22:07:38.440
SNR_VALID red4 hydrophone 3 snr=16 2026-08-14T22:08:06.766
SNR_VALID red4 hydrophone 3 snr=18 2026-08-14T22:08:35.584
SNR_VALID red4 hydrophone 3 snr=20 2026-08-14T22:09:01.203
SNR_VALID red4 hydrophone 3 snr=22 2026-08-14T22:09:25.678
SNR_VALID red4 hydrophone 3 snr=24 2026-08-14T22:09:50.506
SNR_VALID red4 hydrophone 3 snr=26 2026-08-14T22:10:15.889
SNR_VALID red4 hydrophone 3 snr=28 2026-08-14T22:10:37.297
SNR_VALID red4 hydrophone 3 snr=30 2026-08-14T22:10:58.338
PATH_VALID red4 hydrophone 3 2026-08-14T22:10:58.432
DIRECT18_COMPUTE_COMPLETE paths=3 2026-08-14T22:10:58.629
