DIRECT18_START paths=3 2026-08-14T21:47:25.150
PATH_START red1 hydrophone 3 2026-08-14T21:47:25.163
SNR_VALID red1 hydrophone 3 snr=0 2026-08-14T21:49:05.475
SNR_VALID red1 hydrophone 3 snr=2 2026-08-14T21:49:33.693
SNR_VALID red1 hydrophone 3 snr=4 2026-08-14T21:50:01.835
SNR_VALID red1 hydrophone 3 snr=6 2026-08-14T21:50:31.675
SNR_VALID red1 hydrophone 3 snr=8 2026-08-14T21:50:59.810
SNR_VALID red1 hydrophone 3 snr=10 2026-08-14T21:51:26.710
SNR_VALID red1 hydrophone 3 snr=12 2026-08-14T21:51:52.502
SNR_VALID red1 hydrophone 3 snr=14 2026-08-14T21:52:18.103
SNR_VALID red1 hydrophone 3 snr=16 2026-08-14T21:52:43.875
SNR_VALID red1 hydrophone 3 snr=18 2026-08-14T21:53:10.160
SNR_VALID red1 hydrophone 3 snr=20 2026-08-14T21:53:34.407
SNR_VALID red1 hydrophone 3 snr=22 2026-08-14T21:53:59.186
SNR_VALID red1 hydrophone 3 snr=24 2026-08-14T21:54:24.441
SNR_VALID red1 hydrophone 3 snr=26 2026-08-14T21:54:50.932
SNR_VALID red1 hydrophone 3 snr=28 2026-08-14T21:55:16.805
SNR_VALID red1 hydrophone 3 snr=30 2026-08-14T21:55:41.556
PATH_VALID red1 hydrophone 3 2026-08-14T21:55:42.590
PATH_START red3 hydrophone 1 2026-08-14T21:55:42.828
SNR_VALID red3 hydrophone 1 snr=0 2026-08-14T21:56:13.148
SNR_VALID red3 hydrophone 1 snr=2 2026-08-14T21:56:42.290
SNR_VALID red3 hydrophone 1 snr=4 2026-08-14T21:57:10.806
SNR_VALID red3 hydrophone 1 snr=6 2026-08-14T21:57:40.904
SNR_VALID red3 hydrophone 1 snr=8 2026-08-14T21:58:10.137
SNR_VALID red3 hydrophone 1 snr=10 2026-08-14T21:58:41.084
SNR_VALID red3 hydrophone 1 snr=12 2026-08-14T21:59:09.517
SNR_VALID red3 hydrophone 1 snr=14 2026-08-14T21:59:36.263
SNR_VALID red3 hydrophone 1 snr=16 2026-08-14T22:00:01.838
SNR_VALID red3 hydrophone 1 snr=18 2026-08-14T22:00:27.905
SNR_VALID red3 hydrophone 1 snr=20 2026-08-14T22:00:53.321
SNR_VALID red3 hydrophone 1 snr=22 2026-08-14T22:01:18.487
SNR_VALID red3 hydrophone 1 snr=24 2026-08-14T22:01:44.401
SNR_VALID red3 hydrophone 1 snr=26 2026-08-14T22:02:10.041
SNR_VALID red3 hydrophone 1 snr=28 2026-08-14T22:02:35.242
SNR_VALID red3 hydrophone 1 snr=30 2026-08-14T22:03:02.916
PATH_VALID red3 hydrophone 1 2026-08-14T22:03:03.301
PATH_START red4 hydrophone 2 2026-08-14T22:03:03.671
SNR_VALID red4 hydrophone 2 snr=0 2026-08-14T22:03:35.573
SNR_VALID red4 hydrophone 2 snr=2 2026-08-14T22:04:06.297
SNR_VALID red4 hydrophone 2 snr=4 2026-08-14T22:04:35.424
SNR_VALID red4 hydrophone 2 snr=6 2026-08-14T22:05:04.278
SNR_VALID red4 hydrophone 2 snr=8 2026-08-14T22:05:31.914
SNR_VALID red4 hydrophone 2 snr=10 2026-08-14T22:05:57.774
SNR_VALID red4 hydrophone 2 snr=12 2026-08-14T22:06:23.389
SNR_VALID red4 hydrophone 2 snr=14 2026-08-14T22:06:49.567
SNR_VALID red4 hydrophone 2 snr=16 2026-08-14T22:07:14.473
SNR_VALID red4 hydrophone 2 snr=18 2026-08-14T22:07:41.290
SNR_VALID red4 hydrophone 2 snr=20 2026-08-14T22:08:08.541
SNR_VALID red4 hydrophone 2 snr=22 2026-08-14T22:08:36.310
SNR_VALID red4 hydrophone 2 snr=24 2026-08-14T22:09:01.628
SNR_VALID red4 hydrophone 2 snr=26 2026-08-14T22:09:25.751
SNR_VALID red4 hydrophone 2 snr=28 2026-08-14T22:09:50.273
SNR_VALID red4 hydrophone 2 snr=30 2026-08-14T22:10:15.084
PATH_VALID red4 hydrophone 2 2026-08-14T22:10:15.209
DIRECT18_COMPUTE_COMPLETE paths=3 2026-08-14T22:10:15.437
