DIRECT18_START paths=3 2026-08-14T21:47:32.733
PATH_START red1 hydrophone 2 2026-08-14T21:47:32.745
SNR_VALID red1 hydrophone 2 snr=0 2026-08-14T21:49:13.330
SNR_VALID red1 hydrophone 2 snr=2 2026-08-14T21:49:44.224
SNR_VALID red1 hydrophone 2 snr=4 2026-08-14T21:50:14.613
SNR_VALID red1 hydrophone 2 snr=6 2026-08-14T21:50:44.298
SNR_VALID red1 hydrophone 2 snr=8 2026-08-14T21:51:15.897
SNR_VALID red1 hydrophone 2 snr=10 2026-08-14T21:51:46.269
SNR_VALID red1 hydrophone 2 snr=12 2026-08-14T21:52:15.195
SNR_VALID red1 hydrophone 2 snr=14 2026-08-14T21:52:43.462
SNR_VALID red1 hydrophone 2 snr=16 2026-08-14T21:53:11.402
SNR_VALID red1 hydrophone 2 snr=18 2026-08-14T21:53:37.982
SNR_VALID red1 hydrophone 2 snr=20 2026-08-14T21:54:03.637
SNR_VALID red1 hydrophone 2 snr=22 2026-08-14T21:54:30.392
SNR_VALID red1 hydrophone 2 snr=24 2026-08-14T21:54:58.563
SNR_VALID red1 hydrophone 2 snr=26 2026-08-14T21:55:25.869
SNR_VALID red1 hydrophone 2 snr=28 2026-08-14T21:55:52.153
SNR_VALID red1 hydrophone 2 snr=30 2026-08-14T21:56:17.901
PATH_VALID red1 hydrophone 2 2026-08-14T21:56:18.860
PATH_START red2 hydrophone 3 2026-08-14T21:56:19.110
SNR_VALID red2 hydrophone 3 snr=0 2026-08-14T21:56:50.224
SNR_VALID red2 hydrophone 3 snr=2 2026-08-14T21:57:19.925
SNR_VALID red2 hydrophone 3 snr=4 2026-08-14T21:57:51.109
SNR_VALID red2 hydrophone 3 snr=6 2026-08-14T21:58:21.357
SNR_VALID red2 hydrophone 3 snr=8 2026-08-14T21:58:54.055
SNR_VALID red2 hydrophone 3 snr=10 2026-08-14T21:59:22.779
SNR_VALID red2 hydrophone 3 snr=12 2026-08-14T21:59:50.075
SNR_VALID red2 hydrophone 3 snr=14 2026-08-14T22:00:16.927
SNR_VALID red2 hydrophone 3 snr=16 2026-08-14T22:00:42.483
SNR_VALID red2 hydrophone 3 snr=18 2026-08-14T22:01:08.927
SNR_VALID red2 hydrophone 3 snr=20 2026-08-14T22:01:34.082
SNR_VALID red2 hydrophone 3 snr=22 2026-08-14T22:02:00.188
SNR_VALID red2 hydrophone 3 snr=24 2026-08-14T22:02:26.235
SNR_VALID red2 hydrophone 3 snr=26 2026-08-14T22:02:53.270
SNR_VALID red2 hydrophone 3 snr=28 2026-08-14T22:03:21.851
SNR_VALID red2 hydrophone 3 snr=30 2026-08-14T22:03:49.715
PATH_VALID red2 hydrophone 3 2026-08-14T22:03:50.321
PATH_START red4 hydrophone 1 2026-08-14T22:03:50.698
SNR_VALID red4 hydrophone 1 snr=0 2026-08-14T22:04:21.582
SNR_VALID red4 hydrophone 1 snr=2 2026-08-14T22:04:52.690
SNR_VALID red4 hydrophone 1 snr=4 2026-08-14T22:05:24.370
SNR_VALID red4 hydrophone 1 snr=6 2026-08-14T22:05:53.099
SNR_VALID red4 hydrophone 1 snr=8 2026-08-14T22:06:21.540
SNR_VALID red4 hydrophone 1 snr=10 2026-08-14T22:06:49.231
SNR_VALID red4 hydrophone 1 snr=12 2026-08-14T22:07:15.177
SNR_VALID red4 hydrophone 1 snr=14 2026-08-14T22:07:41.948
SNR_VALID red4 hydrophone 1 snr=16 2026-08-14T22:08:12.533
SNR_VALID red4 hydrophone 1 snr=18 2026-08-14T22:08:41.024
SNR_VALID red4 hydrophone 1 snr=20 2026-08-14T22:09:06.896
SNR_VALID red4 hydrophone 1 snr=22 2026-08-14T22:09:32.778
SNR_VALID red4 hydrophone 1 snr=24 2026-08-14T22:09:58.518
SNR_VALID red4 hydrophone 1 snr=26 2026-08-14T22:10:23.789
SNR_VALID red4 hydrophone 1 snr=28 2026-08-14T22:10:45.865
SNR_VALID red4 hydrophone 1 snr=30 2026-08-14T22:11:05.123
PATH_VALID red4 hydrophone 1 2026-08-14T22:11:05.236
DIRECT18_COMPUTE_COMPLETE paths=3 2026-08-14T22:11:05.427
