DIRECT18_START paths=3 2026-08-14T21:47:30.497
PATH_START red1 hydrophone 1 2026-08-14T21:47:30.514
SNR_VALID red1 hydrophone 1 snr=0 2026-08-14T21:49:12.102
SNR_VALID red1 hydrophone 1 snr=2 2026-08-14T21:49:41.338
SNR_VALID red1 hydrophone 1 snr=4 2026-08-14T21:50:11.639
SNR_VALID red1 hydrophone 1 snr=6 2026-08-14T21:50:40.606
SNR_VALID red1 hydrophone 1 snr=8 2026-08-14T21:51:11.219
SNR_VALID red1 hydrophone 1 snr=10 2026-08-14T21:51:42.083
SNR_VALID red1 hydrophone 1 snr=12 2026-08-14T21:52:10.152
SNR_VALID red1 hydrophone 1 snr=14 2026-08-14T21:52:38.725
SNR_VALID red1 hydrophone 1 snr=16 2026-08-14T21:53:06.811
SNR_VALID red1 hydrophone 1 snr=18 2026-08-14T21:53:33.169
SNR_VALID red1 hydrophone 1 snr=20 2026-08-14T21:53:59.166
SNR_VALID red1 hydrophone 1 snr=22 2026-08-14T21:54:25.400
SNR_VALID red1 hydrophone 1 snr=24 2026-08-14T21:54:52.584
SNR_VALID red1 hydrophone 1 snr=26 2026-08-14T21:55:19.313
SNR_VALID red1 hydrophone 1 snr=28 2026-08-14T21:55:44.532
SNR_VALID red1 hydrophone 1 snr=30 2026-08-14T21:56:10.124
PATH_VALID red1 hydrophone 1 2026-08-14T21:56:11.782
PATH_START red2 hydrophone 2 2026-08-14T21:56:12.034
SNR_VALID red2 hydrophone 2 snr=0 2026-08-14T21:56:42.708
SNR_VALID red2 hydrophone 2 snr=2 2026-08-14T21:57:11.108
SNR_VALID red2 hydrophone 2 snr=4 2026-08-14T21:57:42.063
SNR_VALID red2 hydrophone 2 snr=6 2026-08-14T21:58:11.867
SNR_VALID red2 hydrophone 2 snr=8 2026-08-14T21:58:44.010
SNR_VALID red2 hydrophone 2 snr=10 2026-08-14T21:59:13.678
SNR_VALID red2 hydrophone 2 snr=12 2026-08-14T21:59:41.949
SNR_VALID red2 hydrophone 2 snr=14 2026-08-14T22:00:08.856
SNR_VALID red2 hydrophone 2 snr=16 2026-08-14T22:00:35.075
SNR_VALID red2 hydrophone 2 snr=18 2026-08-14T22:01:00.331
SNR_VALID red2 hydrophone 2 snr=20 2026-08-14T22:01:26.690
SNR_VALID red2 hydrophone 2 snr=22 2026-08-14T22:01:52.626
SNR_VALID red2 hydrophone 2 snr=24 2026-08-14T22:02:18.575
SNR_VALID red2 hydrophone 2 snr=26 2026-08-14T22:02:44.438
SNR_VALID red2 hydrophone 2 snr=28 2026-08-14T22:03:12.751
SNR_VALID red2 hydrophone 2 snr=30 2026-08-14T22:03:40.777
PATH_VALID red2 hydrophone 2 2026-08-14T22:03:40.903
PATH_START red3 hydrophone 3 2026-08-14T22:03:41.158
SNR_VALID red3 hydrophone 3 snr=0 2026-08-14T22:04:12.007
SNR_VALID red3 hydrophone 3 snr=2 2026-08-14T22:04:41.088
SNR_VALID red3 hydrophone 3 snr=4 2026-08-14T22:05:11.270
SNR_VALID red3 hydrophone 3 snr=6 2026-08-14T22:05:40.451
SNR_VALID red3 hydrophone 3 snr=8 2026-08-14T22:06:10.475
SNR_VALID red3 hydrophone 3 snr=10 2026-08-14T22:06:39.178
SNR_VALID red3 hydrophone 3 snr=12 2026-08-14T22:07:06.497
SNR_VALID red3 hydrophone 3 snr=14 2026-08-14T22:07:33.003
SNR_VALID red3 hydrophone 3 snr=16 2026-08-14T22:08:00.894
SNR_VALID red3 hydrophone 3 snr=18 2026-08-14T22:08:28.743
SNR_VALID red3 hydrophone 3 snr=20 2026-08-14T22:08:54.786
SNR_VALID red3 hydrophone 3 snr=22 2026-08-14T22:09:19.679
SNR_VALID red3 hydrophone 3 snr=24 2026-08-14T22:09:44.390
SNR_VALID red3 hydrophone 3 snr=26 2026-08-14T22:10:08.653
SNR_VALID red3 hydrophone 3 snr=28 2026-08-14T22:10:30.255
SNR_VALID red3 hydrophone 3 snr=30 2026-08-14T22:10:51.850
PATH_VALID red3 hydrophone 3 2026-08-14T22:10:51.960
DIRECT18_COMPUTE_COMPLETE paths=3 2026-08-14T22:10:52.218
