N1024_CRC_NO_HARM_START paths=3 2026-08-11T00:30:51.533
PATH_START red1 hydrophone 2 2026-08-11T00:30:51.542
SNR_VALID red1 hydrophone 2 snr=0 2026-08-11T00:33:20.265
SNR_VALID red1 hydrophone 2 snr=2 2026-08-11T00:34:36.094
SNR_VALID red1 hydrophone 2 snr=4 2026-08-11T00:35:52.052
SNR_VALID red1 hydrophone 2 snr=6 2026-08-11T00:37:04.522
SNR_VALID red1 hydrophone 2 snr=8 2026-08-11T00:38:08.667
SNR_VALID red1 hydrophone 2 snr=10 2026-08-11T00:39:05.922
SNR_VALID red1 hydrophone 2 snr=12 2026-08-11T00:39:47.351
SNR_VALID red1 hydrophone 2 snr=14 2026-08-11T00:40:22.435
SNR_VALID red1 hydrophone 2 snr=16 2026-08-11T00:40:55.603
SNR_VALID red1 hydrophone 2 snr=18 2026-08-11T00:41:25.567
SNR_VALID red1 hydrophone 2 snr=20 2026-08-11T00:41:54.427
SNR_VALID red1 hydrophone 2 snr=22 2026-08-11T00:42:23.404
SNR_VALID red1 hydrophone 2 snr=24 2026-08-11T00:42:52.003
SNR_VALID red1 hydrophone 2 snr=26 2026-08-11T00:43:27.927
SNR_VALID red1 hydrophone 2 snr=28 2026-08-11T00:44:00.563
SNR_VALID red1 hydrophone 2 snr=30 2026-08-11T00:44:29.428
PATH_VALID red1 hydrophone 2 2026-08-11T00:44:33.843
PATH_START red2 hydrophone 3 2026-08-11T00:44:34.553
SNR_VALID red2 hydrophone 3 snr=0 2026-08-11T00:45:48.154
SNR_VALID red2 hydrophone 3 snr=2 2026-08-11T00:46:58.057
SNR_VALID red2 hydrophone 3 snr=4 2026-08-11T00:48:03.803
SNR_VALID red2 hydrophone 3 snr=6 2026-08-11T00:49:10.362
SNR_VALID red2 hydrophone 3 snr=8 2026-08-11T00:50:14.179
SNR_VALID red2 hydrophone 3 snr=10 2026-08-11T00:51:02.766
SNR_VALID red2 hydrophone 3 snr=12 2026-08-11T00:51:41.189
SNR_VALID red2 hydrophone 3 snr=14 2026-08-11T00:52:11.718
SNR_VALID red2 hydrophone 3 snr=16 2026-08-11T00:52:44.134
SNR_VALID red2 hydrophone 3 snr=18 2026-08-11T00:53:13.481
SNR_VALID red2 hydrophone 3 snr=20 2026-08-11T00:53:42.590
SNR_VALID red2 hydrophone 3 snr=22 2026-08-11T00:54:13.722
SNR_VALID red2 hydrophone 3 snr=24 2026-08-11T00:54:42.732
SNR_VALID red2 hydrophone 3 snr=26 2026-08-11T00:55:12.195
SNR_VALID red2 hydrophone 3 snr=28 2026-08-11T00:55:43.249
SNR_VALID red2 hydrophone 3 snr=30 2026-08-11T00:56:11.876
PATH_VALID red2 hydrophone 3 2026-08-11T00:56:12.863
PATH_START red4 hydrophone 1 2026-08-11T00:56:13.601
SNR_VALID red4 hydrophone 1 snr=0 2026-08-11T00:57:26.311
SNR_VALID red4 hydrophone 1 snr=2 2026-08-11T00:58:36.418
SNR_VALID red4 hydrophone 1 snr=4 2026-08-11T00:59:41.142
SNR_VALID red4 hydrophone 1 snr=6 2026-08-11T01:00:45.791
SNR_VALID red4 hydrophone 1 snr=8 2026-08-11T01:01:25.763
SNR_VALID red4 hydrophone 1 snr=10 2026-08-11T01:01:57.496
SNR_VALID red4 hydrophone 1 snr=12 2026-08-11T01:02:26.112
SNR_VALID red4 hydrophone 1 snr=14 2026-08-11T01:02:54.931
SNR_VALID red4 hydrophone 1 snr=16 2026-08-11T01:03:25.974
SNR_VALID red4 hydrophone 1 snr=18 2026-08-11T01:03:54.843
SNR_VALID red4 hydrophone 1 snr=20 2026-08-11T01:04:21.308
SNR_VALID red4 hydrophone 1 snr=22 2026-08-11T01:04:50.231
SNR_VALID red4 hydrophone 1 snr=24 2026-08-11T01:05:19.717
SNR_VALID red4 hydrophone 1 snr=26 2026-08-11T01:05:49.932
SNR_VALID red4 hydrophone 1 snr=28 2026-08-11T01:06:19.241
SNR_VALID red4 hydrophone 1 snr=30 2026-08-11T01:06:48.301
PATH_VALID red4 hydrophone 1 2026-08-11T01:06:50.528
N1024_CRC_NO_HARM_COMPUTE_COMPLETE paths=3 2026-08-11T01:06:51.248
