N1024_CRC_NO_HARM_START paths=3 2026-08-11T00:30:51.779
PATH_START red2 hydrophone 1 2026-08-11T00:30:51.785
SNR_VALID red2 hydrophone 1 snr=0 2026-08-11T00:33:20.439
SNR_VALID red2 hydrophone 1 snr=2 2026-08-11T00:34:34.621
SNR_VALID red2 hydrophone 1 snr=4 2026-08-11T00:35:49.419
SNR_VALID red2 hydrophone 1 snr=6 2026-08-11T00:37:03.008
SNR_VALID red2 hydrophone 1 snr=8 2026-08-11T00:38:10.013
SNR_VALID red2 hydrophone 1 snr=10 2026-08-11T00:39:16.115
SNR_VALID red2 hydrophone 1 snr=12 2026-08-11T00:40:20.434
SNR_VALID red2 hydrophone 1 snr=14 2026-08-11T00:41:20.954
SNR_VALID red2 hydrophone 1 snr=16 2026-08-11T00:42:09.656
SNR_VALID red2 hydrophone 1 snr=18 2026-08-11T00:42:54.177
SNR_VALID red2 hydrophone 1 snr=20 2026-08-11T00:43:41.271
SNR_VALID red2 hydrophone 1 snr=22 2026-08-11T00:44:20.267
SNR_VALID red2 hydrophone 1 snr=24 2026-08-11T00:45:01.510
SNR_VALID red2 hydrophone 1 snr=26 2026-08-11T00:45:35.941
SNR_VALID red2 hydrophone 1 snr=28 2026-08-11T00:46:12.817
SNR_VALID red2 hydrophone 1 snr=30 2026-08-11T00:46:45.285
PATH_VALID red2 hydrophone 1 2026-08-11T00:46:49.352
PATH_START red3 hydrophone 2 2026-08-11T00:46:50.261
SNR_VALID red3 hydrophone 2 snr=0 2026-08-11T00:47:57.283
SNR_VALID red3 hydrophone 2 snr=2 2026-08-11T00:49:03.469
SNR_VALID red3 hydrophone 2 snr=4 2026-08-11T00:50:08.160
SNR_VALID red3 hydrophone 2 snr=6 2026-08-11T00:51:16.727
SNR_VALID red3 hydrophone 2 snr=8 2026-08-11T00:52:24.964
SNR_VALID red3 hydrophone 2 snr=10 2026-08-11T00:53:21.484
SNR_VALID red3 hydrophone 2 snr=12 2026-08-11T00:54:02.813
SNR_VALID red3 hydrophone 2 snr=14 2026-08-11T00:54:39.528
SNR_VALID red3 hydrophone 2 snr=16 2026-08-11T00:55:08.823
SNR_VALID red3 hydrophone 2 snr=18 2026-08-11T00:55:38.793
SNR_VALID red3 hydrophone 2 snr=20 2026-08-11T00:56:07.760
SNR_VALID red3 hydrophone 2 snr=22 2026-08-11T00:56:36.477
SNR_VALID red3 hydrophone 2 snr=24 2026-08-11T00:57:03.887
SNR_VALID red3 hydrophone 2 snr=26 2026-08-11T00:57:32.733
SNR_VALID red3 hydrophone 2 snr=28 2026-08-11T00:58:00.895
SNR_VALID red3 hydrophone 2 snr=30 2026-08-11T00:58:29.206
PATH_VALID red3 hydrophone 2 2026-08-11T00:58:30.059
PATH_START red4 hydrophone 3 2026-08-11T00:58:30.850
SNR_VALID red4 hydrophone 3 snr=0 2026-08-11T00:59:38.373
SNR_VALID red4 hydrophone 3 snr=2 2026-08-11T01:00:46.414
SNR_VALID red4 hydrophone 3 snr=4 2026-08-11T01:01:51.634
SNR_VALID red4 hydrophone 3 snr=6 2026-08-11T01:02:59.906
SNR_VALID red4 hydrophone 3 snr=8 2026-08-11T01:03:52.219
SNR_VALID red4 hydrophone 3 snr=10 2026-08-11T01:04:26.352
SNR_VALID red4 hydrophone 3 snr=12 2026-08-11T01:04:59.031
SNR_VALID red4 hydrophone 3 snr=14 2026-08-11T01:05:31.976
SNR_VALID red4 hydrophone 3 snr=16 2026-08-11T01:06:03.314
SNR_VALID red4 hydrophone 3 snr=18 2026-08-11T01:06:31.290
SNR_VALID red4 hydrophone 3 snr=20 2026-08-11T01:07:00.643
SNR_VALID red4 hydrophone 3 snr=22 2026-08-11T01:07:24.501
SNR_VALID red4 hydrophone 3 snr=24 2026-08-11T01:07:44.756
SNR_VALID red4 hydrophone 3 snr=26 2026-08-11T01:08:05.911
SNR_VALID red4 hydrophone 3 snr=28 2026-08-11T01:08:26.648
SNR_VALID red4 hydrophone 3 snr=30 2026-08-11T01:08:45.458
PATH_VALID red4 hydrophone 3 2026-08-11T01:08:45.939
N1024_CRC_NO_HARM_COMPUTE_COMPLETE paths=3 2026-08-11T01:08:46.287
