N1024_CRC_NO_HARM_START paths=3 2026-08-11T00:30:51.624
PATH_START red1 hydrophone 3 2026-08-11T00:30:51.638
SNR_VALID red1 hydrophone 3 snr=0 2026-08-11T00:33:19.978
SNR_VALID red1 hydrophone 3 snr=2 2026-08-11T00:34:34.954
SNR_VALID red1 hydrophone 3 snr=4 2026-08-11T00:35:47.354
SNR_VALID red1 hydrophone 3 snr=6 2026-08-11T00:36:59.747
SNR_VALID red1 hydrophone 3 snr=8 2026-08-11T00:37:44.359
SNR_VALID red1 hydrophone 3 snr=10 2026-08-11T00:38:12.998
SNR_VALID red1 hydrophone 3 snr=12 2026-08-11T00:38:40.741
SNR_VALID red1 hydrophone 3 snr=14 2026-08-11T00:39:09.233
SNR_VALID red1 hydrophone 3 snr=16 2026-08-11T00:39:37.096
SNR_VALID red1 hydrophone 3 snr=18 2026-08-11T00:40:07.801
SNR_VALID red1 hydrophone 3 snr=20 2026-08-11T00:40:38.984
SNR_VALID red1 hydrophone 3 snr=22 2026-08-11T00:41:07.758
SNR_VALID red1 hydrophone 3 snr=24 2026-08-11T00:41:37.609
SNR_VALID red1 hydrophone 3 snr=26 2026-08-11T00:42:04.466
SNR_VALID red1 hydrophone 3 snr=28 2026-08-11T00:42:32.926
SNR_VALID red1 hydrophone 3 snr=30 2026-08-11T00:43:01.726
PATH_VALID red1 hydrophone 3 2026-08-11T00:43:08.259
PATH_START red3 hydrophone 1 2026-08-11T00:43:09.174
SNR_VALID red3 hydrophone 1 snr=0 2026-08-11T00:44:28.513
SNR_VALID red3 hydrophone 1 snr=2 2026-08-11T00:45:41.085
SNR_VALID red3 hydrophone 1 snr=4 2026-08-11T00:46:50.776
SNR_VALID red3 hydrophone 1 snr=6 2026-08-11T00:47:57.058
SNR_VALID red3 hydrophone 1 snr=8 2026-08-11T00:49:02.409
SNR_VALID red3 hydrophone 1 snr=10 2026-08-11T00:50:05.385
SNR_VALID red3 hydrophone 1 snr=12 2026-08-11T00:51:01.469
SNR_VALID red3 hydrophone 1 snr=14 2026-08-11T00:51:48.911
SNR_VALID red3 hydrophone 1 snr=16 2026-08-11T00:52:26.507
SNR_VALID red3 hydrophone 1 snr=18 2026-08-11T00:53:01.232
SNR_VALID red3 hydrophone 1 snr=20 2026-08-11T00:53:35.254
SNR_VALID red3 hydrophone 1 snr=22 2026-08-11T00:54:08.679
SNR_VALID red3 hydrophone 1 snr=24 2026-08-11T00:54:41.120
SNR_VALID red3 hydrophone 1 snr=26 2026-08-11T00:55:15.082
SNR_VALID red3 hydrophone 1 snr=28 2026-08-11T00:55:46.605
SNR_VALID red3 hydrophone 1 snr=30 2026-08-11T00:56:16.552
PATH_VALID red3 hydrophone 1 2026-08-11T00:56:18.285
PATH_START red4 hydrophone 2 2026-08-11T00:56:19.108
SNR_VALID red4 hydrophone 2 snr=0 2026-08-11T00:57:28.073
SNR_VALID red4 hydrophone 2 snr=2 2026-08-11T00:58:40.626
SNR_VALID red4 hydrophone 2 snr=4 2026-08-11T00:59:45.128
SNR_VALID red4 hydrophone 2 snr=6 2026-08-11T01:00:51.006
SNR_VALID red4 hydrophone 2 snr=8 2026-08-11T01:01:40.048
SNR_VALID red4 hydrophone 2 snr=10 2026-08-11T01:02:11.331
SNR_VALID red4 hydrophone 2 snr=12 2026-08-11T01:02:39.651
SNR_VALID red4 hydrophone 2 snr=14 2026-08-11T01:03:10.034
SNR_VALID red4 hydrophone 2 snr=16 2026-08-11T01:03:39.977
SNR_VALID red4 hydrophone 2 snr=18 2026-08-11T01:04:10.454
SNR_VALID red4 hydrophone 2 snr=20 2026-08-11T01:04:39.223
SNR_VALID red4 hydrophone 2 snr=22 2026-08-11T01:05:10.055
SNR_VALID red4 hydrophone 2 snr=24 2026-08-11T01:05:40.299
SNR_VALID red4 hydrophone 2 snr=26 2026-08-11T01:06:10.012
SNR_VALID red4 hydrophone 2 snr=28 2026-08-11T01:06:38.399
SNR_VALID red4 hydrophone 2 snr=30 2026-08-11T01:07:06.643
PATH_VALID red4 hydrophone 2 2026-08-11T01:07:08.311
N1024_CRC_NO_HARM_COMPUTE_COMPLETE paths=3 2026-08-11T01:07:09.003
