N1024_CRC_NO_HARM_START paths=3 2026-08-11T00:30:51.836
PATH_START red1 hydrophone 1 2026-08-11T00:30:51.842
SNR_VALID red1 hydrophone 1 snr=0 2026-08-11T00:33:20.781
SNR_VALID red1 hydrophone 1 snr=2 2026-08-11T00:34:35.775
SNR_VALID red1 hydrophone 1 snr=4 2026-08-11T00:35:49.577
SNR_VALID red1 hydrophone 1 snr=6 2026-08-11T00:37:02.725
SNR_VALID red1 hydrophone 1 snr=8 2026-08-11T00:38:08.103
SNR_VALID red1 hydrophone 1 snr=10 2026-08-11T00:39:03.155
SNR_VALID red1 hydrophone 1 snr=12 2026-08-11T00:39:55.284
SNR_VALID red1 hydrophone 1 snr=14 2026-08-11T00:40:34.319
SNR_VALID red1 hydrophone 1 snr=16 2026-08-11T00:41:06.713
SNR_VALID red1 hydrophone 1 snr=18 2026-08-11T00:41:38.193
SNR_VALID red1 hydrophone 1 snr=20 2026-08-11T00:42:08.776
SNR_VALID red1 hydrophone 1 snr=22 2026-08-11T00:42:37.289
SNR_VALID red1 hydrophone 1 snr=24 2026-08-11T00:43:09.855
SNR_VALID red1 hydrophone 1 snr=26 2026-08-11T00:43:45.080
SNR_VALID red1 hydrophone 1 snr=28 2026-08-11T00:44:14.955
SNR_VALID red1 hydrophone 1 snr=30 2026-08-11T00:44:46.266
PATH_VALID red1 hydrophone 1 2026-08-11T00:44:51.118
PATH_START red2 hydrophone 2 2026-08-11T00:44:52.002
SNR_VALID red2 hydrophone 2 snr=0 2026-08-11T00:46:04.934
SNR_VALID red2 hydrophone 2 snr=2 2026-08-11T00:47:13.370
SNR_VALID red2 hydrophone 2 snr=4 2026-08-11T00:48:18.439
SNR_VALID red2 hydrophone 2 snr=6 2026-08-11T00:49:24.478
SNR_VALID red2 hydrophone 2 snr=8 2026-08-11T00:50:29.449
SNR_VALID red2 hydrophone 2 snr=10 2026-08-11T00:51:31.087
SNR_VALID red2 hydrophone 2 snr=12 2026-08-11T00:52:19.885
SNR_VALID red2 hydrophone 2 snr=14 2026-08-11T00:52:57.430
SNR_VALID red2 hydrophone 2 snr=16 2026-08-11T00:53:32.261
SNR_VALID red2 hydrophone 2 snr=18 2026-08-11T00:54:04.275
SNR_VALID red2 hydrophone 2 snr=20 2026-08-11T00:54:35.473
SNR_VALID red2 hydrophone 2 snr=22 2026-08-11T00:55:05.034
SNR_VALID red2 hydrophone 2 snr=24 2026-08-11T00:55:34.897
SNR_VALID red2 hydrophone 2 snr=26 2026-08-11T00:56:04.016
SNR_VALID red2 hydrophone 2 snr=28 2026-08-11T00:56:34.231
SNR_VALID red2 hydrophone 2 snr=30 2026-08-11T00:57:02.194
PATH_VALID red2 hydrophone 2 2026-08-11T00:57:03.355
PATH_START red3 hydrophone 3 2026-08-11T00:57:04.001
SNR_VALID red3 hydrophone 3 snr=0 2026-08-11T00:58:15.528
SNR_VALID red3 hydrophone 3 snr=2 2026-08-11T00:59:22.646
SNR_VALID red3 hydrophone 3 snr=4 2026-08-11T01:00:28.955
SNR_VALID red3 hydrophone 3 snr=6 2026-08-11T01:01:34.705
SNR_VALID red3 hydrophone 3 snr=8 2026-08-11T01:02:43.192
SNR_VALID red3 hydrophone 3 snr=10 2026-08-11T01:03:45.068
SNR_VALID red3 hydrophone 3 snr=12 2026-08-11T01:04:30.036
SNR_VALID red3 hydrophone 3 snr=14 2026-08-11T01:05:09.113
SNR_VALID red3 hydrophone 3 snr=16 2026-08-11T01:05:40.878
SNR_VALID red3 hydrophone 3 snr=18 2026-08-11T01:06:13.420
SNR_VALID red3 hydrophone 3 snr=20 2026-08-11T01:06:43.322
SNR_VALID red3 hydrophone 3 snr=22 2026-08-11T01:07:12.063
SNR_VALID red3 hydrophone 3 snr=24 2026-08-11T01:07:33.908
SNR_VALID red3 hydrophone 3 snr=26 2026-08-11T01:07:54.427
SNR_VALID red3 hydrophone 3 snr=28 2026-08-11T01:08:15.919
SNR_VALID red3 hydrophone 3 snr=30 2026-08-11T01:08:36.658
PATH_VALID red3 hydrophone 3 2026-08-11T01:08:37.272
N1024_CRC_NO_HARM_COMPUTE_COMPLETE paths=3 2026-08-11T01:08:37.658
