N512_FIRST32_START 2026-08-10T11:53:51.323
PATH_START red1 hydrophone 1 2026-08-10T11:53:51.371
SNR_VALID red1 hydrophone 1 snr=2 2026-08-10T11:55:08.479
SNR_VALID red1 hydrophone 1 snr=4 2026-08-10T11:55:08.479
SNR_VALID red1 hydrophone 1 snr=6 2026-08-10T11:55:08.479
SNR_VALID red1 hydrophone 1 snr=0 2026-08-10T11:55:08.479
SNR_VALID red1 hydrophone 1 snr=14 2026-08-10T11:55:59.699
SNR_VALID red1 hydrophone 1 snr=12 2026-08-10T11:56:00.229
SNR_VALID red1 hydrophone 1 snr=10 2026-08-10T11:56:00.524
SNR_VALID red1 hydrophone 1 snr=8 2026-08-10T11:56:03.583
SNR_VALID red1 hydrophone 1 snr=22 2026-08-10T11:56:48.577
SNR_VALID red1 hydrophone 1 snr=18 2026-08-10T11:56:48.642
SNR_VALID red1 hydrophone 1 snr=20 2026-08-10T11:56:48.877
SNR_VALID red1 hydrophone 1 snr=16 2026-08-10T11:56:56.308
SNR_VALID red1 hydrophone 1 snr=26 2026-08-10T11:57:40.194
SNR_VALID red1 hydrophone 1 snr=30 2026-08-10T11:57:40.364
SNR_VALID red1 hydrophone 1 snr=28 2026-08-10T11:57:40.585
SNR_VALID red1 hydrophone 1 snr=24 2026-08-10T11:57:44.855
PATH_VALID red1 hydrophone 1 2026-08-10T11:57:45.171
PATH_START red1 hydrophone 2 2026-08-10T11:57:45.407
SNR_VALID red1 hydrophone 2 snr=2 2026-08-10T11:58:36.700
SNR_VALID red1 hydrophone 2 snr=0 2026-08-10T11:58:37.895
SNR_VALID red1 hydrophone 2 snr=6 2026-08-10T11:58:39.858
SNR_VALID red1 hydrophone 2 snr=4 2026-08-10T11:58:40.554
SNR_VALID red1 hydrophone 2 snr=14 2026-08-10T11:59:27.682
SNR_VALID red1 hydrophone 2 snr=10 2026-08-10T11:59:28.052
SNR_VALID red1 hydrophone 2 snr=8 2026-08-10T11:59:31.392
SNR_VALID red1 hydrophone 2 snr=12 2026-08-10T11:59:32.160
SNR_VALID red1 hydrophone 2 snr=22 2026-08-10T12:00:15.229
SNR_VALID red1 hydrophone 2 snr=18 2026-08-10T12:00:15.846
SNR_VALID red1 hydrophone 2 snr=16 2026-08-10T12:00:19.419
SNR_VALID red1 hydrophone 2 snr=20 2026-08-10T12:00:21.747
SNR_VALID red1 hydrophone 2 snr=30 2026-08-10T12:01:01.633
SNR_VALID red1 hydrophone 2 snr=26 2026-08-10T12:01:01.929
SNR_VALID red1 hydrophone 2 snr=24 2026-08-10T12:01:06.130
SNR_VALID red1 hydrophone 2 snr=28 2026-08-10T12:01:09.331
PATH_VALID red1 hydrophone 2 2026-08-10T12:01:09.360
PATH_START red1 hydrophone 3 2026-08-10T12:01:09.579
SNR_VALID red1 hydrophone 3 snr=4 2026-08-10T12:02:01.284
SNR_VALID red1 hydrophone 3 snr=2 2026-08-10T12:02:01.445
SNR_VALID red1 hydrophone 3 snr=0 2026-08-10T12:02:01.788
SNR_VALID red1 hydrophone 3 snr=6 2026-08-10T12:02:04.786
SNR_VALID red1 hydrophone 3 snr=12 2026-08-10T12:02:47.441
SNR_VALID red1 hydrophone 3 snr=10 2026-08-10T12:02:49.808
SNR_VALID red1 hydrophone 3 snr=8 2026-08-10T12:02:53.763
SNR_VALID red1 hydrophone 3 snr=14 2026-08-10T12:02:54.491
SNR_VALID red1 hydrophone 3 snr=20 2026-08-10T12:03:35.377
SNR_VALID red1 hydrophone 3 snr=18 2026-08-10T12:03:38.224
SNR_VALID red1 hydrophone 3 snr=16 2026-08-10T12:03:40.452
SNR_VALID red1 hydrophone 3 snr=22 2026-08-10T12:03:42.238
SNR_VALID red1 hydrophone 3 snr=28 2026-08-10T12:04:19.989
SNR_VALID red1 hydrophone 3 snr=26 2026-08-10T12:04:23.339
SNR_VALID red1 hydrophone 3 snr=24 2026-08-10T12:04:26.072
SNR_VALID red1 hydrophone 3 snr=30 2026-08-10T12:04:27.898
PATH_VALID red1 hydrophone 3 2026-08-10T12:04:27.938
PATH_START red2 hydrophone 1 2026-08-10T12:04:28.179
SNR_VALID red2 hydrophone 1 snr=6 2026-08-10T12:05:25.403
SNR_VALID red2 hydrophone 1 snr=0 2026-08-10T12:05:25.423
SNR_VALID red2 hydrophone 1 snr=2 2026-08-10T12:05:25.607
SNR_VALID red2 hydrophone 1 snr=4 2026-08-10T12:05:28.353
SNR_VALID red2 hydrophone 1 snr=14 2026-08-10T12:06:15.213
SNR_VALID red2 hydrophone 1 snr=10 2026-08-10T12:06:18.205
SNR_VALID red2 hydrophone 1 snr=8 2026-08-10T12:06:19.484
SNR_VALID red2 hydrophone 1 snr=12 2026-08-10T12:06:22.651
SNR_VALID red2 hydrophone 1 snr=22 2026-08-10T12:07:07.599
SNR_VALID red2 hydrophone 1 snr=18 2026-08-10T12:07:11.142
SNR_VALID red2 hydrophone 1 snr=16 2026-08-10T12:07:11.772
SNR_VALID red2 hydrophone 1 snr=20 2026-08-10T12:07:15.705
SNR_VALID red2 hydrophone 1 snr=30 2026-08-10T12:07:57.031
SNR_VALID red2 hydrophone 1 snr=26 2026-08-10T12:08:01.667
SNR_VALID red2 hydrophone 1 snr=24 2026-08-10T12:08:03.282
SNR_VALID red2 hydrophone 1 snr=28 2026-08-10T12:08:06.415
PATH_VALID red2 hydrophone 1 2026-08-10T12:08:06.443
PATH_START red2 hydrophone 2 2026-08-10T12:08:06.619
SNR_VALID red2 hydrophone 2 snr=4 2026-08-10T12:08:59.658
SNR_VALID red2 hydrophone 2 snr=2 2026-08-10T12:08:59.798
SNR_VALID red2 hydrophone 2 snr=6 2026-08-10T12:09:00.146
SNR_VALID red2 hydrophone 2 snr=0 2026-08-10T12:09:01.363
SNR_VALID red2 hydrophone 2 snr=14 2026-08-10T12:09:47.693
SNR_VALID red2 hydrophone 2 snr=12 2026-08-10T12:09:47.836
SNR_VALID red2 hydrophone 2 snr=10 2026-08-10T12:09:49.708
SNR_VALID red2 hydrophone 2 snr=8 2026-08-10T12:09:56.406
SNR_VALID red2 hydrophone 2 snr=22 2026-08-10T12:10:36.644
SNR_VALID red2 hydrophone 2 snr=20 2026-08-10T12:10:36.913
SNR_VALID red2 hydrophone 2 snr=18 2026-08-10T12:10:38.047
SNR_VALID red2 hydrophone 2 snr=16 2026-08-10T12:10:46.355
SNR_VALID red2 hydrophone 2 snr=30 2026-08-10T12:11:22.760
SNR_VALID red2 hydrophone 2 snr=28 2026-08-10T12:11:23.002
SNR_VALID red2 hydrophone 2 snr=26 2026-08-10T12:11:23.228
SNR_VALID red2 hydrophone 2 snr=24 2026-08-10T12:11:29.838
PATH_VALID red2 hydrophone 2 2026-08-10T12:11:29.871
PATH_START red2 hydrophone 3 2026-08-10T12:11:30.056
SNR_VALID red2 hydrophone 3 snr=2 2026-08-10T12:12:24.231
SNR_VALID red2 hydrophone 3 snr=6 2026-08-10T12:12:24.387
SNR_VALID red2 hydrophone 3 snr=4 2026-08-10T12:12:25.272
SNR_VALID red2 hydrophone 3 snr=0 2026-08-10T12:12:25.806
SNR_VALID red2 hydrophone 3 snr=14 2026-08-10T12:13:10.670
SNR_VALID red2 hydrophone 3 snr=12 2026-08-10T12:13:13.955
SNR_VALID red2 hydrophone 3 snr=10 2026-08-10T12:13:14.592
SNR_VALID red2 hydrophone 3 snr=8 2026-08-10T12:13:21.850
SNR_VALID red2 hydrophone 3 snr=22 2026-08-10T12:13:58.332
SNR_VALID red2 hydrophone 3 snr=20 2026-08-10T12:14:01.694
SNR_VALID red2 hydrophone 3 snr=18 2026-08-10T12:14:02.730
SNR_VALID red2 hydrophone 3 snr=16 2026-08-10T12:14:12.756
SNR_VALID red2 hydrophone 3 snr=30 2026-08-10T12:14:45.211
SNR_VALID red2 hydrophone 3 snr=28 2026-08-10T12:14:49.083
SNR_VALID red2 hydrophone 3 snr=26 2026-08-10T12:14:50.030
SNR_VALID red2 hydrophone 3 snr=24 2026-08-10T12:14:56.023
PATH_VALID red2 hydrophone 3 2026-08-10T12:14:56.056
PATH_START red3 hydrophone 1 2026-08-10T12:14:56.326
SNR_VALID red3 hydrophone 1 snr=2 2026-08-10T12:15:50.654
SNR_VALID red3 hydrophone 1 snr=0 2026-08-10T12:15:50.930
SNR_VALID red3 hydrophone 1 snr=6 2026-08-10T12:15:51.119
SNR_VALID red3 hydrophone 1 snr=4 2026-08-10T12:15:52.860
SNR_VALID red3 hydrophone 1 snr=14 2026-08-10T12:16:40.854
SNR_VALID red3 hydrophone 1 snr=10 2026-08-10T12:16:42.991
SNR_VALID red3 hydrophone 1 snr=8 2026-08-10T12:16:45.259
SNR_VALID red3 hydrophone 1 snr=12 2026-08-10T12:16:45.955
SNR_VALID red3 hydrophone 1 snr=22 2026-08-10T12:17:30.201
SNR_VALID red3 hydrophone 1 snr=18 2026-08-10T12:17:33.204
SNR_VALID red3 hydrophone 1 snr=16 2026-08-10T12:17:36.056
SNR_VALID red3 hydrophone 1 snr=20 2026-08-10T12:17:38.538
SNR_VALID red3 hydrophone 1 snr=30 2026-08-10T12:18:23.440
SNR_VALID red3 hydrophone 1 snr=26 2026-08-10T12:18:25.032
SNR_VALID red3 hydrophone 1 snr=24 2026-08-10T12:18:28.413
SNR_VALID red3 hydrophone 1 snr=28 2026-08-10T12:18:29.871
PATH_VALID red3 hydrophone 1 2026-08-10T12:18:29.907
PATH_START red3 hydrophone 2 2026-08-10T12:18:30.142
SNR_VALID red3 hydrophone 2 snr=0 2026-08-10T12:19:22.891
SNR_VALID red3 hydrophone 2 snr=2 2026-08-10T12:19:22.925
SNR_VALID red3 hydrophone 2 snr=4 2026-08-10T12:19:22.950
SNR_VALID red3 hydrophone 2 snr=6 2026-08-10T12:19:24.993
SNR_VALID red3 hydrophone 2 snr=12 2026-08-10T12:20:10.659
SNR_VALID red3 hydrophone 2 snr=10 2026-08-10T12:20:12.439
SNR_VALID red3 hydrophone 2 snr=14 2026-08-10T12:20:14.316
SNR_VALID red3 hydrophone 2 snr=8 2026-08-10T12:20:17.934
SNR_VALID red3 hydrophone 2 snr=20 2026-08-10T12:20:58.495
SNR_VALID red3 hydrophone 2 snr=18 2026-08-10T12:21:00.200
SNR_VALID red3 hydrophone 2 snr=22 2026-08-10T12:21:03.458
SNR_VALID red3 hydrophone 2 snr=16 2026-08-10T12:21:07.002
SNR_VALID red3 hydrophone 2 snr=28 2026-08-10T12:21:47.768
SNR_VALID red3 hydrophone 2 snr=26 2026-08-10T12:21:48.156
SNR_VALID red3 hydrophone 2 snr=30 2026-08-10T12:21:51.440
SNR_VALID red3 hydrophone 2 snr=24 2026-08-10T12:21:52.578
PATH_VALID red3 hydrophone 2 2026-08-10T12:21:52.609
PATH_START red3 hydrophone 3 2026-08-10T12:21:52.825
SNR_VALID red3 hydrophone 3 snr=2 2026-08-10T12:22:46.223
SNR_VALID red3 hydrophone 3 snr=6 2026-08-10T12:22:46.310
SNR_VALID red3 hydrophone 3 snr=4 2026-08-10T12:22:46.553
SNR_VALID red3 hydrophone 3 snr=0 2026-08-10T12:22:48.420
SNR_VALID red3 hydrophone 3 snr=14 2026-08-10T12:23:33.276
SNR_VALID red3 hydrophone 3 snr=12 2026-08-10T12:23:34.213
SNR_VALID red3 hydrophone 3 snr=10 2026-08-10T12:23:36.419
SNR_VALID red3 hydrophone 3 snr=8 2026-08-10T12:23:41.817
SNR_VALID red3 hydrophone 3 snr=22 2026-08-10T12:24:18.832
SNR_VALID red3 hydrophone 3 snr=20 2026-08-10T12:24:21.258
SNR_VALID red3 hydrophone 3 snr=18 2026-08-10T12:24:23.416
SNR_VALID red3 hydrophone 3 snr=16 2026-08-10T12:24:33.342
SNR_VALID red3 hydrophone 3 snr=30 2026-08-10T12:25:07.005
SNR_VALID red3 hydrophone 3 snr=28 2026-08-10T12:25:09.832
SNR_VALID red3 hydrophone 3 snr=26 2026-08-10T12:25:10.570
SNR_VALID red3 hydrophone 3 snr=24 2026-08-10T12:25:17.376
PATH_VALID red3 hydrophone 3 2026-08-10T12:25:17.426
PATH_START red4 hydrophone 1 2026-08-10T12:25:17.669
SNR_VALID red4 hydrophone 1 snr=6 2026-08-10T12:26:08.820
SNR_VALID red4 hydrophone 1 snr=2 2026-08-10T12:26:09.594
SNR_VALID red4 hydrophone 1 snr=4 2026-08-10T12:26:10.663
SNR_VALID red4 hydrophone 1 snr=0 2026-08-10T12:26:13.804
SNR_VALID red4 hydrophone 1 snr=14 2026-08-10T12:26:54.580
SNR_VALID red4 hydrophone 1 snr=12 2026-08-10T12:26:56.667
SNR_VALID red4 hydrophone 1 snr=10 2026-08-10T12:26:56.937
SNR_VALID red4 hydrophone 1 snr=8 2026-08-10T12:27:03.987
SNR_VALID red4 hydrophone 1 snr=22 2026-08-10T12:27:42.032
SNR_VALID red4 hydrophone 1 snr=18 2026-08-10T12:27:43.423
SNR_VALID red4 hydrophone 1 snr=20 2026-08-10T12:27:43.600
SNR_VALID red4 hydrophone 1 snr=16 2026-08-10T12:27:55.617
SNR_VALID red4 hydrophone 1 snr=30 2026-08-10T12:28:30.639
SNR_VALID red4 hydrophone 1 snr=26 2026-08-10T12:28:30.748
SNR_VALID red4 hydrophone 1 snr=28 2026-08-10T12:28:31.440
SNR_VALID red4 hydrophone 1 snr=24 2026-08-10T12:28:37.794
PATH_VALID red4 hydrophone 1 2026-08-10T12:28:37.815
PATH_START red4 hydrophone 2 2026-08-10T12:28:38.018
SNR_VALID red4 hydrophone 2 snr=2 2026-08-10T12:29:31.373
SNR_VALID red4 hydrophone 2 snr=0 2026-08-10T12:29:31.376
SNR_VALID red4 hydrophone 2 snr=4 2026-08-10T12:29:32.513
SNR_VALID red4 hydrophone 2 snr=6 2026-08-10T12:29:32.945
SNR_VALID red4 hydrophone 2 snr=10 2026-08-10T12:30:18.242
SNR_VALID red4 hydrophone 2 snr=12 2026-08-10T12:30:18.258
SNR_VALID red4 hydrophone 2 snr=14 2026-08-10T12:30:20.034
SNR_VALID red4 hydrophone 2 snr=8 2026-08-10T12:30:21.343
SNR_VALID red4 hydrophone 2 snr=18 2026-08-10T12:31:04.783
SNR_VALID red4 hydrophone 2 snr=20 2026-08-10T12:31:05.459
SNR_VALID red4 hydrophone 2 snr=16 2026-08-10T12:31:09.630
SNR_VALID red4 hydrophone 2 snr=22 2026-08-10T12:31:09.822
SNR_VALID red4 hydrophone 2 snr=26 2026-08-10T12:31:50.327
SNR_VALID red4 hydrophone 2 snr=28 2026-08-10T12:31:51.716
SNR_VALID red4 hydrophone 2 snr=24 2026-08-10T12:31:54.703
SNR_VALID red4 hydrophone 2 snr=30 2026-08-10T12:31:55.586
PATH_VALID red4 hydrophone 2 2026-08-10T12:31:55.610
PATH_START red4 hydrophone 3 2026-08-10T12:31:55.864
SNR_VALID red4 hydrophone 3 snr=6 2026-08-10T12:32:47.702
SNR_VALID red4 hydrophone 3 snr=2 2026-08-10T12:32:48.806
SNR_VALID red4 hydrophone 3 snr=0 2026-08-10T12:32:48.955
SNR_VALID red4 hydrophone 3 snr=4 2026-08-10T12:32:51.922
SNR_VALID red4 hydrophone 3 snr=14 2026-08-10T12:33:34.661
SNR_VALID red4 hydrophone 3 snr=10 2026-08-10T12:33:38.958
SNR_VALID red4 hydrophone 3 snr=12 2026-08-10T12:33:42.098
SNR_VALID red4 hydrophone 3 snr=8 2026-08-10T12:33:42.415
SNR_VALID red4 hydrophone 3 snr=22 2026-08-10T12:34:20.923
SNR_VALID red4 hydrophone 3 snr=18 2026-08-10T12:34:25.715
SNR_VALID red4 hydrophone 3 snr=16 2026-08-10T12:34:29.062
SNR_VALID red4 hydrophone 3 snr=20 2026-08-10T12:34:31.027
SNR_VALID red4 hydrophone 3 snr=30 2026-08-10T12:35:09.126
SNR_VALID red4 hydrophone 3 snr=26 2026-08-10T12:35:13.570
SNR_VALID red4 hydrophone 3 snr=24 2026-08-10T12:35:15.988
SNR_VALID red4 hydrophone 3 snr=28 2026-08-10T12:35:17.926
PATH_VALID red4 hydrophone 3 2026-08-10T12:35:17.956
N512_FIRST32_COMPUTE_COMPLETE paths=12 2026-08-10T12:35:18.170
