N1536_CRC_NO_HARM_START paths=3 2026-08-12T15:26:44.040
PATH_START red1 hydrophone 1 2026-08-12T15:26:44.084
SNR_VALID red1 hydrophone 1 snr=0 2026-08-12T15:31:24.822
SNR_VALID red1 hydrophone 1 snr=2 2026-08-12T15:34:53.914
SNR_VALID red1 hydrophone 1 snr=4 2026-08-12T15:38:07.973
SNR_VALID red1 hydrophone 1 snr=6 2026-08-12T15:41:29.143
SNR_VALID red1 hydrophone 1 snr=8 2026-08-12T15:44:29.532
SNR_VALID red1 hydrophone 1 snr=10 2026-08-12T15:47:13.689
SNR_VALID red1 hydrophone 1 snr=12 2026-08-12T15:49:33.021
SNR_VALID red1 hydrophone 1 snr=14 2026-08-12T15:51:25.371
SNR_VALID red1 hydrophone 1 snr=16 2026-08-12T15:52:56.331
SNR_VALID red1 hydrophone 1 snr=18 2026-08-12T15:54:29.405
SNR_VALID red1 hydrophone 1 snr=20 2026-08-12T15:55:58.606
SNR_VALID red1 hydrophone 1 snr=22 2026-08-12T15:57:20.434
SNR_VALID red1 hydrophone 1 snr=24 2026-08-12T15:58:47.225
SNR_VALID red1 hydrophone 1 snr=26 2026-08-12T16:00:13.336
SNR_VALID red1 hydrophone 1 snr=28 2026-08-12T16:01:35.706
SNR_VALID red1 hydrophone 1 snr=30 2026-08-12T16:02:50.960
PATH_VALID red1 hydrophone 1 2026-08-12T16:02:54.417
PATH_START red2 hydrophone 2 2026-08-12T16:02:55.223
SNR_VALID red2 hydrophone 2 snr=0 2026-08-12T16:06:15.648
SNR_VALID red2 hydrophone 2 snr=2 2026-08-12T16:09:37.611
SNR_VALID red2 hydrophone 2 snr=4 2026-08-12T16:13:04.343
SNR_VALID red2 hydrophone 2 snr=6 2026-08-12T16:16:29.062
SNR_VALID red2 hydrophone 2 snr=8 2026-08-12T16:19:50.991
SNR_VALID red2 hydrophone 2 snr=10 2026-08-12T16:22:53.441
SNR_VALID red2 hydrophone 2 snr=12 2026-08-12T16:25:21.260
SNR_VALID red2 hydrophone 2 snr=14 2026-08-12T16:27:23.790
SNR_VALID red2 hydrophone 2 snr=16 2026-08-12T16:29:07.837
SNR_VALID red2 hydrophone 2 snr=18 2026-08-12T16:30:43.608
SNR_VALID red2 hydrophone 2 snr=20 2026-08-12T16:32:21.030
SNR_VALID red2 hydrophone 2 snr=22 2026-08-12T16:33:50.611
SNR_VALID red2 hydrophone 2 snr=24 2026-08-12T16:35:23.236
SNR_VALID red2 hydrophone 2 snr=26 2026-08-12T16:36:47.657
SNR_VALID red2 hydrophone 2 snr=28 2026-08-12T16:38:09.457
SNR_VALID red2 hydrophone 2 snr=30 2026-08-12T16:39:35.345
PATH_VALID red2 hydrophone 2 2026-08-12T16:39:37.077
PATH_START red3 hydrophone 3 2026-08-12T16:39:37.875
SNR_VALID red3 hydrophone 3 snr=0 2026-08-12T16:42:53.230
SNR_VALID red3 hydrophone 3 snr=2 2026-08-12T16:46:14.116
SNR_VALID red3 hydrophone 3 snr=4 2026-08-12T16:49:32.479
SNR_VALID red3 hydrophone 3 snr=6 2026-08-12T16:52:53.370
SNR_VALID red3 hydrophone 3 snr=8 2026-08-12T16:55:54.744
SNR_VALID red3 hydrophone 3 snr=10 2026-08-12T16:58:13.055
SNR_VALID red3 hydrophone 3 snr=12 2026-08-12T17:00:00.002
SNR_VALID red3 hydrophone 3 snr=14 2026-08-12T17:01:27.065
SNR_VALID red3 hydrophone 3 snr=16 2026-08-12T17:02:38.733
SNR_VALID red3 hydrophone 3 snr=18 2026-08-12T17:03:36.369
SNR_VALID red3 hydrophone 3 snr=20 2026-08-12T17:04:34.881
SNR_VALID red3 hydrophone 3 snr=22 2026-08-12T17:05:33.272
SNR_VALID red3 hydrophone 3 snr=24 2026-08-12T17:06:25.737
SNR_VALID red3 hydrophone 3 snr=26 2026-08-12T17:07:22.017
SNR_VALID red3 hydrophone 3 snr=28 2026-08-12T17:08:12.760
SNR_VALID red3 hydrophone 3 snr=30 2026-08-12T17:09:01.758
PATH_VALID red3 hydrophone 3 2026-08-12T17:09:03.025
N1536_CRC_NO_HARM_COMPUTE_COMPLETE paths=3 2026-08-12T17:09:03.490
