N1536_CRC_NO_HARM_START paths=3 2026-08-12T15:26:44.257
PATH_START red1 hydrophone 3 2026-08-12T15:26:44.280
SNR_VALID red1 hydrophone 3 snr=0 2026-08-12T15:31:26.271
SNR_VALID red1 hydrophone 3 snr=2 2026-08-12T15:34:56.279
SNR_VALID red1 hydrophone 3 snr=4 2026-08-12T15:38:10.819
SNR_VALID red1 hydrophone 3 snr=6 2026-08-12T15:41:21.925
SNR_VALID red1 hydrophone 3 snr=8 2026-08-12T15:43:50.459
SNR_VALID red1 hydrophone 3 snr=10 2026-08-12T15:45:45.094
SNR_VALID red1 hydrophone 3 snr=12 2026-08-12T15:47:03.257
SNR_VALID red1 hydrophone 3 snr=14 2026-08-12T15:48:14.491
SNR_VALID red1 hydrophone 3 snr=16 2026-08-12T15:49:21.170
SNR_VALID red1 hydrophone 3 snr=18 2026-08-12T15:50:29.485
SNR_VALID red1 hydrophone 3 snr=20 2026-08-12T15:51:33.646
SNR_VALID red1 hydrophone 3 snr=22 2026-08-12T15:52:31.964
SNR_VALID red1 hydrophone 3 snr=24 2026-08-12T15:53:32.908
SNR_VALID red1 hydrophone 3 snr=26 2026-08-12T15:54:29.732
SNR_VALID red1 hydrophone 3 snr=28 2026-08-12T15:55:32.026
SNR_VALID red1 hydrophone 3 snr=30 2026-08-12T15:56:31.073
PATH_VALID red1 hydrophone 3 2026-08-12T15:56:35.676
PATH_START red3 hydrophone 1 2026-08-12T15:56:36.412
SNR_VALID red3 hydrophone 1 snr=0 2026-08-12T15:59:56.795
SNR_VALID red3 hydrophone 1 snr=2 2026-08-12T16:03:11.279
SNR_VALID red3 hydrophone 1 snr=4 2026-08-12T16:06:31.147
SNR_VALID red3 hydrophone 1 snr=6 2026-08-12T16:09:52.891
SNR_VALID red3 hydrophone 1 snr=8 2026-08-12T16:13:14.114
SNR_VALID red3 hydrophone 1 snr=10 2026-08-12T16:16:16.290
SNR_VALID red3 hydrophone 1 snr=12 2026-08-12T16:18:44.234
SNR_VALID red3 hydrophone 1 snr=14 2026-08-12T16:20:37.174
SNR_VALID red3 hydrophone 1 snr=16 2026-08-12T16:22:13.416
SNR_VALID red3 hydrophone 1 snr=18 2026-08-12T16:23:46.041
SNR_VALID red3 hydrophone 1 snr=20 2026-08-12T16:25:07.635
SNR_VALID red3 hydrophone 1 snr=22 2026-08-12T16:26:30.391
SNR_VALID red3 hydrophone 1 snr=24 2026-08-12T16:27:54.020
SNR_VALID red3 hydrophone 1 snr=26 2026-08-12T16:29:11.648
SNR_VALID red3 hydrophone 1 snr=28 2026-08-12T16:30:26.480
SNR_VALID red3 hydrophone 1 snr=30 2026-08-12T16:31:44.200
PATH_VALID red3 hydrophone 1 2026-08-12T16:31:46.109
PATH_START red4 hydrophone 2 2026-08-12T16:31:46.924
SNR_VALID red4 hydrophone 2 snr=0 2026-08-12T16:35:15.840
SNR_VALID red4 hydrophone 2 snr=2 2026-08-12T16:38:34.045
SNR_VALID red4 hydrophone 2 snr=4 2026-08-12T16:41:53.891
SNR_VALID red4 hydrophone 2 snr=6 2026-08-12T16:45:09.854
SNR_VALID red4 hydrophone 2 snr=8 2026-08-12T16:47:55.632
SNR_VALID red4 hydrophone 2 snr=10 2026-08-12T16:49:59.478
SNR_VALID red4 hydrophone 2 snr=12 2026-08-12T16:51:20.944
SNR_VALID red4 hydrophone 2 snr=14 2026-08-12T16:52:32.244
SNR_VALID red4 hydrophone 2 snr=16 2026-08-12T16:53:38.500
SNR_VALID red4 hydrophone 2 snr=18 2026-08-12T16:54:45.461
SNR_VALID red4 hydrophone 2 snr=20 2026-08-12T16:55:55.488
SNR_VALID red4 hydrophone 2 snr=22 2026-08-12T16:56:59.318
SNR_VALID red4 hydrophone 2 snr=24 2026-08-12T16:58:07.194
SNR_VALID red4 hydrophone 2 snr=26 2026-08-12T16:59:13.325
SNR_VALID red4 hydrophone 2 snr=28 2026-08-12T17:00:17.061
SNR_VALID red4 hydrophone 2 snr=30 2026-08-12T17:01:23.139
PATH_VALID red4 hydrophone 2 2026-08-12T17:01:24.774
N1536_CRC_NO_HARM_COMPUTE_COMPLETE paths=3 2026-08-12T17:01:25.536
