N1536_CRC_NO_HARM_START paths=3 2026-08-12T15:26:44.400
PATH_START red2 hydrophone 1 2026-08-12T15:26:44.429
SNR_VALID red2 hydrophone 1 snr=0 2026-08-12T15:31:22.668
SNR_VALID red2 hydrophone 1 snr=2 2026-08-12T15:34:53.806
SNR_VALID red2 hydrophone 1 snr=4 2026-08-12T15:38:09.531
SNR_VALID red2 hydrophone 1 snr=6 2026-08-12T15:41:30.563
SNR_VALID red2 hydrophone 1 snr=8 2026-08-12T15:44:40.054
SNR_VALID red2 hydrophone 1 snr=10 2026-08-12T15:47:41.653
SNR_VALID red2 hydrophone 1 snr=12 2026-08-12T15:50:30.691
SNR_VALID red2 hydrophone 1 snr=14 2026-08-12T15:52:51.511
SNR_VALID red2 hydrophone 1 snr=16 2026-08-12T15:55:07.780
SNR_VALID red2 hydrophone 1 snr=18 2026-08-12T15:57:06.936
SNR_VALID red2 hydrophone 1 snr=20 2026-08-12T15:59:11.485
SNR_VALID red2 hydrophone 1 snr=22 2026-08-12T16:00:58.869
SNR_VALID red2 hydrophone 1 snr=24 2026-08-12T16:02:43.624
SNR_VALID red2 hydrophone 1 snr=26 2026-08-12T16:04:27.253
SNR_VALID red2 hydrophone 1 snr=28 2026-08-12T16:06:12.858
SNR_VALID red2 hydrophone 1 snr=30 2026-08-12T16:07:52.183
PATH_VALID red2 hydrophone 1 2026-08-12T16:07:55.992
PATH_START red3 hydrophone 2 2026-08-12T16:07:56.810
SNR_VALID red3 hydrophone 2 snr=0 2026-08-12T16:11:13.975
SNR_VALID red3 hydrophone 2 snr=2 2026-08-12T16:14:40.183
SNR_VALID red3 hydrophone 2 snr=4 2026-08-12T16:18:06.051
SNR_VALID red3 hydrophone 2 snr=6 2026-08-12T16:21:27.438
SNR_VALID red3 hydrophone 2 snr=8 2026-08-12T16:24:25.494
SNR_VALID red3 hydrophone 2 snr=10 2026-08-12T16:26:25.756
SNR_VALID red3 hydrophone 2 snr=12 2026-08-12T16:28:09.100
SNR_VALID red3 hydrophone 2 snr=14 2026-08-12T16:29:32.555
SNR_VALID red3 hydrophone 2 snr=16 2026-08-12T16:30:45.945
SNR_VALID red3 hydrophone 2 snr=18 2026-08-12T16:32:04.177
SNR_VALID red3 hydrophone 2 snr=20 2026-08-12T16:33:13.573
SNR_VALID red3 hydrophone 2 snr=22 2026-08-12T16:34:25.354
SNR_VALID red3 hydrophone 2 snr=24 2026-08-12T16:35:33.614
SNR_VALID red3 hydrophone 2 snr=26 2026-08-12T16:36:37.811
SNR_VALID red3 hydrophone 2 snr=28 2026-08-12T16:37:44.680
SNR_VALID red3 hydrophone 2 snr=30 2026-08-12T16:38:50.135
PATH_VALID red3 hydrophone 2 2026-08-12T16:38:52.456
PATH_START red4 hydrophone 3 2026-08-12T16:38:53.283
SNR_VALID red4 hydrophone 3 snr=0 2026-08-12T16:42:14.109
SNR_VALID red4 hydrophone 3 snr=2 2026-08-12T16:45:35.395
SNR_VALID red4 hydrophone 3 snr=4 2026-08-12T16:48:53.283
SNR_VALID red4 hydrophone 3 snr=6 2026-08-12T16:52:07.540
SNR_VALID red4 hydrophone 3 snr=8 2026-08-12T16:54:59.830
SNR_VALID red4 hydrophone 3 snr=10 2026-08-12T16:57:02.370
SNR_VALID red4 hydrophone 3 snr=12 2026-08-12T16:58:36.630
SNR_VALID red4 hydrophone 3 snr=14 2026-08-12T16:59:51.895
SNR_VALID red4 hydrophone 3 snr=16 2026-08-12T17:00:58.505
SNR_VALID red4 hydrophone 3 snr=18 2026-08-12T17:02:06.586
SNR_VALID red4 hydrophone 3 snr=20 2026-08-12T17:03:05.135
SNR_VALID red4 hydrophone 3 snr=22 2026-08-12T17:04:04.417
SNR_VALID red4 hydrophone 3 snr=24 2026-08-12T17:05:03.918
SNR_VALID red4 hydrophone 3 snr=26 2026-08-12T17:05:57.435
SNR_VALID red4 hydrophone 3 snr=28 2026-08-12T17:06:50.105
SNR_VALID red4 hydrophone 3 snr=30 2026-08-12T17:07:43.756
PATH_VALID red4 hydrophone 3 2026-08-12T17:07:45.415
N1536_CRC_NO_HARM_COMPUTE_COMPLETE paths=3 2026-08-12T17:07:45.916
