N1536_CRC_NO_HARM_START paths=3 2026-08-12T15:26:45.022
PATH_START red1 hydrophone 2 2026-08-12T15:26:45.058
SNR_VALID red1 hydrophone 2 snr=0 2026-08-12T15:31:26.016
SNR_VALID red1 hydrophone 2 snr=2 2026-08-12T15:34:59.633
SNR_VALID red1 hydrophone 2 snr=4 2026-08-12T15:38:15.252
SNR_VALID red1 hydrophone 2 snr=6 2026-08-12T15:41:34.943
SNR_VALID red1 hydrophone 2 snr=8 2026-08-12T15:44:36.121
SNR_VALID red1 hydrophone 2 snr=10 2026-08-12T15:47:25.354
SNR_VALID red1 hydrophone 2 snr=12 2026-08-12T15:49:49.851
SNR_VALID red1 hydrophone 2 snr=14 2026-08-12T15:51:34.761
SNR_VALID red1 hydrophone 2 snr=16 2026-08-12T15:53:01.260
SNR_VALID red1 hydrophone 2 snr=18 2026-08-12T15:54:14.940
SNR_VALID red1 hydrophone 2 snr=20 2026-08-12T15:55:27.069
SNR_VALID red1 hydrophone 2 snr=22 2026-08-12T15:56:41.208
SNR_VALID red1 hydrophone 2 snr=24 2026-08-12T15:58:02.278
SNR_VALID red1 hydrophone 2 snr=26 2026-08-12T15:59:14.745
SNR_VALID red1 hydrophone 2 snr=28 2026-08-12T16:00:27.832
SNR_VALID red1 hydrophone 2 snr=30 2026-08-12T16:01:38.809
PATH_VALID red1 hydrophone 2 2026-08-12T16:01:42.722
PATH_START red2 hydrophone 3 2026-08-12T16:01:43.276
SNR_VALID red2 hydrophone 3 snr=0 2026-08-12T16:04:56.154
SNR_VALID red2 hydrophone 3 snr=2 2026-08-12T16:08:16.891
SNR_VALID red2 hydrophone 3 snr=4 2026-08-12T16:11:37.494
SNR_VALID red2 hydrophone 3 snr=6 2026-08-12T16:15:01.955
SNR_VALID red2 hydrophone 3 snr=8 2026-08-12T16:18:18.957
SNR_VALID red2 hydrophone 3 snr=10 2026-08-12T16:21:09.145
SNR_VALID red2 hydrophone 3 snr=12 2026-08-12T16:23:23.632
SNR_VALID red2 hydrophone 3 snr=14 2026-08-12T16:25:23.632
SNR_VALID red2 hydrophone 3 snr=16 2026-08-12T16:27:15.574
SNR_VALID red2 hydrophone 3 snr=18 2026-08-12T16:28:59.736
SNR_VALID red2 hydrophone 3 snr=20 2026-08-12T16:30:29.897
SNR_VALID red2 hydrophone 3 snr=22 2026-08-12T16:31:54.261
SNR_VALID red2 hydrophone 3 snr=24 2026-08-12T16:33:10.907
SNR_VALID red2 hydrophone 3 snr=26 2026-08-12T16:34:31.670
SNR_VALID red2 hydrophone 3 snr=28 2026-08-12T16:35:50.812
SNR_VALID red2 hydrophone 3 snr=30 2026-08-12T16:37:04.619
PATH_VALID red2 hydrophone 3 2026-08-12T16:37:06.713
PATH_START red4 hydrophone 1 2026-08-12T16:37:07.598
SNR_VALID red4 hydrophone 1 snr=0 2026-08-12T16:40:25.605
SNR_VALID red4 hydrophone 1 snr=2 2026-08-12T16:43:44.346
SNR_VALID red4 hydrophone 1 snr=4 2026-08-12T16:47:08.745
SNR_VALID red4 hydrophone 1 snr=6 2026-08-12T16:50:15.384
SNR_VALID red4 hydrophone 1 snr=8 2026-08-12T16:52:46.349
SNR_VALID red4 hydrophone 1 snr=10 2026-08-12T16:54:40.612
SNR_VALID red4 hydrophone 1 snr=12 2026-08-12T16:56:08.201
SNR_VALID red4 hydrophone 1 snr=14 2026-08-12T16:57:13.536
SNR_VALID red4 hydrophone 1 snr=16 2026-08-12T16:58:22.918
SNR_VALID red4 hydrophone 1 snr=18 2026-08-12T16:59:29.173
SNR_VALID red4 hydrophone 1 snr=20 2026-08-12T17:00:31.954
SNR_VALID red4 hydrophone 1 snr=22 2026-08-12T17:01:38.091
SNR_VALID red4 hydrophone 1 snr=24 2026-08-12T17:02:35.532
SNR_VALID red4 hydrophone 1 snr=26 2026-08-12T17:03:31.480
SNR_VALID red4 hydrophone 1 snr=28 2026-08-12T17:04:27.106
SNR_VALID red4 hydrophone 1 snr=30 2026-08-12T17:05:19.851
PATH_VALID red4 hydrophone 1 2026-08-12T17:05:21.832
N1536_CRC_NO_HARM_COMPUTE_COMPLETE paths=3 2026-08-12T17:05:22.395
