N512_CRC_NO_HARM_START paths=3 2026-08-21T22:37:23.545
PATH_START blue1 hydrophone 2 2026-08-21T22:37:23.562
SNR_VALID blue1 hydrophone 2 snr=0 2026-08-21T22:38:34.631
SNR_VALID blue1 hydrophone 2 snr=2 2026-08-21T22:38:58.484
SNR_VALID blue1 hydrophone 2 snr=4 2026-08-21T22:39:22.013
SNR_VALID blue1 hydrophone 2 snr=6 2026-08-21T22:39:44.780
SNR_VALID blue1 hydrophone 2 snr=8 2026-08-21T22:40:08.073
SNR_VALID blue1 hydrophone 2 snr=10 2026-08-21T22:40:29.464
SNR_VALID blue1 hydrophone 2 snr=12 2026-08-21T22:40:48.024
SNR_VALID blue1 hydrophone 2 snr=14 2026-08-21T22:41:06.898
SNR_VALID blue1 hydrophone 2 snr=16 2026-08-21T22:41:22.921
SNR_VALID blue1 hydrophone 2 snr=18 2026-08-21T22:41:39.700
SNR_VALID blue1 hydrophone 2 snr=20 2026-08-21T22:41:55.215
SNR_VALID blue1 hydrophone 2 snr=22 2026-08-21T22:42:11.290
SNR_VALID blue1 hydrophone 2 snr=24 2026-08-21T22:42:27.367
SNR_VALID blue1 hydrophone 2 snr=26 2026-08-21T22:42:42.766
SNR_VALID blue1 hydrophone 2 snr=28 2026-08-21T22:42:58.263
SNR_VALID blue1 hydrophone 2 snr=30 2026-08-21T22:43:13.570
PATH_VALID blue1 hydrophone 2 2026-08-21T22:43:15.811
PATH_START blue2 hydrophone 3 2026-08-21T22:43:16.356
SNR_VALID blue2 hydrophone 3 snr=0 2026-08-21T22:43:41.632
SNR_VALID blue2 hydrophone 3 snr=2 2026-08-21T22:44:05.675
SNR_VALID blue2 hydrophone 3 snr=4 2026-08-21T22:44:30.379
SNR_VALID blue2 hydrophone 3 snr=6 2026-08-21T22:44:54.482
SNR_VALID blue2 hydrophone 3 snr=8 2026-08-21T22:45:15.583
SNR_VALID blue2 hydrophone 3 snr=10 2026-08-21T22:45:35.319
SNR_VALID blue2 hydrophone 3 snr=12 2026-08-21T22:45:54.185
SNR_VALID blue2 hydrophone 3 snr=14 2026-08-21T22:46:10.594
SNR_VALID blue2 hydrophone 3 snr=16 2026-08-21T22:46:26.555
SNR_VALID blue2 hydrophone 3 snr=18 2026-08-21T22:46:41.857
SNR_VALID blue2 hydrophone 3 snr=20 2026-08-21T22:46:57.406
SNR_VALID blue2 hydrophone 3 snr=22 2026-08-21T22:47:12.393
SNR_VALID blue2 hydrophone 3 snr=24 2026-08-21T22:47:27.341
SNR_VALID blue2 hydrophone 3 snr=26 2026-08-21T22:47:42.472
SNR_VALID blue2 hydrophone 3 snr=28 2026-08-21T22:47:57.638
SNR_VALID blue2 hydrophone 3 snr=30 2026-08-21T22:48:12.542
PATH_VALID blue2 hydrophone 3 2026-08-21T22:48:13.279
PATH_START blue4 hydrophone 1 2026-08-21T22:48:13.856
SNR_VALID blue4 hydrophone 1 snr=0 2026-08-21T22:48:38.241
SNR_VALID blue4 hydrophone 1 snr=2 2026-08-21T22:49:01.458
SNR_VALID blue4 hydrophone 1 snr=4 2026-08-21T22:49:24.764
SNR_VALID blue4 hydrophone 1 snr=6 2026-08-21T22:49:47.504
SNR_VALID blue4 hydrophone 1 snr=8 2026-08-21T22:50:10.978
SNR_VALID blue4 hydrophone 1 snr=10 2026-08-21T22:50:32.551
SNR_VALID blue4 hydrophone 1 snr=12 2026-08-21T22:50:53.569
SNR_VALID blue4 hydrophone 1 snr=14 2026-08-21T22:51:12.709
SNR_VALID blue4 hydrophone 1 snr=16 2026-08-21T22:51:31.788
SNR_VALID blue4 hydrophone 1 snr=18 2026-08-21T22:51:50.613
SNR_VALID blue4 hydrophone 1 snr=20 2026-08-21T22:52:08.702
SNR_VALID blue4 hydrophone 1 snr=22 2026-08-21T22:52:27.383
SNR_VALID blue4 hydrophone 1 snr=24 2026-08-21T22:52:45.938
SNR_VALID blue4 hydrophone 1 snr=26 2026-08-21T22:53:04.063
SNR_VALID blue4 hydrophone 1 snr=28 2026-08-21T22:53:21.644
SNR_VALID blue4 hydrophone 1 snr=30 2026-08-21T22:53:36.531
PATH_VALID blue4 hydrophone 1 2026-08-21T22:53:37.111
N512_CRC_NO_HARM_COMPUTE_COMPLETE paths=3 2026-08-21T22:53:37.455
