N512_CRC_NO_HARM_START paths=3 2026-08-21T22:37:23.326
PATH_START blue1 hydrophone 1 2026-08-21T22:37:23.346
SNR_VALID blue1 hydrophone 1 snr=0 2026-08-21T22:38:35.011
SNR_VALID blue1 hydrophone 1 snr=2 2026-08-21T22:38:58.803
SNR_VALID blue1 hydrophone 1 snr=4 2026-08-21T22:39:21.570
SNR_VALID blue1 hydrophone 1 snr=6 2026-08-21T22:39:44.950
SNR_VALID blue1 hydrophone 1 snr=8 2026-08-21T22:40:07.906
SNR_VALID blue1 hydrophone 1 snr=10 2026-08-21T22:40:30.526
SNR_VALID blue1 hydrophone 1 snr=12 2026-08-21T22:40:49.970
SNR_VALID blue1 hydrophone 1 snr=14 2026-08-21T22:41:08.275
SNR_VALID blue1 hydrophone 1 snr=16 2026-08-21T22:41:26.118
SNR_VALID blue1 hydrophone 1 snr=18 2026-08-21T22:41:44.059
SNR_VALID blue1 hydrophone 1 snr=20 2026-08-21T22:42:00.814
SNR_VALID blue1 hydrophone 1 snr=22 2026-08-21T22:42:17.673
SNR_VALID blue1 hydrophone 1 snr=24 2026-08-21T22:42:34.155
SNR_VALID blue1 hydrophone 1 snr=26 2026-08-21T22:42:51.170
SNR_VALID blue1 hydrophone 1 snr=28 2026-08-21T22:43:08.496
SNR_VALID blue1 hydrophone 1 snr=30 2026-08-21T22:43:24.222
PATH_VALID blue1 hydrophone 1 2026-08-21T22:43:26.722
PATH_START blue2 hydrophone 2 2026-08-21T22:43:27.196
SNR_VALID blue2 hydrophone 2 snr=0 2026-08-21T22:43:51.604
SNR_VALID blue2 hydrophone 2 snr=2 2026-08-21T22:44:15.697
SNR_VALID blue2 hydrophone 2 snr=4 2026-08-21T22:44:39.403
SNR_VALID blue2 hydrophone 2 snr=6 2026-08-21T22:45:02.326
SNR_VALID blue2 hydrophone 2 snr=8 2026-08-21T22:45:23.380
SNR_VALID blue2 hydrophone 2 snr=10 2026-08-21T22:45:42.352
SNR_VALID blue2 hydrophone 2 snr=12 2026-08-21T22:45:59.452
SNR_VALID blue2 hydrophone 2 snr=14 2026-08-21T22:46:15.571
SNR_VALID blue2 hydrophone 2 snr=16 2026-08-21T22:46:31.356
SNR_VALID blue2 hydrophone 2 snr=18 2026-08-21T22:46:46.565
SNR_VALID blue2 hydrophone 2 snr=20 2026-08-21T22:47:01.314
SNR_VALID blue2 hydrophone 2 snr=22 2026-08-21T22:47:15.696
SNR_VALID blue2 hydrophone 2 snr=24 2026-08-21T22:47:31.058
SNR_VALID blue2 hydrophone 2 snr=26 2026-08-21T22:47:45.700
SNR_VALID blue2 hydrophone 2 snr=28 2026-08-21T22:48:00.249
SNR_VALID blue2 hydrophone 2 snr=30 2026-08-21T22:48:15.282
PATH_VALID blue2 hydrophone 2 2026-08-21T22:48:16.050
PATH_START blue3 hydrophone 3 2026-08-21T22:48:16.602
SNR_VALID blue3 hydrophone 3 snr=0 2026-08-21T22:48:38.866
SNR_VALID blue3 hydrophone 3 snr=2 2026-08-21T22:49:00.144
SNR_VALID blue3 hydrophone 3 snr=4 2026-08-21T22:49:20.061
SNR_VALID blue3 hydrophone 3 snr=6 2026-08-21T22:49:40.246
SNR_VALID blue3 hydrophone 3 snr=8 2026-08-21T22:50:00.735
SNR_VALID blue3 hydrophone 3 snr=10 2026-08-21T22:50:20.330
SNR_VALID blue3 hydrophone 3 snr=12 2026-08-21T22:50:39.259
SNR_VALID blue3 hydrophone 3 snr=14 2026-08-21T22:50:58.305
SNR_VALID blue3 hydrophone 3 snr=16 2026-08-21T22:51:17.213
SNR_VALID blue3 hydrophone 3 snr=18 2026-08-21T22:51:36.289
SNR_VALID blue3 hydrophone 3 snr=20 2026-08-21T22:51:55.013
SNR_VALID blue3 hydrophone 3 snr=22 2026-08-21T22:52:13.443
SNR_VALID blue3 hydrophone 3 snr=24 2026-08-21T22:52:32.027
SNR_VALID blue3 hydrophone 3 snr=26 2026-08-21T22:52:51.180
SNR_VALID blue3 hydrophone 3 snr=28 2026-08-21T22:53:09.102
SNR_VALID blue3 hydrophone 3 snr=30 2026-08-21T22:53:27.449
PATH_VALID blue3 hydrophone 3 2026-08-21T22:53:28.220
N512_CRC_NO_HARM_COMPUTE_COMPLETE paths=3 2026-08-21T22:53:28.750
