N512_CRC_NO_HARM_START paths=3 2026-08-14T13:16:42.796
PATH_START blue1 hydrophone 1 2026-08-14T13:16:42.812
SNR_VALID blue1 hydrophone 1 snr=0 2026-08-14T13:18:18.370
SNR_VALID blue1 hydrophone 1 snr=2 2026-08-14T13:18:44.199
SNR_VALID blue1 hydrophone 1 snr=4 2026-08-14T13:19:09.346
SNR_VALID blue1 hydrophone 1 snr=6 2026-08-14T13:19:35.606
SNR_VALID blue1 hydrophone 1 snr=8 2026-08-14T13:20:01.146
SNR_VALID blue1 hydrophone 1 snr=10 2026-08-14T13:20:26.365
SNR_VALID blue1 hydrophone 1 snr=12 2026-08-14T13:20:52.149
SNR_VALID blue1 hydrophone 1 snr=14 2026-08-14T13:21:17.363
SNR_VALID blue1 hydrophone 1 snr=16 2026-08-14T13:21:40.735
SNR_VALID blue1 hydrophone 1 snr=18 2026-08-14T13:22:04.714
SNR_VALID blue1 hydrophone 1 snr=20 2026-08-14T13:22:27.224
SNR_VALID blue1 hydrophone 1 snr=22 2026-08-14T13:22:51.158
SNR_VALID blue1 hydrophone 1 snr=24 2026-08-14T13:23:13.835
SNR_VALID blue1 hydrophone 1 snr=26 2026-08-14T13:23:35.115
SNR_VALID blue1 hydrophone 1 snr=28 2026-08-14T13:23:56.951
SNR_VALID blue1 hydrophone 1 snr=30 2026-08-14T13:24:19.033
PATH_VALID blue1 hydrophone 1 2026-08-14T13:24:22.594
PATH_START blue2 hydrophone 2 2026-08-14T13:24:23.547
SNR_VALID blue2 hydrophone 2 snr=0 2026-08-14T13:24:48.886
SNR_VALID blue2 hydrophone 2 snr=2 2026-08-14T13:25:14.234
SNR_VALID blue2 hydrophone 2 snr=4 2026-08-14T13:25:38.421
SNR_VALID blue2 hydrophone 2 snr=6 2026-08-14T13:26:02.163
SNR_VALID blue2 hydrophone 2 snr=8 2026-08-14T13:26:25.667
SNR_VALID blue2 hydrophone 2 snr=10 2026-08-14T13:26:49.110
SNR_VALID blue2 hydrophone 2 snr=12 2026-08-14T13:27:13.882
SNR_VALID blue2 hydrophone 2 snr=14 2026-08-14T13:27:37.868
SNR_VALID blue2 hydrophone 2 snr=16 2026-08-14T13:28:00.990
SNR_VALID blue2 hydrophone 2 snr=18 2026-08-14T13:28:25.024
SNR_VALID blue2 hydrophone 2 snr=20 2026-08-14T13:28:50.937
SNR_VALID blue2 hydrophone 2 snr=22 2026-08-14T13:29:14.380
SNR_VALID blue2 hydrophone 2 snr=24 2026-08-14T13:29:38.133
SNR_VALID blue2 hydrophone 2 snr=26 2026-08-14T13:30:02.264
SNR_VALID blue2 hydrophone 2 snr=28 2026-08-14T13:30:24.847
SNR_VALID blue2 hydrophone 2 snr=30 2026-08-14T13:30:49.313
PATH_VALID blue2 hydrophone 2 2026-08-14T13:30:51.540
PATH_START blue3 hydrophone 3 2026-08-14T13:30:52.177
SNR_VALID blue3 hydrophone 3 snr=0 2026-08-14T13:31:17.289
SNR_VALID blue3 hydrophone 3 snr=2 2026-08-14T13:31:41.761
SNR_VALID blue3 hydrophone 3 snr=4 2026-08-14T13:32:05.433
SNR_VALID blue3 hydrophone 3 snr=6 2026-08-14T13:32:28.207
SNR_VALID blue3 hydrophone 3 snr=8 2026-08-14T13:32:52.997
SNR_VALID blue3 hydrophone 3 snr=10 2026-08-14T13:33:15.709
SNR_VALID blue3 hydrophone 3 snr=12 2026-08-14T13:33:39.593
SNR_VALID blue3 hydrophone 3 snr=14 2026-08-14T13:34:03.471
SNR_VALID blue3 hydrophone 3 snr=16 2026-08-14T13:34:27.068
SNR_VALID blue3 hydrophone 3 snr=18 2026-08-14T13:34:50.629
SNR_VALID blue3 hydrophone 3 snr=20 2026-08-14T13:35:15.196
SNR_VALID blue3 hydrophone 3 snr=22 2026-08-14T13:35:41.666
SNR_VALID blue3 hydrophone 3 snr=24 2026-08-14T13:36:04.891
SNR_VALID blue3 hydrophone 3 snr=26 2026-08-14T13:36:29.643
SNR_VALID blue3 hydrophone 3 snr=28 2026-08-14T13:36:53.159
SNR_VALID blue3 hydrophone 3 snr=30 2026-08-14T13:37:16.804
PATH_VALID blue3 hydrophone 3 2026-08-14T13:37:18.990
N512_CRC_NO_HARM_COMPUTE_COMPLETE paths=3 2026-08-14T13:37:19.854
