N512_CRC_NO_HARM_START paths=3 2026-08-14T13:16:42.431
PATH_START blue1 hydrophone 3 2026-08-14T13:16:42.445
SNR_VALID blue1 hydrophone 3 snr=0 2026-08-14T13:18:18.785
SNR_VALID blue1 hydrophone 3 snr=2 2026-08-14T13:18:44.574
SNR_VALID blue1 hydrophone 3 snr=4 2026-08-14T13:19:09.573
SNR_VALID blue1 hydrophone 3 snr=6 2026-08-14T13:19:35.741
SNR_VALID blue1 hydrophone 3 snr=8 2026-08-14T13:20:02.114
SNR_VALID blue1 hydrophone 3 snr=10 2026-08-14T13:20:27.361
SNR_VALID blue1 hydrophone 3 snr=12 2026-08-14T13:20:52.064
SNR_VALID blue1 hydrophone 3 snr=14 2026-08-14T13:21:17.996
SNR_VALID blue1 hydrophone 3 snr=16 2026-08-14T13:21:40.305
SNR_VALID blue1 hydrophone 3 snr=18 2026-08-14T13:22:03.548
SNR_VALID blue1 hydrophone 3 snr=20 2026-08-14T13:22:26.320
SNR_VALID blue1 hydrophone 3 snr=22 2026-08-14T13:22:49.371
SNR_VALID blue1 hydrophone 3 snr=24 2026-08-14T13:23:11.810
SNR_VALID blue1 hydrophone 3 snr=26 2026-08-14T13:23:34.604
SNR_VALID blue1 hydrophone 3 snr=28 2026-08-14T13:23:55.780
SNR_VALID blue1 hydrophone 3 snr=30 2026-08-14T13:24:17.974
PATH_VALID blue1 hydrophone 3 2026-08-14T13:24:21.834
PATH_START blue3 hydrophone 1 2026-08-14T13:24:22.497
SNR_VALID blue3 hydrophone 1 snr=0 2026-08-14T13:24:49.208
SNR_VALID blue3 hydrophone 1 snr=2 2026-08-14T13:25:15.431
SNR_VALID blue3 hydrophone 1 snr=4 2026-08-14T13:25:39.508
SNR_VALID blue3 hydrophone 1 snr=6 2026-08-14T13:26:02.816
SNR_VALID blue3 hydrophone 1 snr=8 2026-08-14T13:26:27.217
SNR_VALID blue3 hydrophone 1 snr=10 2026-08-14T13:26:50.108
SNR_VALID blue3 hydrophone 1 snr=12 2026-08-14T13:27:15.934
SNR_VALID blue3 hydrophone 1 snr=14 2026-08-14T13:27:38.914
SNR_VALID blue3 hydrophone 1 snr=16 2026-08-14T13:28:01.681
SNR_VALID blue3 hydrophone 1 snr=18 2026-08-14T13:28:25.973
SNR_VALID blue3 hydrophone 1 snr=20 2026-08-14T13:28:51.677
SNR_VALID blue3 hydrophone 1 snr=22 2026-08-14T13:29:15.514
SNR_VALID blue3 hydrophone 1 snr=24 2026-08-14T13:29:39.930
SNR_VALID blue3 hydrophone 1 snr=26 2026-08-14T13:30:03.852
SNR_VALID blue3 hydrophone 1 snr=28 2026-08-14T13:30:28.050
SNR_VALID blue3 hydrophone 1 snr=30 2026-08-14T13:30:53.253
PATH_VALID blue3 hydrophone 1 2026-08-14T13:30:54.997
PATH_START blue4 hydrophone 2 2026-08-14T13:30:55.999
SNR_VALID blue4 hydrophone 2 snr=0 2026-08-14T13:31:20.348
SNR_VALID blue4 hydrophone 2 snr=2 2026-08-14T13:31:44.464
SNR_VALID blue4 hydrophone 2 snr=4 2026-08-14T13:32:07.941
SNR_VALID blue4 hydrophone 2 snr=6 2026-08-14T13:32:30.597
SNR_VALID blue4 hydrophone 2 snr=8 2026-08-14T13:32:54.856
SNR_VALID blue4 hydrophone 2 snr=10 2026-08-14T13:33:17.995
SNR_VALID blue4 hydrophone 2 snr=12 2026-08-14T13:33:41.403
SNR_VALID blue4 hydrophone 2 snr=14 2026-08-14T13:34:04.454
SNR_VALID blue4 hydrophone 2 snr=16 2026-08-14T13:34:28.694
SNR_VALID blue4 hydrophone 2 snr=18 2026-08-14T13:34:51.610
SNR_VALID blue4 hydrophone 2 snr=20 2026-08-14T13:35:15.908
SNR_VALID blue4 hydrophone 2 snr=22 2026-08-14T13:35:42.731
SNR_VALID blue4 hydrophone 2 snr=24 2026-08-14T13:36:06.856
SNR_VALID blue4 hydrophone 2 snr=26 2026-08-14T13:36:30.162
SNR_VALID blue4 hydrophone 2 snr=28 2026-08-14T13:36:54.583
SNR_VALID blue4 hydrophone 2 snr=30 2026-08-14T13:37:18.862
PATH_VALID blue4 hydrophone 2 2026-08-14T13:37:20.477
N512_CRC_NO_HARM_COMPUTE_COMPLETE paths=3 2026-08-14T13:37:20.925
