N512_CRC_NO_HARM_START paths=3 2026-08-14T13:16:42.963
PATH_START blue2 hydrophone 1 2026-08-14T13:16:42.976
SNR_VALID blue2 hydrophone 1 snr=0 2026-08-14T13:18:19.540
SNR_VALID blue2 hydrophone 1 snr=2 2026-08-14T13:18:45.064
SNR_VALID blue2 hydrophone 1 snr=4 2026-08-14T13:19:10.748
SNR_VALID blue2 hydrophone 1 snr=6 2026-08-14T13:19:36.383
SNR_VALID blue2 hydrophone 1 snr=8 2026-08-14T13:20:02.586
SNR_VALID blue2 hydrophone 1 snr=10 2026-08-14T13:20:27.367
SNR_VALID blue2 hydrophone 1 snr=12 2026-08-14T13:20:52.902
SNR_VALID blue2 hydrophone 1 snr=14 2026-08-14T13:21:19.660
SNR_VALID blue2 hydrophone 1 snr=16 2026-08-14T13:21:41.711
SNR_VALID blue2 hydrophone 1 snr=18 2026-08-14T13:22:04.982
SNR_VALID blue2 hydrophone 1 snr=20 2026-08-14T13:22:29.209
SNR_VALID blue2 hydrophone 1 snr=22 2026-08-14T13:22:52.699
SNR_VALID blue2 hydrophone 1 snr=24 2026-08-14T13:23:17.698
SNR_VALID blue2 hydrophone 1 snr=26 2026-08-14T13:23:40.155
SNR_VALID blue2 hydrophone 1 snr=28 2026-08-14T13:24:02.994
SNR_VALID blue2 hydrophone 1 snr=30 2026-08-14T13:24:27.820
PATH_VALID blue2 hydrophone 1 2026-08-14T13:24:31.776
PATH_START blue3 hydrophone 2 2026-08-14T13:24:32.399
SNR_VALID blue3 hydrophone 2 snr=0 2026-08-14T13:24:58.835
SNR_VALID blue3 hydrophone 2 snr=2 2026-08-14T13:25:23.298
SNR_VALID blue3 hydrophone 2 snr=4 2026-08-14T13:25:47.879
SNR_VALID blue3 hydrophone 2 snr=6 2026-08-14T13:26:12.657
SNR_VALID blue3 hydrophone 2 snr=8 2026-08-14T13:26:35.987
SNR_VALID blue3 hydrophone 2 snr=10 2026-08-14T13:26:59.380
SNR_VALID blue3 hydrophone 2 snr=12 2026-08-14T13:27:24.775
SNR_VALID blue3 hydrophone 2 snr=14 2026-08-14T13:27:47.562
SNR_VALID blue3 hydrophone 2 snr=16 2026-08-14T13:28:11
SNR_VALID blue3 hydrophone 2 snr=18 2026-08-14T13:28:35.404
SNR_VALID blue3 hydrophone 2 snr=20 2026-08-14T13:29:01.010
SNR_VALID blue3 hydrophone 2 snr=22 2026-08-14T13:29:24.754
SNR_VALID blue3 hydrophone 2 snr=24 2026-08-14T13:29:49.072
SNR_VALID blue3 hydrophone 2 snr=26 2026-08-14T13:30:12.367
SNR_VALID blue3 hydrophone 2 snr=28 2026-08-14T13:30:38.399
SNR_VALID blue3 hydrophone 2 snr=30 2026-08-14T13:31:03.038
PATH_VALID blue3 hydrophone 2 2026-08-14T13:31:04.912
PATH_START blue4 hydrophone 3 2026-08-14T13:31:05.652
SNR_VALID blue4 hydrophone 3 snr=0 2026-08-14T13:31:29.652
SNR_VALID blue4 hydrophone 3 snr=2 2026-08-14T13:31:53.650
SNR_VALID blue4 hydrophone 3 snr=4 2026-08-14T13:32:17.385
SNR_VALID blue4 hydrophone 3 snr=6 2026-08-14T13:32:40.243
SNR_VALID blue4 hydrophone 3 snr=8 2026-08-14T13:33:04.186
SNR_VALID blue4 hydrophone 3 snr=10 2026-08-14T13:33:27.979
SNR_VALID blue4 hydrophone 3 snr=12 2026-08-14T13:33:51.470
SNR_VALID blue4 hydrophone 3 snr=14 2026-08-14T13:34:14.488
SNR_VALID blue4 hydrophone 3 snr=16 2026-08-14T13:34:38.219
SNR_VALID blue4 hydrophone 3 snr=18 2026-08-14T13:35:01.778
SNR_VALID blue4 hydrophone 3 snr=20 2026-08-14T13:35:26.020
SNR_VALID blue4 hydrophone 3 snr=22 2026-08-14T13:35:51.936
SNR_VALID blue4 hydrophone 3 snr=24 2026-08-14T13:36:15.006
SNR_VALID blue4 hydrophone 3 snr=26 2026-08-14T13:36:38.720
SNR_VALID blue4 hydrophone 3 snr=28 2026-08-14T13:37:02.908
SNR_VALID blue4 hydrophone 3 snr=30 2026-08-14T13:37:24.844
PATH_VALID blue4 hydrophone 3 2026-08-14T13:37:25.325
N512_CRC_NO_HARM_COMPUTE_COMPLETE paths=3 2026-08-14T13:37:25.674
N512_CRC_NO_HARM_START paths=3 2026-08-15T01:04:46.140
PATH_START blue2 hydrophone 1 2026-08-15T01:04:46.194
SNR_VALID blue2 hydrophone 1 snr=0 2026-08-15T01:06:24.401
SNR_VALID blue2 hydrophone 1 snr=2 2026-08-15T01:06:55.980
SNR_VALID blue2 hydrophone 1 snr=4 2026-08-15T01:07:28.015
SNR_VALID blue2 hydrophone 1 snr=6 2026-08-15T01:07:58.555
SNR_VALID blue2 hydrophone 1 snr=8 2026-08-15T01:08:29.067
SNR_VALID blue2 hydrophone 1 snr=10 2026-08-15T01:09:00.380
SNR_VALID blue2 hydrophone 1 snr=12 2026-08-15T01:09:31.916
SNR_VALID blue2 hydrophone 1 snr=14 2026-08-15T01:10:04.633
SNR_VALID blue2 hydrophone 1 snr=16 2026-08-15T01:10:35.133
SNR_VALID blue2 hydrophone 1 snr=18 2026-08-15T01:11:08.609
SNR_VALID blue2 hydrophone 1 snr=20 2026-08-15T01:11:40.109
SNR_VALID blue2 hydrophone 1 snr=22 2026-08-15T01:12:11.398
SNR_VALID blue2 hydrophone 1 snr=24 2026-08-15T01:12:42.761
SNR_VALID blue2 hydrophone 1 snr=26 2026-08-15T01:13:15.578
SNR_VALID blue2 hydrophone 1 snr=28 2026-08-15T01:13:47.740
SNR_VALID blue2 hydrophone 1 snr=30 2026-08-15T01:14:22.810
PATH_VALID blue2 hydrophone 1 2026-08-15T01:14:27.312
PATH_START blue3 hydrophone 2 2026-08-15T01:14:27.917
SNR_VALID blue3 hydrophone 2 snr=0 2026-08-15T01:15:01.650
SNR_VALID blue3 hydrophone 2 snr=2 2026-08-15T01:15:34.022
SNR_VALID blue3 hydrophone 2 snr=4 2026-08-15T01:16:06.460
SNR_VALID blue3 hydrophone 2 snr=6 2026-08-15T01:16:39.443
SNR_VALID blue3 hydrophone 2 snr=8 2026-08-15T01:17:10.871
SNR_VALID blue3 hydrophone 2 snr=10 2026-08-15T01:17:42.923
SNR_VALID blue3 hydrophone 2 snr=12 2026-08-15T01:18:15.046
SNR_VALID blue3 hydrophone 2 snr=14 2026-08-15T01:18:46.687
SNR_VALID blue3 hydrophone 2 snr=16 2026-08-15T01:19:19.332
SNR_VALID blue3 hydrophone 2 snr=18 2026-08-15T01:19:51.256
SNR_VALID blue3 hydrophone 2 snr=20 2026-08-15T01:20:26.802
SNR_VALID blue3 hydrophone 2 snr=22 2026-08-15T01:20:59.735
SNR_VALID blue3 hydrophone 2 snr=24 2026-08-15T01:21:33.903
SNR_VALID blue3 hydrophone 2 snr=26 2026-08-15T01:22:08.053
SNR_VALID blue3 hydrophone 2 snr=28 2026-08-15T01:22:40.662
SNR_VALID blue3 hydrophone 2 snr=30 2026-08-15T01:23:14.016
PATH_VALID blue3 hydrophone 2 2026-08-15T01:23:14.993
PATH_START blue4 hydrophone 3 2026-08-15T01:23:15.615
SNR_VALID blue4 hydrophone 3 snr=0 2026-08-15T01:23:49.392
SNR_VALID blue4 hydrophone 3 snr=2 2026-08-15T01:24:21.067
SNR_VALID blue4 hydrophone 3 snr=4 2026-08-15T01:24:54.173
SNR_VALID blue4 hydrophone 3 snr=6 2026-08-15T01:25:27.753
SNR_VALID blue4 hydrophone 3 snr=8 2026-08-15T01:26:06.735
SNR_VALID blue4 hydrophone 3 snr=10 2026-08-15T01:26:41.649
SNR_VALID blue4 hydrophone 3 snr=12 2026-08-15T01:27:16.452
SNR_VALID blue4 hydrophone 3 snr=14 2026-08-15T01:27:48.474
SNR_VALID blue4 hydrophone 3 snr=16 2026-08-15T01:28:29.233
SNR_VALID blue4 hydrophone 3 snr=18 2026-08-15T01:29:10.634
SNR_VALID blue4 hydrophone 3 snr=20 2026-08-15T01:29:50.800
SNR_VALID blue4 hydrophone 3 snr=22 2026-08-15T01:30:32.471
SNR_VALID blue4 hydrophone 3 snr=24 2026-08-15T01:31:10.641
SNR_VALID blue4 hydrophone 3 snr=26 2026-08-15T01:31:49.582
SNR_VALID blue4 hydrophone 3 snr=28 2026-08-15T01:32:28.695
SNR_VALID blue4 hydrophone 3 snr=30 2026-08-15T01:32:59.993
PATH_VALID blue4 hydrophone 3 2026-08-15T01:33:00.595
N512_CRC_NO_HARM_COMPUTE_COMPLETE paths=3 2026-08-15T01:33:00.951
