N512_CRC_NO_HARM_START paths=3 2026-08-15T01:04:45.635
PATH_START blue1 hydrophone 3 2026-08-15T01:04:45.661
SNR_VALID blue1 hydrophone 3 snr=0 2026-08-15T01:06:23.928
SNR_VALID blue1 hydrophone 3 snr=2 2026-08-15T01:06:54.593
SNR_VALID blue1 hydrophone 3 snr=4 2026-08-15T01:07:26.513
SNR_VALID blue1 hydrophone 3 snr=6 2026-08-15T01:07:57.756
SNR_VALID blue1 hydrophone 3 snr=8 2026-08-15T01:08:28.518
SNR_VALID blue1 hydrophone 3 snr=10 2026-08-15T01:08:58.799
SNR_VALID blue1 hydrophone 3 snr=12 2026-08-15T01:09:29.326
SNR_VALID blue1 hydrophone 3 snr=14 2026-08-15T01:10:00.083
SNR_VALID blue1 hydrophone 3 snr=16 2026-08-15T01:10:31.049
SNR_VALID blue1 hydrophone 3 snr=18 2026-08-15T01:11:02.619
SNR_VALID blue1 hydrophone 3 snr=20 2026-08-15T01:11:33.830
SNR_VALID blue1 hydrophone 3 snr=22 2026-08-15T01:12:04.429
SNR_VALID blue1 hydrophone 3 snr=24 2026-08-15T01:12:33.898
SNR_VALID blue1 hydrophone 3 snr=26 2026-08-15T01:13:04.287
SNR_VALID blue1 hydrophone 3 snr=28 2026-08-15T01:13:35.963
SNR_VALID blue1 hydrophone 3 snr=30 2026-08-15T01:14:06.188
PATH_VALID blue1 hydrophone 3 2026-08-15T01:14:10.729
PATH_START blue3 hydrophone 1 2026-08-15T01:14:11.486
SNR_VALID blue3 hydrophone 1 snr=0 2026-08-15T01:14:47.277
SNR_VALID blue3 hydrophone 1 snr=2 2026-08-15T01:15:19.597
SNR_VALID blue3 hydrophone 1 snr=4 2026-08-15T01:15:50.569
SNR_VALID blue3 hydrophone 1 snr=6 2026-08-15T01:16:23.443
SNR_VALID blue3 hydrophone 1 snr=8 2026-08-15T01:16:56.092
SNR_VALID blue3 hydrophone 1 snr=10 2026-08-15T01:17:26.996
SNR_VALID blue3 hydrophone 1 snr=12 2026-08-15T01:17:59.035
SNR_VALID blue3 hydrophone 1 snr=14 2026-08-15T01:18:30.932
SNR_VALID blue3 hydrophone 1 snr=16 2026-08-15T01:19:03.959
SNR_VALID blue3 hydrophone 1 snr=18 2026-08-15T01:19:35.881
SNR_VALID blue3 hydrophone 1 snr=20 2026-08-15T01:20:09.176
SNR_VALID blue3 hydrophone 1 snr=22 2026-08-15T01:20:43.185
SNR_VALID blue3 hydrophone 1 snr=24 2026-08-15T01:21:16.890
SNR_VALID blue3 hydrophone 1 snr=26 2026-08-15T01:21:51.099
SNR_VALID blue3 hydrophone 1 snr=28 2026-08-15T01:22:24.610
SNR_VALID blue3 hydrophone 1 snr=30 2026-08-15T01:22:57.381
PATH_VALID blue3 hydrophone 1 2026-08-15T01:22:58.939
PATH_START blue4 hydrophone 2 2026-08-15T01:22:59.647
SNR_VALID blue4 hydrophone 2 snr=0 2026-08-15T01:23:33.935
SNR_VALID blue4 hydrophone 2 snr=2 2026-08-15T01:24:05.923
SNR_VALID blue4 hydrophone 2 snr=4 2026-08-15T01:24:37.894
SNR_VALID blue4 hydrophone 2 snr=6 2026-08-15T01:25:12.447
SNR_VALID blue4 hydrophone 2 snr=8 2026-08-15T01:25:45.946
SNR_VALID blue4 hydrophone 2 snr=10 2026-08-15T01:26:24.166
SNR_VALID blue4 hydrophone 2 snr=12 2026-08-15T01:26:59.153
SNR_VALID blue4 hydrophone 2 snr=14 2026-08-15T01:27:31.833
SNR_VALID blue4 hydrophone 2 snr=16 2026-08-15T01:28:05.437
SNR_VALID blue4 hydrophone 2 snr=18 2026-08-15T01:28:46.377
SNR_VALID blue4 hydrophone 2 snr=20 2026-08-15T01:29:26.676
SNR_VALID blue4 hydrophone 2 snr=22 2026-08-15T01:30:07.336
SNR_VALID blue4 hydrophone 2 snr=24 2026-08-15T01:30:47.465
SNR_VALID blue4 hydrophone 2 snr=26 2026-08-15T01:31:25.841
SNR_VALID blue4 hydrophone 2 snr=28 2026-08-15T01:32:05.765
SNR_VALID blue4 hydrophone 2 snr=30 2026-08-15T01:32:43.922
PATH_VALID blue4 hydrophone 2 2026-08-15T01:32:46.646
N512_CRC_NO_HARM_COMPUTE_COMPLETE paths=3 2026-08-15T01:32:47.301
