N512_CRC_NO_HARM_START paths=3 2026-08-15T01:04:46.245
PATH_START blue1 hydrophone 1 2026-08-15T01:04:46.318
SNR_VALID blue1 hydrophone 1 snr=0 2026-08-15T01:06:24.016
SNR_VALID blue1 hydrophone 1 snr=2 2026-08-15T01:06:54.726
SNR_VALID blue1 hydrophone 1 snr=4 2026-08-15T01:07:26.926
SNR_VALID blue1 hydrophone 1 snr=6 2026-08-15T01:07:58.018
SNR_VALID blue1 hydrophone 1 snr=8 2026-08-15T01:08:28.240
SNR_VALID blue1 hydrophone 1 snr=10 2026-08-15T01:08:58.638
SNR_VALID blue1 hydrophone 1 snr=12 2026-08-15T01:09:30.440
SNR_VALID blue1 hydrophone 1 snr=14 2026-08-15T01:10:01.965
SNR_VALID blue1 hydrophone 1 snr=16 2026-08-15T01:10:31.871
SNR_VALID blue1 hydrophone 1 snr=18 2026-08-15T01:11:04.845
SNR_VALID blue1 hydrophone 1 snr=20 2026-08-15T01:11:35.924
SNR_VALID blue1 hydrophone 1 snr=22 2026-08-15T01:12:06.746
SNR_VALID blue1 hydrophone 1 snr=24 2026-08-15T01:12:37.413
SNR_VALID blue1 hydrophone 1 snr=26 2026-08-15T01:13:07.263
SNR_VALID blue1 hydrophone 1 snr=28 2026-08-15T01:13:38.054
SNR_VALID blue1 hydrophone 1 snr=30 2026-08-15T01:14:08.043
PATH_VALID blue1 hydrophone 1 2026-08-15T01:14:12.661
PATH_START blue2 hydrophone 2 2026-08-15T01:14:13.493
SNR_VALID blue2 hydrophone 2 snr=0 2026-08-15T01:14:48.644
SNR_VALID blue2 hydrophone 2 snr=2 2026-08-15T01:15:21.164
SNR_VALID blue2 hydrophone 2 snr=4 2026-08-15T01:15:54.292
SNR_VALID blue2 hydrophone 2 snr=6 2026-08-15T01:16:26.622
SNR_VALID blue2 hydrophone 2 snr=8 2026-08-15T01:16:57.775
SNR_VALID blue2 hydrophone 2 snr=10 2026-08-15T01:17:30.307
SNR_VALID blue2 hydrophone 2 snr=12 2026-08-15T01:18:01.626
SNR_VALID blue2 hydrophone 2 snr=14 2026-08-15T01:18:33.997
SNR_VALID blue2 hydrophone 2 snr=16 2026-08-15T01:19:05.017
SNR_VALID blue2 hydrophone 2 snr=18 2026-08-15T01:19:36.923
SNR_VALID blue2 hydrophone 2 snr=20 2026-08-15T01:20:11.447
SNR_VALID blue2 hydrophone 2 snr=22 2026-08-15T01:20:44.729
SNR_VALID blue2 hydrophone 2 snr=24 2026-08-15T01:21:18.504
SNR_VALID blue2 hydrophone 2 snr=26 2026-08-15T01:21:53.494
SNR_VALID blue2 hydrophone 2 snr=28 2026-08-15T01:22:26.061
SNR_VALID blue2 hydrophone 2 snr=30 2026-08-15T01:22:58.391
PATH_VALID blue2 hydrophone 2 2026-08-15T01:22:59.910
PATH_START blue3 hydrophone 3 2026-08-15T01:23:00.588
SNR_VALID blue3 hydrophone 3 snr=0 2026-08-15T01:23:34.447
SNR_VALID blue3 hydrophone 3 snr=2 2026-08-15T01:24:07.582
SNR_VALID blue3 hydrophone 3 snr=4 2026-08-15T01:24:39.343
SNR_VALID blue3 hydrophone 3 snr=6 2026-08-15T01:25:13.368
SNR_VALID blue3 hydrophone 3 snr=8 2026-08-15T01:25:47.238
SNR_VALID blue3 hydrophone 3 snr=10 2026-08-15T01:26:25.671
SNR_VALID blue3 hydrophone 3 snr=12 2026-08-15T01:27:01.586
SNR_VALID blue3 hydrophone 3 snr=14 2026-08-15T01:27:33.286
SNR_VALID blue3 hydrophone 3 snr=16 2026-08-15T01:28:09.036
SNR_VALID blue3 hydrophone 3 snr=18 2026-08-15T01:28:51.616
SNR_VALID blue3 hydrophone 3 snr=20 2026-08-15T01:29:30.962
SNR_VALID blue3 hydrophone 3 snr=22 2026-08-15T01:30:12.608
SNR_VALID blue3 hydrophone 3 snr=24 2026-08-15T01:30:52.392
SNR_VALID blue3 hydrophone 3 snr=26 2026-08-15T01:31:31.546
SNR_VALID blue3 hydrophone 3 snr=28 2026-08-15T01:32:10.033
SNR_VALID blue3 hydrophone 3 snr=30 2026-08-15T01:32:48.296
PATH_VALID blue3 hydrophone 3 2026-08-15T01:32:49.462
N512_CRC_NO_HARM_COMPUTE_COMPLETE paths=3 2026-08-15T01:32:50.447
