N512_CRC_NO_HARM_START paths=3 2026-08-15T01:04:46.140
PATH_START blue2 hydrophone 1 2026-08-15T01:04:46.194
SNR_VALID blue2 hydrophone 1 snr=0 2026-08-15T01:06:24.401
SNR_VALID blue2 hydrophone 1 snr=2 2026-08-15T01:06:55.980
SNR_VALID blue2 hydrophone 1 snr=4 2026-08-15T01:07:28.015
SNR_VALID blue2 hydrophone 1 snr=6 2026-08-15T01:07:58.555
SNR_VALID blue2 hydrophone 1 snr=8 2026-08-15T01:08:29.067
SNR_VALID blue2 hydrophone 1 snr=10 2026-08-15T01:09:00.380
SNR_VALID blue2 hydrophone 1 snr=12 2026-08-15T01:09:31.916
SNR_VALID blue2 hydrophone 1 snr=14 2026-08-15T01:10:04.633
SNR_VALID blue2 hydrophone 1 snr=16 2026-08-15T01:10:35.133
SNR_VALID blue2 hydrophone 1 snr=18 2026-08-15T01:11:08.609
SNR_VALID blue2 hydrophone 1 snr=20 2026-08-15T01:11:40.109
SNR_VALID blue2 hydrophone 1 snr=22 2026-08-15T01:12:11.398
SNR_VALID blue2 hydrophone 1 snr=24 2026-08-15T01:12:42.761
SNR_VALID blue2 hydrophone 1 snr=26 2026-08-15T01:13:15.578
SNR_VALID blue2 hydrophone 1 snr=28 2026-08-15T01:13:47.740
SNR_VALID blue2 hydrophone 1 snr=30 2026-08-15T01:14:22.810
PATH_VALID blue2 hydrophone 1 2026-08-15T01:14:27.312
PATH_START blue3 hydrophone 2 2026-08-15T01:14:27.917
SNR_VALID blue3 hydrophone 2 snr=0 2026-08-15T01:15:01.650
SNR_VALID blue3 hydrophone 2 snr=2 2026-08-15T01:15:34.022
SNR_VALID blue3 hydrophone 2 snr=4 2026-08-15T01:16:06.460
SNR_VALID blue3 hydrophone 2 snr=6 2026-08-15T01:16:39.443
SNR_VALID blue3 hydrophone 2 snr=8 2026-08-15T01:17:10.871
SNR_VALID blue3 hydrophone 2 snr=10 2026-08-15T01:17:42.923
SNR_VALID blue3 hydrophone 2 snr=12 2026-08-15T01:18:15.046
SNR_VALID blue3 hydrophone 2 snr=14 2026-08-15T01:18:46.687
SNR_VALID blue3 hydrophone 2 snr=16 2026-08-15T01:19:19.332
SNR_VALID blue3 hydrophone 2 snr=18 2026-08-15T01:19:51.256
SNR_VALID blue3 hydrophone 2 snr=20 2026-08-15T01:20:26.802
SNR_VALID blue3 hydrophone 2 snr=22 2026-08-15T01:20:59.735
SNR_VALID blue3 hydrophone 2 snr=24 2026-08-15T01:21:33.903
SNR_VALID blue3 hydrophone 2 snr=26 2026-08-15T01:22:08.053
SNR_VALID blue3 hydrophone 2 snr=28 2026-08-15T01:22:40.662
SNR_VALID blue3 hydrophone 2 snr=30 2026-08-15T01:23:14.016
PATH_VALID blue3 hydrophone 2 2026-08-15T01:23:14.993
PATH_START blue4 hydrophone 3 2026-08-15T01:23:15.615
SNR_VALID blue4 hydrophone 3 snr=0 2026-08-15T01:23:49.392
SNR_VALID blue4 hydrophone 3 snr=2 2026-08-15T01:24:21.067
SNR_VALID blue4 hydrophone 3 snr=4 2026-08-15T01:24:54.173
SNR_VALID blue4 hydrophone 3 snr=6 2026-08-15T01:25:27.753
SNR_VALID blue4 hydrophone 3 snr=8 2026-08-15T01:26:06.735
SNR_VALID blue4 hydrophone 3 snr=10 2026-08-15T01:26:41.649
SNR_VALID blue4 hydrophone 3 snr=12 2026-08-15T01:27:16.452
SNR_VALID blue4 hydrophone 3 snr=14 2026-08-15T01:27:48.474
SNR_VALID blue4 hydrophone 3 snr=16 2026-08-15T01:28:29.233
SNR_VALID blue4 hydrophone 3 snr=18 2026-08-15T01:29:10.634
SNR_VALID blue4 hydrophone 3 snr=20 2026-08-15T01:29:50.800
SNR_VALID blue4 hydrophone 3 snr=22 2026-08-15T01:30:32.471
SNR_VALID blue4 hydrophone 3 snr=24 2026-08-15T01:31:10.641
SNR_VALID blue4 hydrophone 3 snr=26 2026-08-15T01:31:49.582
SNR_VALID blue4 hydrophone 3 snr=28 2026-08-15T01:32:28.695
SNR_VALID blue4 hydrophone 3 snr=30 2026-08-15T01:32:59.993
PATH_VALID blue4 hydrophone 3 2026-08-15T01:33:00.595
N512_CRC_NO_HARM_COMPUTE_COMPLETE paths=3 2026-08-15T01:33:00.951
