N512_CRC_NO_HARM_START paths=3 2026-08-10T19:11:46.085
PATH_START red1 hydrophone 2 2026-08-10T19:11:46.101
SNR_VALID red1 hydrophone 2 snr=0 2026-08-10T19:13:48.052
SNR_VALID red1 hydrophone 2 snr=2 2026-08-10T19:14:44.593
SNR_VALID red1 hydrophone 2 snr=4 2026-08-10T19:15:41.782
SNR_VALID red1 hydrophone 2 snr=6 2026-08-10T19:16:35.316
SNR_VALID red1 hydrophone 2 snr=8 2026-08-10T19:17:29.909
SNR_VALID red1 hydrophone 2 snr=10 2026-08-10T19:18:24.569
SNR_VALID red1 hydrophone 2 snr=12 2026-08-10T19:19:13.632
SNR_VALID red1 hydrophone 2 snr=14 2026-08-10T19:19:54.125
SNR_VALID red1 hydrophone 2 snr=16 2026-08-10T19:20:28.339
SNR_VALID red1 hydrophone 2 snr=18 2026-08-10T19:20:58.418
SNR_VALID red1 hydrophone 2 snr=20 2026-08-10T19:21:31.555
SNR_VALID red1 hydrophone 2 snr=22 2026-08-10T19:22:03.136
SNR_VALID red1 hydrophone 2 snr=24 2026-08-10T19:22:30.200
SNR_VALID red1 hydrophone 2 snr=26 2026-08-10T19:23:00.014
SNR_VALID red1 hydrophone 2 snr=28 2026-08-10T19:23:32.249
SNR_VALID red1 hydrophone 2 snr=30 2026-08-10T19:24:01.921
PATH_VALID red1 hydrophone 2 2026-08-10T19:24:06.486
PATH_START red2 hydrophone 3 2026-08-10T19:24:07.394
SNR_VALID red2 hydrophone 3 snr=0 2026-08-10T19:25:12.629
SNR_VALID red2 hydrophone 3 snr=2 2026-08-10T19:26:12.131
SNR_VALID red2 hydrophone 3 snr=4 2026-08-10T19:27:10.342
SNR_VALID red2 hydrophone 3 snr=6 2026-08-10T19:28:10.087
SNR_VALID red2 hydrophone 3 snr=8 2026-08-10T19:29:00.932
SNR_VALID red2 hydrophone 3 snr=10 2026-08-10T19:29:39.174
SNR_VALID red2 hydrophone 3 snr=12 2026-08-10T19:30:08.566
SNR_VALID red2 hydrophone 3 snr=14 2026-08-10T19:30:34.893
SNR_VALID red2 hydrophone 3 snr=16 2026-08-10T19:31:04.024
SNR_VALID red2 hydrophone 3 snr=18 2026-08-10T19:31:25.405
SNR_VALID red2 hydrophone 3 snr=20 2026-08-10T19:31:48.159
SNR_VALID red2 hydrophone 3 snr=22 2026-08-10T19:32:14.366
SNR_VALID red2 hydrophone 3 snr=24 2026-08-10T19:32:36.688
SNR_VALID red2 hydrophone 3 snr=26 2026-08-10T19:32:58.832
SNR_VALID red2 hydrophone 3 snr=28 2026-08-10T19:33:22.694
SNR_VALID red2 hydrophone 3 snr=30 2026-08-10T19:33:47.200
PATH_VALID red2 hydrophone 3 2026-08-10T19:33:47.978
PATH_START red4 hydrophone 1 2026-08-10T19:33:48.679
SNR_VALID red4 hydrophone 1 snr=0 2026-08-10T19:34:52.702
SNR_VALID red4 hydrophone 1 snr=2 2026-08-10T19:35:53.940
SNR_VALID red4 hydrophone 1 snr=4 2026-08-10T19:36:57.182
SNR_VALID red4 hydrophone 1 snr=6 2026-08-10T19:37:50.801
SNR_VALID red4 hydrophone 1 snr=8 2026-08-10T19:38:29.788
SNR_VALID red4 hydrophone 1 snr=10 2026-08-10T19:38:53.863
SNR_VALID red4 hydrophone 1 snr=12 2026-08-10T19:39:18.694
SNR_VALID red4 hydrophone 1 snr=14 2026-08-10T19:39:41.695
SNR_VALID red4 hydrophone 1 snr=16 2026-08-10T19:40:06.066
SNR_VALID red4 hydrophone 1 snr=18 2026-08-10T19:40:30.270
SNR_VALID red4 hydrophone 1 snr=20 2026-08-10T19:40:54.788
SNR_VALID red4 hydrophone 1 snr=22 2026-08-10T19:41:18.857
SNR_VALID red4 hydrophone 1 snr=24 2026-08-10T19:41:42.847
SNR_VALID red4 hydrophone 1 snr=26 2026-08-10T19:42:07.461
SNR_VALID red4 hydrophone 1 snr=28 2026-08-10T19:42:31.163
SNR_VALID red4 hydrophone 1 snr=30 2026-08-10T19:42:57.012
PATH_VALID red4 hydrophone 1 2026-08-10T19:42:58.594
N512_CRC_NO_HARM_COMPUTE_COMPLETE paths=3 2026-08-10T19:42:59.425
