N512_CRC_NO_HARM_START paths=3 2026-08-10T19:11:45.806
PATH_START red2 hydrophone 1 2026-08-10T19:11:45.821
SNR_VALID red2 hydrophone 1 snr=0 2026-08-10T19:13:48.364
SNR_VALID red2 hydrophone 1 snr=2 2026-08-10T19:14:45.924
SNR_VALID red2 hydrophone 1 snr=4 2026-08-10T19:15:44.423
SNR_VALID red2 hydrophone 1 snr=6 2026-08-10T19:16:37.618
SNR_VALID red2 hydrophone 1 snr=8 2026-08-10T19:17:32.886
SNR_VALID red2 hydrophone 1 snr=10 2026-08-10T19:18:28.618
SNR_VALID red2 hydrophone 1 snr=12 2026-08-10T19:19:22.265
SNR_VALID red2 hydrophone 1 snr=14 2026-08-10T19:20:12.462
SNR_VALID red2 hydrophone 1 snr=16 2026-08-10T19:21:03.965
SNR_VALID red2 hydrophone 1 snr=18 2026-08-10T19:21:58.256
SNR_VALID red2 hydrophone 1 snr=20 2026-08-10T19:22:49.872
SNR_VALID red2 hydrophone 1 snr=22 2026-08-10T19:23:45.600
SNR_VALID red2 hydrophone 1 snr=24 2026-08-10T19:24:40.140
SNR_VALID red2 hydrophone 1 snr=26 2026-08-10T19:25:29.932
SNR_VALID red2 hydrophone 1 snr=28 2026-08-10T19:26:14.850
SNR_VALID red2 hydrophone 1 snr=30 2026-08-10T19:26:57.519
PATH_VALID red2 hydrophone 1 2026-08-10T19:27:02.008
PATH_START red3 hydrophone 2 2026-08-10T19:27:02.850
SNR_VALID red3 hydrophone 2 snr=0 2026-08-10T19:28:03.952
SNR_VALID red3 hydrophone 2 snr=2 2026-08-10T19:28:59.825
SNR_VALID red3 hydrophone 2 snr=4 2026-08-10T19:29:56.553
SNR_VALID red3 hydrophone 2 snr=6 2026-08-10T19:30:56.565
SNR_VALID red3 hydrophone 2 snr=8 2026-08-10T19:31:49.111
SNR_VALID red3 hydrophone 2 snr=10 2026-08-10T19:32:37.373
SNR_VALID red3 hydrophone 2 snr=12 2026-08-10T19:33:09.544
SNR_VALID red3 hydrophone 2 snr=14 2026-08-10T19:33:37.575
SNR_VALID red3 hydrophone 2 snr=16 2026-08-10T19:34:04.241
SNR_VALID red3 hydrophone 2 snr=18 2026-08-10T19:34:28.770
SNR_VALID red3 hydrophone 2 snr=20 2026-08-10T19:34:51.626
SNR_VALID red3 hydrophone 2 snr=22 2026-08-10T19:35:16.109
SNR_VALID red3 hydrophone 2 snr=24 2026-08-10T19:35:38.424
SNR_VALID red3 hydrophone 2 snr=26 2026-08-10T19:36:02.758
SNR_VALID red3 hydrophone 2 snr=28 2026-08-10T19:36:27.572
SNR_VALID red3 hydrophone 2 snr=30 2026-08-10T19:36:50.878
PATH_VALID red3 hydrophone 2 2026-08-10T19:36:51.862
PATH_START red4 hydrophone 3 2026-08-10T19:36:52.469
SNR_VALID red4 hydrophone 3 snr=0 2026-08-10T19:37:52.822
SNR_VALID red4 hydrophone 3 snr=2 2026-08-10T19:38:55.732
SNR_VALID red4 hydrophone 3 snr=4 2026-08-10T19:39:56.812
SNR_VALID red4 hydrophone 3 snr=6 2026-08-10T19:40:59.676
SNR_VALID red4 hydrophone 3 snr=8 2026-08-10T19:41:39.786
SNR_VALID red4 hydrophone 3 snr=10 2026-08-10T19:42:07.583
SNR_VALID red4 hydrophone 3 snr=12 2026-08-10T19:42:33.377
SNR_VALID red4 hydrophone 3 snr=14 2026-08-10T19:42:58.117
SNR_VALID red4 hydrophone 3 snr=16 2026-08-10T19:43:21.059
SNR_VALID red4 hydrophone 3 snr=18 2026-08-10T19:43:41.427
SNR_VALID red4 hydrophone 3 snr=20 2026-08-10T19:43:59.639
SNR_VALID red4 hydrophone 3 snr=22 2026-08-10T19:44:15.381
SNR_VALID red4 hydrophone 3 snr=24 2026-08-10T19:44:33.338
SNR_VALID red4 hydrophone 3 snr=26 2026-08-10T19:44:54.278
SNR_VALID red4 hydrophone 3 snr=28 2026-08-10T19:45:12.745
SNR_VALID red4 hydrophone 3 snr=30 2026-08-10T19:45:29.989
PATH_VALID red4 hydrophone 3 2026-08-10T19:45:31.638
N512_CRC_NO_HARM_COMPUTE_COMPLETE paths=3 2026-08-10T19:45:32.239
