N512_CRC_NO_HARM_START paths=3 2026-08-10T19:11:45.607
PATH_START red1 hydrophone 1 2026-08-10T19:11:45.623
SNR_VALID red1 hydrophone 1 snr=0 2026-08-10T19:13:47.482
SNR_VALID red1 hydrophone 1 snr=2 2026-08-10T19:14:44.181
SNR_VALID red1 hydrophone 1 snr=4 2026-08-10T19:15:41.307
SNR_VALID red1 hydrophone 1 snr=6 2026-08-10T19:16:35.623
SNR_VALID red1 hydrophone 1 snr=8 2026-08-10T19:17:30.519
SNR_VALID red1 hydrophone 1 snr=10 2026-08-10T19:18:21.490
SNR_VALID red1 hydrophone 1 snr=12 2026-08-10T19:19:06.455
SNR_VALID red1 hydrophone 1 snr=14 2026-08-10T19:19:52.230
SNR_VALID red1 hydrophone 1 snr=16 2026-08-10T19:20:33.113
SNR_VALID red1 hydrophone 1 snr=18 2026-08-10T19:21:13.230
SNR_VALID red1 hydrophone 1 snr=20 2026-08-10T19:21:54.428
SNR_VALID red1 hydrophone 1 snr=22 2026-08-10T19:22:31.347
SNR_VALID red1 hydrophone 1 snr=24 2026-08-10T19:23:12.106
SNR_VALID red1 hydrophone 1 snr=26 2026-08-10T19:23:51.140
SNR_VALID red1 hydrophone 1 snr=28 2026-08-10T19:24:28.355
SNR_VALID red1 hydrophone 1 snr=30 2026-08-10T19:25:03.941
PATH_VALID red1 hydrophone 1 2026-08-10T19:25:07.975
PATH_START red2 hydrophone 2 2026-08-10T19:25:08.808
SNR_VALID red2 hydrophone 2 snr=0 2026-08-10T19:26:08.728
SNR_VALID red2 hydrophone 2 snr=2 2026-08-10T19:27:06.211
SNR_VALID red2 hydrophone 2 snr=4 2026-08-10T19:28:04.883
SNR_VALID red2 hydrophone 2 snr=6 2026-08-10T19:29:00.687
SNR_VALID red2 hydrophone 2 snr=8 2026-08-10T19:29:55.218
SNR_VALID red2 hydrophone 2 snr=10 2026-08-10T19:30:47.760
SNR_VALID red2 hydrophone 2 snr=12 2026-08-10T19:31:32.420
SNR_VALID red2 hydrophone 2 snr=14 2026-08-10T19:32:13.413
SNR_VALID red2 hydrophone 2 snr=16 2026-08-10T19:32:44.976
SNR_VALID red2 hydrophone 2 snr=18 2026-08-10T19:33:13.168
SNR_VALID red2 hydrophone 2 snr=20 2026-08-10T19:33:47.492
SNR_VALID red2 hydrophone 2 snr=22 2026-08-10T19:34:18.381
SNR_VALID red2 hydrophone 2 snr=24 2026-08-10T19:34:47.262
SNR_VALID red2 hydrophone 2 snr=26 2026-08-10T19:35:13.951
SNR_VALID red2 hydrophone 2 snr=28 2026-08-10T19:35:41.788
SNR_VALID red2 hydrophone 2 snr=30 2026-08-10T19:36:09.606
PATH_VALID red2 hydrophone 2 2026-08-10T19:36:11.525
PATH_START red3 hydrophone 3 2026-08-10T19:36:12.380
SNR_VALID red3 hydrophone 3 snr=0 2026-08-10T19:37:15.844
SNR_VALID red3 hydrophone 3 snr=2 2026-08-10T19:38:15.163
SNR_VALID red3 hydrophone 3 snr=4 2026-08-10T19:39:17.371
SNR_VALID red3 hydrophone 3 snr=6 2026-08-10T19:40:21.813
SNR_VALID red3 hydrophone 3 snr=8 2026-08-10T19:41:22.533
SNR_VALID red3 hydrophone 3 snr=10 2026-08-10T19:42:07.730
SNR_VALID red3 hydrophone 3 snr=12 2026-08-10T19:42:40.041
SNR_VALID red3 hydrophone 3 snr=14 2026-08-10T19:43:07.547
SNR_VALID red3 hydrophone 3 snr=16 2026-08-10T19:43:30.887
SNR_VALID red3 hydrophone 3 snr=18 2026-08-10T19:43:52.022
SNR_VALID red3 hydrophone 3 snr=20 2026-08-10T19:44:09.886
SNR_VALID red3 hydrophone 3 snr=22 2026-08-10T19:44:27.835
SNR_VALID red3 hydrophone 3 snr=24 2026-08-10T19:44:48.108
SNR_VALID red3 hydrophone 3 snr=26 2026-08-10T19:45:09.047
SNR_VALID red3 hydrophone 3 snr=28 2026-08-10T19:45:26.577
SNR_VALID red3 hydrophone 3 snr=30 2026-08-10T19:45:43.915
PATH_VALID red3 hydrophone 3 2026-08-10T19:45:44.659
N512_CRC_NO_HARM_COMPUTE_COMPLETE paths=3 2026-08-10T19:45:45.144
