N512_CRC_NO_HARM_START paths=3 2026-08-10T19:11:46.316
PATH_START red1 hydrophone 3 2026-08-10T19:11:46.340
SNR_VALID red1 hydrophone 3 snr=0 2026-08-10T19:13:49.620
SNR_VALID red1 hydrophone 3 snr=2 2026-08-10T19:14:47.698
SNR_VALID red1 hydrophone 3 snr=4 2026-08-10T19:15:44.301
SNR_VALID red1 hydrophone 3 snr=6 2026-08-10T19:16:38.496
SNR_VALID red1 hydrophone 3 snr=8 2026-08-10T19:17:27.091
SNR_VALID red1 hydrophone 3 snr=10 2026-08-10T19:17:56.479
SNR_VALID red1 hydrophone 3 snr=12 2026-08-10T19:18:20.162
SNR_VALID red1 hydrophone 3 snr=14 2026-08-10T19:18:44.694
SNR_VALID red1 hydrophone 3 snr=16 2026-08-10T19:19:05.412
SNR_VALID red1 hydrophone 3 snr=18 2026-08-10T19:19:30.757
SNR_VALID red1 hydrophone 3 snr=20 2026-08-10T19:19:51.600
SNR_VALID red1 hydrophone 3 snr=22 2026-08-10T19:20:13.717
SNR_VALID red1 hydrophone 3 snr=24 2026-08-10T19:20:37.591
SNR_VALID red1 hydrophone 3 snr=26 2026-08-10T19:20:59.158
SNR_VALID red1 hydrophone 3 snr=28 2026-08-10T19:21:23.178
SNR_VALID red1 hydrophone 3 snr=30 2026-08-10T19:21:46.453
PATH_VALID red1 hydrophone 3 2026-08-10T19:21:50.510
PATH_START red3 hydrophone 1 2026-08-10T19:21:51.474
SNR_VALID red3 hydrophone 1 snr=0 2026-08-10T19:22:58.515
SNR_VALID red3 hydrophone 1 snr=2 2026-08-10T19:24:07.773
SNR_VALID red3 hydrophone 1 snr=4 2026-08-10T19:25:12.621
SNR_VALID red3 hydrophone 1 snr=6 2026-08-10T19:26:12.373
SNR_VALID red3 hydrophone 1 snr=8 2026-08-10T19:27:10.435
SNR_VALID red3 hydrophone 1 snr=10 2026-08-10T19:28:06.848
SNR_VALID red3 hydrophone 1 snr=12 2026-08-10T19:28:57.918
SNR_VALID red3 hydrophone 1 snr=14 2026-08-10T19:29:41.376
SNR_VALID red3 hydrophone 1 snr=16 2026-08-10T19:30:21.377
SNR_VALID red3 hydrophone 1 snr=18 2026-08-10T19:30:56.893
SNR_VALID red3 hydrophone 1 snr=20 2026-08-10T19:31:25.825
SNR_VALID red3 hydrophone 1 snr=22 2026-08-10T19:31:57.780
SNR_VALID red3 hydrophone 1 snr=24 2026-08-10T19:32:28.403
SNR_VALID red3 hydrophone 1 snr=26 2026-08-10T19:32:57.904
SNR_VALID red3 hydrophone 1 snr=28 2026-08-10T19:33:28.513
SNR_VALID red3 hydrophone 1 snr=30 2026-08-10T19:33:59.854
PATH_VALID red3 hydrophone 1 2026-08-10T19:34:01.220
PATH_START red4 hydrophone 2 2026-08-10T19:34:02.054
SNR_VALID red4 hydrophone 2 snr=0 2026-08-10T19:35:06.507
SNR_VALID red4 hydrophone 2 snr=2 2026-08-10T19:36:07.484
SNR_VALID red4 hydrophone 2 snr=4 2026-08-10T19:37:11.988
SNR_VALID red4 hydrophone 2 snr=6 2026-08-10T19:38:11.624
SNR_VALID red4 hydrophone 2 snr=8 2026-08-10T19:38:59.920
SNR_VALID red4 hydrophone 2 snr=10 2026-08-10T19:39:28.743
SNR_VALID red4 hydrophone 2 snr=12 2026-08-10T19:39:55.504
SNR_VALID red4 hydrophone 2 snr=14 2026-08-10T19:40:22.510
SNR_VALID red4 hydrophone 2 snr=16 2026-08-10T19:40:46.710
SNR_VALID red4 hydrophone 2 snr=18 2026-08-10T19:41:09.312
SNR_VALID red4 hydrophone 2 snr=20 2026-08-10T19:41:35.863
SNR_VALID red4 hydrophone 2 snr=22 2026-08-10T19:41:59.760
SNR_VALID red4 hydrophone 2 snr=24 2026-08-10T19:42:25.361
SNR_VALID red4 hydrophone 2 snr=26 2026-08-10T19:42:49.164
SNR_VALID red4 hydrophone 2 snr=28 2026-08-10T19:43:11.763
SNR_VALID red4 hydrophone 2 snr=30 2026-08-10T19:43:33.755
PATH_VALID red4 hydrophone 2 2026-08-10T19:43:35.252
N512_CRC_NO_HARM_COMPUTE_COMPLETE paths=3 2026-08-10T19:43:36.065
