N4096_CRC_NO_HARM_START paths=3 2026-08-15T17:43:28.161
PATH_START red1 hydrophone 1 2026-08-15T17:43:28.253
SNR_VALID red1 hydrophone 1 snr=0 2026-08-15T17:46:00.413
SNR_VALID red1 hydrophone 1 snr=2 2026-08-15T17:47:16.341
SNR_VALID red1 hydrophone 1 snr=4 2026-08-15T17:48:29.424
SNR_VALID red1 hydrophone 1 snr=6 2026-08-15T17:49:37.760
SNR_VALID red1 hydrophone 1 snr=8 2026-08-15T17:50:50.625
SNR_VALID red1 hydrophone 1 snr=10 2026-08-15T17:51:58.717
SNR_VALID red1 hydrophone 1 snr=12 2026-08-15T17:53:08.664
SNR_VALID red1 hydrophone 1 snr=14 2026-08-15T17:54:15.875
SNR_VALID red1 hydrophone 1 snr=16 2026-08-15T17:55:16.499
SNR_VALID red1 hydrophone 1 snr=18 2026-08-15T17:56:18.301
SNR_VALID red1 hydrophone 1 snr=20 2026-08-15T17:57:16.991
SNR_VALID red1 hydrophone 1 snr=22 2026-08-15T17:58:15.032
SNR_VALID red1 hydrophone 1 snr=24 2026-08-15T17:59:10.657
SNR_VALID red1 hydrophone 1 snr=26 2026-08-15T18:00:08.543
SNR_VALID red1 hydrophone 1 snr=28 2026-08-15T18:01:09.334
SNR_VALID red1 hydrophone 1 snr=30 2026-08-15T18:02:01.867
PATH_VALID red1 hydrophone 1 2026-08-15T18:02:05.915
PATH_START red2 hydrophone 2 2026-08-15T18:02:06.881
SNR_VALID red2 hydrophone 2 snr=0 2026-08-15T18:03:27.083
SNR_VALID red2 hydrophone 2 snr=2 2026-08-15T18:04:41.391
SNR_VALID red2 hydrophone 2 snr=4 2026-08-15T18:05:55.795
SNR_VALID red2 hydrophone 2 snr=6 2026-08-15T18:07:13.659
SNR_VALID red2 hydrophone 2 snr=8 2026-08-15T18:08:22.155
SNR_VALID red2 hydrophone 2 snr=10 2026-08-15T18:09:35.888
SNR_VALID red2 hydrophone 2 snr=12 2026-08-15T18:10:48.831
SNR_VALID red2 hydrophone 2 snr=14 2026-08-15T18:12:02.696
SNR_VALID red2 hydrophone 2 snr=16 2026-08-15T18:13:09.924
SNR_VALID red2 hydrophone 2 snr=18 2026-08-15T18:14:17.075
SNR_VALID red2 hydrophone 2 snr=20 2026-08-15T18:15:21.498
SNR_VALID red2 hydrophone 2 snr=22 2026-08-15T18:16:22.832
SNR_VALID red2 hydrophone 2 snr=24 2026-08-15T18:17:26.516
SNR_VALID red2 hydrophone 2 snr=26 2026-08-15T18:18:22.784
SNR_VALID red2 hydrophone 2 snr=28 2026-08-15T18:19:26.179
SNR_VALID red2 hydrophone 2 snr=30 2026-08-15T18:20:27.867
PATH_VALID red2 hydrophone 2 2026-08-15T18:20:30.322
PATH_START red3 hydrophone 3 2026-08-15T18:20:31.099
SNR_VALID red3 hydrophone 3 snr=0 2026-08-15T18:21:45.568
SNR_VALID red3 hydrophone 3 snr=2 2026-08-15T18:23:04.364
SNR_VALID red3 hydrophone 3 snr=4 2026-08-15T18:24:14.314
SNR_VALID red3 hydrophone 3 snr=6 2026-08-15T18:25:37.548
SNR_VALID red3 hydrophone 3 snr=8 2026-08-15T18:27:09.571
SNR_VALID red3 hydrophone 3 snr=10 2026-08-15T18:28:27.985
SNR_VALID red3 hydrophone 3 snr=12 2026-08-15T18:29:31.450
SNR_VALID red3 hydrophone 3 snr=14 2026-08-15T18:30:24.264
SNR_VALID red3 hydrophone 3 snr=16 2026-08-15T18:31:19.117
SNR_VALID red3 hydrophone 3 snr=18 2026-08-15T18:32:03.779
SNR_VALID red3 hydrophone 3 snr=20 2026-08-15T18:32:46.489
SNR_VALID red3 hydrophone 3 snr=22 2026-08-15T18:33:28.173
SNR_VALID red3 hydrophone 3 snr=24 2026-08-15T18:34:03.719
SNR_VALID red3 hydrophone 3 snr=26 2026-08-15T18:34:30.180
SNR_VALID red3 hydrophone 3 snr=28 2026-08-15T18:34:58.437
SNR_VALID red3 hydrophone 3 snr=30 2026-08-15T18:35:24.692
PATH_VALID red3 hydrophone 3 2026-08-15T18:35:25.264
N4096_CRC_NO_HARM_COMPUTE_COMPLETE paths=3 2026-08-15T18:35:26.223
