N4096_CRC_NO_HARM_START paths=3 2026-08-15T17:43:28.892
PATH_START red1 hydrophone 2 2026-08-15T17:43:28.933
SNR_VALID red1 hydrophone 2 snr=0 2026-08-15T17:46:00.506
SNR_VALID red1 hydrophone 2 snr=2 2026-08-15T17:47:15.468
SNR_VALID red1 hydrophone 2 snr=4 2026-08-15T17:48:28.106
SNR_VALID red1 hydrophone 2 snr=6 2026-08-15T17:49:35.882
SNR_VALID red1 hydrophone 2 snr=8 2026-08-15T17:50:49.967
SNR_VALID red1 hydrophone 2 snr=10 2026-08-15T17:51:56.651
SNR_VALID red1 hydrophone 2 snr=12 2026-08-15T17:53:03.702
SNR_VALID red1 hydrophone 2 snr=14 2026-08-15T17:54:10.955
SNR_VALID red1 hydrophone 2 snr=16 2026-08-15T17:55:13.958
SNR_VALID red1 hydrophone 2 snr=18 2026-08-15T17:56:21.486
SNR_VALID red1 hydrophone 2 snr=20 2026-08-15T17:57:21.071
SNR_VALID red1 hydrophone 2 snr=22 2026-08-15T17:58:20.431
SNR_VALID red1 hydrophone 2 snr=24 2026-08-15T17:59:20.437
SNR_VALID red1 hydrophone 2 snr=26 2026-08-15T18:00:17.036
SNR_VALID red1 hydrophone 2 snr=28 2026-08-15T18:01:16.332
SNR_VALID red1 hydrophone 2 snr=30 2026-08-15T18:02:10.660
PATH_VALID red1 hydrophone 2 2026-08-15T18:02:15.435
PATH_START red2 hydrophone 3 2026-08-15T18:02:16.374
SNR_VALID red2 hydrophone 3 snr=0 2026-08-15T18:03:33.857
SNR_VALID red2 hydrophone 3 snr=2 2026-08-15T18:04:45.277
SNR_VALID red2 hydrophone 3 snr=4 2026-08-15T18:06:01.104
SNR_VALID red2 hydrophone 3 snr=6 2026-08-15T18:07:19.296
SNR_VALID red2 hydrophone 3 snr=8 2026-08-15T18:08:26.437
SNR_VALID red2 hydrophone 3 snr=10 2026-08-15T18:09:39.316
SNR_VALID red2 hydrophone 3 snr=12 2026-08-15T18:10:48.181
SNR_VALID red2 hydrophone 3 snr=14 2026-08-15T18:11:56.733
SNR_VALID red2 hydrophone 3 snr=16 2026-08-15T18:13:00.376
SNR_VALID red2 hydrophone 3 snr=18 2026-08-15T18:14:02.902
SNR_VALID red2 hydrophone 3 snr=20 2026-08-15T18:14:57.323
SNR_VALID red2 hydrophone 3 snr=22 2026-08-15T18:15:58.062
SNR_VALID red2 hydrophone 3 snr=24 2026-08-15T18:17:00.981
SNR_VALID red2 hydrophone 3 snr=26 2026-08-15T18:17:55.945
SNR_VALID red2 hydrophone 3 snr=28 2026-08-15T18:18:56.854
SNR_VALID red2 hydrophone 3 snr=30 2026-08-15T18:19:58.227
PATH_VALID red2 hydrophone 3 2026-08-15T18:20:01.660
PATH_START red4 hydrophone 1 2026-08-15T18:20:02.231
SNR_VALID red4 hydrophone 1 snr=0 2026-08-15T18:21:14.234
SNR_VALID red4 hydrophone 1 snr=2 2026-08-15T18:22:34.211
SNR_VALID red4 hydrophone 1 snr=4 2026-08-15T18:23:49.691
SNR_VALID red4 hydrophone 1 snr=6 2026-08-15T18:25:01.240
SNR_VALID red4 hydrophone 1 snr=8 2026-08-15T18:26:13.894
SNR_VALID red4 hydrophone 1 snr=10 2026-08-15T18:27:17.227
SNR_VALID red4 hydrophone 1 snr=12 2026-08-15T18:28:09.066
SNR_VALID red4 hydrophone 1 snr=14 2026-08-15T18:28:52.949
SNR_VALID red4 hydrophone 1 snr=16 2026-08-15T18:29:34.204
SNR_VALID red4 hydrophone 1 snr=18 2026-08-15T18:30:13.495
SNR_VALID red4 hydrophone 1 snr=20 2026-08-15T18:30:49.576
SNR_VALID red4 hydrophone 1 snr=22 2026-08-15T18:31:30.562
SNR_VALID red4 hydrophone 1 snr=24 2026-08-15T18:32:04.882
SNR_VALID red4 hydrophone 1 snr=26 2026-08-15T18:32:38.466
SNR_VALID red4 hydrophone 1 snr=28 2026-08-15T18:33:11.980
SNR_VALID red4 hydrophone 1 snr=30 2026-08-15T18:33:43.855
PATH_VALID red4 hydrophone 1 2026-08-15T18:33:44.656
N4096_CRC_NO_HARM_COMPUTE_COMPLETE paths=3 2026-08-15T18:33:45.201
