N4096_CRC_NO_HARM_START paths=3 2026-08-15T17:43:28.536
PATH_START red1 hydrophone 3 2026-08-15T17:43:28.559
SNR_VALID red1 hydrophone 3 snr=0 2026-08-15T17:46:01.526
SNR_VALID red1 hydrophone 3 snr=2 2026-08-15T17:47:15.210
SNR_VALID red1 hydrophone 3 snr=4 2026-08-15T17:48:28.682
SNR_VALID red1 hydrophone 3 snr=6 2026-08-15T17:49:35.538
SNR_VALID red1 hydrophone 3 snr=8 2026-08-15T17:50:45.434
SNR_VALID red1 hydrophone 3 snr=10 2026-08-15T17:51:49.284
SNR_VALID red1 hydrophone 3 snr=12 2026-08-15T17:52:40.884
SNR_VALID red1 hydrophone 3 snr=14 2026-08-15T17:53:35.435
SNR_VALID red1 hydrophone 3 snr=16 2026-08-15T17:54:29.337
SNR_VALID red1 hydrophone 3 snr=18 2026-08-15T17:55:18.421
SNR_VALID red1 hydrophone 3 snr=20 2026-08-15T17:56:11.065
SNR_VALID red1 hydrophone 3 snr=22 2026-08-15T17:57:03.905
SNR_VALID red1 hydrophone 3 snr=24 2026-08-15T17:57:56.071
SNR_VALID red1 hydrophone 3 snr=26 2026-08-15T17:58:41.569
SNR_VALID red1 hydrophone 3 snr=28 2026-08-15T17:59:31.771
SNR_VALID red1 hydrophone 3 snr=30 2026-08-15T18:00:20.057
PATH_VALID red1 hydrophone 3 2026-08-15T18:00:24.674
PATH_START red3 hydrophone 1 2026-08-15T18:00:25.293
SNR_VALID red3 hydrophone 1 snr=0 2026-08-15T18:01:37.012
SNR_VALID red3 hydrophone 1 snr=2 2026-08-15T18:02:55.086
SNR_VALID red3 hydrophone 1 snr=4 2026-08-15T18:04:12.564
SNR_VALID red3 hydrophone 1 snr=6 2026-08-15T18:05:24.760
SNR_VALID red3 hydrophone 1 snr=8 2026-08-15T18:06:40.717
SNR_VALID red3 hydrophone 1 snr=10 2026-08-15T18:07:51.117
SNR_VALID red3 hydrophone 1 snr=12 2026-08-15T18:08:53.247
SNR_VALID red3 hydrophone 1 snr=14 2026-08-15T18:10:01.072
SNR_VALID red3 hydrophone 1 snr=16 2026-08-15T18:10:59.076
SNR_VALID red3 hydrophone 1 snr=18 2026-08-15T18:11:53.176
SNR_VALID red3 hydrophone 1 snr=20 2026-08-15T18:12:44.521
SNR_VALID red3 hydrophone 1 snr=22 2026-08-15T18:13:35.649
SNR_VALID red3 hydrophone 1 snr=24 2026-08-15T18:14:22.212
SNR_VALID red3 hydrophone 1 snr=26 2026-08-15T18:15:11.514
SNR_VALID red3 hydrophone 1 snr=28 2026-08-15T18:16:01.334
SNR_VALID red3 hydrophone 1 snr=30 2026-08-15T18:16:51.489
PATH_VALID red3 hydrophone 1 2026-08-15T18:16:52.453
PATH_START red4 hydrophone 2 2026-08-15T18:16:53.090
SNR_VALID red4 hydrophone 2 snr=0 2026-08-15T18:18:04.914
SNR_VALID red4 hydrophone 2 snr=2 2026-08-15T18:19:17.789
SNR_VALID red4 hydrophone 2 snr=4 2026-08-15T18:20:36.311
SNR_VALID red4 hydrophone 2 snr=6 2026-08-15T18:21:46.139
SNR_VALID red4 hydrophone 2 snr=8 2026-08-15T18:22:54.521
SNR_VALID red4 hydrophone 2 snr=10 2026-08-15T18:23:51.658
SNR_VALID red4 hydrophone 2 snr=12 2026-08-15T18:24:39.870
SNR_VALID red4 hydrophone 2 snr=14 2026-08-15T18:25:30.343
SNR_VALID red4 hydrophone 2 snr=16 2026-08-15T18:26:20.743
SNR_VALID red4 hydrophone 2 snr=18 2026-08-15T18:27:09.426
SNR_VALID red4 hydrophone 2 snr=20 2026-08-15T18:27:53.710
SNR_VALID red4 hydrophone 2 snr=22 2026-08-15T18:28:37.228
SNR_VALID red4 hydrophone 2 snr=24 2026-08-15T18:29:16.859
SNR_VALID red4 hydrophone 2 snr=26 2026-08-15T18:29:56.324
SNR_VALID red4 hydrophone 2 snr=28 2026-08-15T18:30:35.053
SNR_VALID red4 hydrophone 2 snr=30 2026-08-15T18:31:18.455
PATH_VALID red4 hydrophone 2 2026-08-15T18:31:21.013
N4096_CRC_NO_HARM_COMPUTE_COMPLETE paths=3 2026-08-15T18:31:21.677
