N4096_CRC_NO_HARM_START paths=3 2026-08-15T17:43:28.850
PATH_START red2 hydrophone 1 2026-08-15T17:43:28.890
SNR_VALID red2 hydrophone 1 snr=0 2026-08-15T17:46:00.694
SNR_VALID red2 hydrophone 1 snr=2 2026-08-15T17:47:15.742
SNR_VALID red2 hydrophone 1 snr=4 2026-08-15T17:48:30.604
SNR_VALID red2 hydrophone 1 snr=6 2026-08-15T17:49:39.938
SNR_VALID red2 hydrophone 1 snr=8 2026-08-15T17:50:52.816
SNR_VALID red2 hydrophone 1 snr=10 2026-08-15T17:52:00.721
SNR_VALID red2 hydrophone 1 snr=12 2026-08-15T17:53:15.381
SNR_VALID red2 hydrophone 1 snr=14 2026-08-15T17:54:28.102
SNR_VALID red2 hydrophone 1 snr=16 2026-08-15T17:55:37.817
SNR_VALID red2 hydrophone 1 snr=18 2026-08-15T17:56:52.617
SNR_VALID red2 hydrophone 1 snr=20 2026-08-15T17:58:05.840
SNR_VALID red2 hydrophone 1 snr=22 2026-08-15T17:59:14.150
SNR_VALID red2 hydrophone 1 snr=24 2026-08-15T18:00:24.670
SNR_VALID red2 hydrophone 1 snr=26 2026-08-15T18:01:33.861
SNR_VALID red2 hydrophone 1 snr=28 2026-08-15T18:02:46.153
SNR_VALID red2 hydrophone 1 snr=30 2026-08-15T18:03:58.133
PATH_VALID red2 hydrophone 1 2026-08-15T18:04:01.540
PATH_START red3 hydrophone 2 2026-08-15T18:04:02.579
SNR_VALID red3 hydrophone 2 snr=0 2026-08-15T18:05:16.140
SNR_VALID red3 hydrophone 2 snr=2 2026-08-15T18:06:32.746
SNR_VALID red3 hydrophone 2 snr=4 2026-08-15T18:07:49.212
SNR_VALID red3 hydrophone 2 snr=6 2026-08-15T18:08:56.412
SNR_VALID red3 hydrophone 2 snr=8 2026-08-15T18:10:11.034
SNR_VALID red3 hydrophone 2 snr=10 2026-08-15T18:11:17.924
SNR_VALID red3 hydrophone 2 snr=12 2026-08-15T18:12:22.241
SNR_VALID red3 hydrophone 2 snr=14 2026-08-15T18:13:15.213
SNR_VALID red3 hydrophone 2 snr=16 2026-08-15T18:14:11.381
SNR_VALID red3 hydrophone 2 snr=18 2026-08-15T18:14:56.469
SNR_VALID red3 hydrophone 2 snr=20 2026-08-15T18:15:45.946
SNR_VALID red3 hydrophone 2 snr=22 2026-08-15T18:16:30.979
SNR_VALID red3 hydrophone 2 snr=24 2026-08-15T18:17:17.325
SNR_VALID red3 hydrophone 2 snr=26 2026-08-15T18:17:55.514
SNR_VALID red3 hydrophone 2 snr=28 2026-08-15T18:18:37.164
SNR_VALID red3 hydrophone 2 snr=30 2026-08-15T18:19:20.138
PATH_VALID red3 hydrophone 2 2026-08-15T18:19:21.600
PATH_START red4 hydrophone 3 2026-08-15T18:19:22.304
SNR_VALID red4 hydrophone 3 snr=0 2026-08-15T18:20:38.859
SNR_VALID red4 hydrophone 3 snr=2 2026-08-15T18:21:52.180
SNR_VALID red4 hydrophone 3 snr=4 2026-08-15T18:23:10.920
SNR_VALID red4 hydrophone 3 snr=6 2026-08-15T18:24:19.456
SNR_VALID red4 hydrophone 3 snr=8 2026-08-15T18:25:29.802
SNR_VALID red4 hydrophone 3 snr=10 2026-08-15T18:26:39.287
SNR_VALID red4 hydrophone 3 snr=12 2026-08-15T18:27:35.390
SNR_VALID red4 hydrophone 3 snr=14 2026-08-15T18:28:26.442
SNR_VALID red4 hydrophone 3 snr=16 2026-08-15T18:29:11.723
SNR_VALID red4 hydrophone 3 snr=18 2026-08-15T18:29:57.309
SNR_VALID red4 hydrophone 3 snr=20 2026-08-15T18:30:39.575
SNR_VALID red4 hydrophone 3 snr=22 2026-08-15T18:31:26.059
SNR_VALID red4 hydrophone 3 snr=24 2026-08-15T18:32:05.630
SNR_VALID red4 hydrophone 3 snr=26 2026-08-15T18:32:44.290
SNR_VALID red4 hydrophone 3 snr=28 2026-08-15T18:33:23.875
SNR_VALID red4 hydrophone 3 snr=30 2026-08-15T18:33:57.757
PATH_VALID red4 hydrophone 3 2026-08-15T18:33:59.334
N4096_CRC_NO_HARM_COMPUTE_COMPLETE paths=3 2026-08-15T18:33:59.836
