N2048_CRC_NO_HARM_START paths=3 2026-08-11T10:33:02.739
PATH_START red1 hydrophone 3 2026-08-11T10:33:02.749
SNR_VALID red1 hydrophone 3 snr=0 2026-08-11T10:35:16.291
SNR_VALID red1 hydrophone 3 snr=2 2026-08-11T10:36:14.124
SNR_VALID red1 hydrophone 3 snr=4 2026-08-11T10:37:12.411
SNR_VALID red1 hydrophone 3 snr=6 2026-08-11T10:38:11.112
SNR_VALID red1 hydrophone 3 snr=8 2026-08-11T10:38:53.128
SNR_VALID red1 hydrophone 3 snr=10 2026-08-11T10:39:28.502
SNR_VALID red1 hydrophone 3 snr=12 2026-08-11T10:39:57.460
SNR_VALID red1 hydrophone 3 snr=14 2026-08-11T10:40:23.990
SNR_VALID red1 hydrophone 3 snr=16 2026-08-11T10:40:48.866
SNR_VALID red1 hydrophone 3 snr=18 2026-08-11T10:41:12.260
SNR_VALID red1 hydrophone 3 snr=20 2026-08-11T10:41:35.631
SNR_VALID red1 hydrophone 3 snr=22 2026-08-11T10:41:59.927
SNR_VALID red1 hydrophone 3 snr=24 2026-08-11T10:42:22.502
SNR_VALID red1 hydrophone 3 snr=26 2026-08-11T10:42:45.915
SNR_VALID red1 hydrophone 3 snr=28 2026-08-11T10:43:10.225
SNR_VALID red1 hydrophone 3 snr=30 2026-08-11T10:43:34.400
PATH_VALID red1 hydrophone 3 2026-08-11T10:43:38.684
PATH_START red3 hydrophone 1 2026-08-11T10:43:39.484
SNR_VALID red3 hydrophone 1 snr=0 2026-08-11T10:44:38.542
SNR_VALID red3 hydrophone 1 snr=2 2026-08-11T10:45:39.277
SNR_VALID red3 hydrophone 1 snr=4 2026-08-11T10:46:34.406
SNR_VALID red3 hydrophone 1 snr=6 2026-08-11T10:47:43.876
SNR_VALID red3 hydrophone 1 snr=8 2026-08-11T10:48:51.731
SNR_VALID red3 hydrophone 1 snr=10 2026-08-11T10:49:52.522
SNR_VALID red3 hydrophone 1 snr=12 2026-08-11T10:50:37.305
SNR_VALID red3 hydrophone 1 snr=14 2026-08-11T10:51:13.671
SNR_VALID red3 hydrophone 1 snr=16 2026-08-11T10:51:48.890
SNR_VALID red3 hydrophone 1 snr=18 2026-08-11T10:52:18.372
SNR_VALID red3 hydrophone 1 snr=20 2026-08-11T10:52:48.802
SNR_VALID red3 hydrophone 1 snr=22 2026-08-11T10:53:15.076
SNR_VALID red3 hydrophone 1 snr=24 2026-08-11T10:53:44.228
SNR_VALID red3 hydrophone 1 snr=26 2026-08-11T10:54:12.112
SNR_VALID red3 hydrophone 1 snr=28 2026-08-11T10:54:41.812
SNR_VALID red3 hydrophone 1 snr=30 2026-08-11T10:55:10.056
PATH_VALID red3 hydrophone 1 2026-08-11T10:55:11.007
PATH_START red4 hydrophone 2 2026-08-11T10:55:11.669
SNR_VALID red4 hydrophone 2 snr=0 2026-08-11T10:56:20.139
SNR_VALID red4 hydrophone 2 snr=2 2026-08-11T10:57:21.499
SNR_VALID red4 hydrophone 2 snr=4 2026-08-11T10:58:20.634
SNR_VALID red4 hydrophone 2 snr=6 2026-08-11T10:59:16.790
SNR_VALID red4 hydrophone 2 snr=8 2026-08-11T10:59:54.095
SNR_VALID red4 hydrophone 2 snr=10 2026-08-11T11:00:25.207
SNR_VALID red4 hydrophone 2 snr=12 2026-08-11T11:00:48.498
SNR_VALID red4 hydrophone 2 snr=14 2026-08-11T11:01:14.635
SNR_VALID red4 hydrophone 2 snr=16 2026-08-11T11:01:38.515
SNR_VALID red4 hydrophone 2 snr=18 2026-08-11T11:02:04.115
SNR_VALID red4 hydrophone 2 snr=20 2026-08-11T11:02:29.775
SNR_VALID red4 hydrophone 2 snr=22 2026-08-11T11:02:53.980
SNR_VALID red4 hydrophone 2 snr=24 2026-08-11T11:03:19.244
SNR_VALID red4 hydrophone 2 snr=26 2026-08-11T11:03:46.391
SNR_VALID red4 hydrophone 2 snr=28 2026-08-11T11:04:10.871
SNR_VALID red4 hydrophone 2 snr=30 2026-08-11T11:04:36.457
PATH_VALID red4 hydrophone 2 2026-08-11T11:04:37.961
N2048_CRC_NO_HARM_COMPUTE_COMPLETE paths=3 2026-08-11T11:04:38.750
