N2048_CRC_NO_HARM_START paths=3 2026-08-11T10:33:03.236
PATH_START red1 hydrophone 1 2026-08-11T10:33:03.247
SNR_VALID red1 hydrophone 1 snr=0 2026-08-11T10:35:16.102
SNR_VALID red1 hydrophone 1 snr=2 2026-08-11T10:36:14.279
SNR_VALID red1 hydrophone 1 snr=4 2026-08-11T10:37:13.691
SNR_VALID red1 hydrophone 1 snr=6 2026-08-11T10:38:13.419
SNR_VALID red1 hydrophone 1 snr=8 2026-08-11T10:39:11.334
SNR_VALID red1 hydrophone 1 snr=10 2026-08-11T10:40:06.102
SNR_VALID red1 hydrophone 1 snr=12 2026-08-11T10:40:49.085
SNR_VALID red1 hydrophone 1 snr=14 2026-08-11T10:41:22.039
SNR_VALID red1 hydrophone 1 snr=16 2026-08-11T10:41:54.389
SNR_VALID red1 hydrophone 1 snr=18 2026-08-11T10:42:22.450
SNR_VALID red1 hydrophone 1 snr=20 2026-08-11T10:42:48.713
SNR_VALID red1 hydrophone 1 snr=22 2026-08-11T10:43:13.841
SNR_VALID red1 hydrophone 1 snr=24 2026-08-11T10:43:38.714
SNR_VALID red1 hydrophone 1 snr=26 2026-08-11T10:44:03.183
SNR_VALID red1 hydrophone 1 snr=28 2026-08-11T10:44:27.216
SNR_VALID red1 hydrophone 1 snr=30 2026-08-11T10:44:52.698
PATH_VALID red1 hydrophone 1 2026-08-11T10:44:58.574
PATH_START red2 hydrophone 2 2026-08-11T10:44:59.363
SNR_VALID red2 hydrophone 2 snr=0 2026-08-11T10:45:59.306
SNR_VALID red2 hydrophone 2 snr=2 2026-08-11T10:46:59.468
SNR_VALID red2 hydrophone 2 snr=4 2026-08-11T10:48:09.722
SNR_VALID red2 hydrophone 2 snr=6 2026-08-11T10:49:14.466
SNR_VALID red2 hydrophone 2 snr=8 2026-08-11T10:50:15.706
SNR_VALID red2 hydrophone 2 snr=10 2026-08-11T10:51:10.750
SNR_VALID red2 hydrophone 2 snr=12 2026-08-11T10:52:00.666
SNR_VALID red2 hydrophone 2 snr=14 2026-08-11T10:52:42.303
SNR_VALID red2 hydrophone 2 snr=16 2026-08-11T10:53:21.079
SNR_VALID red2 hydrophone 2 snr=18 2026-08-11T10:53:55.628
SNR_VALID red2 hydrophone 2 snr=20 2026-08-11T10:54:29.094
SNR_VALID red2 hydrophone 2 snr=22 2026-08-11T10:54:59.861
SNR_VALID red2 hydrophone 2 snr=24 2026-08-11T10:55:30.010
SNR_VALID red2 hydrophone 2 snr=26 2026-08-11T10:55:59.168
SNR_VALID red2 hydrophone 2 snr=28 2026-08-11T10:56:27.630
SNR_VALID red2 hydrophone 2 snr=30 2026-08-11T10:56:53.718
PATH_VALID red2 hydrophone 2 2026-08-11T10:56:54.900
PATH_START red3 hydrophone 3 2026-08-11T10:56:55.603
SNR_VALID red3 hydrophone 3 snr=0 2026-08-11T10:57:57.022
SNR_VALID red3 hydrophone 3 snr=2 2026-08-11T10:58:56.347
SNR_VALID red3 hydrophone 3 snr=4 2026-08-11T10:59:53.934
SNR_VALID red3 hydrophone 3 snr=6 2026-08-11T11:00:52.903
SNR_VALID red3 hydrophone 3 snr=8 2026-08-11T11:01:50.165
SNR_VALID red3 hydrophone 3 snr=10 2026-08-11T11:02:38.995
SNR_VALID red3 hydrophone 3 snr=12 2026-08-11T11:03:15.572
SNR_VALID red3 hydrophone 3 snr=14 2026-08-11T11:03:47.256
SNR_VALID red3 hydrophone 3 snr=16 2026-08-11T11:04:18.036
SNR_VALID red3 hydrophone 3 snr=18 2026-08-11T11:04:47.521
SNR_VALID red3 hydrophone 3 snr=20 2026-08-11T11:05:12.002
SNR_VALID red3 hydrophone 3 snr=22 2026-08-11T11:05:34.987
SNR_VALID red3 hydrophone 3 snr=24 2026-08-11T11:05:54.908
SNR_VALID red3 hydrophone 3 snr=26 2026-08-11T11:06:14.635
SNR_VALID red3 hydrophone 3 snr=28 2026-08-11T11:06:33.901
SNR_VALID red3 hydrophone 3 snr=30 2026-08-11T11:06:53.474
PATH_VALID red3 hydrophone 3 2026-08-11T11:06:54.204
N2048_CRC_NO_HARM_COMPUTE_COMPLETE paths=3 2026-08-11T11:06:54.652
