N2048_CRC_NO_HARM_START paths=3 2026-08-11T10:33:03.299
PATH_START red2 hydrophone 1 2026-08-11T10:33:03.306
SNR_VALID red2 hydrophone 1 snr=0 2026-08-11T10:35:16.605
SNR_VALID red2 hydrophone 1 snr=2 2026-08-11T10:36:14.494
SNR_VALID red2 hydrophone 1 snr=4 2026-08-11T10:37:13.146
SNR_VALID red2 hydrophone 1 snr=6 2026-08-11T10:38:15.053
SNR_VALID red2 hydrophone 1 snr=8 2026-08-11T10:39:18.737
SNR_VALID red2 hydrophone 1 snr=10 2026-08-11T10:40:22.654
SNR_VALID red2 hydrophone 1 snr=12 2026-08-11T10:41:12.070
SNR_VALID red2 hydrophone 1 snr=14 2026-08-11T10:41:57.648
SNR_VALID red2 hydrophone 1 snr=16 2026-08-11T10:42:41.747
SNR_VALID red2 hydrophone 1 snr=18 2026-08-11T10:43:22.916
SNR_VALID red2 hydrophone 1 snr=20 2026-08-11T10:44:03.007
SNR_VALID red2 hydrophone 1 snr=22 2026-08-11T10:44:39.309
SNR_VALID red2 hydrophone 1 snr=24 2026-08-11T10:45:18.201
SNR_VALID red2 hydrophone 1 snr=26 2026-08-11T10:45:53.973
SNR_VALID red2 hydrophone 1 snr=28 2026-08-11T10:46:25.252
SNR_VALID red2 hydrophone 1 snr=30 2026-08-11T10:47:00.525
PATH_VALID red2 hydrophone 1 2026-08-11T10:47:06.150
PATH_START red3 hydrophone 2 2026-08-11T10:47:07.079
SNR_VALID red3 hydrophone 2 snr=0 2026-08-11T10:48:19.198
SNR_VALID red3 hydrophone 2 snr=2 2026-08-11T10:49:24.075
SNR_VALID red3 hydrophone 2 snr=4 2026-08-11T10:50:25.916
SNR_VALID red3 hydrophone 2 snr=6 2026-08-11T10:51:27.801
SNR_VALID red3 hydrophone 2 snr=8 2026-08-11T10:52:26.209
SNR_VALID red3 hydrophone 2 snr=10 2026-08-11T10:53:13.569
SNR_VALID red3 hydrophone 2 snr=12 2026-08-11T10:53:49.985
SNR_VALID red3 hydrophone 2 snr=14 2026-08-11T10:54:21.716
SNR_VALID red3 hydrophone 2 snr=16 2026-08-11T10:54:54.173
SNR_VALID red3 hydrophone 2 snr=18 2026-08-11T10:55:24.223
SNR_VALID red3 hydrophone 2 snr=20 2026-08-11T10:55:53.222
SNR_VALID red3 hydrophone 2 snr=22 2026-08-11T10:56:18.354
SNR_VALID red3 hydrophone 2 snr=24 2026-08-11T10:56:43.967
SNR_VALID red3 hydrophone 2 snr=26 2026-08-11T10:57:10.457
SNR_VALID red3 hydrophone 2 snr=28 2026-08-11T10:57:36.117
SNR_VALID red3 hydrophone 2 snr=30 2026-08-11T10:57:58.664
PATH_VALID red3 hydrophone 2 2026-08-11T10:58:00.532
PATH_START red4 hydrophone 3 2026-08-11T10:58:01.396
SNR_VALID red4 hydrophone 3 snr=0 2026-08-11T10:59:01.843
SNR_VALID red4 hydrophone 3 snr=2 2026-08-11T10:59:59.478
SNR_VALID red4 hydrophone 3 snr=4 2026-08-11T11:00:59.998
SNR_VALID red4 hydrophone 3 snr=6 2026-08-11T11:01:57.278
SNR_VALID red4 hydrophone 3 snr=8 2026-08-11T11:02:41.451
SNR_VALID red4 hydrophone 3 snr=10 2026-08-11T11:03:09.811
SNR_VALID red4 hydrophone 3 snr=12 2026-08-11T11:03:38.697
SNR_VALID red4 hydrophone 3 snr=14 2026-08-11T11:04:05.937
SNR_VALID red4 hydrophone 3 snr=16 2026-08-11T11:04:32.551
SNR_VALID red4 hydrophone 3 snr=18 2026-08-11T11:04:57.385
SNR_VALID red4 hydrophone 3 snr=20 2026-08-11T11:05:18.435
SNR_VALID red4 hydrophone 3 snr=22 2026-08-11T11:05:38.973
SNR_VALID red4 hydrophone 3 snr=24 2026-08-11T11:05:56.017
SNR_VALID red4 hydrophone 3 snr=26 2026-08-11T11:06:13.508
SNR_VALID red4 hydrophone 3 snr=28 2026-08-11T11:06:30.648
SNR_VALID red4 hydrophone 3 snr=30 2026-08-11T11:06:48.222
PATH_VALID red4 hydrophone 3 2026-08-11T11:06:49.506
N2048_CRC_NO_HARM_COMPUTE_COMPLETE paths=3 2026-08-11T11:06:50.098
