N2048_CRC_NO_HARM_START paths=3 2026-08-11T10:33:02.995
PATH_START red1 hydrophone 2 2026-08-11T10:33:03.007
SNR_VALID red1 hydrophone 2 snr=0 2026-08-11T10:35:16.578
SNR_VALID red1 hydrophone 2 snr=2 2026-08-11T10:36:15.041
SNR_VALID red1 hydrophone 2 snr=4 2026-08-11T10:37:14.506
SNR_VALID red1 hydrophone 2 snr=6 2026-08-11T10:38:15.725
SNR_VALID red1 hydrophone 2 snr=8 2026-08-11T10:39:15.453
SNR_VALID red1 hydrophone 2 snr=10 2026-08-11T10:40:08.855
SNR_VALID red1 hydrophone 2 snr=12 2026-08-11T10:40:43.639
SNR_VALID red1 hydrophone 2 snr=14 2026-08-11T10:41:11.912
SNR_VALID red1 hydrophone 2 snr=16 2026-08-11T10:41:37.073
SNR_VALID red1 hydrophone 2 snr=18 2026-08-11T10:42:04.576
SNR_VALID red1 hydrophone 2 snr=20 2026-08-11T10:42:29.502
SNR_VALID red1 hydrophone 2 snr=22 2026-08-11T10:42:55.516
SNR_VALID red1 hydrophone 2 snr=24 2026-08-11T10:43:20.630
SNR_VALID red1 hydrophone 2 snr=26 2026-08-11T10:43:48.412
SNR_VALID red1 hydrophone 2 snr=28 2026-08-11T10:44:13.746
SNR_VALID red1 hydrophone 2 snr=30 2026-08-11T10:44:38.337
PATH_VALID red1 hydrophone 2 2026-08-11T10:44:41.964
PATH_START red2 hydrophone 3 2026-08-11T10:44:42.866
SNR_VALID red2 hydrophone 3 snr=0 2026-08-11T10:45:44.115
SNR_VALID red2 hydrophone 3 snr=2 2026-08-11T10:46:40.557
SNR_VALID red2 hydrophone 3 snr=4 2026-08-11T10:47:51.789
SNR_VALID red2 hydrophone 3 snr=6 2026-08-11T10:48:59.123
SNR_VALID red2 hydrophone 3 snr=8 2026-08-11T10:49:59.508
SNR_VALID red2 hydrophone 3 snr=10 2026-08-11T10:50:46.841
SNR_VALID red2 hydrophone 3 snr=12 2026-08-11T10:51:25.356
SNR_VALID red2 hydrophone 3 snr=14 2026-08-11T10:52:00.656
SNR_VALID red2 hydrophone 3 snr=16 2026-08-11T10:52:30.307
SNR_VALID red2 hydrophone 3 snr=18 2026-08-11T10:53:03.298
SNR_VALID red2 hydrophone 3 snr=20 2026-08-11T10:53:36.171
SNR_VALID red2 hydrophone 3 snr=22 2026-08-11T10:54:07.554
SNR_VALID red2 hydrophone 3 snr=24 2026-08-11T10:54:41.673
SNR_VALID red2 hydrophone 3 snr=26 2026-08-11T10:55:13.661
SNR_VALID red2 hydrophone 3 snr=28 2026-08-11T10:55:46.301
SNR_VALID red2 hydrophone 3 snr=30 2026-08-11T10:56:15.715
PATH_VALID red2 hydrophone 3 2026-08-11T10:56:17.721
PATH_START red4 hydrophone 1 2026-08-11T10:56:18.457
SNR_VALID red4 hydrophone 1 snr=0 2026-08-11T10:57:21.673
SNR_VALID red4 hydrophone 1 snr=2 2026-08-11T10:58:20.921
SNR_VALID red4 hydrophone 1 snr=4 2026-08-11T10:59:20.329
SNR_VALID red4 hydrophone 1 snr=6 2026-08-11T11:00:12.397
SNR_VALID red4 hydrophone 1 snr=8 2026-08-11T11:00:51.394
SNR_VALID red4 hydrophone 1 snr=10 2026-08-11T11:01:22.827
SNR_VALID red4 hydrophone 1 snr=12 2026-08-11T11:01:49.906
SNR_VALID red4 hydrophone 1 snr=14 2026-08-11T11:02:15.535
SNR_VALID red4 hydrophone 1 snr=16 2026-08-11T11:02:40.668
SNR_VALID red4 hydrophone 1 snr=18 2026-08-11T11:03:05.531
SNR_VALID red4 hydrophone 1 snr=20 2026-08-11T11:03:33.057
SNR_VALID red4 hydrophone 1 snr=22 2026-08-11T11:03:57.883
SNR_VALID red4 hydrophone 1 snr=24 2026-08-11T11:04:23.710
SNR_VALID red4 hydrophone 1 snr=26 2026-08-11T11:04:49.801
SNR_VALID red4 hydrophone 1 snr=28 2026-08-11T11:05:11.996
SNR_VALID red4 hydrophone 1 snr=30 2026-08-11T11:05:32.891
PATH_VALID red4 hydrophone 1 2026-08-11T11:05:34.562
N2048_CRC_NO_HARM_COMPUTE_COMPLETE paths=3 2026-08-11T11:05:35.194
