N2048_CRC_NO_HARM_START paths=3 2026-08-14T12:09:20.284
PATH_START blue1 hydrophone 1 2026-08-14T12:09:20.298
SNR_VALID blue1 hydrophone 1 snr=0 2026-08-14T12:10:45.542
SNR_VALID blue1 hydrophone 1 snr=2 2026-08-14T12:11:07.571
SNR_VALID blue1 hydrophone 1 snr=4 2026-08-14T12:11:30.131
SNR_VALID blue1 hydrophone 1 snr=6 2026-08-14T12:11:50.774
SNR_VALID blue1 hydrophone 1 snr=8 2026-08-14T12:12:09.625
SNR_VALID blue1 hydrophone 1 snr=10 2026-08-14T12:12:25.960
SNR_VALID blue1 hydrophone 1 snr=12 2026-08-14T12:12:38.475
SNR_VALID blue1 hydrophone 1 snr=14 2026-08-14T12:12:50.448
SNR_VALID blue1 hydrophone 1 snr=16 2026-08-14T12:13:01.200
SNR_VALID blue1 hydrophone 1 snr=18 2026-08-14T12:13:10.827
SNR_VALID blue1 hydrophone 1 snr=20 2026-08-14T12:13:20.216
SNR_VALID blue1 hydrophone 1 snr=22 2026-08-14T12:13:28.466
SNR_VALID blue1 hydrophone 1 snr=24 2026-08-14T12:13:37.661
SNR_VALID blue1 hydrophone 1 snr=26 2026-08-14T12:13:47.650
SNR_VALID blue1 hydrophone 1 snr=28 2026-08-14T12:13:57.511
SNR_VALID blue1 hydrophone 1 snr=30 2026-08-14T12:14:05.507
PATH_VALID blue1 hydrophone 1 2026-08-14T12:14:08.520
PATH_START blue2 hydrophone 2 2026-08-14T12:14:09.224
SNR_VALID blue2 hydrophone 2 snr=0 2026-08-14T12:14:33.762
SNR_VALID blue2 hydrophone 2 snr=2 2026-08-14T12:14:57.534
SNR_VALID blue2 hydrophone 2 snr=4 2026-08-14T12:15:21.834
SNR_VALID blue2 hydrophone 2 snr=6 2026-08-14T12:15:45.248
SNR_VALID blue2 hydrophone 2 snr=8 2026-08-14T12:16:07.570
SNR_VALID blue2 hydrophone 2 snr=10 2026-08-14T12:16:31.269
SNR_VALID blue2 hydrophone 2 snr=12 2026-08-14T12:16:54.349
SNR_VALID blue2 hydrophone 2 snr=14 2026-08-14T12:17:17.018
SNR_VALID blue2 hydrophone 2 snr=16 2026-08-14T12:17:40.198
SNR_VALID blue2 hydrophone 2 snr=18 2026-08-14T12:18:02.799
SNR_VALID blue2 hydrophone 2 snr=20 2026-08-14T12:18:26.684
SNR_VALID blue2 hydrophone 2 snr=22 2026-08-14T12:18:49.365
SNR_VALID blue2 hydrophone 2 snr=24 2026-08-14T12:19:12.090
SNR_VALID blue2 hydrophone 2 snr=26 2026-08-14T12:19:34.183
SNR_VALID blue2 hydrophone 2 snr=28 2026-08-14T12:19:56.468
SNR_VALID blue2 hydrophone 2 snr=30 2026-08-14T12:20:18.864
PATH_VALID blue2 hydrophone 2 2026-08-14T12:20:20.599
PATH_START blue3 hydrophone 3 2026-08-14T12:20:21.429
SNR_VALID blue3 hydrophone 3 snr=0 2026-08-14T12:20:44.660
SNR_VALID blue3 hydrophone 3 snr=2 2026-08-14T12:21:06.909
SNR_VALID blue3 hydrophone 3 snr=4 2026-08-14T12:21:30.374
SNR_VALID blue3 hydrophone 3 snr=6 2026-08-14T12:21:52.840
SNR_VALID blue3 hydrophone 3 snr=8 2026-08-14T12:22:15.573
SNR_VALID blue3 hydrophone 3 snr=10 2026-08-14T12:22:39.020
SNR_VALID blue3 hydrophone 3 snr=12 2026-08-14T12:23:03.823
SNR_VALID blue3 hydrophone 3 snr=14 2026-08-14T12:23:27.630
SNR_VALID blue3 hydrophone 3 snr=16 2026-08-14T12:23:51.259
SNR_VALID blue3 hydrophone 3 snr=18 2026-08-14T12:24:14.011
SNR_VALID blue3 hydrophone 3 snr=20 2026-08-14T12:24:37.996
SNR_VALID blue3 hydrophone 3 snr=22 2026-08-14T12:25:00.748
SNR_VALID blue3 hydrophone 3 snr=24 2026-08-14T12:25:23.729
SNR_VALID blue3 hydrophone 3 snr=26 2026-08-14T12:25:47.840
SNR_VALID blue3 hydrophone 3 snr=28 2026-08-14T12:26:10.140
SNR_VALID blue3 hydrophone 3 snr=30 2026-08-14T12:26:29.648
PATH_VALID blue3 hydrophone 3 2026-08-14T12:26:30.466
N2048_CRC_NO_HARM_COMPUTE_COMPLETE paths=3 2026-08-14T12:26:31.374
N2048_CRC_NO_HARM_START paths=3 2026-08-14T15:28:54.316
PATH_START blue1 hydrophone 1 2026-08-14T15:28:54.341
SNR_VALID blue1 hydrophone 1 snr=0 2026-08-14T15:30:37.393
SNR_VALID blue1 hydrophone 1 snr=2 2026-08-14T15:31:06.445
SNR_VALID blue1 hydrophone 1 snr=4 2026-08-14T15:31:37.457
SNR_VALID blue1 hydrophone 1 snr=6 2026-08-14T15:32:07.725
SNR_VALID blue1 hydrophone 1 snr=8 2026-08-14T15:32:33.804
SNR_VALID blue1 hydrophone 1 snr=10 2026-08-14T15:32:56.598
SNR_VALID blue1 hydrophone 1 snr=12 2026-08-14T15:33:15.865
SNR_VALID blue1 hydrophone 1 snr=14 2026-08-14T15:33:33.362
SNR_VALID blue1 hydrophone 1 snr=16 2026-08-14T15:33:49.571
SNR_VALID blue1 hydrophone 1 snr=18 2026-08-14T15:34:06.333
SNR_VALID blue1 hydrophone 1 snr=20 2026-08-14T15:34:23.122
SNR_VALID blue1 hydrophone 1 snr=22 2026-08-14T15:34:37.530
SNR_VALID blue1 hydrophone 1 snr=24 2026-08-14T15:34:53.161
SNR_VALID blue1 hydrophone 1 snr=26 2026-08-14T15:35:09.321
SNR_VALID blue1 hydrophone 1 snr=28 2026-08-14T15:35:24.695
SNR_VALID blue1 hydrophone 1 snr=30 2026-08-14T15:35:39.514
PATH_VALID blue1 hydrophone 1 2026-08-14T15:35:43.375
PATH_START blue2 hydrophone 2 2026-08-14T15:35:44.029
SNR_VALID blue2 hydrophone 2 snr=0 2026-08-14T15:36:15.382
SNR_VALID blue2 hydrophone 2 snr=2 2026-08-14T15:36:46.341
SNR_VALID blue2 hydrophone 2 snr=4 2026-08-14T15:37:18.287
SNR_VALID blue2 hydrophone 2 snr=6 2026-08-14T15:37:51.117
SNR_VALID blue2 hydrophone 2 snr=8 2026-08-14T15:38:22.831
SNR_VALID blue2 hydrophone 2 snr=10 2026-08-14T15:38:54.407
SNR_VALID blue2 hydrophone 2 snr=12 2026-08-14T15:39:25.425
SNR_VALID blue2 hydrophone 2 snr=14 2026-08-14T15:39:55.652
SNR_VALID blue2 hydrophone 2 snr=16 2026-08-14T15:40:26.883
SNR_VALID blue2 hydrophone 2 snr=18 2026-08-14T15:40:57.245
SNR_VALID blue2 hydrophone 2 snr=20 2026-08-14T15:41:27.008
SNR_VALID blue2 hydrophone 2 snr=22 2026-08-14T15:41:57.898
SNR_VALID blue2 hydrophone 2 snr=24 2026-08-14T15:42:29.084
SNR_VALID blue2 hydrophone 2 snr=26 2026-08-14T15:42:59.937
SNR_VALID blue2 hydrophone 2 snr=28 2026-08-14T15:43:30.386
SNR_VALID blue2 hydrophone 2 snr=30 2026-08-14T15:44:01.630
PATH_VALID blue2 hydrophone 2 2026-08-14T15:44:02.633
PATH_START blue3 hydrophone 3 2026-08-14T15:44:03.284
SNR_VALID blue3 hydrophone 3 snr=0 2026-08-14T15:44:35.290
SNR_VALID blue3 hydrophone 3 snr=2 2026-08-14T15:45:06.602
SNR_VALID blue3 hydrophone 3 snr=4 2026-08-14T15:45:38.715
SNR_VALID blue3 hydrophone 3 snr=6 2026-08-14T15:46:10.179
SNR_VALID blue3 hydrophone 3 snr=8 2026-08-14T15:46:41.867
SNR_VALID blue3 hydrophone 3 snr=10 2026-08-14T15:47:13.024
SNR_VALID blue3 hydrophone 3 snr=12 2026-08-14T15:47:44.357
SNR_VALID blue3 hydrophone 3 snr=14 2026-08-14T15:48:14.592
SNR_VALID blue3 hydrophone 3 snr=16 2026-08-14T15:48:45.185
SNR_VALID blue3 hydrophone 3 snr=18 2026-08-14T15:49:15.920
SNR_VALID blue3 hydrophone 3 snr=20 2026-08-14T15:49:46.204
SNR_VALID blue3 hydrophone 3 snr=22 2026-08-14T15:50:19.453
SNR_VALID blue3 hydrophone 3 snr=24 2026-08-14T15:50:52.636
SNR_VALID blue3 hydrophone 3 snr=26 2026-08-14T15:51:23.900
SNR_VALID blue3 hydrophone 3 snr=28 2026-08-14T15:51:55.045
SNR_VALID blue3 hydrophone 3 snr=30 2026-08-14T15:52:22.795
PATH_VALID blue3 hydrophone 3 2026-08-14T15:52:24.008
N2048_CRC_NO_HARM_COMPUTE_COMPLETE paths=3 2026-08-14T15:52:24.760
