N2048_CRC_NO_HARM_START paths=3 2026-08-14T12:09:20.564
PATH_START blue2 hydrophone 1 2026-08-14T12:09:20.577
SNR_VALID blue2 hydrophone 1 snr=0 2026-08-14T12:10:45.415
SNR_VALID blue2 hydrophone 1 snr=2 2026-08-14T12:11:07.991
SNR_VALID blue2 hydrophone 1 snr=4 2026-08-14T12:11:30.353
SNR_VALID blue2 hydrophone 1 snr=6 2026-08-14T12:11:52.876
SNR_VALID blue2 hydrophone 1 snr=8 2026-08-14T12:12:16.037
SNR_VALID blue2 hydrophone 1 snr=10 2026-08-14T12:12:39.554
SNR_VALID blue2 hydrophone 1 snr=12 2026-08-14T12:13:04.782
SNR_VALID blue2 hydrophone 1 snr=14 2026-08-14T12:13:27.239
SNR_VALID blue2 hydrophone 1 snr=16 2026-08-14T12:13:51.870
SNR_VALID blue2 hydrophone 1 snr=18 2026-08-14T12:14:17.136
SNR_VALID blue2 hydrophone 1 snr=20 2026-08-14T12:14:40.396
SNR_VALID blue2 hydrophone 1 snr=22 2026-08-14T12:15:03.900
SNR_VALID blue2 hydrophone 1 snr=24 2026-08-14T12:15:27.210
SNR_VALID blue2 hydrophone 1 snr=26 2026-08-14T12:15:50.288
SNR_VALID blue2 hydrophone 1 snr=28 2026-08-14T12:16:12.428
SNR_VALID blue2 hydrophone 1 snr=30 2026-08-14T12:16:35.608
PATH_VALID blue2 hydrophone 1 2026-08-14T12:16:39.711
PATH_START blue3 hydrophone 2 2026-08-14T12:16:40.296
SNR_VALID blue3 hydrophone 2 snr=0 2026-08-14T12:17:04.356
SNR_VALID blue3 hydrophone 2 snr=2 2026-08-14T12:17:27.538
SNR_VALID blue3 hydrophone 2 snr=4 2026-08-14T12:17:50.299
SNR_VALID blue3 hydrophone 2 snr=6 2026-08-14T12:18:12.826
SNR_VALID blue3 hydrophone 2 snr=8 2026-08-14T12:18:36.734
SNR_VALID blue3 hydrophone 2 snr=10 2026-08-14T12:18:59.301
SNR_VALID blue3 hydrophone 2 snr=12 2026-08-14T12:19:21.718
SNR_VALID blue3 hydrophone 2 snr=14 2026-08-14T12:19:45.226
SNR_VALID blue3 hydrophone 2 snr=16 2026-08-14T12:20:07.476
SNR_VALID blue3 hydrophone 2 snr=18 2026-08-14T12:20:30.691
SNR_VALID blue3 hydrophone 2 snr=20 2026-08-14T12:20:53.022
SNR_VALID blue3 hydrophone 2 snr=22 2026-08-14T12:21:15.376
SNR_VALID blue3 hydrophone 2 snr=24 2026-08-14T12:21:37.858
SNR_VALID blue3 hydrophone 2 snr=26 2026-08-14T12:22:00.342
SNR_VALID blue3 hydrophone 2 snr=28 2026-08-14T12:22:22.658
SNR_VALID blue3 hydrophone 2 snr=30 2026-08-14T12:22:48.108
PATH_VALID blue3 hydrophone 2 2026-08-14T12:22:49.532
PATH_START blue4 hydrophone 3 2026-08-14T12:22:50.192
SNR_VALID blue4 hydrophone 3 snr=0 2026-08-14T12:23:15.337
SNR_VALID blue4 hydrophone 3 snr=2 2026-08-14T12:23:38.122
SNR_VALID blue4 hydrophone 3 snr=4 2026-08-14T12:24:00.509
SNR_VALID blue4 hydrophone 3 snr=6 2026-08-14T12:24:23.796
SNR_VALID blue4 hydrophone 3 snr=8 2026-08-14T12:24:47.387
SNR_VALID blue4 hydrophone 3 snr=10 2026-08-14T12:25:10.290
SNR_VALID blue4 hydrophone 3 snr=12 2026-08-14T12:25:32.777
SNR_VALID blue4 hydrophone 3 snr=14 2026-08-14T12:25:57.304
SNR_VALID blue4 hydrophone 3 snr=16 2026-08-14T12:26:20.374
SNR_VALID blue4 hydrophone 3 snr=18 2026-08-14T12:26:37.103
SNR_VALID blue4 hydrophone 3 snr=20 2026-08-14T12:26:51.141
SNR_VALID blue4 hydrophone 3 snr=22 2026-08-14T12:27:04.736
SNR_VALID blue4 hydrophone 3 snr=24 2026-08-14T12:27:20.383
SNR_VALID blue4 hydrophone 3 snr=26 2026-08-14T12:27:33.036
SNR_VALID blue4 hydrophone 3 snr=28 2026-08-14T12:27:45.765
SNR_VALID blue4 hydrophone 3 snr=30 2026-08-14T12:27:59.585
PATH_VALID blue4 hydrophone 3 2026-08-14T12:28:00.107
N2048_CRC_NO_HARM_COMPUTE_COMPLETE paths=3 2026-08-14T12:28:00.437
