N2048_CRC_NO_HARM_START paths=3 2026-08-14T15:28:55.337
PATH_START blue1 hydrophone 3 2026-08-14T15:28:55.377
SNR_VALID blue1 hydrophone 3 snr=0 2026-08-14T15:30:37.661
SNR_VALID blue1 hydrophone 3 snr=2 2026-08-14T15:31:08.350
SNR_VALID blue1 hydrophone 3 snr=4 2026-08-14T15:31:38.430
SNR_VALID blue1 hydrophone 3 snr=6 2026-08-14T15:32:09.012
SNR_VALID blue1 hydrophone 3 snr=8 2026-08-14T15:32:30.772
SNR_VALID blue1 hydrophone 3 snr=10 2026-08-14T15:32:49.126
SNR_VALID blue1 hydrophone 3 snr=12 2026-08-14T15:33:05.557
SNR_VALID blue1 hydrophone 3 snr=14 2026-08-14T15:33:19.816
SNR_VALID blue1 hydrophone 3 snr=16 2026-08-14T15:33:34.443
SNR_VALID blue1 hydrophone 3 snr=18 2026-08-14T15:33:48.894
SNR_VALID blue1 hydrophone 3 snr=20 2026-08-14T15:34:02.572
SNR_VALID blue1 hydrophone 3 snr=22 2026-08-14T15:34:16.784
SNR_VALID blue1 hydrophone 3 snr=24 2026-08-14T15:34:31.590
SNR_VALID blue1 hydrophone 3 snr=26 2026-08-14T15:34:45.742
SNR_VALID blue1 hydrophone 3 snr=28 2026-08-14T15:35:01.036
SNR_VALID blue1 hydrophone 3 snr=30 2026-08-14T15:35:15.001
PATH_VALID blue1 hydrophone 3 2026-08-14T15:35:19.227
PATH_START blue3 hydrophone 1 2026-08-14T15:35:19.840
SNR_VALID blue3 hydrophone 1 snr=0 2026-08-14T15:35:54.375
SNR_VALID blue3 hydrophone 1 snr=2 2026-08-14T15:36:26.030
SNR_VALID blue3 hydrophone 1 snr=4 2026-08-14T15:36:57.813
SNR_VALID blue3 hydrophone 1 snr=6 2026-08-14T15:37:29.449
SNR_VALID blue3 hydrophone 1 snr=8 2026-08-14T15:38:01.582
SNR_VALID blue3 hydrophone 1 snr=10 2026-08-14T15:38:33.768
SNR_VALID blue3 hydrophone 1 snr=12 2026-08-14T15:39:04.130
SNR_VALID blue3 hydrophone 1 snr=14 2026-08-14T15:39:35.139
SNR_VALID blue3 hydrophone 1 snr=16 2026-08-14T15:40:04.609
SNR_VALID blue3 hydrophone 1 snr=18 2026-08-14T15:40:36.090
SNR_VALID blue3 hydrophone 1 snr=20 2026-08-14T15:41:05.694
SNR_VALID blue3 hydrophone 1 snr=22 2026-08-14T15:41:36.418
SNR_VALID blue3 hydrophone 1 snr=24 2026-08-14T15:42:07.314
SNR_VALID blue3 hydrophone 1 snr=26 2026-08-14T15:42:38.805
SNR_VALID blue3 hydrophone 1 snr=28 2026-08-14T15:43:09.785
SNR_VALID blue3 hydrophone 1 snr=30 2026-08-14T15:43:40.541
PATH_VALID blue3 hydrophone 1 2026-08-14T15:43:41.626
PATH_START blue4 hydrophone 2 2026-08-14T15:43:42.633
SNR_VALID blue4 hydrophone 2 snr=0 2026-08-14T15:44:15.778
SNR_VALID blue4 hydrophone 2 snr=2 2026-08-14T15:44:47.044
SNR_VALID blue4 hydrophone 2 snr=4 2026-08-14T15:45:19.718
SNR_VALID blue4 hydrophone 2 snr=6 2026-08-14T15:45:50.407
SNR_VALID blue4 hydrophone 2 snr=8 2026-08-14T15:46:23.493
SNR_VALID blue4 hydrophone 2 snr=10 2026-08-14T15:46:55.073
SNR_VALID blue4 hydrophone 2 snr=12 2026-08-14T15:47:25.493
SNR_VALID blue4 hydrophone 2 snr=14 2026-08-14T15:47:56.900
SNR_VALID blue4 hydrophone 2 snr=16 2026-08-14T15:48:27.613
SNR_VALID blue4 hydrophone 2 snr=18 2026-08-14T15:48:58.892
SNR_VALID blue4 hydrophone 2 snr=20 2026-08-14T15:49:29.230
SNR_VALID blue4 hydrophone 2 snr=22 2026-08-14T15:49:59.911
SNR_VALID blue4 hydrophone 2 snr=24 2026-08-14T15:50:35.686
SNR_VALID blue4 hydrophone 2 snr=26 2026-08-14T15:51:06.498
SNR_VALID blue4 hydrophone 2 snr=28 2026-08-14T15:51:37.594
SNR_VALID blue4 hydrophone 2 snr=30 2026-08-14T15:52:08.654
PATH_VALID blue4 hydrophone 2 2026-08-14T15:52:09.595
N2048_CRC_NO_HARM_COMPUTE_COMPLETE paths=3 2026-08-14T15:52:10.198
