N1536_CRC_NO_HARM_START paths=1 2026-08-12T10:17:39.156
PATH_START red3 hydrophone 3 2026-08-12T10:17:39.159
SNR_VALID red3 hydrophone 3 snr=0 2026-08-12T10:20:11.556
SNR_VALID red3 hydrophone 3 snr=2 2026-08-12T10:21:43.669
SNR_VALID red3 hydrophone 3 snr=4 2026-08-12T10:23:17.759
SNR_VALID red3 hydrophone 3 snr=6 2026-08-12T10:24:47.548
SNR_VALID red3 hydrophone 3 snr=8 2026-08-12T10:26:02.784
SNR_VALID red3 hydrophone 3 snr=10 2026-08-12T10:26:55.920
SNR_VALID red3 hydrophone 3 snr=12 2026-08-12T10:27:43.828
SNR_VALID red3 hydrophone 3 snr=14 2026-08-12T10:28:26.293
SNR_VALID red3 hydrophone 3 snr=16 2026-08-12T10:29:03.536
SNR_VALID red3 hydrophone 3 snr=18 2026-08-12T10:29:39.198
SNR_VALID red3 hydrophone 3 snr=20 2026-08-12T10:30:13.042
SNR_VALID red3 hydrophone 3 snr=22 2026-08-12T10:30:48.389
SNR_VALID red3 hydrophone 3 snr=24 2026-08-12T10:31:26.298
SNR_VALID red3 hydrophone 3 snr=26 2026-08-12T10:32:07.729
SNR_VALID red3 hydrophone 3 snr=28 2026-08-12T10:32:47.938
SNR_VALID red3 hydrophone 3 snr=30 2026-08-12T10:33:25.201
PATH_VALID red3 hydrophone 3 2026-08-12T10:33:27.849
N1536_CRC_NO_HARM_COMPUTE_COMPLETE paths=1 2026-08-12T10:33:28.244
