N1536_CRC_NO_HARM_START paths=3 2026-08-11T21:35:34.432
PATH_START red1 hydrophone 3 2026-08-11T21:35:34.439
SNR_VALID red1 hydrophone 3 snr=0 2026-08-11T21:39:21.604
SNR_VALID red1 hydrophone 3 snr=2 2026-08-11T21:42:12.938
SNR_VALID red1 hydrophone 3 snr=4 2026-08-11T21:44:45.011
SNR_VALID red1 hydrophone 3 snr=6 2026-08-11T21:47:11.441
SNR_VALID red1 hydrophone 3 snr=8 2026-08-11T21:48:43.863
SNR_VALID red1 hydrophone 3 snr=10 2026-08-11T21:49:42.224
SNR_VALID red1 hydrophone 3 snr=12 2026-08-11T21:50:39.460
SNR_VALID red1 hydrophone 3 snr=14 2026-08-11T21:51:30.590
SNR_VALID red1 hydrophone 3 snr=16 2026-08-11T21:52:22.953
SNR_VALID red1 hydrophone 3 snr=18 2026-08-11T21:53:17.419
SNR_VALID red1 hydrophone 3 snr=20 2026-08-11T21:54:06.904
SNR_VALID red1 hydrophone 3 snr=22 2026-08-11T21:54:56.602
SNR_VALID red1 hydrophone 3 snr=24 2026-08-11T21:55:46.273
SNR_VALID red1 hydrophone 3 snr=26 2026-08-11T21:56:35.674
SNR_VALID red1 hydrophone 3 snr=28 2026-08-11T21:57:26.248
SNR_VALID red1 hydrophone 3 snr=30 2026-08-11T21:58:20.536
PATH_VALID red1 hydrophone 3 2026-08-11T21:58:24.256
PATH_START red3 hydrophone 1 2026-08-11T21:58:24.768
SNR_VALID red3 hydrophone 1 snr=0 2026-08-11T22:01:00.873
SNR_VALID red3 hydrophone 1 snr=2 2026-08-11T22:03:44.931
SNR_VALID red3 hydrophone 1 snr=4 2026-08-11T22:06:24.501
SNR_VALID red3 hydrophone 1 snr=6 2026-08-11T22:09:03.937
SNR_VALID red3 hydrophone 1 snr=8 2026-08-11T22:11:28.269
SNR_VALID red3 hydrophone 1 snr=10 2026-08-11T22:13:20.696
SNR_VALID red3 hydrophone 1 snr=12 2026-08-11T22:14:54.681
SNR_VALID red3 hydrophone 1 snr=14 2026-08-11T22:15:58.429
SNR_VALID red3 hydrophone 1 snr=16 2026-08-11T22:17:02.912
SNR_VALID red3 hydrophone 1 snr=18 2026-08-11T22:18:03.194
SNR_VALID red3 hydrophone 1 snr=20 2026-08-11T22:19:00.300
SNR_VALID red3 hydrophone 1 snr=22 2026-08-11T22:20:00.156
SNR_VALID red3 hydrophone 1 snr=24 2026-08-11T22:20:56.545
SNR_VALID red3 hydrophone 1 snr=26 2026-08-11T22:21:51.513
SNR_VALID red3 hydrophone 1 snr=28 2026-08-11T22:22:48.051
SNR_VALID red3 hydrophone 1 snr=30 2026-08-11T22:23:43.879
PATH_VALID red3 hydrophone 1 2026-08-11T22:23:45.449
PATH_START red4 hydrophone 2 2026-08-11T22:23:46.138
SNR_VALID red4 hydrophone 2 snr=0 2026-08-11T22:26:26.617
SNR_VALID red4 hydrophone 2 snr=2 2026-08-11T22:28:51.630
SNR_VALID red4 hydrophone 2 snr=4 2026-08-11T22:31:23.206
SNR_VALID red4 hydrophone 2 snr=6 2026-08-11T22:33:33.062
SNR_VALID red4 hydrophone 2 snr=8 2026-08-11T22:35:08.426
SNR_VALID red4 hydrophone 2 snr=10 2026-08-11T22:36:21.897
SNR_VALID red4 hydrophone 2 snr=12 2026-08-11T22:37:16.349
SNR_VALID red4 hydrophone 2 snr=14 2026-08-11T22:38:03.057
SNR_VALID red4 hydrophone 2 snr=16 2026-08-11T22:38:51.766
SNR_VALID red4 hydrophone 2 snr=18 2026-08-11T22:39:36.363
SNR_VALID red4 hydrophone 2 snr=20 2026-08-11T22:40:25.344
SNR_VALID red4 hydrophone 2 snr=22 2026-08-11T22:41:16.568
SNR_VALID red4 hydrophone 2 snr=24 2026-08-11T22:42:04.116
SNR_VALID red4 hydrophone 2 snr=26 2026-08-11T22:42:48.516
SNR_VALID red4 hydrophone 2 snr=28 2026-08-11T22:43:32.479
SNR_VALID red4 hydrophone 2 snr=30 2026-08-11T22:44:17.486
PATH_VALID red4 hydrophone 2 2026-08-11T22:44:18.785
N1536_CRC_NO_HARM_COMPUTE_COMPLETE paths=3 2026-08-11T22:44:19.481
