N1536_CRC_NO_HARM_START paths=3 2026-08-11T21:35:34.280
PATH_START red1 hydrophone 2 2026-08-11T21:35:34.298
SNR_VALID red1 hydrophone 2 snr=0 2026-08-11T21:39:21.882
SNR_VALID red1 hydrophone 2 snr=2 2026-08-11T21:42:14.362
SNR_VALID red1 hydrophone 2 snr=4 2026-08-11T21:44:51.500
SNR_VALID red1 hydrophone 2 snr=6 2026-08-11T21:47:23.548
SNR_VALID red1 hydrophone 2 snr=8 2026-08-11T21:49:30.933
SNR_VALID red1 hydrophone 2 snr=10 2026-08-11T21:51:00.916
SNR_VALID red1 hydrophone 2 snr=12 2026-08-11T21:52:16.754
SNR_VALID red1 hydrophone 2 snr=14 2026-08-11T21:53:16.437
SNR_VALID red1 hydrophone 2 snr=16 2026-08-11T21:54:10.842
SNR_VALID red1 hydrophone 2 snr=18 2026-08-11T21:55:03.892
SNR_VALID red1 hydrophone 2 snr=20 2026-08-11T21:55:57.433
SNR_VALID red1 hydrophone 2 snr=22 2026-08-11T21:56:50.612
SNR_VALID red1 hydrophone 2 snr=24 2026-08-11T21:57:46.949
SNR_VALID red1 hydrophone 2 snr=26 2026-08-11T21:58:39.771
SNR_VALID red1 hydrophone 2 snr=28 2026-08-11T21:59:31.793
SNR_VALID red1 hydrophone 2 snr=30 2026-08-11T22:00:23.972
PATH_VALID red1 hydrophone 2 2026-08-11T22:00:28.024
PATH_START red2 hydrophone 3 2026-08-11T22:00:28.571
SNR_VALID red2 hydrophone 3 snr=0 2026-08-11T22:03:13.590
SNR_VALID red2 hydrophone 3 snr=2 2026-08-11T22:05:51.804
SNR_VALID red2 hydrophone 3 snr=4 2026-08-11T22:08:33.283
SNR_VALID red2 hydrophone 3 snr=6 2026-08-11T22:11:06.405
SNR_VALID red2 hydrophone 3 snr=8 2026-08-11T22:13:23.364
SNR_VALID red2 hydrophone 3 snr=10 2026-08-11T22:15:35.463
SNR_VALID red2 hydrophone 3 snr=12 2026-08-11T22:17:02.746
SNR_VALID red2 hydrophone 3 snr=14 2026-08-11T22:18:07.243
SNR_VALID red2 hydrophone 3 snr=16 2026-08-11T22:19:06.732
SNR_VALID red2 hydrophone 3 snr=18 2026-08-11T22:20:04.736
SNR_VALID red2 hydrophone 3 snr=20 2026-08-11T22:20:59.332
SNR_VALID red2 hydrophone 3 snr=22 2026-08-11T22:21:52.898
SNR_VALID red2 hydrophone 3 snr=24 2026-08-11T22:22:46.632
SNR_VALID red2 hydrophone 3 snr=26 2026-08-11T22:23:42.891
SNR_VALID red2 hydrophone 3 snr=28 2026-08-11T22:24:38.659
SNR_VALID red2 hydrophone 3 snr=30 2026-08-11T22:25:40.747
PATH_VALID red2 hydrophone 3 2026-08-11T22:25:43.516
PATH_START red4 hydrophone 1 2026-08-11T22:25:44.168
SNR_VALID red4 hydrophone 1 snr=0 2026-08-11T22:28:12.112
SNR_VALID red4 hydrophone 1 snr=2 2026-08-11T22:30:40.674
SNR_VALID red4 hydrophone 1 snr=4 2026-08-11T22:33:10.707
SNR_VALID red4 hydrophone 1 snr=6 2026-08-11T22:35:15.449
SNR_VALID red4 hydrophone 1 snr=8 2026-08-11T22:36:37.878
SNR_VALID red4 hydrophone 1 snr=10 2026-08-11T22:37:37.775
SNR_VALID red4 hydrophone 1 snr=12 2026-08-11T22:38:31.148
SNR_VALID red4 hydrophone 1 snr=14 2026-08-11T22:39:19.851
SNR_VALID red4 hydrophone 1 snr=16 2026-08-11T22:40:07.421
SNR_VALID red4 hydrophone 1 snr=18 2026-08-11T22:41:00.440
SNR_VALID red4 hydrophone 1 snr=20 2026-08-11T22:41:49.670
SNR_VALID red4 hydrophone 1 snr=22 2026-08-11T22:42:34.091
SNR_VALID red4 hydrophone 1 snr=24 2026-08-11T22:43:17.399
SNR_VALID red4 hydrophone 1 snr=26 2026-08-11T22:44:02.636
SNR_VALID red4 hydrophone 1 snr=28 2026-08-11T22:44:43.871
SNR_VALID red4 hydrophone 1 snr=30 2026-08-11T22:45:27.164
PATH_VALID red4 hydrophone 1 2026-08-11T22:45:28.189
N1536_CRC_NO_HARM_COMPUTE_COMPLETE paths=3 2026-08-11T22:45:28.756
