N1536_CRC_NO_HARM_START paths=3 2026-08-11T21:35:35.060
PATH_START red2 hydrophone 1 2026-08-11T21:35:35.070
SNR_VALID red2 hydrophone 1 snr=0 2026-08-11T21:39:22.746
SNR_VALID red2 hydrophone 1 snr=2 2026-08-11T21:42:14.842
SNR_VALID red2 hydrophone 1 snr=4 2026-08-11T21:44:53.486
SNR_VALID red2 hydrophone 1 snr=6 2026-08-11T21:47:36.849
SNR_VALID red2 hydrophone 1 snr=8 2026-08-11T21:50:06.278
SNR_VALID red2 hydrophone 1 snr=10 2026-08-11T21:52:30.965
SNR_VALID red2 hydrophone 1 snr=12 2026-08-11T21:54:29.153
SNR_VALID red2 hydrophone 1 snr=14 2026-08-11T21:56:07.520
SNR_VALID red2 hydrophone 1 snr=16 2026-08-11T21:57:44.257
SNR_VALID red2 hydrophone 1 snr=18 2026-08-11T21:59:07.186
SNR_VALID red2 hydrophone 1 snr=20 2026-08-11T22:00:23.925
SNR_VALID red2 hydrophone 1 snr=22 2026-08-11T22:01:48.724
SNR_VALID red2 hydrophone 1 snr=24 2026-08-11T22:03:01.977
SNR_VALID red2 hydrophone 1 snr=26 2026-08-11T22:04:13.938
SNR_VALID red2 hydrophone 1 snr=28 2026-08-11T22:05:24.819
SNR_VALID red2 hydrophone 1 snr=30 2026-08-11T22:06:36.604
PATH_VALID red2 hydrophone 1 2026-08-11T22:06:41.117
PATH_START red3 hydrophone 2 2026-08-11T22:06:41.836
SNR_VALID red3 hydrophone 2 snr=0 2026-08-11T22:09:26.781
SNR_VALID red3 hydrophone 2 snr=2 2026-08-11T22:12:04.783
SNR_VALID red3 hydrophone 2 snr=4 2026-08-11T22:14:49.513
SNR_VALID red3 hydrophone 2 snr=6 2026-08-11T22:17:21.860
SNR_VALID red3 hydrophone 2 snr=8 2026-08-11T22:19:31.142
SNR_VALID red3 hydrophone 2 snr=10 2026-08-11T22:20:56.698
SNR_VALID red3 hydrophone 2 snr=12 2026-08-11T22:22:01.723
SNR_VALID red3 hydrophone 2 snr=14 2026-08-11T22:23:00.419
SNR_VALID red3 hydrophone 2 snr=16 2026-08-11T22:23:57.409
SNR_VALID red3 hydrophone 2 snr=18 2026-08-11T22:24:50.855
SNR_VALID red3 hydrophone 2 snr=20 2026-08-11T22:25:50.693
SNR_VALID red3 hydrophone 2 snr=22 2026-08-11T22:26:39.801
SNR_VALID red3 hydrophone 2 snr=24 2026-08-11T22:27:31.855
SNR_VALID red3 hydrophone 2 snr=26 2026-08-11T22:28:18.011
SNR_VALID red3 hydrophone 2 snr=28 2026-08-11T22:29:07.627
SNR_VALID red3 hydrophone 2 snr=30 2026-08-11T22:29:55.324
PATH_VALID red3 hydrophone 2 2026-08-11T22:29:56.590
PATH_START red4 hydrophone 3 2026-08-11T22:29:57.197
SNR_VALID red4 hydrophone 3 snr=0 2026-08-11T22:32:32.224
SNR_VALID red4 hydrophone 3 snr=2 2026-08-11T22:34:56.981
SNR_VALID red4 hydrophone 3 snr=4 2026-08-11T22:37:25.130
SNR_VALID red4 hydrophone 3 snr=6 2026-08-11T22:39:43.424
SNR_VALID red4 hydrophone 3 snr=8 2026-08-11T22:41:22.590
SNR_VALID red4 hydrophone 3 snr=10 2026-08-11T22:42:32.688
SNR_VALID red4 hydrophone 3 snr=12 2026-08-11T22:43:26.583
SNR_VALID red4 hydrophone 3 snr=14 2026-08-11T22:44:17.448
SNR_VALID red4 hydrophone 3 snr=16 2026-08-11T22:45:04.009
SNR_VALID red4 hydrophone 3 snr=18 2026-08-11T22:45:44.791
SNR_VALID red4 hydrophone 3 snr=20 2026-08-11T22:46:17.923
SNR_VALID red4 hydrophone 3 snr=22 2026-08-11T22:46:51.410
SNR_VALID red4 hydrophone 3 snr=24 2026-08-11T22:47:29.104
SNR_VALID red4 hydrophone 3 snr=26 2026-08-11T22:48:06.002
SNR_VALID red4 hydrophone 3 snr=28 2026-08-11T22:48:40.139
SNR_VALID red4 hydrophone 3 snr=30 2026-08-11T22:49:13.992
PATH_VALID red4 hydrophone 3 2026-08-11T22:49:15.028
N1536_CRC_NO_HARM_COMPUTE_COMPLETE paths=3 2026-08-11T22:49:15.580
