N2048_CRC_NO_HARM_START paths=3 2026-08-14T12:30:37.135
PATH_START blue2 hydrophone 1 2026-08-14T12:30:37.149
SNR_VALID blue2 hydrophone 1 snr=0 2026-08-14T12:32:02.243
SNR_VALID blue2 hydrophone 1 snr=2 2026-08-14T12:32:24.217
SNR_VALID blue2 hydrophone 1 snr=4 2026-08-14T12:32:45.160
SNR_VALID blue2 hydrophone 1 snr=6 2026-08-14T12:33:08.317
SNR_VALID blue2 hydrophone 1 snr=8 2026-08-14T12:33:31.383
SNR_VALID blue2 hydrophone 1 snr=10 2026-08-14T12:33:54.315
SNR_VALID blue2 hydrophone 1 snr=12 2026-08-14T12:34:17.639
SNR_VALID blue2 hydrophone 1 snr=14 2026-08-14T12:34:40.438
SNR_VALID blue2 hydrophone 1 snr=16 2026-08-14T12:35:06.008
SNR_VALID blue2 hydrophone 1 snr=18 2026-08-14T12:35:29.834
SNR_VALID blue2 hydrophone 1 snr=20 2026-08-14T12:35:52.379
SNR_VALID blue2 hydrophone 1 snr=22 2026-08-14T12:36:14.388
SNR_VALID blue2 hydrophone 1 snr=24 2026-08-14T12:36:35.864
SNR_VALID blue2 hydrophone 1 snr=26 2026-08-14T12:36:58.100
SNR_VALID blue2 hydrophone 1 snr=28 2026-08-14T12:37:18.824
SNR_VALID blue2 hydrophone 1 snr=30 2026-08-14T12:37:41.254
PATH_VALID blue2 hydrophone 1 2026-08-14T12:37:45.214
PATH_START blue3 hydrophone 2 2026-08-14T12:37:46.076
SNR_VALID blue3 hydrophone 2 snr=0 2026-08-14T12:38:08.934
SNR_VALID blue3 hydrophone 2 snr=2 2026-08-14T12:38:32.001
SNR_VALID blue3 hydrophone 2 snr=4 2026-08-14T12:38:54.391
SNR_VALID blue3 hydrophone 2 snr=6 2026-08-14T12:39:15.843
SNR_VALID blue3 hydrophone 2 snr=8 2026-08-14T12:39:37.968
SNR_VALID blue3 hydrophone 2 snr=10 2026-08-14T12:40:00.715
SNR_VALID blue3 hydrophone 2 snr=12 2026-08-14T12:40:24.465
SNR_VALID blue3 hydrophone 2 snr=14 2026-08-14T12:40:49.708
SNR_VALID blue3 hydrophone 2 snr=16 2026-08-14T12:41:13.136
SNR_VALID blue3 hydrophone 2 snr=18 2026-08-14T12:41:34.023
SNR_VALID blue3 hydrophone 2 snr=20 2026-08-14T12:41:55.101
SNR_VALID blue3 hydrophone 2 snr=22 2026-08-14T12:42:16.549
SNR_VALID blue3 hydrophone 2 snr=24 2026-08-14T12:42:39.290
SNR_VALID blue3 hydrophone 2 snr=26 2026-08-14T12:43:01.668
SNR_VALID blue3 hydrophone 2 snr=28 2026-08-14T12:43:23.394
SNR_VALID blue3 hydrophone 2 snr=30 2026-08-14T12:43:45.029
PATH_VALID blue3 hydrophone 2 2026-08-14T12:43:45.878
PATH_START blue4 hydrophone 3 2026-08-14T12:43:46.444
SNR_VALID blue4 hydrophone 3 snr=0 2026-08-14T12:44:09.646
SNR_VALID blue4 hydrophone 3 snr=2 2026-08-14T12:44:32.271
SNR_VALID blue4 hydrophone 3 snr=4 2026-08-14T12:44:56.274
SNR_VALID blue4 hydrophone 3 snr=6 2026-08-14T12:45:18.911
SNR_VALID blue4 hydrophone 3 snr=8 2026-08-14T12:45:40.381
SNR_VALID blue4 hydrophone 3 snr=10 2026-08-14T12:46:02.056
SNR_VALID blue4 hydrophone 3 snr=12 2026-08-14T12:46:23.963
SNR_VALID blue4 hydrophone 3 snr=14 2026-08-14T12:46:46.711
SNR_VALID blue4 hydrophone 3 snr=16 2026-08-14T12:47:05.978
SNR_VALID blue4 hydrophone 3 snr=18 2026-08-14T12:47:18.973
SNR_VALID blue4 hydrophone 3 snr=20 2026-08-14T12:47:31.438
SNR_VALID blue4 hydrophone 3 snr=22 2026-08-14T12:47:43.667
SNR_VALID blue4 hydrophone 3 snr=24 2026-08-14T12:47:56.337
SNR_VALID blue4 hydrophone 3 snr=26 2026-08-14T12:48:08.606
SNR_VALID blue4 hydrophone 3 snr=28 2026-08-14T12:48:20.984
SNR_VALID blue4 hydrophone 3 snr=30 2026-08-14T12:48:33.336
PATH_VALID blue4 hydrophone 3 2026-08-14T12:48:33.838
N2048_CRC_NO_HARM_COMPUTE_COMPLETE paths=3 2026-08-14T12:48:34.251
N2048_CRC_NO_HARM_START paths=3 2026-08-14T15:56:28.647
PATH_START blue2 hydrophone 1 2026-08-14T15:56:28.676
SNR_VALID blue2 hydrophone 1 snr=0 2026-08-14T15:58:07.622
SNR_VALID blue2 hydrophone 1 snr=2 2026-08-14T15:58:39.902
SNR_VALID blue2 hydrophone 1 snr=4 2026-08-14T15:59:09.951
SNR_VALID blue2 hydrophone 1 snr=6 2026-08-14T15:59:40.265
SNR_VALID blue2 hydrophone 1 snr=8 2026-08-14T16:00:09.893
SNR_VALID blue2 hydrophone 1 snr=10 2026-08-14T16:00:42.932
SNR_VALID blue2 hydrophone 1 snr=12 2026-08-14T16:01:15.206
SNR_VALID blue2 hydrophone 1 snr=14 2026-08-14T16:01:45.600
SNR_VALID blue2 hydrophone 1 snr=16 2026-08-14T16:02:16.536
SNR_VALID blue2 hydrophone 1 snr=18 2026-08-14T16:02:48.334
SNR_VALID blue2 hydrophone 1 snr=20 2026-08-14T16:03:18.713
SNR_VALID blue2 hydrophone 1 snr=22 2026-08-14T16:03:48.354
SNR_VALID blue2 hydrophone 1 snr=24 2026-08-14T16:04:17.457
SNR_VALID blue2 hydrophone 1 snr=26 2026-08-14T16:04:47.917
SNR_VALID blue2 hydrophone 1 snr=28 2026-08-14T16:05:20.402
SNR_VALID blue2 hydrophone 1 snr=30 2026-08-14T16:05:50.402
PATH_VALID blue2 hydrophone 1 2026-08-14T16:05:55.148
PATH_START blue3 hydrophone 2 2026-08-14T16:05:55.770
SNR_VALID blue3 hydrophone 2 snr=0 2026-08-14T16:06:27.499
SNR_VALID blue3 hydrophone 2 snr=2 2026-08-14T16:06:59.678
SNR_VALID blue3 hydrophone 2 snr=4 2026-08-14T16:07:32.156
SNR_VALID blue3 hydrophone 2 snr=6 2026-08-14T16:08:03.750
SNR_VALID blue3 hydrophone 2 snr=8 2026-08-14T16:08:34.625
SNR_VALID blue3 hydrophone 2 snr=10 2026-08-14T16:09:06.506
SNR_VALID blue3 hydrophone 2 snr=12 2026-08-14T16:09:39.717
SNR_VALID blue3 hydrophone 2 snr=14 2026-08-14T16:10:12.252
SNR_VALID blue3 hydrophone 2 snr=16 2026-08-14T16:10:43.640
SNR_VALID blue3 hydrophone 2 snr=18 2026-08-14T16:11:16.669
SNR_VALID blue3 hydrophone 2 snr=20 2026-08-14T16:11:51.059
SNR_VALID blue3 hydrophone 2 snr=22 2026-08-14T16:12:27.982
SNR_VALID blue3 hydrophone 2 snr=24 2026-08-14T16:13:04.506
SNR_VALID blue3 hydrophone 2 snr=26 2026-08-14T16:13:46.492
N2048_CRC_NO_HARM_START paths=3 2026-08-15T00:13:59.118
SKIP_VALID blue2 hydrophone 1 2026-08-15T00:13:59.247
PATH_START blue3 hydrophone 2 2026-08-15T00:13:59.265
SNR_VALID blue3 hydrophone 2 snr=0 2026-08-15T00:15:55.854
SNR_VALID blue3 hydrophone 2 snr=2 2026-08-15T00:16:28.816
SNR_VALID blue3 hydrophone 2 snr=4 2026-08-15T00:16:59.936
SNR_VALID blue3 hydrophone 2 snr=6 2026-08-15T00:17:29.912
SNR_VALID blue3 hydrophone 2 snr=8 2026-08-15T00:18:00.185
SNR_VALID blue3 hydrophone 2 snr=10 2026-08-15T00:18:30.222
SNR_VALID blue3 hydrophone 2 snr=12 2026-08-15T00:19:01.807
SNR_VALID blue3 hydrophone 2 snr=14 2026-08-15T00:19:32.413
SNR_VALID blue3 hydrophone 2 snr=16 2026-08-15T00:20:02.820
SNR_VALID blue3 hydrophone 2 snr=18 2026-08-15T00:20:33.531
SNR_VALID blue3 hydrophone 2 snr=20 2026-08-15T00:21:04.888
SNR_VALID blue3 hydrophone 2 snr=22 2026-08-15T00:21:39.800
SNR_VALID blue3 hydrophone 2 snr=24 2026-08-15T00:22:09.793
SNR_VALID blue3 hydrophone 2 snr=26 2026-08-15T00:22:39.264
SNR_VALID blue3 hydrophone 2 snr=28 2026-08-15T00:23:09.800
SNR_VALID blue3 hydrophone 2 snr=30 2026-08-15T00:23:39.091
PATH_VALID blue3 hydrophone 2 2026-08-15T00:23:42.929
PATH_START blue4 hydrophone 3 2026-08-15T00:23:43.615
SNR_VALID blue4 hydrophone 3 snr=0 2026-08-15T00:24:03.256
SNR_VALID blue4 hydrophone 3 snr=2 2026-08-15T00:24:20.845
SNR_VALID blue4 hydrophone 3 snr=4 2026-08-15T00:24:39.538
SNR_VALID blue4 hydrophone 3 snr=6 2026-08-15T00:24:57.218
SNR_VALID blue4 hydrophone 3 snr=8 2026-08-15T00:25:15.428
SNR_VALID blue4 hydrophone 3 snr=10 2026-08-15T00:25:32.923
SNR_VALID blue4 hydrophone 3 snr=12 2026-08-15T00:25:53.309
SNR_VALID blue4 hydrophone 3 snr=14 2026-08-15T00:26:11.543
SNR_VALID blue4 hydrophone 3 snr=16 2026-08-15T00:26:29.060
SNR_VALID blue4 hydrophone 3 snr=18 2026-08-15T00:26:46.797
SNR_VALID blue4 hydrophone 3 snr=20 2026-08-15T00:27:04.106
SNR_VALID blue4 hydrophone 3 snr=22 2026-08-15T00:27:21.410
SNR_VALID blue4 hydrophone 3 snr=24 2026-08-15T00:27:38.439
SNR_VALID blue4 hydrophone 3 snr=26 2026-08-15T00:27:56.556
SNR_VALID blue4 hydrophone 3 snr=28 2026-08-15T00:28:13.521
SNR_VALID blue4 hydrophone 3 snr=30 2026-08-15T00:28:32.033
PATH_VALID blue4 hydrophone 3 2026-08-15T00:28:32.575
N2048_CRC_NO_HARM_COMPUTE_COMPLETE paths=3 2026-08-15T00:28:32.907
