N2048_CRC_NO_HARM_START paths=3 2026-08-14T12:30:36.977
PATH_START blue1 hydrophone 1 2026-08-14T12:30:36.993
SNR_VALID blue1 hydrophone 1 snr=0 2026-08-14T12:32:01.780
SNR_VALID blue1 hydrophone 1 snr=2 2026-08-14T12:32:23.164
SNR_VALID blue1 hydrophone 1 snr=4 2026-08-14T12:32:44.516
SNR_VALID blue1 hydrophone 1 snr=6 2026-08-14T12:33:06.260
SNR_VALID blue1 hydrophone 1 snr=8 2026-08-14T12:33:22.363
SNR_VALID blue1 hydrophone 1 snr=10 2026-08-14T12:33:35.067
SNR_VALID blue1 hydrophone 1 snr=12 2026-08-14T12:33:45.112
SNR_VALID blue1 hydrophone 1 snr=14 2026-08-14T12:33:55.136
SNR_VALID blue1 hydrophone 1 snr=16 2026-08-14T12:34:03.300
SNR_VALID blue1 hydrophone 1 snr=18 2026-08-14T12:34:12.085
SNR_VALID blue1 hydrophone 1 snr=20 2026-08-14T12:34:21.119
SNR_VALID blue1 hydrophone 1 snr=22 2026-08-14T12:34:27.978
SNR_VALID blue1 hydrophone 1 snr=24 2026-08-14T12:34:35.664
SNR_VALID blue1 hydrophone 1 snr=26 2026-08-14T12:34:43.465
SNR_VALID blue1 hydrophone 1 snr=28 2026-08-14T12:34:51.948
SNR_VALID blue1 hydrophone 1 snr=30 2026-08-14T12:35:00.980
PATH_VALID blue1 hydrophone 1 2026-08-14T12:35:05.118
PATH_START blue2 hydrophone 2 2026-08-14T12:35:06.010
SNR_VALID blue2 hydrophone 2 snr=0 2026-08-14T12:35:30.753
SNR_VALID blue2 hydrophone 2 snr=2 2026-08-14T12:35:52.780
SNR_VALID blue2 hydrophone 2 snr=4 2026-08-14T12:36:14.486
SNR_VALID blue2 hydrophone 2 snr=6 2026-08-14T12:36:36.558
SNR_VALID blue2 hydrophone 2 snr=8 2026-08-14T12:36:58.289
SNR_VALID blue2 hydrophone 2 snr=10 2026-08-14T12:37:19.977
SNR_VALID blue2 hydrophone 2 snr=12 2026-08-14T12:37:41.981
SNR_VALID blue2 hydrophone 2 snr=14 2026-08-14T12:38:04.432
SNR_VALID blue2 hydrophone 2 snr=16 2026-08-14T12:38:26.972
SNR_VALID blue2 hydrophone 2 snr=18 2026-08-14T12:38:48.887
SNR_VALID blue2 hydrophone 2 snr=20 2026-08-14T12:39:10.637
SNR_VALID blue2 hydrophone 2 snr=22 2026-08-14T12:39:33.301
SNR_VALID blue2 hydrophone 2 snr=24 2026-08-14T12:39:56.395
SNR_VALID blue2 hydrophone 2 snr=26 2026-08-14T12:40:19.542
SNR_VALID blue2 hydrophone 2 snr=28 2026-08-14T12:40:45.232
SNR_VALID blue2 hydrophone 2 snr=30 2026-08-14T12:41:08.618
PATH_VALID blue2 hydrophone 2 2026-08-14T12:41:09.406
PATH_START blue3 hydrophone 3 2026-08-14T12:41:09.999
SNR_VALID blue3 hydrophone 3 snr=0 2026-08-14T12:41:32.752
SNR_VALID blue3 hydrophone 3 snr=2 2026-08-14T12:41:55.104
SNR_VALID blue3 hydrophone 3 snr=4 2026-08-14T12:42:17.076
SNR_VALID blue3 hydrophone 3 snr=6 2026-08-14T12:42:39.197
SNR_VALID blue3 hydrophone 3 snr=8 2026-08-14T12:43:02.063
SNR_VALID blue3 hydrophone 3 snr=10 2026-08-14T12:43:23.869
SNR_VALID blue3 hydrophone 3 snr=12 2026-08-14T12:43:45.234
SNR_VALID blue3 hydrophone 3 snr=14 2026-08-14T12:44:07.640
SNR_VALID blue3 hydrophone 3 snr=16 2026-08-14T12:44:29.719
SNR_VALID blue3 hydrophone 3 snr=18 2026-08-14T12:44:52.451
SNR_VALID blue3 hydrophone 3 snr=20 2026-08-14T12:45:14.836
SNR_VALID blue3 hydrophone 3 snr=22 2026-08-14T12:45:36.368
SNR_VALID blue3 hydrophone 3 snr=24 2026-08-14T12:45:58.586
SNR_VALID blue3 hydrophone 3 snr=26 2026-08-14T12:46:20.339
SNR_VALID blue3 hydrophone 3 snr=28 2026-08-14T12:46:41.670
SNR_VALID blue3 hydrophone 3 snr=30 2026-08-14T12:47:02.489
PATH_VALID blue3 hydrophone 3 2026-08-14T12:47:03.631
N2048_CRC_NO_HARM_COMPUTE_COMPLETE paths=3 2026-08-14T12:47:04.189
