N2048_CRC_NO_HARM_START paths=3 2026-08-14T12:30:36.819
PATH_START blue1 hydrophone 2 2026-08-14T12:30:36.832
SNR_VALID blue1 hydrophone 2 snr=0 2026-08-14T12:32:01.748
SNR_VALID blue1 hydrophone 2 snr=2 2026-08-14T12:32:23.601
SNR_VALID blue1 hydrophone 2 snr=4 2026-08-14T12:32:44.728
SNR_VALID blue1 hydrophone 2 snr=6 2026-08-14T12:33:01.916
SNR_VALID blue1 hydrophone 2 snr=8 2026-08-14T12:33:17.237
SNR_VALID blue1 hydrophone 2 snr=10 2026-08-14T12:33:28.946
SNR_VALID blue1 hydrophone 2 snr=12 2026-08-14T12:33:39.110
SNR_VALID blue1 hydrophone 2 snr=14 2026-08-14T12:33:47.300
SNR_VALID blue1 hydrophone 2 snr=16 2026-08-14T12:33:54.693
SNR_VALID blue1 hydrophone 2 snr=18 2026-08-14T12:34:02.505
SNR_VALID blue1 hydrophone 2 snr=20 2026-08-14T12:34:10.549
SNR_VALID blue1 hydrophone 2 snr=22 2026-08-14T12:34:19.621
SNR_VALID blue1 hydrophone 2 snr=24 2026-08-14T12:34:26.616
SNR_VALID blue1 hydrophone 2 snr=26 2026-08-14T12:34:34.422
SNR_VALID blue1 hydrophone 2 snr=28 2026-08-14T12:34:42.161
SNR_VALID blue1 hydrophone 2 snr=30 2026-08-14T12:34:50.502
PATH_VALID blue1 hydrophone 2 2026-08-14T12:34:54.630
PATH_START blue2 hydrophone 3 2026-08-14T12:34:55.360
SNR_VALID blue2 hydrophone 3 snr=0 2026-08-14T12:35:20.964
SNR_VALID blue2 hydrophone 3 snr=2 2026-08-14T12:35:43.454
SNR_VALID blue2 hydrophone 3 snr=4 2026-08-14T12:36:06.015
SNR_VALID blue2 hydrophone 3 snr=6 2026-08-14T12:36:27.990
SNR_VALID blue2 hydrophone 3 snr=8 2026-08-14T12:36:49.669
SNR_VALID blue2 hydrophone 3 snr=10 2026-08-14T12:37:11.998
SNR_VALID blue2 hydrophone 3 snr=12 2026-08-14T12:37:33.594
SNR_VALID blue2 hydrophone 3 snr=14 2026-08-14T12:37:55.996
SNR_VALID blue2 hydrophone 3 snr=16 2026-08-14T12:38:18.137
SNR_VALID blue2 hydrophone 3 snr=18 2026-08-14T12:38:40.868
SNR_VALID blue2 hydrophone 3 snr=20 2026-08-14T12:39:02.635
SNR_VALID blue2 hydrophone 3 snr=22 2026-08-14T12:39:24.521
SNR_VALID blue2 hydrophone 3 snr=24 2026-08-14T12:39:46.628
SNR_VALID blue2 hydrophone 3 snr=26 2026-08-14T12:40:09.223
SNR_VALID blue2 hydrophone 3 snr=28 2026-08-14T12:40:34.315
SNR_VALID blue2 hydrophone 3 snr=30 2026-08-14T12:40:58.276
PATH_VALID blue2 hydrophone 3 2026-08-14T12:40:59.159
PATH_START blue4 hydrophone 1 2026-08-14T12:40:59.754
SNR_VALID blue4 hydrophone 1 snr=0 2026-08-14T12:41:23.349
SNR_VALID blue4 hydrophone 1 snr=2 2026-08-14T12:41:45.073
SNR_VALID blue4 hydrophone 1 snr=4 2026-08-14T12:42:07.171
SNR_VALID blue4 hydrophone 1 snr=6 2026-08-14T12:42:29.014
SNR_VALID blue4 hydrophone 1 snr=8 2026-08-14T12:42:51.592
SNR_VALID blue4 hydrophone 1 snr=10 2026-08-14T12:43:14.773
SNR_VALID blue4 hydrophone 1 snr=12 2026-08-14T12:43:35.938
SNR_VALID blue4 hydrophone 1 snr=14 2026-08-14T12:43:57.655
SNR_VALID blue4 hydrophone 1 snr=16 2026-08-14T12:44:19.190
SNR_VALID blue4 hydrophone 1 snr=18 2026-08-14T12:44:41.853
SNR_VALID blue4 hydrophone 1 snr=20 2026-08-14T12:45:04.413
SNR_VALID blue4 hydrophone 1 snr=22 2026-08-14T12:45:27.853
SNR_VALID blue4 hydrophone 1 snr=24 2026-08-14T12:45:49.561
SNR_VALID blue4 hydrophone 1 snr=26 2026-08-14T12:46:11.618
SNR_VALID blue4 hydrophone 1 snr=28 2026-08-14T12:46:33.894
SNR_VALID blue4 hydrophone 1 snr=30 2026-08-14T12:46:55.381
PATH_VALID blue4 hydrophone 1 2026-08-14T12:46:56.649
N2048_CRC_NO_HARM_COMPUTE_COMPLETE paths=3 2026-08-14T12:46:57.358
N2048_CRC_NO_HARM_START paths=3 2026-08-14T15:56:28.986
PATH_START blue1 hydrophone 2 2026-08-14T15:56:29.005
SNR_VALID blue1 hydrophone 2 snr=0 2026-08-14T15:58:07.325
SNR_VALID blue1 hydrophone 2 snr=2 2026-08-14T15:58:38.189
SNR_VALID blue1 hydrophone 2 snr=4 2026-08-14T15:59:07.133
SNR_VALID blue1 hydrophone 2 snr=6 2026-08-14T15:59:33.971
SNR_VALID blue1 hydrophone 2 snr=8 2026-08-14T15:59:54.125
SNR_VALID blue1 hydrophone 2 snr=10 2026-08-14T16:00:11.454
SNR_VALID blue1 hydrophone 2 snr=12 2026-08-14T16:00:28.092
SNR_VALID blue1 hydrophone 2 snr=14 2026-08-14T16:00:47.059
SNR_VALID blue1 hydrophone 2 snr=16 2026-08-14T16:01:00.767
SNR_VALID blue1 hydrophone 2 snr=18 2026-08-14T16:01:14.978
SNR_VALID blue1 hydrophone 2 snr=20 2026-08-14T16:01:28.842
SNR_VALID blue1 hydrophone 2 snr=22 2026-08-14T16:01:43.944
SNR_VALID blue1 hydrophone 2 snr=24 2026-08-14T16:01:57.517
SNR_VALID blue1 hydrophone 2 snr=26 2026-08-14T16:02:11.469
SNR_VALID blue1 hydrophone 2 snr=28 2026-08-14T16:02:25.028
SNR_VALID blue1 hydrophone 2 snr=30 2026-08-14T16:02:39.029
PATH_VALID blue1 hydrophone 2 2026-08-14T16:02:43.186
PATH_START blue2 hydrophone 3 2026-08-14T16:02:43.943
SNR_VALID blue2 hydrophone 3 snr=0 2026-08-14T16:03:15.101
SNR_VALID blue2 hydrophone 3 snr=2 2026-08-14T16:03:44.896
SNR_VALID blue2 hydrophone 3 snr=4 2026-08-14T16:04:15.516
SNR_VALID blue2 hydrophone 3 snr=6 2026-08-14T16:04:45.346
SNR_VALID blue2 hydrophone 3 snr=8 2026-08-14T16:05:18.752
SNR_VALID blue2 hydrophone 3 snr=10 2026-08-14T16:05:47.606
SNR_VALID blue2 hydrophone 3 snr=12 2026-08-14T16:06:20.637
SNR_VALID blue2 hydrophone 3 snr=14 2026-08-14T16:06:49.957
SNR_VALID blue2 hydrophone 3 snr=16 2026-08-14T16:07:22.949
SNR_VALID blue2 hydrophone 3 snr=18 2026-08-14T16:07:55.354
SNR_VALID blue2 hydrophone 3 snr=20 2026-08-14T16:08:25.353
SNR_VALID blue2 hydrophone 3 snr=22 2026-08-14T16:08:57.731
SNR_VALID blue2 hydrophone 3 snr=24 2026-08-14T16:09:31.800
SNR_VALID blue2 hydrophone 3 snr=26 2026-08-14T16:10:03.917
SNR_VALID blue2 hydrophone 3 snr=28 2026-08-14T16:10:35.339
SNR_VALID blue2 hydrophone 3 snr=30 2026-08-14T16:11:07.495
PATH_VALID blue2 hydrophone 3 2026-08-14T16:11:08.920
PATH_START blue4 hydrophone 1 2026-08-14T16:11:10.046
SNR_VALID blue4 hydrophone 1 snr=0 2026-08-14T16:11:44.108
SNR_VALID blue4 hydrophone 1 snr=2 2026-08-14T16:12:21.517
SNR_VALID blue4 hydrophone 1 snr=4 2026-08-14T16:12:57.061
SNR_VALID blue4 hydrophone 1 snr=6 2026-08-14T16:13:41.156
N2048_CRC_NO_HARM_START paths=3 2026-08-15T00:14:05.887
SKIP_VALID blue1 hydrophone 2 2026-08-15T00:14:05.978
SKIP_VALID blue2 hydrophone 3 2026-08-15T00:14:06.004
PATH_START blue4 hydrophone 1 2026-08-15T00:14:06.028
SNR_VALID blue4 hydrophone 1 snr=0 2026-08-15T00:15:59.712
SNR_VALID blue4 hydrophone 1 snr=2 2026-08-15T00:16:31.418
SNR_VALID blue4 hydrophone 1 snr=4 2026-08-15T00:17:02.715
SNR_VALID blue4 hydrophone 1 snr=6 2026-08-15T00:17:33.579
SNR_VALID blue4 hydrophone 1 snr=8 2026-08-15T00:18:03.404
SNR_VALID blue4 hydrophone 1 snr=10 2026-08-15T00:18:32.869
SNR_VALID blue4 hydrophone 1 snr=12 2026-08-15T00:19:03.109
SNR_VALID blue4 hydrophone 1 snr=14 2026-08-15T00:19:33.421
SNR_VALID blue4 hydrophone 1 snr=16 2026-08-15T00:20:04.119
SNR_VALID blue4 hydrophone 1 snr=18 2026-08-15T00:20:34.241
SNR_VALID blue4 hydrophone 1 snr=20 2026-08-15T00:21:05.315
SNR_VALID blue4 hydrophone 1 snr=22 2026-08-15T00:21:39.412
SNR_VALID blue4 hydrophone 1 snr=24 2026-08-15T00:22:09.372
SNR_VALID blue4 hydrophone 1 snr=26 2026-08-15T00:22:39.440
SNR_VALID blue4 hydrophone 1 snr=28 2026-08-15T00:23:09.823
SNR_VALID blue4 hydrophone 1 snr=30 2026-08-15T00:23:39.767
PATH_VALID blue4 hydrophone 1 2026-08-15T00:23:43.775
N2048_CRC_NO_HARM_COMPUTE_COMPLETE paths=3 2026-08-15T00:23:44.311
