N2048_CRC_NO_HARM_START paths=3 2026-08-14T12:30:37.654
PATH_START blue1 hydrophone 3 2026-08-14T12:30:37.666
SNR_VALID blue1 hydrophone 3 snr=0 2026-08-14T12:32:02.797
SNR_VALID blue1 hydrophone 3 snr=2 2026-08-14T12:32:24.682
SNR_VALID blue1 hydrophone 3 snr=4 2026-08-14T12:32:45.553
SNR_VALID blue1 hydrophone 3 snr=6 2026-08-14T12:33:03.239
SNR_VALID blue1 hydrophone 3 snr=8 2026-08-14T12:33:18.530
SNR_VALID blue1 hydrophone 3 snr=10 2026-08-14T12:33:30.477
SNR_VALID blue1 hydrophone 3 snr=12 2026-08-14T12:33:41.050
SNR_VALID blue1 hydrophone 3 snr=14 2026-08-14T12:33:49.802
SNR_VALID blue1 hydrophone 3 snr=16 2026-08-14T12:33:58.444
SNR_VALID blue1 hydrophone 3 snr=18 2026-08-14T12:34:06.284
SNR_VALID blue1 hydrophone 3 snr=20 2026-08-14T12:34:13.204
SNR_VALID blue1 hydrophone 3 snr=22 2026-08-14T12:34:21.083
SNR_VALID blue1 hydrophone 3 snr=24 2026-08-14T12:34:28.251
SNR_VALID blue1 hydrophone 3 snr=26 2026-08-14T12:34:35.197
SNR_VALID blue1 hydrophone 3 snr=28 2026-08-14T12:34:42.122
SNR_VALID blue1 hydrophone 3 snr=30 2026-08-14T12:34:50.644
PATH_VALID blue1 hydrophone 3 2026-08-14T12:34:54.815
PATH_START blue3 hydrophone 1 2026-08-14T12:34:55.574
SNR_VALID blue3 hydrophone 1 snr=0 2026-08-14T12:35:21.491
SNR_VALID blue3 hydrophone 1 snr=2 2026-08-14T12:35:43.879
SNR_VALID blue3 hydrophone 1 snr=4 2026-08-14T12:36:06.163
SNR_VALID blue3 hydrophone 1 snr=6 2026-08-14T12:36:28.174
SNR_VALID blue3 hydrophone 1 snr=8 2026-08-14T12:36:49.490
SNR_VALID blue3 hydrophone 1 snr=10 2026-08-14T12:37:12.279
SNR_VALID blue3 hydrophone 1 snr=12 2026-08-14T12:37:33.560
SNR_VALID blue3 hydrophone 1 snr=14 2026-08-14T12:37:56.896
SNR_VALID blue3 hydrophone 1 snr=16 2026-08-14T12:38:19.219
SNR_VALID blue3 hydrophone 1 snr=18 2026-08-14T12:38:41.506
SNR_VALID blue3 hydrophone 1 snr=20 2026-08-14T12:39:03.180
SNR_VALID blue3 hydrophone 1 snr=22 2026-08-14T12:39:25.464
SNR_VALID blue3 hydrophone 1 snr=24 2026-08-14T12:39:48.023
SNR_VALID blue3 hydrophone 1 snr=26 2026-08-14T12:40:10.496
SNR_VALID blue3 hydrophone 1 snr=28 2026-08-14T12:40:35.964
SNR_VALID blue3 hydrophone 1 snr=30 2026-08-14T12:40:59.075
PATH_VALID blue3 hydrophone 1 2026-08-14T12:41:00.232
PATH_START blue4 hydrophone 2 2026-08-14T12:41:01.046
SNR_VALID blue4 hydrophone 2 snr=0 2026-08-14T12:41:24.239
SNR_VALID blue4 hydrophone 2 snr=2 2026-08-14T12:41:45.919
SNR_VALID blue4 hydrophone 2 snr=4 2026-08-14T12:42:07.984
SNR_VALID blue4 hydrophone 2 snr=6 2026-08-14T12:42:29.866
SNR_VALID blue4 hydrophone 2 snr=8 2026-08-14T12:42:52.641
SNR_VALID blue4 hydrophone 2 snr=10 2026-08-14T12:43:15.166
SNR_VALID blue4 hydrophone 2 snr=12 2026-08-14T12:43:36.385
SNR_VALID blue4 hydrophone 2 snr=14 2026-08-14T12:43:58.864
SNR_VALID blue4 hydrophone 2 snr=16 2026-08-14T12:44:20.532
SNR_VALID blue4 hydrophone 2 snr=18 2026-08-14T12:44:42.849
SNR_VALID blue4 hydrophone 2 snr=20 2026-08-14T12:45:06.393
SNR_VALID blue4 hydrophone 2 snr=22 2026-08-14T12:45:28.268
SNR_VALID blue4 hydrophone 2 snr=24 2026-08-14T12:45:50.204
SNR_VALID blue4 hydrophone 2 snr=26 2026-08-14T12:46:12.506
SNR_VALID blue4 hydrophone 2 snr=28 2026-08-14T12:46:34.379
SNR_VALID blue4 hydrophone 2 snr=30 2026-08-14T12:46:55.918
PATH_VALID blue4 hydrophone 2 2026-08-14T12:46:56.895
N2048_CRC_NO_HARM_COMPUTE_COMPLETE paths=3 2026-08-14T12:46:57.582
N2048_CRC_NO_HARM_START paths=3 2026-08-14T15:56:28.114
PATH_START blue1 hydrophone 3 2026-08-14T15:56:28.136
SNR_VALID blue1 hydrophone 3 snr=0 2026-08-14T15:58:07.327
SNR_VALID blue1 hydrophone 3 snr=2 2026-08-14T15:58:38.853
SNR_VALID blue1 hydrophone 3 snr=4 2026-08-14T15:59:07.485
SNR_VALID blue1 hydrophone 3 snr=6 2026-08-14T15:59:33.420
SNR_VALID blue1 hydrophone 3 snr=8 2026-08-14T15:59:54.246
SNR_VALID blue1 hydrophone 3 snr=10 2026-08-14T16:00:12.044
SNR_VALID blue1 hydrophone 3 snr=12 2026-08-14T16:00:28.818
SNR_VALID blue1 hydrophone 3 snr=14 2026-08-14T16:00:47.551
SNR_VALID blue1 hydrophone 3 snr=16 2026-08-14T16:01:02.534
SNR_VALID blue1 hydrophone 3 snr=18 2026-08-14T16:01:16.776
SNR_VALID blue1 hydrophone 3 snr=20 2026-08-14T16:01:30.088
SNR_VALID blue1 hydrophone 3 snr=22 2026-08-14T16:01:44.286
SNR_VALID blue1 hydrophone 3 snr=24 2026-08-14T16:01:57.684
SNR_VALID blue1 hydrophone 3 snr=26 2026-08-14T16:02:11.297
SNR_VALID blue1 hydrophone 3 snr=28 2026-08-14T16:02:24.021
SNR_VALID blue1 hydrophone 3 snr=30 2026-08-14T16:02:37.490
PATH_VALID blue1 hydrophone 3 2026-08-14T16:02:41.799
PATH_START blue3 hydrophone 1 2026-08-14T16:02:42.896
SNR_VALID blue3 hydrophone 1 snr=0 2026-08-14T16:03:14.787
SNR_VALID blue3 hydrophone 1 snr=2 2026-08-14T16:03:44.330
SNR_VALID blue3 hydrophone 1 snr=4 2026-08-14T16:04:14.244
SNR_VALID blue3 hydrophone 1 snr=6 2026-08-14T16:04:43.514
SNR_VALID blue3 hydrophone 1 snr=8 2026-08-14T16:05:16.377
SNR_VALID blue3 hydrophone 1 snr=10 2026-08-14T16:05:46.092
SNR_VALID blue3 hydrophone 1 snr=12 2026-08-14T16:06:18.114
SNR_VALID blue3 hydrophone 1 snr=14 2026-08-14T16:06:48.101
SNR_VALID blue3 hydrophone 1 snr=16 2026-08-14T16:07:20.771
SNR_VALID blue3 hydrophone 1 snr=18 2026-08-14T16:07:53.361
SNR_VALID blue3 hydrophone 1 snr=20 2026-08-14T16:08:24.044
SNR_VALID blue3 hydrophone 1 snr=22 2026-08-14T16:08:55.304
SNR_VALID blue3 hydrophone 1 snr=24 2026-08-14T16:09:29.544
SNR_VALID blue3 hydrophone 1 snr=26 2026-08-14T16:10:02.689
SNR_VALID blue3 hydrophone 1 snr=28 2026-08-14T16:10:34.279
SNR_VALID blue3 hydrophone 1 snr=30 2026-08-14T16:11:07.635
PATH_VALID blue3 hydrophone 1 2026-08-14T16:11:09.348
PATH_START blue4 hydrophone 2 2026-08-14T16:11:10.419
SNR_VALID blue4 hydrophone 2 snr=0 2026-08-14T16:11:44.156
SNR_VALID blue4 hydrophone 2 snr=2 2026-08-14T16:12:21.765
SNR_VALID blue4 hydrophone 2 snr=4 2026-08-14T16:12:57.447
SNR_VALID blue4 hydrophone 2 snr=6 2026-08-14T16:13:41.309
N2048_CRC_NO_HARM_START paths=3 2026-08-15T00:13:59.132
SKIP_VALID blue1 hydrophone 3 2026-08-15T00:13:59.253
SKIP_VALID blue3 hydrophone 1 2026-08-15T00:13:59.299
PATH_START blue4 hydrophone 2 2026-08-15T00:13:59.312
SNR_VALID blue4 hydrophone 2 snr=0 2026-08-15T00:15:51.473
SNR_VALID blue4 hydrophone 2 snr=2 2026-08-15T00:16:24.450
SNR_VALID blue4 hydrophone 2 snr=4 2026-08-15T00:16:54.556
SNR_VALID blue4 hydrophone 2 snr=6 2026-08-15T00:17:25.273
SNR_VALID blue4 hydrophone 2 snr=8 2026-08-15T00:17:55.077
SNR_VALID blue4 hydrophone 2 snr=10 2026-08-15T00:18:24.853
SNR_VALID blue4 hydrophone 2 snr=12 2026-08-15T00:18:55.750
SNR_VALID blue4 hydrophone 2 snr=14 2026-08-15T00:19:26.924
SNR_VALID blue4 hydrophone 2 snr=16 2026-08-15T00:19:56.523
SNR_VALID blue4 hydrophone 2 snr=18 2026-08-15T00:20:27.051
SNR_VALID blue4 hydrophone 2 snr=20 2026-08-15T00:20:57.562
SNR_VALID blue4 hydrophone 2 snr=22 2026-08-15T00:21:29.990
SNR_VALID blue4 hydrophone 2 snr=24 2026-08-15T00:22:01.324
SNR_VALID blue4 hydrophone 2 snr=26 2026-08-15T00:22:30.577
SNR_VALID blue4 hydrophone 2 snr=28 2026-08-15T00:23:00.522
SNR_VALID blue4 hydrophone 2 snr=30 2026-08-15T00:23:29.553
PATH_VALID blue4 hydrophone 2 2026-08-15T00:23:32.633
N2048_CRC_NO_HARM_COMPUTE_COMPLETE paths=3 2026-08-15T00:23:33.699
