N2048_CRC_NO_HARM_START paths=3 2026-08-15T00:13:59.132
SKIP_VALID blue1 hydrophone 3 2026-08-15T00:13:59.253
SKIP_VALID blue3 hydrophone 1 2026-08-15T00:13:59.299
PATH_START blue4 hydrophone 2 2026-08-15T00:13:59.312
SNR_VALID blue4 hydrophone 2 snr=0 2026-08-15T00:15:51.473
SNR_VALID blue4 hydrophone 2 snr=2 2026-08-15T00:16:24.450
SNR_VALID blue4 hydrophone 2 snr=4 2026-08-15T00:16:54.556
SNR_VALID blue4 hydrophone 2 snr=6 2026-08-15T00:17:25.273
SNR_VALID blue4 hydrophone 2 snr=8 2026-08-15T00:17:55.077
SNR_VALID blue4 hydrophone 2 snr=10 2026-08-15T00:18:24.853
SNR_VALID blue4 hydrophone 2 snr=12 2026-08-15T00:18:55.750
SNR_VALID blue4 hydrophone 2 snr=14 2026-08-15T00:19:26.924
SNR_VALID blue4 hydrophone 2 snr=16 2026-08-15T00:19:56.523
SNR_VALID blue4 hydrophone 2 snr=18 2026-08-15T00:20:27.051
SNR_VALID blue4 hydrophone 2 snr=20 2026-08-15T00:20:57.562
SNR_VALID blue4 hydrophone 2 snr=22 2026-08-15T00:21:29.990
SNR_VALID blue4 hydrophone 2 snr=24 2026-08-15T00:22:01.324
SNR_VALID blue4 hydrophone 2 snr=26 2026-08-15T00:22:30.577
SNR_VALID blue4 hydrophone 2 snr=28 2026-08-15T00:23:00.522
SNR_VALID blue4 hydrophone 2 snr=30 2026-08-15T00:23:29.553
PATH_VALID blue4 hydrophone 2 2026-08-15T00:23:32.633
N2048_CRC_NO_HARM_COMPUTE_COMPLETE paths=3 2026-08-15T00:23:33.699
