N2048_CRC_NO_HARM_START paths=3 2026-08-15T00:14:05.887
SKIP_VALID blue1 hydrophone 2 2026-08-15T00:14:05.978
SKIP_VALID blue2 hydrophone 3 2026-08-15T00:14:06.004
PATH_START blue4 hydrophone 1 2026-08-15T00:14:06.028
SNR_VALID blue4 hydrophone 1 snr=0 2026-08-15T00:15:59.712
SNR_VALID blue4 hydrophone 1 snr=2 2026-08-15T00:16:31.418
SNR_VALID blue4 hydrophone 1 snr=4 2026-08-15T00:17:02.715
SNR_VALID blue4 hydrophone 1 snr=6 2026-08-15T00:17:33.579
SNR_VALID blue4 hydrophone 1 snr=8 2026-08-15T00:18:03.404
SNR_VALID blue4 hydrophone 1 snr=10 2026-08-15T00:18:32.869
SNR_VALID blue4 hydrophone 1 snr=12 2026-08-15T00:19:03.109
SNR_VALID blue4 hydrophone 1 snr=14 2026-08-15T00:19:33.421
SNR_VALID blue4 hydrophone 1 snr=16 2026-08-15T00:20:04.119
SNR_VALID blue4 hydrophone 1 snr=18 2026-08-15T00:20:34.241
SNR_VALID blue4 hydrophone 1 snr=20 2026-08-15T00:21:05.315
SNR_VALID blue4 hydrophone 1 snr=22 2026-08-15T00:21:39.412
SNR_VALID blue4 hydrophone 1 snr=24 2026-08-15T00:22:09.372
SNR_VALID blue4 hydrophone 1 snr=26 2026-08-15T00:22:39.440
SNR_VALID blue4 hydrophone 1 snr=28 2026-08-15T00:23:09.823
SNR_VALID blue4 hydrophone 1 snr=30 2026-08-15T00:23:39.767
PATH_VALID blue4 hydrophone 1 2026-08-15T00:23:43.775
N2048_CRC_NO_HARM_COMPUTE_COMPLETE paths=3 2026-08-15T00:23:44.311
