N2048_CRC_NO_HARM_START paths=3 2026-08-15T00:14:05.851
SKIP_VALID blue1 hydrophone 1 2026-08-15T00:14:05.926
SKIP_VALID blue2 hydrophone 2 2026-08-15T00:14:05.972
PATH_START blue3 hydrophone 3 2026-08-15T00:14:05.984
SNR_VALID blue3 hydrophone 3 snr=0 2026-08-15T00:16:01.813
SNR_VALID blue3 hydrophone 3 snr=2 2026-08-15T00:16:34.115
SNR_VALID blue3 hydrophone 3 snr=4 2026-08-15T00:17:05.081
SNR_VALID blue3 hydrophone 3 snr=6 2026-08-15T00:17:35.083
SNR_VALID blue3 hydrophone 3 snr=8 2026-08-15T00:18:05.531
SNR_VALID blue3 hydrophone 3 snr=10 2026-08-15T00:18:35.611
SNR_VALID blue3 hydrophone 3 snr=12 2026-08-15T00:19:05.722
SNR_VALID blue3 hydrophone 3 snr=14 2026-08-15T00:19:36.856
SNR_VALID blue3 hydrophone 3 snr=16 2026-08-15T00:20:07.041
SNR_VALID blue3 hydrophone 3 snr=18 2026-08-15T00:20:36.884
SNR_VALID blue3 hydrophone 3 snr=20 2026-08-15T00:21:08.212
SNR_VALID blue3 hydrophone 3 snr=22 2026-08-15T00:21:41.650
SNR_VALID blue3 hydrophone 3 snr=24 2026-08-15T00:22:12.058
SNR_VALID blue3 hydrophone 3 snr=26 2026-08-15T00:22:42.083
SNR_VALID blue3 hydrophone 3 snr=28 2026-08-15T00:23:12.021
SNR_VALID blue3 hydrophone 3 snr=30 2026-08-15T00:23:41.042
PATH_VALID blue3 hydrophone 3 2026-08-15T00:23:45.434
N2048_CRC_NO_HARM_COMPUTE_COMPLETE paths=3 2026-08-15T00:23:45.867
