N2048_CRC_NO_HARM_START paths=3 2026-08-15T00:13:59.118
SKIP_VALID blue2 hydrophone 1 2026-08-15T00:13:59.247
PATH_START blue3 hydrophone 2 2026-08-15T00:13:59.265
SNR_VALID blue3 hydrophone 2 snr=0 2026-08-15T00:15:55.854
SNR_VALID blue3 hydrophone 2 snr=2 2026-08-15T00:16:28.816
SNR_VALID blue3 hydrophone 2 snr=4 2026-08-15T00:16:59.936
SNR_VALID blue3 hydrophone 2 snr=6 2026-08-15T00:17:29.912
SNR_VALID blue3 hydrophone 2 snr=8 2026-08-15T00:18:00.185
SNR_VALID blue3 hydrophone 2 snr=10 2026-08-15T00:18:30.222
SNR_VALID blue3 hydrophone 2 snr=12 2026-08-15T00:19:01.807
SNR_VALID blue3 hydrophone 2 snr=14 2026-08-15T00:19:32.413
SNR_VALID blue3 hydrophone 2 snr=16 2026-08-15T00:20:02.820
SNR_VALID blue3 hydrophone 2 snr=18 2026-08-15T00:20:33.531
SNR_VALID blue3 hydrophone 2 snr=20 2026-08-15T00:21:04.888
SNR_VALID blue3 hydrophone 2 snr=22 2026-08-15T00:21:39.800
SNR_VALID blue3 hydrophone 2 snr=24 2026-08-15T00:22:09.793
SNR_VALID blue3 hydrophone 2 snr=26 2026-08-15T00:22:39.264
SNR_VALID blue3 hydrophone 2 snr=28 2026-08-15T00:23:09.800
SNR_VALID blue3 hydrophone 2 snr=30 2026-08-15T00:23:39.091
PATH_VALID blue3 hydrophone 2 2026-08-15T00:23:42.929
PATH_START blue4 hydrophone 3 2026-08-15T00:23:43.615
SNR_VALID blue4 hydrophone 3 snr=0 2026-08-15T00:24:03.256
SNR_VALID blue4 hydrophone 3 snr=2 2026-08-15T00:24:20.845
SNR_VALID blue4 hydrophone 3 snr=4 2026-08-15T00:24:39.538
SNR_VALID blue4 hydrophone 3 snr=6 2026-08-15T00:24:57.218
SNR_VALID blue4 hydrophone 3 snr=8 2026-08-15T00:25:15.428
SNR_VALID blue4 hydrophone 3 snr=10 2026-08-15T00:25:32.923
SNR_VALID blue4 hydrophone 3 snr=12 2026-08-15T00:25:53.309
SNR_VALID blue4 hydrophone 3 snr=14 2026-08-15T00:26:11.543
SNR_VALID blue4 hydrophone 3 snr=16 2026-08-15T00:26:29.060
SNR_VALID blue4 hydrophone 3 snr=18 2026-08-15T00:26:46.797
SNR_VALID blue4 hydrophone 3 snr=20 2026-08-15T00:27:04.106
SNR_VALID blue4 hydrophone 3 snr=22 2026-08-15T00:27:21.410
SNR_VALID blue4 hydrophone 3 snr=24 2026-08-15T00:27:38.439
SNR_VALID blue4 hydrophone 3 snr=26 2026-08-15T00:27:56.556
SNR_VALID blue4 hydrophone 3 snr=28 2026-08-15T00:28:13.521
SNR_VALID blue4 hydrophone 3 snr=30 2026-08-15T00:28:32.033
PATH_VALID blue4 hydrophone 3 2026-08-15T00:28:32.575
N2048_CRC_NO_HARM_COMPUTE_COMPLETE paths=3 2026-08-15T00:28:32.907
