N1536_CRC_NO_HARM_START paths=3 2026-08-11T21:05:48.436
PATH_START red1 hydrophone 1 2026-08-11T21:05:48.448
SNR_VALID red1 hydrophone 1 snr=0 2026-08-11T21:07:57.380
SNR_VALID red1 hydrophone 1 snr=2 2026-08-11T21:08:55.038
SNR_VALID red1 hydrophone 1 snr=4 2026-08-11T21:09:54.031
SNR_VALID red1 hydrophone 1 snr=6 2026-08-11T21:10:49.529
SNR_VALID red1 hydrophone 1 snr=8 2026-08-11T21:11:32.332
SNR_VALID red1 hydrophone 1 snr=10 2026-08-11T21:12:00.254
SNR_VALID red1 hydrophone 1 snr=12 2026-08-11T21:12:25.951
SNR_VALID red1 hydrophone 1 snr=14 2026-08-11T21:12:50.722
SNR_VALID red1 hydrophone 1 snr=16 2026-08-11T21:13:15.108
SNR_VALID red1 hydrophone 1 snr=18 2026-08-11T21:13:39.393
SNR_VALID red1 hydrophone 1 snr=20 2026-08-11T21:14:00.516
SNR_VALID red1 hydrophone 1 snr=22 2026-08-11T21:14:24.870
SNR_VALID red1 hydrophone 1 snr=24 2026-08-11T21:14:48.298
SNR_VALID red1 hydrophone 1 snr=26 2026-08-11T21:15:11.622
SNR_VALID red1 hydrophone 1 snr=28 2026-08-11T21:15:35.629
SNR_VALID red1 hydrophone 1 snr=30 2026-08-11T21:15:56.525
PATH_VALID red1 hydrophone 1 2026-08-11T21:16:00.207
PATH_START red2 hydrophone 2 2026-08-11T21:16:00.786
SNR_VALID red2 hydrophone 2 snr=0 2026-08-11T21:16:51.245
SNR_VALID red2 hydrophone 2 snr=2 2026-08-11T21:17:44.505
SNR_VALID red2 hydrophone 2 snr=4 2026-08-11T21:18:45.522
SNR_VALID red2 hydrophone 2 snr=6 2026-08-11T21:19:43.605
SNR_VALID red2 hydrophone 2 snr=8 2026-08-11T21:20:32.402
SNR_VALID red2 hydrophone 2 snr=10 2026-08-11T21:21:15.156
SNR_VALID red2 hydrophone 2 snr=12 2026-08-11T21:21:48.339
SNR_VALID red2 hydrophone 2 snr=14 2026-08-11T21:22:13.707
SNR_VALID red2 hydrophone 2 snr=16 2026-08-11T21:22:40.312
SNR_VALID red2 hydrophone 2 snr=18 2026-08-11T21:23:04.418
SNR_VALID red2 hydrophone 2 snr=20 2026-08-11T21:23:28.238
SNR_VALID red2 hydrophone 2 snr=22 2026-08-11T21:23:52.846
SNR_VALID red2 hydrophone 2 snr=24 2026-08-11T21:24:16.434
SNR_VALID red2 hydrophone 2 snr=26 2026-08-11T21:24:42.351
SNR_VALID red2 hydrophone 2 snr=28 2026-08-11T21:25:06.897
SNR_VALID red2 hydrophone 2 snr=30 2026-08-11T21:25:31.730
PATH_VALID red2 hydrophone 2 2026-08-11T21:25:33.132
PATH_START red3 hydrophone 3 2026-08-11T21:25:33.747
SNR_VALID red3 hydrophone 3 snr=0 2026-08-11T21:26:24.978
SNR_VALID red3 hydrophone 3 snr=2 2026-08-11T21:27:19.506
SNR_VALID red3 hydrophone 3 snr=4 2026-08-11T21:28:11.489
SNR_VALID red3 hydrophone 3 snr=6 2026-08-11T21:29:01.858
SNR_VALID red3 hydrophone 3 snr=8 2026-08-11T21:29:41.861
SNR_VALID red3 hydrophone 3 snr=10 2026-08-11T21:30:16.882
SNR_VALID red3 hydrophone 3 snr=12 2026-08-11T21:30:43.971
SNR_VALID red3 hydrophone 3 snr=14 2026-08-11T21:31:05.796
SNR_VALID red3 hydrophone 3 snr=16 2026-08-11T21:31:29.920
SNR_VALID red3 hydrophone 3 snr=18 2026-08-11T21:31:54.228
SNR_VALID red3 hydrophone 3 snr=20 2026-08-11T21:32:16.395
SNR_VALID red3 hydrophone 3 snr=22 2026-08-11T21:32:37.791
SNR_VALID red3 hydrophone 3 snr=24 2026-08-11T21:32:59.681
SNR_VALID red3 hydrophone 3 snr=26 2026-08-11T21:33:17.167
SNR_VALID red3 hydrophone 3 snr=28 2026-08-11T21:33:34.604
SNR_VALID red3 hydrophone 3 snr=30 2026-08-11T21:33:51.699
PATH_VALID red3 hydrophone 3 2026-08-11T21:33:52.578
N1536_CRC_NO_HARM_COMPUTE_COMPLETE paths=3 2026-08-11T21:33:53.065
