N1536_CRC_NO_HARM_START paths=3 2026-08-11T21:05:49.972
PATH_START red2 hydrophone 1 2026-08-11T21:05:49.980
SNR_VALID red2 hydrophone 1 snr=0 2026-08-11T21:07:58.646
SNR_VALID red2 hydrophone 1 snr=2 2026-08-11T21:08:57.226
SNR_VALID red2 hydrophone 1 snr=4 2026-08-11T21:09:56.541
SNR_VALID red2 hydrophone 1 snr=6 2026-08-11T21:10:53.883
SNR_VALID red2 hydrophone 1 snr=8 2026-08-11T21:11:46.627
SNR_VALID red2 hydrophone 1 snr=10 2026-08-11T21:12:26.608
SNR_VALID red2 hydrophone 1 snr=12 2026-08-11T21:12:59.465
SNR_VALID red2 hydrophone 1 snr=14 2026-08-11T21:13:30.729
SNR_VALID red2 hydrophone 1 snr=16 2026-08-11T21:13:56.350
SNR_VALID red2 hydrophone 1 snr=18 2026-08-11T21:14:22.776
SNR_VALID red2 hydrophone 1 snr=20 2026-08-11T21:14:47.956
SNR_VALID red2 hydrophone 1 snr=22 2026-08-11T21:15:13.676
SNR_VALID red2 hydrophone 1 snr=24 2026-08-11T21:15:39.294
SNR_VALID red2 hydrophone 1 snr=26 2026-08-11T21:16:01.850
SNR_VALID red2 hydrophone 1 snr=28 2026-08-11T21:16:23.917
SNR_VALID red2 hydrophone 1 snr=30 2026-08-11T21:16:47.323
PATH_VALID red2 hydrophone 1 2026-08-11T21:16:51.125
PATH_START red3 hydrophone 2 2026-08-11T21:16:51.788
SNR_VALID red3 hydrophone 2 snr=0 2026-08-11T21:17:46.920
SNR_VALID red3 hydrophone 2 snr=2 2026-08-11T21:18:48.897
SNR_VALID red3 hydrophone 2 snr=4 2026-08-11T21:19:45.085
SNR_VALID red3 hydrophone 2 snr=6 2026-08-11T21:20:42.456
SNR_VALID red3 hydrophone 2 snr=8 2026-08-11T21:21:31.441
SNR_VALID red3 hydrophone 2 snr=10 2026-08-11T21:22:04.048
SNR_VALID red3 hydrophone 2 snr=12 2026-08-11T21:22:31.536
SNR_VALID red3 hydrophone 2 snr=14 2026-08-11T21:22:58.151
SNR_VALID red3 hydrophone 2 snr=16 2026-08-11T21:23:22.324
SNR_VALID red3 hydrophone 2 snr=18 2026-08-11T21:23:45.969
SNR_VALID red3 hydrophone 2 snr=20 2026-08-11T21:24:08.908
SNR_VALID red3 hydrophone 2 snr=22 2026-08-11T21:24:35.265
SNR_VALID red3 hydrophone 2 snr=24 2026-08-11T21:24:58.915
SNR_VALID red3 hydrophone 2 snr=26 2026-08-11T21:25:21.533
SNR_VALID red3 hydrophone 2 snr=28 2026-08-11T21:25:43.705
SNR_VALID red3 hydrophone 2 snr=30 2026-08-11T21:26:03.767
PATH_VALID red3 hydrophone 2 2026-08-11T21:26:05.368
PATH_START red4 hydrophone 3 2026-08-11T21:26:06.024
SNR_VALID red4 hydrophone 3 snr=0 2026-08-11T21:27:01.161
SNR_VALID red4 hydrophone 3 snr=2 2026-08-11T21:27:54.619
SNR_VALID red4 hydrophone 3 snr=4 2026-08-11T21:28:47.535
SNR_VALID red4 hydrophone 3 snr=6 2026-08-11T21:29:26.888
SNR_VALID red4 hydrophone 3 snr=8 2026-08-11T21:29:57.502
SNR_VALID red4 hydrophone 3 snr=10 2026-08-11T21:30:21.403
SNR_VALID red4 hydrophone 3 snr=12 2026-08-11T21:30:46.081
SNR_VALID red4 hydrophone 3 snr=14 2026-08-11T21:31:07.379
SNR_VALID red4 hydrophone 3 snr=16 2026-08-11T21:31:29.334
SNR_VALID red4 hydrophone 3 snr=18 2026-08-11T21:31:50.260
SNR_VALID red4 hydrophone 3 snr=20 2026-08-11T21:32:11.364
SNR_VALID red4 hydrophone 3 snr=22 2026-08-11T21:32:31.438
SNR_VALID red4 hydrophone 3 snr=24 2026-08-11T21:32:51.562
SNR_VALID red4 hydrophone 3 snr=26 2026-08-11T21:33:09.685
SNR_VALID red4 hydrophone 3 snr=28 2026-08-11T21:33:25.942
SNR_VALID red4 hydrophone 3 snr=30 2026-08-11T21:33:42.695
PATH_VALID red4 hydrophone 3 2026-08-11T21:33:44.115
N1536_CRC_NO_HARM_COMPUTE_COMPLETE paths=3 2026-08-11T21:33:44.668
