N1536_CRC_NO_HARM_START paths=3 2026-08-11T21:05:50.188
PATH_START red1 hydrophone 2 2026-08-11T21:05:50.200
SNR_VALID red1 hydrophone 2 snr=0 2026-08-11T21:07:58.075
SNR_VALID red1 hydrophone 2 snr=2 2026-08-11T21:08:56.510
SNR_VALID red1 hydrophone 2 snr=4 2026-08-11T21:09:55.678
SNR_VALID red1 hydrophone 2 snr=6 2026-08-11T21:10:50.635
SNR_VALID red1 hydrophone 2 snr=8 2026-08-11T21:11:29.590
SNR_VALID red1 hydrophone 2 snr=10 2026-08-11T21:11:54.738
SNR_VALID red1 hydrophone 2 snr=12 2026-08-11T21:12:17.898
SNR_VALID red1 hydrophone 2 snr=14 2026-08-11T21:12:40.680
SNR_VALID red1 hydrophone 2 snr=16 2026-08-11T21:13:05.091
SNR_VALID red1 hydrophone 2 snr=18 2026-08-11T21:13:29.937
SNR_VALID red1 hydrophone 2 snr=20 2026-08-11T21:13:50.515
SNR_VALID red1 hydrophone 2 snr=22 2026-08-11T21:14:12.955
SNR_VALID red1 hydrophone 2 snr=24 2026-08-11T21:14:36.096
SNR_VALID red1 hydrophone 2 snr=26 2026-08-11T21:14:58.998
SNR_VALID red1 hydrophone 2 snr=28 2026-08-11T21:15:22.857
SNR_VALID red1 hydrophone 2 snr=30 2026-08-11T21:15:46.068
PATH_VALID red1 hydrophone 2 2026-08-11T21:15:49.699
PATH_START red2 hydrophone 3 2026-08-11T21:15:50.298
SNR_VALID red2 hydrophone 3 snr=0 2026-08-11T21:16:41.129
SNR_VALID red2 hydrophone 3 snr=2 2026-08-11T21:17:33.623
SNR_VALID red2 hydrophone 3 snr=4 2026-08-11T21:18:33.179
SNR_VALID red2 hydrophone 3 snr=6 2026-08-11T21:19:32.099
SNR_VALID red2 hydrophone 3 snr=8 2026-08-11T21:20:15.996
SNR_VALID red2 hydrophone 3 snr=10 2026-08-11T21:20:50.877
SNR_VALID red2 hydrophone 3 snr=12 2026-08-11T21:21:18.698
SNR_VALID red2 hydrophone 3 snr=14 2026-08-11T21:21:45.434
SNR_VALID red2 hydrophone 3 snr=16 2026-08-11T21:22:09.750
SNR_VALID red2 hydrophone 3 snr=18 2026-08-11T21:22:33.157
SNR_VALID red2 hydrophone 3 snr=20 2026-08-11T21:22:57.353
SNR_VALID red2 hydrophone 3 snr=22 2026-08-11T21:23:20.823
SNR_VALID red2 hydrophone 3 snr=24 2026-08-11T21:23:44.608
SNR_VALID red2 hydrophone 3 snr=26 2026-08-11T21:24:07.618
SNR_VALID red2 hydrophone 3 snr=28 2026-08-11T21:24:33.482
SNR_VALID red2 hydrophone 3 snr=30 2026-08-11T21:24:58.628
PATH_VALID red2 hydrophone 3 2026-08-11T21:24:59.611
PATH_START red4 hydrophone 1 2026-08-11T21:25:00.242
SNR_VALID red4 hydrophone 1 snr=0 2026-08-11T21:25:54.902
SNR_VALID red4 hydrophone 1 snr=2 2026-08-11T21:26:48.101
SNR_VALID red4 hydrophone 1 snr=4 2026-08-11T21:27:39.124
SNR_VALID red4 hydrophone 1 snr=6 2026-08-11T21:28:18.854
SNR_VALID red4 hydrophone 1 snr=8 2026-08-11T21:28:46.825
SNR_VALID red4 hydrophone 1 snr=10 2026-08-11T21:29:08.501
SNR_VALID red4 hydrophone 1 snr=12 2026-08-11T21:29:31.977
SNR_VALID red4 hydrophone 1 snr=14 2026-08-11T21:29:54.535
SNR_VALID red4 hydrophone 1 snr=16 2026-08-11T21:30:17.737
SNR_VALID red4 hydrophone 1 snr=18 2026-08-11T21:30:42.566
SNR_VALID red4 hydrophone 1 snr=20 2026-08-11T21:31:04.438
SNR_VALID red4 hydrophone 1 snr=22 2026-08-11T21:31:26.446
SNR_VALID red4 hydrophone 1 snr=24 2026-08-11T21:31:47.568
SNR_VALID red4 hydrophone 1 snr=26 2026-08-11T21:32:08.786
SNR_VALID red4 hydrophone 1 snr=28 2026-08-11T21:32:29.974
SNR_VALID red4 hydrophone 1 snr=30 2026-08-11T21:32:51
PATH_VALID red4 hydrophone 1 2026-08-11T21:32:53.570
N1536_CRC_NO_HARM_COMPUTE_COMPLETE paths=3 2026-08-11T21:32:54.149
