N1536_CRC_NO_HARM_START paths=3 2026-08-11T21:05:49.574
PATH_START red1 hydrophone 3 2026-08-11T21:05:49.584
SNR_VALID red1 hydrophone 3 snr=0 2026-08-11T21:07:57.173
SNR_VALID red1 hydrophone 3 snr=2 2026-08-11T21:08:56.078
SNR_VALID red1 hydrophone 3 snr=4 2026-08-11T21:09:55.794
SNR_VALID red1 hydrophone 3 snr=6 2026-08-11T21:10:34.928
SNR_VALID red1 hydrophone 3 snr=8 2026-08-11T21:11:01.973
SNR_VALID red1 hydrophone 3 snr=10 2026-08-11T21:11:26.849
SNR_VALID red1 hydrophone 3 snr=12 2026-08-11T21:11:50.095
SNR_VALID red1 hydrophone 3 snr=14 2026-08-11T21:12:12.240
SNR_VALID red1 hydrophone 3 snr=16 2026-08-11T21:12:36.345
SNR_VALID red1 hydrophone 3 snr=18 2026-08-11T21:12:59.313
SNR_VALID red1 hydrophone 3 snr=20 2026-08-11T21:13:23.685
SNR_VALID red1 hydrophone 3 snr=22 2026-08-11T21:13:45.269
SNR_VALID red1 hydrophone 3 snr=24 2026-08-11T21:14:06.763
SNR_VALID red1 hydrophone 3 snr=26 2026-08-11T21:14:29.958
SNR_VALID red1 hydrophone 3 snr=28 2026-08-11T21:14:53.071
SNR_VALID red1 hydrophone 3 snr=30 2026-08-11T21:15:15.939
PATH_VALID red1 hydrophone 3 2026-08-11T21:15:20.189
PATH_START red3 hydrophone 1 2026-08-11T21:15:21.039
SNR_VALID red3 hydrophone 1 snr=0 2026-08-11T21:16:14.004
SNR_VALID red3 hydrophone 1 snr=2 2026-08-11T21:17:05.832
SNR_VALID red3 hydrophone 1 snr=4 2026-08-11T21:18:00.896
SNR_VALID red3 hydrophone 1 snr=6 2026-08-11T21:19:03.336
SNR_VALID red3 hydrophone 1 snr=8 2026-08-11T21:19:57.291
SNR_VALID red3 hydrophone 1 snr=10 2026-08-11T21:20:39.028
SNR_VALID red3 hydrophone 1 snr=12 2026-08-11T21:21:13.307
SNR_VALID red3 hydrophone 1 snr=14 2026-08-11T21:21:41.423
SNR_VALID red3 hydrophone 1 snr=16 2026-08-11T21:22:06.829
SNR_VALID red3 hydrophone 1 snr=18 2026-08-11T21:22:32.971
SNR_VALID red3 hydrophone 1 snr=20 2026-08-11T21:22:58.344
SNR_VALID red3 hydrophone 1 snr=22 2026-08-11T21:23:22.025
SNR_VALID red3 hydrophone 1 snr=24 2026-08-11T21:23:45.918
SNR_VALID red3 hydrophone 1 snr=26 2026-08-11T21:24:10.048
SNR_VALID red3 hydrophone 1 snr=28 2026-08-11T21:24:35.461
SNR_VALID red3 hydrophone 1 snr=30 2026-08-11T21:24:59.791
PATH_VALID red3 hydrophone 1 2026-08-11T21:25:02.578
PATH_START red4 hydrophone 2 2026-08-11T21:25:03.305
SNR_VALID red4 hydrophone 2 snr=0 2026-08-11T21:25:56.716
SNR_VALID red4 hydrophone 2 snr=2 2026-08-11T21:26:50.090
SNR_VALID red4 hydrophone 2 snr=4 2026-08-11T21:27:43.772
SNR_VALID red4 hydrophone 2 snr=6 2026-08-11T21:28:26.446
SNR_VALID red4 hydrophone 2 snr=8 2026-08-11T21:28:53.284
SNR_VALID red4 hydrophone 2 snr=10 2026-08-11T21:29:15.194
SNR_VALID red4 hydrophone 2 snr=12 2026-08-11T21:29:37.595
SNR_VALID red4 hydrophone 2 snr=14 2026-08-11T21:30:00.887
SNR_VALID red4 hydrophone 2 snr=16 2026-08-11T21:30:23.880
SNR_VALID red4 hydrophone 2 snr=18 2026-08-11T21:30:48.386
SNR_VALID red4 hydrophone 2 snr=20 2026-08-11T21:31:10.524
SNR_VALID red4 hydrophone 2 snr=22 2026-08-11T21:31:32.719
SNR_VALID red4 hydrophone 2 snr=24 2026-08-11T21:31:54.223
SNR_VALID red4 hydrophone 2 snr=26 2026-08-11T21:32:16.316
SNR_VALID red4 hydrophone 2 snr=28 2026-08-11T21:32:37.266
SNR_VALID red4 hydrophone 2 snr=30 2026-08-11T21:32:58.636
PATH_VALID red4 hydrophone 2 2026-08-11T21:33:00.389
N1536_CRC_NO_HARM_COMPUTE_COMPLETE paths=3 2026-08-11T21:33:01.024
