N1536_CRC_NO_HARM_START paths=3 2026-08-12T11:08:42.774
PATH_START red2 hydrophone 1 2026-08-12T11:08:42.787
SNR_VALID red2 hydrophone 1 snr=0 2026-08-12T11:13:06.637
SNR_VALID red2 hydrophone 1 snr=2 2026-08-12T11:16:14.109
SNR_VALID red2 hydrophone 1 snr=4 2026-08-12T11:19:25.819
SNR_VALID red2 hydrophone 1 snr=6 2026-08-12T11:22:35.601
SNR_VALID red2 hydrophone 1 snr=8 2026-08-12T11:25:47.603
SNR_VALID red2 hydrophone 1 snr=10 2026-08-12T11:28:41.158
SNR_VALID red2 hydrophone 1 snr=12 2026-08-12T11:31:16.375
SNR_VALID red2 hydrophone 1 snr=14 2026-08-12T11:33:20.535
SNR_VALID red2 hydrophone 1 snr=16 2026-08-12T11:35:13.031
SNR_VALID red2 hydrophone 1 snr=18 2026-08-12T11:37:05.693
SNR_VALID red2 hydrophone 1 snr=20 2026-08-12T11:38:41.052
SNR_VALID red2 hydrophone 1 snr=22 2026-08-12T11:40:16.215
SNR_VALID red2 hydrophone 1 snr=24 2026-08-12T11:41:59.508
SNR_VALID red2 hydrophone 1 snr=26 2026-08-12T11:43:31.656
SNR_VALID red2 hydrophone 1 snr=28 2026-08-12T11:45:02.585
SNR_VALID red2 hydrophone 1 snr=30 2026-08-12T11:46:36.709
PATH_VALID red2 hydrophone 1 2026-08-12T11:46:40.720
PATH_START red3 hydrophone 2 2026-08-12T11:46:41.461
SNR_VALID red3 hydrophone 2 snr=0 2026-08-12T11:49:55.431
SNR_VALID red3 hydrophone 2 snr=2 2026-08-12T11:53:03.576
SNR_VALID red3 hydrophone 2 snr=4 2026-08-12T11:56:11.392
SNR_VALID red3 hydrophone 2 snr=6 2026-08-12T11:59:12.700
SNR_VALID red3 hydrophone 2 snr=8 2026-08-12T12:01:52.747
SNR_VALID red3 hydrophone 2 snr=10 2026-08-12T12:03:56.689
SNR_VALID red3 hydrophone 2 snr=12 2026-08-12T12:05:28.201
SNR_VALID red3 hydrophone 2 snr=14 2026-08-12T12:06:43.279
SNR_VALID red3 hydrophone 2 snr=16 2026-08-12T12:07:53.289
SNR_VALID red3 hydrophone 2 snr=18 2026-08-12T12:08:57.944
SNR_VALID red3 hydrophone 2 snr=20 2026-08-12T12:10:01.667
SNR_VALID red3 hydrophone 2 snr=22 2026-08-12T12:11:05.694
SNR_VALID red3 hydrophone 2 snr=24 2026-08-12T12:12:09.051
SNR_VALID red3 hydrophone 2 snr=26 2026-08-12T12:13:14.303
SNR_VALID red3 hydrophone 2 snr=28 2026-08-12T12:14:15.861
SNR_VALID red3 hydrophone 2 snr=30 2026-08-12T12:15:16.334
PATH_VALID red3 hydrophone 2 2026-08-12T12:15:17.645
PATH_START red4 hydrophone 3 2026-08-12T12:15:18.324
SNR_VALID red4 hydrophone 3 snr=0 2026-08-12T12:18:30.845
SNR_VALID red4 hydrophone 3 snr=2 2026-08-12T12:21:42.285
SNR_VALID red4 hydrophone 3 snr=4 2026-08-12T12:24:57.092
SNR_VALID red4 hydrophone 3 snr=6 2026-08-12T12:27:58.742
SNR_VALID red4 hydrophone 3 snr=8 2026-08-12T12:30:12.150
SNR_VALID red4 hydrophone 3 snr=10 2026-08-12T12:31:57.494
SNR_VALID red4 hydrophone 3 snr=12 2026-08-12T12:33:09.203
SNR_VALID red4 hydrophone 3 snr=14 2026-08-12T12:34:11.495
SNR_VALID red4 hydrophone 3 snr=16 2026-08-12T12:35:11.973
SNR_VALID red4 hydrophone 3 snr=18 2026-08-12T12:36:03.644
SNR_VALID red4 hydrophone 3 snr=20 2026-08-12T12:36:54.962
SNR_VALID red4 hydrophone 3 snr=22 2026-08-12T12:37:43.658
SNR_VALID red4 hydrophone 3 snr=24 2026-08-12T12:38:31.338
SNR_VALID red4 hydrophone 3 snr=26 2026-08-12T12:39:15.540
SNR_VALID red4 hydrophone 3 snr=28 2026-08-12T12:39:58.913
SNR_VALID red4 hydrophone 3 snr=30 2026-08-12T12:40:43.465
PATH_VALID red4 hydrophone 3 2026-08-12T12:40:44.716
N1536_CRC_NO_HARM_COMPUTE_COMPLETE paths=3 2026-08-12T12:40:45.388
