N1536_CRC_NO_HARM_START paths=3 2026-08-12T11:08:41.858
PATH_START red1 hydrophone 1 2026-08-12T11:08:41.875
SNR_VALID red1 hydrophone 1 snr=0 2026-08-12T11:13:05.799
SNR_VALID red1 hydrophone 1 snr=2 2026-08-12T11:16:16.386
SNR_VALID red1 hydrophone 1 snr=4 2026-08-12T11:19:29.746
SNR_VALID red1 hydrophone 1 snr=6 2026-08-12T11:22:37.194
SNR_VALID red1 hydrophone 1 snr=8 2026-08-12T11:25:39.157
SNR_VALID red1 hydrophone 1 snr=10 2026-08-12T11:28:03.684
SNR_VALID red1 hydrophone 1 snr=12 2026-08-12T11:30:07.156
SNR_VALID red1 hydrophone 1 snr=14 2026-08-12T11:31:46.926
SNR_VALID red1 hydrophone 1 snr=16 2026-08-12T11:33:11.714
SNR_VALID red1 hydrophone 1 snr=18 2026-08-12T11:34:37.012
SNR_VALID red1 hydrophone 1 snr=20 2026-08-12T11:36:04.835
SNR_VALID red1 hydrophone 1 snr=22 2026-08-12T11:37:25.977
SNR_VALID red1 hydrophone 1 snr=24 2026-08-12T11:38:43.693
SNR_VALID red1 hydrophone 1 snr=26 2026-08-12T11:39:55.940
SNR_VALID red1 hydrophone 1 snr=28 2026-08-12T11:41:09.966
SNR_VALID red1 hydrophone 1 snr=30 2026-08-12T11:42:23.294
PATH_VALID red1 hydrophone 1 2026-08-12T11:42:27.415
PATH_START red2 hydrophone 2 2026-08-12T11:42:28.113
SNR_VALID red2 hydrophone 2 snr=0 2026-08-12T11:45:38.742
SNR_VALID red2 hydrophone 2 snr=2 2026-08-12T11:48:52.252
SNR_VALID red2 hydrophone 2 snr=4 2026-08-12T11:52:04.318
SNR_VALID red2 hydrophone 2 snr=6 2026-08-12T11:55:16.223
SNR_VALID red2 hydrophone 2 snr=8 2026-08-12T11:58:12.283
SNR_VALID red2 hydrophone 2 snr=10 2026-08-12T12:00:50.292
SNR_VALID red2 hydrophone 2 snr=12 2026-08-12T12:03:00.929
SNR_VALID red2 hydrophone 2 snr=14 2026-08-12T12:04:51.579
SNR_VALID red2 hydrophone 2 snr=16 2026-08-12T12:06:22.295
SNR_VALID red2 hydrophone 2 snr=18 2026-08-12T12:07:39.352
SNR_VALID red2 hydrophone 2 snr=20 2026-08-12T12:08:54.578
SNR_VALID red2 hydrophone 2 snr=22 2026-08-12T12:10:08.122
SNR_VALID red2 hydrophone 2 snr=24 2026-08-12T12:11:35.018
SNR_VALID red2 hydrophone 2 snr=26 2026-08-12T12:12:59.007
SNR_VALID red2 hydrophone 2 snr=28 2026-08-12T12:14:21.465
SNR_VALID red2 hydrophone 2 snr=30 2026-08-12T12:15:40.052
PATH_VALID red2 hydrophone 2 2026-08-12T12:15:41.619
PATH_START red3 hydrophone 3 2026-08-12T12:15:42.377
SNR_VALID red3 hydrophone 3 snr=0 2026-08-12T12:18:55.918
SNR_VALID red3 hydrophone 3 snr=2 2026-08-12T12:22:05.845
SNR_VALID red3 hydrophone 3 snr=4 2026-08-12T12:25:22.177
SNR_VALID red3 hydrophone 3 snr=6 2026-08-12T12:28:27.649
SNR_VALID red3 hydrophone 3 snr=8 2026-08-12T12:30:53.730
SNR_VALID red3 hydrophone 3 snr=10 2026-08-12T12:32:42.570
SNR_VALID red3 hydrophone 3 snr=12 2026-08-12T12:34:05.288
SNR_VALID red3 hydrophone 3 snr=14 2026-08-12T12:35:16.850
SNR_VALID red3 hydrophone 3 snr=16 2026-08-12T12:36:13.475
SNR_VALID red3 hydrophone 3 snr=18 2026-08-12T12:37:08.953
SNR_VALID red3 hydrophone 3 snr=20 2026-08-12T12:37:59.125
SNR_VALID red3 hydrophone 3 snr=22 2026-08-12T12:38:49.904
SNR_VALID red3 hydrophone 3 snr=24 2026-08-12T12:39:36.862
SNR_VALID red3 hydrophone 3 snr=26 2026-08-12T12:40:23.946
SNR_VALID red3 hydrophone 3 snr=28 2026-08-12T12:41:18.434
SNR_VALID red3 hydrophone 3 snr=30 2026-08-12T12:42:05.080
PATH_VALID red3 hydrophone 3 2026-08-12T12:42:06.544
N1536_CRC_NO_HARM_COMPUTE_COMPLETE paths=3 2026-08-12T12:42:07.129
