N1536_CRC_NO_HARM_START paths=3 2026-08-12T11:08:41.992
PATH_START red1 hydrophone 2 2026-08-12T11:08:42.008
SNR_VALID red1 hydrophone 2 snr=0 2026-08-12T11:13:07.329
SNR_VALID red1 hydrophone 2 snr=2 2026-08-12T11:16:14.660
SNR_VALID red1 hydrophone 2 snr=4 2026-08-12T11:19:27.956
SNR_VALID red1 hydrophone 2 snr=6 2026-08-12T11:22:40.519
SNR_VALID red1 hydrophone 2 snr=8 2026-08-12T11:25:42.929
SNR_VALID red1 hydrophone 2 snr=10 2026-08-12T11:28:18.725
SNR_VALID red1 hydrophone 2 snr=12 2026-08-12T11:30:12.838
SNR_VALID red1 hydrophone 2 snr=14 2026-08-12T11:31:33.684
SNR_VALID red1 hydrophone 2 snr=16 2026-08-12T11:32:42.223
SNR_VALID red1 hydrophone 2 snr=18 2026-08-12T11:33:48.970
SNR_VALID red1 hydrophone 2 snr=20 2026-08-12T11:35:02.695
SNR_VALID red1 hydrophone 2 snr=22 2026-08-12T11:36:10.208
SNR_VALID red1 hydrophone 2 snr=24 2026-08-12T11:37:19.018
SNR_VALID red1 hydrophone 2 snr=26 2026-08-12T11:38:26.266
SNR_VALID red1 hydrophone 2 snr=28 2026-08-12T11:39:32.538
SNR_VALID red1 hydrophone 2 snr=30 2026-08-12T11:40:35.929
PATH_VALID red1 hydrophone 2 2026-08-12T11:40:40.367
PATH_START red2 hydrophone 3 2026-08-12T11:40:41.343
SNR_VALID red2 hydrophone 3 snr=0 2026-08-12T11:43:49.580
SNR_VALID red2 hydrophone 3 snr=2 2026-08-12T11:47:04.169
SNR_VALID red2 hydrophone 3 snr=4 2026-08-12T11:50:19.728
SNR_VALID red2 hydrophone 3 snr=6 2026-08-12T11:53:28.860
SNR_VALID red2 hydrophone 3 snr=8 2026-08-12T11:56:26.086
SNR_VALID red2 hydrophone 3 snr=10 2026-08-12T11:58:57.551
SNR_VALID red2 hydrophone 3 snr=12 2026-08-12T12:00:53.178
SNR_VALID red2 hydrophone 3 snr=14 2026-08-12T12:02:27.440
SNR_VALID red2 hydrophone 3 snr=16 2026-08-12T12:03:37.947
SNR_VALID red2 hydrophone 3 snr=18 2026-08-12T12:04:52.051
SNR_VALID red2 hydrophone 3 snr=20 2026-08-12T12:06:06.220
SNR_VALID red2 hydrophone 3 snr=22 2026-08-12T12:07:15.444
SNR_VALID red2 hydrophone 3 snr=24 2026-08-12T12:08:19.949
SNR_VALID red2 hydrophone 3 snr=26 2026-08-12T12:09:26.156
SNR_VALID red2 hydrophone 3 snr=28 2026-08-12T12:10:30.516
SNR_VALID red2 hydrophone 3 snr=30 2026-08-12T12:11:33.558
PATH_VALID red2 hydrophone 3 2026-08-12T12:11:35.067
PATH_START red4 hydrophone 1 2026-08-12T12:11:35.740
SNR_VALID red4 hydrophone 1 snr=0 2026-08-12T12:14:48.742
SNR_VALID red4 hydrophone 1 snr=2 2026-08-12T12:18:01.997
SNR_VALID red4 hydrophone 1 snr=4 2026-08-12T12:21:15.089
SNR_VALID red4 hydrophone 1 snr=6 2026-08-12T12:24:07.352
SNR_VALID red4 hydrophone 1 snr=8 2026-08-12T12:26:19.471
SNR_VALID red4 hydrophone 1 snr=10 2026-08-12T12:27:47.009
SNR_VALID red4 hydrophone 1 snr=12 2026-08-12T12:29:00.549
SNR_VALID red4 hydrophone 1 snr=14 2026-08-12T12:29:59.454
SNR_VALID red4 hydrophone 1 snr=16 2026-08-12T12:30:55.253
SNR_VALID red4 hydrophone 1 snr=18 2026-08-12T12:31:57.210
SNR_VALID red4 hydrophone 1 snr=20 2026-08-12T12:32:52.696
SNR_VALID red4 hydrophone 1 snr=22 2026-08-12T12:33:51.743
SNR_VALID red4 hydrophone 1 snr=24 2026-08-12T12:34:47.201
SNR_VALID red4 hydrophone 1 snr=26 2026-08-12T12:35:40.676
SNR_VALID red4 hydrophone 1 snr=28 2026-08-12T12:36:28.166
SNR_VALID red4 hydrophone 1 snr=30 2026-08-12T12:37:16.785
PATH_VALID red4 hydrophone 1 2026-08-12T12:37:18.793
N1536_CRC_NO_HARM_COMPUTE_COMPLETE paths=3 2026-08-12T12:37:19.325
