N1536_CRC_NO_HARM_START paths=3 2026-08-12T11:08:42.482
PATH_START red1 hydrophone 3 2026-08-12T11:08:42.495
SNR_VALID red1 hydrophone 3 snr=0 2026-08-12T11:13:06.901
SNR_VALID red1 hydrophone 3 snr=2 2026-08-12T11:16:16.218
SNR_VALID red1 hydrophone 3 snr=4 2026-08-12T11:19:28.944
SNR_VALID red1 hydrophone 3 snr=6 2026-08-12T11:22:25.226
SNR_VALID red1 hydrophone 3 snr=8 2026-08-12T11:24:48.384
SNR_VALID red1 hydrophone 3 snr=10 2026-08-12T11:26:23.470
SNR_VALID red1 hydrophone 3 snr=12 2026-08-12T11:27:27.619
SNR_VALID red1 hydrophone 3 snr=14 2026-08-12T11:28:33.905
SNR_VALID red1 hydrophone 3 snr=16 2026-08-12T11:29:32.253
SNR_VALID red1 hydrophone 3 snr=18 2026-08-12T11:30:33.711
SNR_VALID red1 hydrophone 3 snr=20 2026-08-12T11:31:33.060
SNR_VALID red1 hydrophone 3 snr=22 2026-08-12T11:32:26.366
SNR_VALID red1 hydrophone 3 snr=24 2026-08-12T11:33:21.863
SNR_VALID red1 hydrophone 3 snr=26 2026-08-12T11:34:18.139
SNR_VALID red1 hydrophone 3 snr=28 2026-08-12T11:35:14.642
SNR_VALID red1 hydrophone 3 snr=30 2026-08-12T11:36:13.384
PATH_VALID red1 hydrophone 3 2026-08-12T11:36:17.018
PATH_START red3 hydrophone 1 2026-08-12T11:36:17.646
SNR_VALID red3 hydrophone 1 snr=0 2026-08-12T11:39:30.180
SNR_VALID red3 hydrophone 1 snr=2 2026-08-12T11:42:43.120
SNR_VALID red3 hydrophone 1 snr=4 2026-08-12T11:45:53.392
SNR_VALID red3 hydrophone 1 snr=6 2026-08-12T11:49:06.924
SNR_VALID red3 hydrophone 1 snr=8 2026-08-12T11:52:12.915
SNR_VALID red3 hydrophone 1 snr=10 2026-08-12T11:54:48.749
SNR_VALID red3 hydrophone 1 snr=12 2026-08-12T11:56:43.913
SNR_VALID red3 hydrophone 1 snr=14 2026-08-12T11:58:16.062
SNR_VALID red3 hydrophone 1 snr=16 2026-08-12T11:59:37.138
SNR_VALID red3 hydrophone 1 snr=18 2026-08-12T12:00:51.534
SNR_VALID red3 hydrophone 1 snr=20 2026-08-12T12:02:10.642
SNR_VALID red3 hydrophone 1 snr=22 2026-08-12T12:03:38.127
SNR_VALID red3 hydrophone 1 snr=24 2026-08-12T12:04:54.294
SNR_VALID red3 hydrophone 1 snr=26 2026-08-12T12:06:08.996
SNR_VALID red3 hydrophone 1 snr=28 2026-08-12T12:07:17.950
SNR_VALID red3 hydrophone 1 snr=30 2026-08-12T12:08:25.239
PATH_VALID red3 hydrophone 1 2026-08-12T12:08:27.351
PATH_START red4 hydrophone 2 2026-08-12T12:08:27.948
SNR_VALID red4 hydrophone 2 snr=0 2026-08-12T12:11:40.558
SNR_VALID red4 hydrophone 2 snr=2 2026-08-12T12:14:53.437
SNR_VALID red4 hydrophone 2 snr=4 2026-08-12T12:18:07.028
SNR_VALID red4 hydrophone 2 snr=6 2026-08-12T12:21:04.945
SNR_VALID red4 hydrophone 2 snr=8 2026-08-12T12:23:21.814
SNR_VALID red4 hydrophone 2 snr=10 2026-08-12T12:25:02.204
SNR_VALID red4 hydrophone 2 snr=12 2026-08-12T12:26:26.327
SNR_VALID red4 hydrophone 2 snr=14 2026-08-12T12:27:44.564
SNR_VALID red4 hydrophone 2 snr=16 2026-08-12T12:28:53.960
SNR_VALID red4 hydrophone 2 snr=18 2026-08-12T12:29:55.936
SNR_VALID red4 hydrophone 2 snr=20 2026-08-12T12:30:54.307
SNR_VALID red4 hydrophone 2 snr=22 2026-08-12T12:31:53.893
SNR_VALID red4 hydrophone 2 snr=24 2026-08-12T12:32:51.634
SNR_VALID red4 hydrophone 2 snr=26 2026-08-12T12:33:45.263
SNR_VALID red4 hydrophone 2 snr=28 2026-08-12T12:34:38.924
SNR_VALID red4 hydrophone 2 snr=30 2026-08-12T12:35:33.939
PATH_VALID red4 hydrophone 2 2026-08-12T12:35:35.096
N1536_CRC_NO_HARM_COMPUTE_COMPLETE paths=3 2026-08-12T12:35:35.783
