N1536_CRC_NO_HARM_START paths=3 2026-08-12T10:35:08.982
PATH_START red1 hydrophone 1 2026-08-12T10:35:08.994
SNR_VALID red1 hydrophone 1 snr=0 2026-08-12T10:37:28.667
SNR_VALID red1 hydrophone 1 snr=2 2026-08-12T10:38:30.546
SNR_VALID red1 hydrophone 1 snr=4 2026-08-12T10:39:30.657
SNR_VALID red1 hydrophone 1 snr=6 2026-08-12T10:40:28.384
SNR_VALID red1 hydrophone 1 snr=8 2026-08-12T10:41:27.453
SNR_VALID red1 hydrophone 1 snr=10 2026-08-12T10:42:10.549
SNR_VALID red1 hydrophone 1 snr=12 2026-08-12T10:42:43.402
SNR_VALID red1 hydrophone 1 snr=14 2026-08-12T10:43:09.702
SNR_VALID red1 hydrophone 1 snr=16 2026-08-12T10:43:32.893
SNR_VALID red1 hydrophone 1 snr=18 2026-08-12T10:43:57.082
SNR_VALID red1 hydrophone 1 snr=20 2026-08-12T10:44:23.069
SNR_VALID red1 hydrophone 1 snr=22 2026-08-12T10:44:47.492
SNR_VALID red1 hydrophone 1 snr=24 2026-08-12T10:45:11.766
SNR_VALID red1 hydrophone 1 snr=26 2026-08-12T10:45:37.189
SNR_VALID red1 hydrophone 1 snr=28 2026-08-12T10:46:01.463
SNR_VALID red1 hydrophone 1 snr=30 2026-08-12T10:46:24.601
PATH_VALID red1 hydrophone 1 2026-08-12T10:46:28.381
PATH_START red2 hydrophone 2 2026-08-12T10:46:29.162
SNR_VALID red2 hydrophone 2 snr=0 2026-08-12T10:47:28.164
SNR_VALID red2 hydrophone 2 snr=2 2026-08-12T10:48:29.284
SNR_VALID red2 hydrophone 2 snr=4 2026-08-12T10:49:28.919
SNR_VALID red2 hydrophone 2 snr=6 2026-08-12T10:50:35.666
SNR_VALID red2 hydrophone 2 snr=8 2026-08-12T10:51:36.841
SNR_VALID red2 hydrophone 2 snr=10 2026-08-12T10:52:28.107
SNR_VALID red2 hydrophone 2 snr=12 2026-08-12T10:53:08.780
SNR_VALID red2 hydrophone 2 snr=14 2026-08-12T10:53:40.031
SNR_VALID red2 hydrophone 2 snr=16 2026-08-12T10:54:07.255
SNR_VALID red2 hydrophone 2 snr=18 2026-08-12T10:54:34.456
SNR_VALID red2 hydrophone 2 snr=20 2026-08-12T10:55:00.683
SNR_VALID red2 hydrophone 2 snr=22 2026-08-12T10:55:27.677
SNR_VALID red2 hydrophone 2 snr=24 2026-08-12T10:55:54.888
SNR_VALID red2 hydrophone 2 snr=26 2026-08-12T10:56:18.004
SNR_VALID red2 hydrophone 2 snr=28 2026-08-12T10:56:42.622
SNR_VALID red2 hydrophone 2 snr=30 2026-08-12T10:57:07.018
PATH_VALID red2 hydrophone 2 2026-08-12T10:57:08.354
PATH_START red3 hydrophone 3 2026-08-12T10:57:08.928
SNR_VALID red3 hydrophone 3 snr=0 2026-08-12T10:58:12.657
SNR_VALID red3 hydrophone 3 snr=2 2026-08-12T10:59:15.687
SNR_VALID red3 hydrophone 3 snr=4 2026-08-12T11:00:16.056
SNR_VALID red3 hydrophone 3 snr=6 2026-08-12T11:01:15.955
SNR_VALID red3 hydrophone 3 snr=8 2026-08-12T11:02:15.384
SNR_VALID red3 hydrophone 3 snr=10 2026-08-12T11:02:56.780
SNR_VALID red3 hydrophone 3 snr=12 2026-08-12T11:03:30.472
SNR_VALID red3 hydrophone 3 snr=14 2026-08-12T11:03:56.949
SNR_VALID red3 hydrophone 3 snr=16 2026-08-12T11:04:22.296
SNR_VALID red3 hydrophone 3 snr=18 2026-08-12T11:04:47.583
SNR_VALID red3 hydrophone 3 snr=20 2026-08-12T11:05:13.066
SNR_VALID red3 hydrophone 3 snr=22 2026-08-12T11:05:36.821
SNR_VALID red3 hydrophone 3 snr=24 2026-08-12T11:05:57.158
SNR_VALID red3 hydrophone 3 snr=26 2026-08-12T11:06:16.923
SNR_VALID red3 hydrophone 3 snr=28 2026-08-12T11:06:36.732
SNR_VALID red3 hydrophone 3 snr=30 2026-08-12T11:06:56.373
PATH_VALID red3 hydrophone 3 2026-08-12T11:06:57.061
N1536_CRC_NO_HARM_COMPUTE_COMPLETE paths=3 2026-08-12T11:06:57.495
