N1536_CRC_NO_HARM_START paths=3 2026-08-12T10:35:08.828
PATH_START red2 hydrophone 1 2026-08-12T10:35:08.842
SNR_VALID red2 hydrophone 1 snr=0 2026-08-12T10:37:27.447
SNR_VALID red2 hydrophone 1 snr=2 2026-08-12T10:38:30.279
SNR_VALID red2 hydrophone 1 snr=4 2026-08-12T10:39:30.118
SNR_VALID red2 hydrophone 1 snr=6 2026-08-12T10:40:27.987
SNR_VALID red2 hydrophone 1 snr=8 2026-08-12T10:41:33.355
SNR_VALID red2 hydrophone 1 snr=10 2026-08-12T10:42:28.189
SNR_VALID red2 hydrophone 1 snr=12 2026-08-12T10:43:12.098
SNR_VALID red2 hydrophone 1 snr=14 2026-08-12T10:43:46.520
SNR_VALID red2 hydrophone 1 snr=16 2026-08-12T10:44:19.175
SNR_VALID red2 hydrophone 1 snr=18 2026-08-12T10:44:48.932
SNR_VALID red2 hydrophone 1 snr=20 2026-08-12T10:45:17.737
SNR_VALID red2 hydrophone 1 snr=22 2026-08-12T10:45:48.530
SNR_VALID red2 hydrophone 1 snr=24 2026-08-12T10:46:17.434
SNR_VALID red2 hydrophone 1 snr=26 2026-08-12T10:46:46.564
SNR_VALID red2 hydrophone 1 snr=28 2026-08-12T10:47:14.062
SNR_VALID red2 hydrophone 1 snr=30 2026-08-12T10:47:40.095
PATH_VALID red2 hydrophone 1 2026-08-12T10:47:43.971
PATH_START red3 hydrophone 2 2026-08-12T10:47:44.781
SNR_VALID red3 hydrophone 2 snr=0 2026-08-12T10:48:47.670
SNR_VALID red3 hydrophone 2 snr=2 2026-08-12T10:49:51.082
SNR_VALID red3 hydrophone 2 snr=4 2026-08-12T10:50:56.655
SNR_VALID red3 hydrophone 2 snr=6 2026-08-12T10:52:00.247
SNR_VALID red3 hydrophone 2 snr=8 2026-08-12T10:52:57.656
SNR_VALID red3 hydrophone 2 snr=10 2026-08-12T10:53:36.585
SNR_VALID red3 hydrophone 2 snr=12 2026-08-12T10:54:04.990
SNR_VALID red3 hydrophone 2 snr=14 2026-08-12T10:54:31.889
SNR_VALID red3 hydrophone 2 snr=16 2026-08-12T10:54:56.819
SNR_VALID red3 hydrophone 2 snr=18 2026-08-12T10:55:23.475
SNR_VALID red3 hydrophone 2 snr=20 2026-08-12T10:55:50.279
SNR_VALID red3 hydrophone 2 snr=22 2026-08-12T10:56:14.214
SNR_VALID red3 hydrophone 2 snr=24 2026-08-12T10:56:38.941
SNR_VALID red3 hydrophone 2 snr=26 2026-08-12T10:57:03.503
SNR_VALID red3 hydrophone 2 snr=28 2026-08-12T10:57:30.895
SNR_VALID red3 hydrophone 2 snr=30 2026-08-12T10:57:55.084
PATH_VALID red3 hydrophone 2 2026-08-12T10:57:56.473
PATH_START red4 hydrophone 3 2026-08-12T10:57:57.097
SNR_VALID red4 hydrophone 3 snr=0 2026-08-12T10:59:00.475
SNR_VALID red4 hydrophone 3 snr=2 2026-08-12T11:00:01.061
SNR_VALID red4 hydrophone 3 snr=4 2026-08-12T11:01:01.151
SNR_VALID red4 hydrophone 3 snr=6 2026-08-12T11:01:57.231
SNR_VALID red4 hydrophone 3 snr=8 2026-08-12T11:02:36.344
SNR_VALID red4 hydrophone 3 snr=10 2026-08-12T11:03:04.585
SNR_VALID red4 hydrophone 3 snr=12 2026-08-12T11:03:29.136
SNR_VALID red4 hydrophone 3 snr=14 2026-08-12T11:03:53.476
SNR_VALID red4 hydrophone 3 snr=16 2026-08-12T11:04:18.277
SNR_VALID red4 hydrophone 3 snr=18 2026-08-12T11:04:40.753
SNR_VALID red4 hydrophone 3 snr=20 2026-08-12T11:05:05.187
SNR_VALID red4 hydrophone 3 snr=22 2026-08-12T11:05:28.450
SNR_VALID red4 hydrophone 3 snr=24 2026-08-12T11:05:47.770
SNR_VALID red4 hydrophone 3 snr=26 2026-08-12T11:06:07.928
SNR_VALID red4 hydrophone 3 snr=28 2026-08-12T11:06:26.636
SNR_VALID red4 hydrophone 3 snr=30 2026-08-12T11:06:46.796
PATH_VALID red4 hydrophone 3 2026-08-12T11:06:48.254
N1536_CRC_NO_HARM_COMPUTE_COMPLETE paths=3 2026-08-12T11:06:48.737
