N1536_CRC_NO_HARM_START paths=3 2026-08-12T10:35:08.954
PATH_START red1 hydrophone 3 2026-08-12T10:35:08.974
SNR_VALID red1 hydrophone 3 snr=0 2026-08-12T10:37:28.326
SNR_VALID red1 hydrophone 3 snr=2 2026-08-12T10:38:30.548
SNR_VALID red1 hydrophone 3 snr=4 2026-08-12T10:39:29.879
SNR_VALID red1 hydrophone 3 snr=6 2026-08-12T10:40:26.098
SNR_VALID red1 hydrophone 3 snr=8 2026-08-12T10:41:00.696
SNR_VALID red1 hydrophone 3 snr=10 2026-08-12T10:41:30.240
SNR_VALID red1 hydrophone 3 snr=12 2026-08-12T10:41:53.643
SNR_VALID red1 hydrophone 3 snr=14 2026-08-12T10:42:17.084
SNR_VALID red1 hydrophone 3 snr=16 2026-08-12T10:42:40.854
SNR_VALID red1 hydrophone 3 snr=18 2026-08-12T10:43:04.669
SNR_VALID red1 hydrophone 3 snr=20 2026-08-12T10:43:26.037
SNR_VALID red1 hydrophone 3 snr=22 2026-08-12T10:43:48.476
SNR_VALID red1 hydrophone 3 snr=24 2026-08-12T10:44:12.025
SNR_VALID red1 hydrophone 3 snr=26 2026-08-12T10:44:34.873
SNR_VALID red1 hydrophone 3 snr=28 2026-08-12T10:44:57.386
SNR_VALID red1 hydrophone 3 snr=30 2026-08-12T10:45:21.210
PATH_VALID red1 hydrophone 3 2026-08-12T10:45:25.076
PATH_START red3 hydrophone 1 2026-08-12T10:45:25.757
SNR_VALID red3 hydrophone 1 snr=0 2026-08-12T10:46:27.534
SNR_VALID red3 hydrophone 1 snr=2 2026-08-12T10:47:26.160
SNR_VALID red3 hydrophone 1 snr=4 2026-08-12T10:48:26.726
SNR_VALID red3 hydrophone 1 snr=6 2026-08-12T10:49:26.457
SNR_VALID red3 hydrophone 1 snr=8 2026-08-12T10:50:34.035
SNR_VALID red3 hydrophone 1 snr=10 2026-08-12T10:51:28.792
SNR_VALID red3 hydrophone 1 snr=12 2026-08-12T10:52:11.229
SNR_VALID red3 hydrophone 1 snr=14 2026-08-12T10:52:44.177
SNR_VALID red3 hydrophone 1 snr=16 2026-08-12T10:53:12.697
SNR_VALID red3 hydrophone 1 snr=18 2026-08-12T10:53:37.341
SNR_VALID red3 hydrophone 1 snr=20 2026-08-12T10:54:02.291
SNR_VALID red3 hydrophone 1 snr=22 2026-08-12T10:54:26.786
SNR_VALID red3 hydrophone 1 snr=24 2026-08-12T10:54:51.605
SNR_VALID red3 hydrophone 1 snr=26 2026-08-12T10:55:18.179
SNR_VALID red3 hydrophone 1 snr=28 2026-08-12T10:55:44.177
SNR_VALID red3 hydrophone 1 snr=30 2026-08-12T10:56:08.314
PATH_VALID red3 hydrophone 1 2026-08-12T10:56:09.536
PATH_START red4 hydrophone 2 2026-08-12T10:56:10.185
SNR_VALID red4 hydrophone 2 snr=0 2026-08-12T10:57:12.404
SNR_VALID red4 hydrophone 2 snr=2 2026-08-12T10:58:14.597
SNR_VALID red4 hydrophone 2 snr=4 2026-08-12T10:59:16.683
SNR_VALID red4 hydrophone 2 snr=6 2026-08-12T11:00:12.389
SNR_VALID red4 hydrophone 2 snr=8 2026-08-12T11:00:49.248
SNR_VALID red4 hydrophone 2 snr=10 2026-08-12T11:01:15.186
SNR_VALID red4 hydrophone 2 snr=12 2026-08-12T11:01:40.045
SNR_VALID red4 hydrophone 2 snr=14 2026-08-12T11:02:04.230
SNR_VALID red4 hydrophone 2 snr=16 2026-08-12T11:02:28.987
SNR_VALID red4 hydrophone 2 snr=18 2026-08-12T11:02:52.476
SNR_VALID red4 hydrophone 2 snr=20 2026-08-12T11:03:16.436
SNR_VALID red4 hydrophone 2 snr=22 2026-08-12T11:03:40.282
SNR_VALID red4 hydrophone 2 snr=24 2026-08-12T11:04:03.751
SNR_VALID red4 hydrophone 2 snr=26 2026-08-12T11:04:27.215
SNR_VALID red4 hydrophone 2 snr=28 2026-08-12T11:04:50.097
SNR_VALID red4 hydrophone 2 snr=30 2026-08-12T11:05:14.874
PATH_VALID red4 hydrophone 2 2026-08-12T11:05:16.255
N1536_CRC_NO_HARM_COMPUTE_COMPLETE paths=3 2026-08-12T11:05:16.933
