N1536_CRC_NO_HARM_START paths=3 2026-08-12T10:35:08.285
PATH_START red1 hydrophone 2 2026-08-12T10:35:08.301
SNR_VALID red1 hydrophone 2 snr=0 2026-08-12T10:37:26.499
SNR_VALID red1 hydrophone 2 snr=2 2026-08-12T10:38:30.055
SNR_VALID red1 hydrophone 2 snr=4 2026-08-12T10:39:30.182
SNR_VALID red1 hydrophone 2 snr=6 2026-08-12T10:40:28.299
SNR_VALID red1 hydrophone 2 snr=8 2026-08-12T10:41:29.045
SNR_VALID red1 hydrophone 2 snr=10 2026-08-12T10:42:03.521
SNR_VALID red1 hydrophone 2 snr=12 2026-08-12T10:42:31.592
SNR_VALID red1 hydrophone 2 snr=14 2026-08-12T10:42:57.950
SNR_VALID red1 hydrophone 2 snr=16 2026-08-12T10:43:20.736
SNR_VALID red1 hydrophone 2 snr=18 2026-08-12T10:43:43.675
SNR_VALID red1 hydrophone 2 snr=20 2026-08-12T10:44:07.930
SNR_VALID red1 hydrophone 2 snr=22 2026-08-12T10:44:32.539
SNR_VALID red1 hydrophone 2 snr=24 2026-08-12T10:44:55.975
SNR_VALID red1 hydrophone 2 snr=26 2026-08-12T10:45:20.076
SNR_VALID red1 hydrophone 2 snr=28 2026-08-12T10:45:44.711
SNR_VALID red1 hydrophone 2 snr=30 2026-08-12T10:46:08.604
PATH_VALID red1 hydrophone 2 2026-08-12T10:46:11.910
PATH_START red2 hydrophone 3 2026-08-12T10:46:12.531
SNR_VALID red2 hydrophone 3 snr=0 2026-08-12T10:47:13.337
SNR_VALID red2 hydrophone 3 snr=2 2026-08-12T10:48:13.354
SNR_VALID red2 hydrophone 3 snr=4 2026-08-12T10:49:14.068
SNR_VALID red2 hydrophone 3 snr=6 2026-08-12T10:50:22.334
SNR_VALID red2 hydrophone 3 snr=8 2026-08-12T10:51:19.870
SNR_VALID red2 hydrophone 3 snr=10 2026-08-12T10:52:02.513
SNR_VALID red2 hydrophone 3 snr=12 2026-08-12T10:52:36.886
SNR_VALID red2 hydrophone 3 snr=14 2026-08-12T10:53:05.333
SNR_VALID red2 hydrophone 3 snr=16 2026-08-12T10:53:29.470
SNR_VALID red2 hydrophone 3 snr=18 2026-08-12T10:53:54.804
SNR_VALID red2 hydrophone 3 snr=20 2026-08-12T10:54:18.744
SNR_VALID red2 hydrophone 3 snr=22 2026-08-12T10:54:42.767
SNR_VALID red2 hydrophone 3 snr=24 2026-08-12T10:55:08.512
SNR_VALID red2 hydrophone 3 snr=26 2026-08-12T10:55:34.253
SNR_VALID red2 hydrophone 3 snr=28 2026-08-12T10:55:59.265
SNR_VALID red2 hydrophone 3 snr=30 2026-08-12T10:56:22.640
PATH_VALID red2 hydrophone 3 2026-08-12T10:56:24.121
PATH_START red4 hydrophone 1 2026-08-12T10:56:24.758
SNR_VALID red4 hydrophone 1 snr=0 2026-08-12T10:57:29.455
SNR_VALID red4 hydrophone 1 snr=2 2026-08-12T10:58:29.403
SNR_VALID red4 hydrophone 1 snr=4 2026-08-12T10:59:31.987
SNR_VALID red4 hydrophone 1 snr=6 2026-08-12T11:00:26.137
SNR_VALID red4 hydrophone 1 snr=8 2026-08-12T11:01:03.035
SNR_VALID red4 hydrophone 1 snr=10 2026-08-12T11:01:29.248
SNR_VALID red4 hydrophone 1 snr=12 2026-08-12T11:01:53.701
SNR_VALID red4 hydrophone 1 snr=14 2026-08-12T11:02:18.059
SNR_VALID red4 hydrophone 1 snr=16 2026-08-12T11:02:41.931
SNR_VALID red4 hydrophone 1 snr=18 2026-08-12T11:03:05.623
SNR_VALID red4 hydrophone 1 snr=20 2026-08-12T11:03:30.115
SNR_VALID red4 hydrophone 1 snr=22 2026-08-12T11:03:53.474
SNR_VALID red4 hydrophone 1 snr=24 2026-08-12T11:04:18.398
SNR_VALID red4 hydrophone 1 snr=26 2026-08-12T11:04:41.482
SNR_VALID red4 hydrophone 1 snr=28 2026-08-12T11:05:05.545
SNR_VALID red4 hydrophone 1 snr=30 2026-08-12T11:05:29.979
PATH_VALID red4 hydrophone 1 2026-08-12T11:05:31.383
N1536_CRC_NO_HARM_COMPUTE_COMPLETE paths=3 2026-08-12T11:05:31.875
