N1024_CRC_NO_HARM_START paths=3 2026-08-15T03:11:05.282
PATH_START blue1 hydrophone 3 2026-08-15T03:11:05.304
SNR_VALID blue1 hydrophone 3 snr=0 2026-08-15T03:12:42.860
SNR_VALID blue1 hydrophone 3 snr=2 2026-08-15T03:13:12.763
SNR_VALID blue1 hydrophone 3 snr=4 2026-08-15T03:13:42.296
SNR_VALID blue1 hydrophone 3 snr=6 2026-08-15T03:14:10.559
SNR_VALID blue1 hydrophone 3 snr=8 2026-08-15T03:14:31.688
SNR_VALID blue1 hydrophone 3 snr=10 2026-08-15T03:14:48.704
SNR_VALID blue1 hydrophone 3 snr=12 2026-08-15T03:15:05.955
SNR_VALID blue1 hydrophone 3 snr=14 2026-08-15T03:15:21.110
SNR_VALID blue1 hydrophone 3 snr=16 2026-08-15T03:15:35.723
SNR_VALID blue1 hydrophone 3 snr=18 2026-08-15T03:15:48.094
SNR_VALID blue1 hydrophone 3 snr=20 2026-08-15T03:16:01.894
SNR_VALID blue1 hydrophone 3 snr=22 2026-08-15T03:16:14.674
SNR_VALID blue1 hydrophone 3 snr=24 2026-08-15T03:16:27.037
SNR_VALID blue1 hydrophone 3 snr=26 2026-08-15T03:16:40.120
SNR_VALID blue1 hydrophone 3 snr=28 2026-08-15T03:16:52.320
SNR_VALID blue1 hydrophone 3 snr=30 2026-08-15T03:17:05.492
PATH_VALID blue1 hydrophone 3 2026-08-15T03:17:09.642
PATH_START blue3 hydrophone 1 2026-08-15T03:17:10.573
SNR_VALID blue3 hydrophone 1 snr=0 2026-08-15T03:17:43.930
SNR_VALID blue3 hydrophone 1 snr=2 2026-08-15T03:18:13.990
SNR_VALID blue3 hydrophone 1 snr=4 2026-08-15T03:18:44.346
SNR_VALID blue3 hydrophone 1 snr=6 2026-08-15T03:19:14.405
SNR_VALID blue3 hydrophone 1 snr=8 2026-08-15T03:19:45.502
SNR_VALID blue3 hydrophone 1 snr=10 2026-08-15T03:20:18.035
SNR_VALID blue3 hydrophone 1 snr=12 2026-08-15T03:20:49.121
SNR_VALID blue3 hydrophone 1 snr=14 2026-08-15T03:21:22.747
SNR_VALID blue3 hydrophone 1 snr=16 2026-08-15T03:21:54.803
SNR_VALID blue3 hydrophone 1 snr=18 2026-08-15T03:22:25.970
SNR_VALID blue3 hydrophone 1 snr=20 2026-08-15T03:22:56.605
SNR_VALID blue3 hydrophone 1 snr=22 2026-08-15T03:23:28.608
SNR_VALID blue3 hydrophone 1 snr=24 2026-08-15T03:24:02.240
SNR_VALID blue3 hydrophone 1 snr=26 2026-08-15T03:24:32.603
SNR_VALID blue3 hydrophone 1 snr=28 2026-08-15T03:25:02.644
SNR_VALID blue3 hydrophone 1 snr=30 2026-08-15T03:25:33.160
PATH_VALID blue3 hydrophone 1 2026-08-15T03:25:34.089
PATH_START blue4 hydrophone 2 2026-08-15T03:25:34.737
SNR_VALID blue4 hydrophone 2 snr=0 2026-08-15T03:26:12.072
SNR_VALID blue4 hydrophone 2 snr=2 2026-08-15T03:26:43.750
SNR_VALID blue4 hydrophone 2 snr=4 2026-08-15T03:27:14.018
SNR_VALID blue4 hydrophone 2 snr=6 2026-08-15T03:27:44.543
SNR_VALID blue4 hydrophone 2 snr=8 2026-08-15T03:28:14.894
SNR_VALID blue4 hydrophone 2 snr=10 2026-08-15T03:28:46.325
SNR_VALID blue4 hydrophone 2 snr=12 2026-08-15T03:29:16.564
SNR_VALID blue4 hydrophone 2 snr=14 2026-08-15T03:29:49.257
SNR_VALID blue4 hydrophone 2 snr=16 2026-08-15T03:30:20.904
SNR_VALID blue4 hydrophone 2 snr=18 2026-08-15T03:30:51.889
SNR_VALID blue4 hydrophone 2 snr=20 2026-08-15T03:31:23.455
SNR_VALID blue4 hydrophone 2 snr=22 2026-08-15T03:31:53.857
SNR_VALID blue4 hydrophone 2 snr=24 2026-08-15T03:32:24.698
SNR_VALID blue4 hydrophone 2 snr=26 2026-08-15T03:32:56.593
SNR_VALID blue4 hydrophone 2 snr=28 2026-08-15T03:33:29.340
SNR_VALID blue4 hydrophone 2 snr=30 2026-08-15T03:33:59.808
PATH_VALID blue4 hydrophone 2 2026-08-15T03:34:00.802
N1024_CRC_NO_HARM_COMPUTE_COMPLETE paths=3 2026-08-15T03:34:01.472
