N1024_CRC_NO_HARM_START paths=3 2026-08-15T03:11:04.891
PATH_START blue2 hydrophone 1 2026-08-15T03:11:04.903
SNR_VALID blue2 hydrophone 1 snr=0 2026-08-15T03:12:41.600
SNR_VALID blue2 hydrophone 1 snr=2 2026-08-15T03:13:11.586
SNR_VALID blue2 hydrophone 1 snr=4 2026-08-15T03:13:41.475
SNR_VALID blue2 hydrophone 1 snr=6 2026-08-15T03:14:11.849
SNR_VALID blue2 hydrophone 1 snr=8 2026-08-15T03:14:43.076
SNR_VALID blue2 hydrophone 1 snr=10 2026-08-15T03:15:16.680
SNR_VALID blue2 hydrophone 1 snr=12 2026-08-15T03:15:47.052
SNR_VALID blue2 hydrophone 1 snr=14 2026-08-15T03:16:17.848
SNR_VALID blue2 hydrophone 1 snr=16 2026-08-15T03:16:47.647
SNR_VALID blue2 hydrophone 1 snr=18 2026-08-15T03:17:19.828
SNR_VALID blue2 hydrophone 1 snr=20 2026-08-15T03:17:51.797
SNR_VALID blue2 hydrophone 1 snr=22 2026-08-15T03:18:21.667
SNR_VALID blue2 hydrophone 1 snr=24 2026-08-15T03:18:50.330
SNR_VALID blue2 hydrophone 1 snr=26 2026-08-15T03:19:21.505
SNR_VALID blue2 hydrophone 1 snr=28 2026-08-15T03:19:51.326
SNR_VALID blue2 hydrophone 1 snr=30 2026-08-15T03:20:24.156
PATH_VALID blue2 hydrophone 1 2026-08-15T03:20:28.517
PATH_START blue3 hydrophone 2 2026-08-15T03:20:29.212
SNR_VALID blue3 hydrophone 2 snr=0 2026-08-15T03:21:02.601
SNR_VALID blue3 hydrophone 2 snr=2 2026-08-15T03:21:36.410
SNR_VALID blue3 hydrophone 2 snr=4 2026-08-15T03:22:07.852
SNR_VALID blue3 hydrophone 2 snr=6 2026-08-15T03:22:38.089
SNR_VALID blue3 hydrophone 2 snr=8 2026-08-15T03:23:09.792
SNR_VALID blue3 hydrophone 2 snr=10 2026-08-15T03:23:42.624
SNR_VALID blue3 hydrophone 2 snr=12 2026-08-15T03:24:14.395
SNR_VALID blue3 hydrophone 2 snr=14 2026-08-15T03:24:46.006
SNR_VALID blue3 hydrophone 2 snr=16 2026-08-15T03:25:16.774
SNR_VALID blue3 hydrophone 2 snr=18 2026-08-15T03:25:49.225
SNR_VALID blue3 hydrophone 2 snr=20 2026-08-15T03:26:23.930
SNR_VALID blue3 hydrophone 2 snr=22 2026-08-15T03:26:53.476
SNR_VALID blue3 hydrophone 2 snr=24 2026-08-15T03:27:24.044
SNR_VALID blue3 hydrophone 2 snr=26 2026-08-15T03:27:54.376
SNR_VALID blue3 hydrophone 2 snr=28 2026-08-15T03:28:24.912
SNR_VALID blue3 hydrophone 2 snr=30 2026-08-15T03:28:54.914
PATH_VALID blue3 hydrophone 2 2026-08-15T03:28:55.883
PATH_START blue4 hydrophone 3 2026-08-15T03:28:56.611
SNR_VALID blue4 hydrophone 3 snr=0 2026-08-15T03:29:29.263
SNR_VALID blue4 hydrophone 3 snr=2 2026-08-15T03:30:01.473
SNR_VALID blue4 hydrophone 3 snr=4 2026-08-15T03:30:34.023
SNR_VALID blue4 hydrophone 3 snr=6 2026-08-15T03:31:04.526
SNR_VALID blue4 hydrophone 3 snr=8 2026-08-15T03:31:35.115
SNR_VALID blue4 hydrophone 3 snr=10 2026-08-15T03:32:06.523
SNR_VALID blue4 hydrophone 3 snr=12 2026-08-15T03:32:38.797
SNR_VALID blue4 hydrophone 3 snr=14 2026-08-15T03:33:10.884
SNR_VALID blue4 hydrophone 3 snr=16 2026-08-15T03:33:41.937
SNR_VALID blue4 hydrophone 3 snr=18 2026-08-15T03:34:12.327
SNR_VALID blue4 hydrophone 3 snr=20 2026-08-15T03:34:31.041
SNR_VALID blue4 hydrophone 3 snr=22 2026-08-15T03:34:49.956
SNR_VALID blue4 hydrophone 3 snr=24 2026-08-15T03:35:08.827
SNR_VALID blue4 hydrophone 3 snr=26 2026-08-15T03:35:27.153
SNR_VALID blue4 hydrophone 3 snr=28 2026-08-15T03:35:45.130
SNR_VALID blue4 hydrophone 3 snr=30 2026-08-15T03:36:02.866
PATH_VALID blue4 hydrophone 3 2026-08-15T03:36:04.539
N1024_CRC_NO_HARM_COMPUTE_COMPLETE paths=3 2026-08-15T03:36:05.110
