N1024_CRC_NO_HARM_START paths=3 2026-08-13T22:17:30.179
PATH_START blue1 hydrophone 1 2026-08-13T22:17:30.192
SNR_VALID blue1 hydrophone 1 snr=0 2026-08-13T22:18:54.520
SNR_VALID blue1 hydrophone 1 snr=2 2026-08-13T22:19:16.520
SNR_VALID blue1 hydrophone 1 snr=4 2026-08-13T22:19:37.810
SNR_VALID blue1 hydrophone 1 snr=6 2026-08-13T22:19:58.539
SNR_VALID blue1 hydrophone 1 snr=8 2026-08-13T22:20:17.967
SNR_VALID blue1 hydrophone 1 snr=10 2026-08-13T22:20:30.015
SNR_VALID blue1 hydrophone 1 snr=12 2026-08-13T22:20:39.595
SNR_VALID blue1 hydrophone 1 snr=14 2026-08-13T22:20:48.262
SNR_VALID blue1 hydrophone 1 snr=16 2026-08-13T22:20:56.245
SNR_VALID blue1 hydrophone 1 snr=18 2026-08-13T22:21:03.564
SNR_VALID blue1 hydrophone 1 snr=20 2026-08-13T22:21:09.914
SNR_VALID blue1 hydrophone 1 snr=22 2026-08-13T22:21:16.310
SNR_VALID blue1 hydrophone 1 snr=24 2026-08-13T22:21:23.288
SNR_VALID blue1 hydrophone 1 snr=26 2026-08-13T22:21:30.172
SNR_VALID blue1 hydrophone 1 snr=28 2026-08-13T22:21:36.893
SNR_VALID blue1 hydrophone 1 snr=30 2026-08-13T22:21:44.358
PATH_VALID blue1 hydrophone 1 2026-08-13T22:21:49.131
PATH_START blue2 hydrophone 2 2026-08-13T22:21:49.741
SNR_VALID blue2 hydrophone 2 snr=0 2026-08-13T22:22:12.529
SNR_VALID blue2 hydrophone 2 snr=2 2026-08-13T22:22:34.265
SNR_VALID blue2 hydrophone 2 snr=4 2026-08-13T22:22:56.860
SNR_VALID blue2 hydrophone 2 snr=6 2026-08-13T22:23:18.671
SNR_VALID blue2 hydrophone 2 snr=8 2026-08-13T22:23:40.906
SNR_VALID blue2 hydrophone 2 snr=10 2026-08-13T22:24:04.164
SNR_VALID blue2 hydrophone 2 snr=12 2026-08-13T22:24:25.845
SNR_VALID blue2 hydrophone 2 snr=14 2026-08-13T22:24:49.984
SNR_VALID blue2 hydrophone 2 snr=16 2026-08-13T22:25:13.908
SNR_VALID blue2 hydrophone 2 snr=18 2026-08-13T22:25:36.551
SNR_VALID blue2 hydrophone 2 snr=20 2026-08-13T22:26:00.671
SNR_VALID blue2 hydrophone 2 snr=22 2026-08-13T22:26:22.229
SNR_VALID blue2 hydrophone 2 snr=24 2026-08-13T22:26:43.784
SNR_VALID blue2 hydrophone 2 snr=26 2026-08-13T22:27:07.209
SNR_VALID blue2 hydrophone 2 snr=28 2026-08-13T22:27:30.347
SNR_VALID blue2 hydrophone 2 snr=30 2026-08-13T22:27:54.791
PATH_VALID blue2 hydrophone 2 2026-08-13T22:27:55.628
PATH_START blue3 hydrophone 3 2026-08-13T22:27:56.294
SNR_VALID blue3 hydrophone 3 snr=0 2026-08-13T22:28:21.220
SNR_VALID blue3 hydrophone 3 snr=2 2026-08-13T22:28:44.422
SNR_VALID blue3 hydrophone 3 snr=4 2026-08-13T22:29:06.353
SNR_VALID blue3 hydrophone 3 snr=6 2026-08-13T22:29:29.780
SNR_VALID blue3 hydrophone 3 snr=8 2026-08-13T22:29:52.051
SNR_VALID blue3 hydrophone 3 snr=10 2026-08-13T22:30:13.905
SNR_VALID blue3 hydrophone 3 snr=12 2026-08-13T22:30:36.213
SNR_VALID blue3 hydrophone 3 snr=14 2026-08-13T22:30:58.735
SNR_VALID blue3 hydrophone 3 snr=16 2026-08-13T22:31:20.877
SNR_VALID blue3 hydrophone 3 snr=18 2026-08-13T22:31:43.259
SNR_VALID blue3 hydrophone 3 snr=20 2026-08-13T22:32:04.758
SNR_VALID blue3 hydrophone 3 snr=22 2026-08-13T22:32:26.324
SNR_VALID blue3 hydrophone 3 snr=24 2026-08-13T22:32:47.882
SNR_VALID blue3 hydrophone 3 snr=26 2026-08-13T22:33:09.813
SNR_VALID blue3 hydrophone 3 snr=28 2026-08-13T22:33:31.610
SNR_VALID blue3 hydrophone 3 snr=30 2026-08-13T22:33:52.073
PATH_VALID blue3 hydrophone 3 2026-08-13T22:33:52.709
N1024_CRC_NO_HARM_COMPUTE_COMPLETE paths=3 2026-08-13T22:33:53.132
