DIRECT18_START paths=3 2026-08-14T22:12:21.562
PATH_START red1 hydrophone 2 2026-08-14T22:12:21.582
SNR_VALID red1 hydrophone 2 snr=0 2026-08-14T22:14:00.986
SNR_VALID red1 hydrophone 2 snr=2 2026-08-14T22:14:28.999
SNR_VALID red1 hydrophone 2 snr=4 2026-08-14T22:14:56.470
SNR_VALID red1 hydrophone 2 snr=6 2026-08-14T22:15:23.359
SNR_VALID red1 hydrophone 2 snr=8 2026-08-14T22:15:49.820
SNR_VALID red1 hydrophone 2 snr=10 2026-08-14T22:16:14.201
SNR_VALID red1 hydrophone 2 snr=12 2026-08-14T22:16:37.703
SNR_VALID red1 hydrophone 2 snr=14 2026-08-14T22:17:01.718
SNR_VALID red1 hydrophone 2 snr=16 2026-08-14T22:17:25.744
SNR_VALID red1 hydrophone 2 snr=18 2026-08-14T22:17:49.968
SNR_VALID red1 hydrophone 2 snr=20 2026-08-14T22:18:14.148
SNR_VALID red1 hydrophone 2 snr=22 2026-08-14T22:18:37.926
SNR_VALID red1 hydrophone 2 snr=24 2026-08-14T22:19:02.125
SNR_VALID red1 hydrophone 2 snr=26 2026-08-14T22:19:26.043
SNR_VALID red1 hydrophone 2 snr=28 2026-08-14T22:19:49.600
SNR_VALID red1 hydrophone 2 snr=30 2026-08-14T22:20:14.534
PATH_VALID red1 hydrophone 2 2026-08-14T22:20:15.778
PATH_START red2 hydrophone 3 2026-08-14T22:20:16.018
SNR_VALID red2 hydrophone 3 snr=0 2026-08-14T22:20:45.002
SNR_VALID red2 hydrophone 3 snr=2 2026-08-14T22:21:14.725
SNR_VALID red2 hydrophone 3 snr=4 2026-08-14T22:21:43.738
SNR_VALID red2 hydrophone 3 snr=6 2026-08-14T22:22:11.853
SNR_VALID red2 hydrophone 3 snr=8 2026-08-14T22:22:38.234
SNR_VALID red2 hydrophone 3 snr=10 2026-08-14T22:23:03.702
SNR_VALID red2 hydrophone 3 snr=12 2026-08-14T22:23:29.736
SNR_VALID red2 hydrophone 3 snr=14 2026-08-14T22:23:55.582
SNR_VALID red2 hydrophone 3 snr=16 2026-08-14T22:24:21.163
SNR_VALID red2 hydrophone 3 snr=18 2026-08-14T22:24:45.418
SNR_VALID red2 hydrophone 3 snr=20 2026-08-14T22:25:11.771
SNR_VALID red2 hydrophone 3 snr=22 2026-08-14T22:25:35.810
SNR_VALID red2 hydrophone 3 snr=24 2026-08-14T22:26:02.504
SNR_VALID red2 hydrophone 3 snr=26 2026-08-14T22:26:26.648
SNR_VALID red2 hydrophone 3 snr=28 2026-08-14T22:26:50.257
SNR_VALID red2 hydrophone 3 snr=30 2026-08-14T22:27:15.831
PATH_VALID red2 hydrophone 3 2026-08-14T22:27:16.098
PATH_START red4 hydrophone 1 2026-08-14T22:27:16.420
SNR_VALID red4 hydrophone 1 snr=0 2026-08-14T22:27:43.986
SNR_VALID red4 hydrophone 1 snr=2 2026-08-14T22:28:11.696
SNR_VALID red4 hydrophone 1 snr=4 2026-08-14T22:28:39.316
SNR_VALID red4 hydrophone 1 snr=6 2026-08-14T22:29:05.373
SNR_VALID red4 hydrophone 1 snr=8 2026-08-14T22:29:29.057
SNR_VALID red4 hydrophone 1 snr=10 2026-08-14T22:29:53.079
SNR_VALID red4 hydrophone 1 snr=12 2026-08-14T22:30:17.458
SNR_VALID red4 hydrophone 1 snr=14 2026-08-14T22:30:42.498
SNR_VALID red4 hydrophone 1 snr=16 2026-08-14T22:31:07.523
SNR_VALID red4 hydrophone 1 snr=18 2026-08-14T22:31:30.879
SNR_VALID red4 hydrophone 1 snr=20 2026-08-14T22:31:54.684
SNR_VALID red4 hydrophone 1 snr=22 2026-08-14T22:32:18.572
SNR_VALID red4 hydrophone 1 snr=24 2026-08-14T22:32:42.112
SNR_VALID red4 hydrophone 1 snr=26 2026-08-14T22:33:06.742
SNR_VALID red4 hydrophone 1 snr=28 2026-08-14T22:33:32.230
SNR_VALID red4 hydrophone 1 snr=30 2026-08-14T22:33:55.586
PATH_VALID red4 hydrophone 1 2026-08-14T22:33:55.686
DIRECT18_COMPUTE_COMPLETE paths=3 2026-08-14T22:33:55.888
