DIRECT18_START paths=3 2026-08-14T22:12:21.292
PATH_START red2 hydrophone 1 2026-08-14T22:12:21.302
SNR_VALID red2 hydrophone 1 snr=0 2026-08-14T22:14:01.020
SNR_VALID red2 hydrophone 1 snr=2 2026-08-14T22:14:29.515
SNR_VALID red2 hydrophone 1 snr=4 2026-08-14T22:14:57.178
SNR_VALID red2 hydrophone 1 snr=6 2026-08-14T22:15:24.808
SNR_VALID red2 hydrophone 1 snr=8 2026-08-14T22:15:53.589
SNR_VALID red2 hydrophone 1 snr=10 2026-08-14T22:16:20.125
SNR_VALID red2 hydrophone 1 snr=12 2026-08-14T22:16:45.661
SNR_VALID red2 hydrophone 1 snr=14 2026-08-14T22:17:10.489
SNR_VALID red2 hydrophone 1 snr=16 2026-08-14T22:17:36.064
SNR_VALID red2 hydrophone 1 snr=18 2026-08-14T22:18:00.479
SNR_VALID red2 hydrophone 1 snr=20 2026-08-14T22:18:25.219
SNR_VALID red2 hydrophone 1 snr=22 2026-08-14T22:18:49.873
SNR_VALID red2 hydrophone 1 snr=24 2026-08-14T22:19:14.996
SNR_VALID red2 hydrophone 1 snr=26 2026-08-14T22:19:38.848
SNR_VALID red2 hydrophone 1 snr=28 2026-08-14T22:20:02.997
SNR_VALID red2 hydrophone 1 snr=30 2026-08-14T22:20:27.737
PATH_VALID red2 hydrophone 1 2026-08-14T22:20:29.469
PATH_START red3 hydrophone 2 2026-08-14T22:20:29.745
SNR_VALID red3 hydrophone 2 snr=0 2026-08-14T22:20:58.618
SNR_VALID red3 hydrophone 2 snr=2 2026-08-14T22:21:27.229
SNR_VALID red3 hydrophone 2 snr=4 2026-08-14T22:21:56.162
SNR_VALID red3 hydrophone 2 snr=6 2026-08-14T22:22:24.235
SNR_VALID red3 hydrophone 2 snr=8 2026-08-14T22:22:51.355
SNR_VALID red3 hydrophone 2 snr=10 2026-08-14T22:23:16.895
SNR_VALID red3 hydrophone 2 snr=12 2026-08-14T22:23:42.882
SNR_VALID red3 hydrophone 2 snr=14 2026-08-14T22:24:09.470
SNR_VALID red3 hydrophone 2 snr=16 2026-08-14T22:24:33.910
SNR_VALID red3 hydrophone 2 snr=18 2026-08-14T22:25:00.657
SNR_VALID red3 hydrophone 2 snr=20 2026-08-14T22:25:25.218
SNR_VALID red3 hydrophone 2 snr=22 2026-08-14T22:25:50.773
SNR_VALID red3 hydrophone 2 snr=24 2026-08-14T22:26:16.442
SNR_VALID red3 hydrophone 2 snr=26 2026-08-14T22:26:40.825
SNR_VALID red3 hydrophone 2 snr=28 2026-08-14T22:27:05.677
SNR_VALID red3 hydrophone 2 snr=30 2026-08-14T22:27:29.585
PATH_VALID red3 hydrophone 2 2026-08-14T22:27:29.746
PATH_START red4 hydrophone 3 2026-08-14T22:27:30.035
SNR_VALID red4 hydrophone 3 snr=0 2026-08-14T22:27:58.147
SNR_VALID red4 hydrophone 3 snr=2 2026-08-14T22:28:26.281
SNR_VALID red4 hydrophone 3 snr=4 2026-08-14T22:28:54.240
SNR_VALID red4 hydrophone 3 snr=6 2026-08-14T22:29:20.688
SNR_VALID red4 hydrophone 3 snr=8 2026-08-14T22:29:46.043
SNR_VALID red4 hydrophone 3 snr=10 2026-08-14T22:30:11.100
SNR_VALID red4 hydrophone 3 snr=12 2026-08-14T22:30:36.472
SNR_VALID red4 hydrophone 3 snr=14 2026-08-14T22:31:01.247
SNR_VALID red4 hydrophone 3 snr=16 2026-08-14T22:31:25.536
SNR_VALID red4 hydrophone 3 snr=18 2026-08-14T22:31:49.304
SNR_VALID red4 hydrophone 3 snr=20 2026-08-14T22:32:13.270
SNR_VALID red4 hydrophone 3 snr=22 2026-08-14T22:32:36.951
SNR_VALID red4 hydrophone 3 snr=24 2026-08-14T22:33:00.767
SNR_VALID red4 hydrophone 3 snr=26 2026-08-14T22:33:27.646
SNR_VALID red4 hydrophone 3 snr=28 2026-08-14T22:33:50.892
SNR_VALID red4 hydrophone 3 snr=30 2026-08-14T22:34:08.168
PATH_VALID red4 hydrophone 3 2026-08-14T22:34:08.245
DIRECT18_COMPUTE_COMPLETE paths=3 2026-08-14T22:34:08.394
