DIRECT18_START paths=3 2026-08-14T22:12:21.730
PATH_START red1 hydrophone 3 2026-08-14T22:12:21.746
SNR_VALID red1 hydrophone 3 snr=0 2026-08-14T22:14:01.230
SNR_VALID red1 hydrophone 3 snr=2 2026-08-14T22:14:29.484
SNR_VALID red1 hydrophone 3 snr=4 2026-08-14T22:14:57.262
SNR_VALID red1 hydrophone 3 snr=6 2026-08-14T22:15:23.929
SNR_VALID red1 hydrophone 3 snr=8 2026-08-14T22:15:48.918
SNR_VALID red1 hydrophone 3 snr=10 2026-08-14T22:16:13.338
SNR_VALID red1 hydrophone 3 snr=12 2026-08-14T22:16:37.312
SNR_VALID red1 hydrophone 3 snr=14 2026-08-14T22:17:01.035
SNR_VALID red1 hydrophone 3 snr=16 2026-08-14T22:17:24.834
SNR_VALID red1 hydrophone 3 snr=18 2026-08-14T22:17:48.606
SNR_VALID red1 hydrophone 3 snr=20 2026-08-14T22:18:12.515
SNR_VALID red1 hydrophone 3 snr=22 2026-08-14T22:18:35.811
SNR_VALID red1 hydrophone 3 snr=24 2026-08-14T22:19:00.067
SNR_VALID red1 hydrophone 3 snr=26 2026-08-14T22:19:23.499
SNR_VALID red1 hydrophone 3 snr=28 2026-08-14T22:19:46.878
SNR_VALID red1 hydrophone 3 snr=30 2026-08-14T22:20:10.768
PATH_VALID red1 hydrophone 3 2026-08-14T22:20:12.129
PATH_START red3 hydrophone 1 2026-08-14T22:20:12.423
SNR_VALID red3 hydrophone 1 snr=0 2026-08-14T22:20:41.094
SNR_VALID red3 hydrophone 1 snr=2 2026-08-14T22:21:10.477
SNR_VALID red3 hydrophone 1 snr=4 2026-08-14T22:21:39.138
SNR_VALID red3 hydrophone 1 snr=6 2026-08-14T22:22:06.284
SNR_VALID red3 hydrophone 1 snr=8 2026-08-14T22:22:33.527
SNR_VALID red3 hydrophone 1 snr=10 2026-08-14T22:22:59.317
SNR_VALID red3 hydrophone 1 snr=12 2026-08-14T22:23:25.423
SNR_VALID red3 hydrophone 1 snr=14 2026-08-14T22:23:51.029
SNR_VALID red3 hydrophone 1 snr=16 2026-08-14T22:24:16.408
SNR_VALID red3 hydrophone 1 snr=18 2026-08-14T22:24:40.452
SNR_VALID red3 hydrophone 1 snr=20 2026-08-14T22:25:06.595
SNR_VALID red3 hydrophone 1 snr=22 2026-08-14T22:25:30.308
SNR_VALID red3 hydrophone 1 snr=24 2026-08-14T22:25:55.929
SNR_VALID red3 hydrophone 1 snr=26 2026-08-14T22:26:20.053
SNR_VALID red3 hydrophone 1 snr=28 2026-08-14T22:26:43.748
SNR_VALID red3 hydrophone 1 snr=30 2026-08-14T22:27:08.629
PATH_VALID red3 hydrophone 1 2026-08-14T22:27:08.763
PATH_START red4 hydrophone 2 2026-08-14T22:27:09.070
SNR_VALID red4 hydrophone 2 snr=0 2026-08-14T22:27:37.340
SNR_VALID red4 hydrophone 2 snr=2 2026-08-14T22:28:04.521
SNR_VALID red4 hydrophone 2 snr=4 2026-08-14T22:28:30.758
SNR_VALID red4 hydrophone 2 snr=6 2026-08-14T22:28:55.680
SNR_VALID red4 hydrophone 2 snr=8 2026-08-14T22:29:19.841
SNR_VALID red4 hydrophone 2 snr=10 2026-08-14T22:29:43.699
SNR_VALID red4 hydrophone 2 snr=12 2026-08-14T22:30:07.795
SNR_VALID red4 hydrophone 2 snr=14 2026-08-14T22:30:32.340
SNR_VALID red4 hydrophone 2 snr=16 2026-08-14T22:30:56.788
SNR_VALID red4 hydrophone 2 snr=18 2026-08-14T22:31:20.822
SNR_VALID red4 hydrophone 2 snr=20 2026-08-14T22:31:44.257
SNR_VALID red4 hydrophone 2 snr=22 2026-08-14T22:32:07.694
SNR_VALID red4 hydrophone 2 snr=24 2026-08-14T22:32:31.277
SNR_VALID red4 hydrophone 2 snr=26 2026-08-14T22:32:54.871
SNR_VALID red4 hydrophone 2 snr=28 2026-08-14T22:33:20.118
SNR_VALID red4 hydrophone 2 snr=30 2026-08-14T22:33:44.507
PATH_VALID red4 hydrophone 2 2026-08-14T22:33:45.009
DIRECT18_COMPUTE_COMPLETE paths=3 2026-08-14T22:33:45.338
