DIRECT18_START paths=3 2026-08-14T22:12:21.870
PATH_START red1 hydrophone 1 2026-08-14T22:12:21.882
SNR_VALID red1 hydrophone 1 snr=0 2026-08-14T22:14:00.126
SNR_VALID red1 hydrophone 1 snr=2 2026-08-14T22:14:26.747
SNR_VALID red1 hydrophone 1 snr=4 2026-08-14T22:14:53.892
SNR_VALID red1 hydrophone 1 snr=6 2026-08-14T22:15:19.942
SNR_VALID red1 hydrophone 1 snr=8 2026-08-14T22:15:45.835
SNR_VALID red1 hydrophone 1 snr=10 2026-08-14T22:16:10.676
SNR_VALID red1 hydrophone 1 snr=12 2026-08-14T22:16:33.191
SNR_VALID red1 hydrophone 1 snr=14 2026-08-14T22:16:56.594
SNR_VALID red1 hydrophone 1 snr=16 2026-08-14T22:17:19.823
SNR_VALID red1 hydrophone 1 snr=18 2026-08-14T22:17:43.170
SNR_VALID red1 hydrophone 1 snr=20 2026-08-14T22:18:06.683
SNR_VALID red1 hydrophone 1 snr=22 2026-08-14T22:18:29.931
SNR_VALID red1 hydrophone 1 snr=24 2026-08-14T22:18:53.299
SNR_VALID red1 hydrophone 1 snr=26 2026-08-14T22:19:15.962
SNR_VALID red1 hydrophone 1 snr=28 2026-08-14T22:19:39.489
SNR_VALID red1 hydrophone 1 snr=30 2026-08-14T22:20:02.304
PATH_VALID red1 hydrophone 1 2026-08-14T22:20:04.030
PATH_START red2 hydrophone 2 2026-08-14T22:20:04.355
SNR_VALID red2 hydrophone 2 snr=0 2026-08-14T22:20:35.453
SNR_VALID red2 hydrophone 2 snr=2 2026-08-14T22:21:04.925
SNR_VALID red2 hydrophone 2 snr=4 2026-08-14T22:21:34.522
SNR_VALID red2 hydrophone 2 snr=6 2026-08-14T22:22:03.247
SNR_VALID red2 hydrophone 2 snr=8 2026-08-14T22:22:31.580
SNR_VALID red2 hydrophone 2 snr=10 2026-08-14T22:22:57.066
SNR_VALID red2 hydrophone 2 snr=12 2026-08-14T22:23:23.091
SNR_VALID red2 hydrophone 2 snr=14 2026-08-14T22:23:49.478
SNR_VALID red2 hydrophone 2 snr=16 2026-08-14T22:24:15.468
SNR_VALID red2 hydrophone 2 snr=18 2026-08-14T22:24:38.830
SNR_VALID red2 hydrophone 2 snr=20 2026-08-14T22:25:05.045
SNR_VALID red2 hydrophone 2 snr=22 2026-08-14T22:25:29.738
SNR_VALID red2 hydrophone 2 snr=24 2026-08-14T22:25:56.053
SNR_VALID red2 hydrophone 2 snr=26 2026-08-14T22:26:22.054
SNR_VALID red2 hydrophone 2 snr=28 2026-08-14T22:26:47.083
SNR_VALID red2 hydrophone 2 snr=30 2026-08-14T22:27:13.197
PATH_VALID red2 hydrophone 2 2026-08-14T22:27:13.329
PATH_START red3 hydrophone 3 2026-08-14T22:27:13.556
SNR_VALID red3 hydrophone 3 snr=0 2026-08-14T22:27:42.290
SNR_VALID red3 hydrophone 3 snr=2 2026-08-14T22:28:10.275
SNR_VALID red3 hydrophone 3 snr=4 2026-08-14T22:28:38.797
SNR_VALID red3 hydrophone 3 snr=6 2026-08-14T22:29:06.724
SNR_VALID red3 hydrophone 3 snr=8 2026-08-14T22:29:33.491
SNR_VALID red3 hydrophone 3 snr=10 2026-08-14T22:29:59.183
SNR_VALID red3 hydrophone 3 snr=12 2026-08-14T22:30:24.570
SNR_VALID red3 hydrophone 3 snr=14 2026-08-14T22:30:50.257
SNR_VALID red3 hydrophone 3 snr=16 2026-08-14T22:31:15.619
SNR_VALID red3 hydrophone 3 snr=18 2026-08-14T22:31:39.781
SNR_VALID red3 hydrophone 3 snr=20 2026-08-14T22:32:03.957
SNR_VALID red3 hydrophone 3 snr=22 2026-08-14T22:32:27.844
SNR_VALID red3 hydrophone 3 snr=24 2026-08-14T22:32:51.451
SNR_VALID red3 hydrophone 3 snr=26 2026-08-14T22:33:17.475
SNR_VALID red3 hydrophone 3 snr=28 2026-08-14T22:33:42.255
SNR_VALID red3 hydrophone 3 snr=30 2026-08-14T22:34:02.947
PATH_VALID red3 hydrophone 3 2026-08-14T22:34:03.035
DIRECT18_COMPUTE_COMPLETE paths=3 2026-08-14T22:34:03.273
