N1536_CRC_NO_HARM_START paths=3 2026-08-15T16:52:29.923
PATH_START red1 hydrophone 1 2026-08-15T16:52:29.935
SNR_VALID red1 hydrophone 1 snr=0 2026-08-15T16:55:09.346
SNR_VALID red1 hydrophone 1 snr=2 2026-08-15T16:56:37.442
SNR_VALID red1 hydrophone 1 snr=4 2026-08-15T16:58:13.130
SNR_VALID red1 hydrophone 1 snr=6 2026-08-15T16:59:41.825
SNR_VALID red1 hydrophone 1 snr=8 2026-08-15T17:01:05.049
SNR_VALID red1 hydrophone 1 snr=10 2026-08-15T17:02:24.901
SNR_VALID red1 hydrophone 1 snr=12 2026-08-15T17:03:32.988
SNR_VALID red1 hydrophone 1 snr=14 2026-08-15T17:04:25.275
SNR_VALID red1 hydrophone 1 snr=16 2026-08-15T17:05:15.262
SNR_VALID red1 hydrophone 1 snr=18 2026-08-15T17:06:01.167
SNR_VALID red1 hydrophone 1 snr=20 2026-08-15T17:06:48.698
SNR_VALID red1 hydrophone 1 snr=22 2026-08-15T17:07:29.501
SNR_VALID red1 hydrophone 1 snr=24 2026-08-15T17:08:11.431
SNR_VALID red1 hydrophone 1 snr=26 2026-08-15T17:08:56.568
SNR_VALID red1 hydrophone 1 snr=28 2026-08-15T17:09:43.997
SNR_VALID red1 hydrophone 1 snr=30 2026-08-15T17:10:24.789
PATH_VALID red1 hydrophone 1 2026-08-15T17:10:29.996
PATH_START red2 hydrophone 2 2026-08-15T17:10:30.850
SNR_VALID red2 hydrophone 2 snr=0 2026-08-15T17:11:57.448
SNR_VALID red2 hydrophone 2 snr=2 2026-08-15T17:13:16.165
SNR_VALID red2 hydrophone 2 snr=4 2026-08-15T17:14:32.519
SNR_VALID red2 hydrophone 2 snr=6 2026-08-15T17:15:53.738
SNR_VALID red2 hydrophone 2 snr=8 2026-08-15T17:17:12.664
SNR_VALID red2 hydrophone 2 snr=10 2026-08-15T17:18:29.703
SNR_VALID red2 hydrophone 2 snr=12 2026-08-15T17:19:38.039
SNR_VALID red2 hydrophone 2 snr=14 2026-08-15T17:20:32.428
SNR_VALID red2 hydrophone 2 snr=16 2026-08-15T17:21:26.268
SNR_VALID red2 hydrophone 2 snr=18 2026-08-15T17:22:18.294
SNR_VALID red2 hydrophone 2 snr=20 2026-08-15T17:23:05.893
SNR_VALID red2 hydrophone 2 snr=22 2026-08-15T17:23:48.819
SNR_VALID red2 hydrophone 2 snr=24 2026-08-15T17:24:34.587
SNR_VALID red2 hydrophone 2 snr=26 2026-08-15T17:25:21.466
SNR_VALID red2 hydrophone 2 snr=28 2026-08-15T17:26:14.617
SNR_VALID red2 hydrophone 2 snr=30 2026-08-15T17:26:57.268
PATH_VALID red2 hydrophone 2 2026-08-15T17:26:59.605
PATH_START red3 hydrophone 3 2026-08-15T17:27:00.350
SNR_VALID red3 hydrophone 3 snr=0 2026-08-15T17:28:19.901
SNR_VALID red3 hydrophone 3 snr=2 2026-08-15T17:29:36.615
SNR_VALID red3 hydrophone 3 snr=4 2026-08-15T17:30:59.703
SNR_VALID red3 hydrophone 3 snr=6 2026-08-15T17:32:20.527
SNR_VALID red3 hydrophone 3 snr=8 2026-08-15T17:33:35.312
SNR_VALID red3 hydrophone 3 snr=10 2026-08-15T17:34:50.777
SNR_VALID red3 hydrophone 3 snr=12 2026-08-15T17:35:53.062
SNR_VALID red3 hydrophone 3 snr=14 2026-08-15T17:36:46.352
SNR_VALID red3 hydrophone 3 snr=16 2026-08-15T17:37:33.311
SNR_VALID red3 hydrophone 3 snr=18 2026-08-15T17:38:16.758
SNR_VALID red3 hydrophone 3 snr=20 2026-08-15T17:38:59.544
SNR_VALID red3 hydrophone 3 snr=22 2026-08-15T17:39:37.417
SNR_VALID red3 hydrophone 3 snr=24 2026-08-15T17:40:11.777
SNR_VALID red3 hydrophone 3 snr=26 2026-08-15T17:40:41.296
SNR_VALID red3 hydrophone 3 snr=28 2026-08-15T17:41:14.491
SNR_VALID red3 hydrophone 3 snr=30 2026-08-15T17:41:45.084
PATH_VALID red3 hydrophone 3 2026-08-15T17:41:45.840
N1536_CRC_NO_HARM_COMPUTE_COMPLETE paths=3 2026-08-15T17:41:46.298
