N1536_CRC_NO_HARM_START paths=3 2026-08-15T16:52:30.141
PATH_START red2 hydrophone 1 2026-08-15T16:52:30.153
SNR_VALID red2 hydrophone 1 snr=0 2026-08-15T16:55:10.434
SNR_VALID red2 hydrophone 1 snr=2 2026-08-15T16:56:37.686
SNR_VALID red2 hydrophone 1 snr=4 2026-08-15T16:58:14.263
SNR_VALID red2 hydrophone 1 snr=6 2026-08-15T16:59:43.887
SNR_VALID red2 hydrophone 1 snr=8 2026-08-15T17:01:09.154
SNR_VALID red2 hydrophone 1 snr=10 2026-08-15T17:02:37.122
SNR_VALID red2 hydrophone 1 snr=12 2026-08-15T17:03:53.136
SNR_VALID red2 hydrophone 1 snr=14 2026-08-15T17:05:07.053
SNR_VALID red2 hydrophone 1 snr=16 2026-08-15T17:06:20.071
SNR_VALID red2 hydrophone 1 snr=18 2026-08-15T17:07:23.746
SNR_VALID red2 hydrophone 1 snr=20 2026-08-15T17:08:22.553
SNR_VALID red2 hydrophone 1 snr=22 2026-08-15T17:09:33.793
SNR_VALID red2 hydrophone 1 snr=24 2026-08-15T17:10:37.394
SNR_VALID red2 hydrophone 1 snr=26 2026-08-15T17:11:41.230
SNR_VALID red2 hydrophone 1 snr=28 2026-08-15T17:12:38.747
SNR_VALID red2 hydrophone 1 snr=30 2026-08-15T17:13:30.945
PATH_VALID red2 hydrophone 1 2026-08-15T17:13:35.463
PATH_START red3 hydrophone 2 2026-08-15T17:13:36.072
SNR_VALID red3 hydrophone 2 snr=0 2026-08-15T17:14:59.029
SNR_VALID red3 hydrophone 2 snr=2 2026-08-15T17:16:21.224
SNR_VALID red3 hydrophone 2 snr=4 2026-08-15T17:17:37.829
SNR_VALID red3 hydrophone 2 snr=6 2026-08-15T17:19:01.096
SNR_VALID red3 hydrophone 2 snr=8 2026-08-15T17:20:15.249
SNR_VALID red3 hydrophone 2 snr=10 2026-08-15T17:21:25.509
SNR_VALID red3 hydrophone 2 snr=12 2026-08-15T17:22:21.738
SNR_VALID red3 hydrophone 2 snr=14 2026-08-15T17:23:06.156
SNR_VALID red3 hydrophone 2 snr=16 2026-08-15T17:23:46.418
SNR_VALID red3 hydrophone 2 snr=18 2026-08-15T17:24:29.634
SNR_VALID red3 hydrophone 2 snr=20 2026-08-15T17:25:15.249
SNR_VALID red3 hydrophone 2 snr=22 2026-08-15T17:26:00.210
SNR_VALID red3 hydrophone 2 snr=24 2026-08-15T17:26:42.382
SNR_VALID red3 hydrophone 2 snr=26 2026-08-15T17:27:24.057
SNR_VALID red3 hydrophone 2 snr=28 2026-08-15T17:28:03.418
SNR_VALID red3 hydrophone 2 snr=30 2026-08-15T17:28:44.183
PATH_VALID red3 hydrophone 2 2026-08-15T17:28:45.764
PATH_START red4 hydrophone 3 2026-08-15T17:28:46.338
SNR_VALID red4 hydrophone 3 snr=0 2026-08-15T17:30:03.917
SNR_VALID red4 hydrophone 3 snr=2 2026-08-15T17:31:27.031
SNR_VALID red4 hydrophone 3 snr=4 2026-08-15T17:32:44.803
SNR_VALID red4 hydrophone 3 snr=6 2026-08-15T17:34:01.499
SNR_VALID red4 hydrophone 3 snr=8 2026-08-15T17:35:09.893
SNR_VALID red4 hydrophone 3 snr=10 2026-08-15T17:35:57.136
SNR_VALID red4 hydrophone 3 snr=12 2026-08-15T17:36:39.877
SNR_VALID red4 hydrophone 3 snr=14 2026-08-15T17:37:22.789
SNR_VALID red4 hydrophone 3 snr=16 2026-08-15T17:38:04.373
SNR_VALID red4 hydrophone 3 snr=18 2026-08-15T17:38:44.699
SNR_VALID red4 hydrophone 3 snr=20 2026-08-15T17:39:22.006
SNR_VALID red4 hydrophone 3 snr=22 2026-08-15T17:39:59.060
SNR_VALID red4 hydrophone 3 snr=24 2026-08-15T17:40:28.719
SNR_VALID red4 hydrophone 3 snr=26 2026-08-15T17:40:59.704
SNR_VALID red4 hydrophone 3 snr=28 2026-08-15T17:41:31.261
SNR_VALID red4 hydrophone 3 snr=30 2026-08-15T17:41:58.751
PATH_VALID red4 hydrophone 3 2026-08-15T17:41:59.406
N1536_CRC_NO_HARM_COMPUTE_COMPLETE paths=3 2026-08-15T17:42:00.434
