N1536_CRC_NO_HARM_START paths=3 2026-08-15T16:52:30.520
PATH_START red1 hydrophone 3 2026-08-15T16:52:30.534
SNR_VALID red1 hydrophone 3 snr=0 2026-08-15T16:55:10.234
SNR_VALID red1 hydrophone 3 snr=2 2026-08-15T16:56:37.534
SNR_VALID red1 hydrophone 3 snr=4 2026-08-15T16:58:13.831
SNR_VALID red1 hydrophone 3 snr=6 2026-08-15T16:59:43.313
SNR_VALID red1 hydrophone 3 snr=8 2026-08-15T17:00:52.938
SNR_VALID red1 hydrophone 3 snr=10 2026-08-15T17:01:39.659
SNR_VALID red1 hydrophone 3 snr=12 2026-08-15T17:02:31.540
SNR_VALID red1 hydrophone 3 snr=14 2026-08-15T17:03:15.879
SNR_VALID red1 hydrophone 3 snr=16 2026-08-15T17:03:53.685
SNR_VALID red1 hydrophone 3 snr=18 2026-08-15T17:04:35.157
SNR_VALID red1 hydrophone 3 snr=20 2026-08-15T17:05:16.993
SNR_VALID red1 hydrophone 3 snr=22 2026-08-15T17:05:59.368
SNR_VALID red1 hydrophone 3 snr=24 2026-08-15T17:06:41.766
SNR_VALID red1 hydrophone 3 snr=26 2026-08-15T17:07:20.595
SNR_VALID red1 hydrophone 3 snr=28 2026-08-15T17:08:01.007
SNR_VALID red1 hydrophone 3 snr=30 2026-08-15T17:08:42.039
PATH_VALID red1 hydrophone 3 2026-08-15T17:08:47.055
PATH_START red3 hydrophone 1 2026-08-15T17:08:47.709
SNR_VALID red3 hydrophone 1 snr=0 2026-08-15T17:10:14.648
SNR_VALID red3 hydrophone 1 snr=2 2026-08-15T17:11:41.651
SNR_VALID red3 hydrophone 1 snr=4 2026-08-15T17:13:01.512
SNR_VALID red3 hydrophone 1 snr=6 2026-08-15T17:14:15.891
SNR_VALID red3 hydrophone 1 snr=8 2026-08-15T17:15:37.960
SNR_VALID red3 hydrophone 1 snr=10 2026-08-15T17:16:52.462
SNR_VALID red3 hydrophone 1 snr=12 2026-08-15T17:18:04.470
SNR_VALID red3 hydrophone 1 snr=14 2026-08-15T17:19:08.529
SNR_VALID red3 hydrophone 1 snr=16 2026-08-15T17:19:59.873
SNR_VALID red3 hydrophone 1 snr=18 2026-08-15T17:20:50.553
SNR_VALID red3 hydrophone 1 snr=20 2026-08-15T17:21:41.549
SNR_VALID red3 hydrophone 1 snr=22 2026-08-15T17:22:32.108
SNR_VALID red3 hydrophone 1 snr=24 2026-08-15T17:23:12.800
SNR_VALID red3 hydrophone 1 snr=26 2026-08-15T17:23:58.072
SNR_VALID red3 hydrophone 1 snr=28 2026-08-15T17:24:45.574
SNR_VALID red3 hydrophone 1 snr=30 2026-08-15T17:25:30.849
PATH_VALID red3 hydrophone 1 2026-08-15T17:25:31.878
PATH_START red4 hydrophone 2 2026-08-15T17:25:32.617
SNR_VALID red4 hydrophone 2 snr=0 2026-08-15T17:27:00.507
SNR_VALID red4 hydrophone 2 snr=2 2026-08-15T17:28:20.252
SNR_VALID red4 hydrophone 2 snr=4 2026-08-15T17:29:37.265
SNR_VALID red4 hydrophone 2 snr=6 2026-08-15T17:30:58.776
SNR_VALID red4 hydrophone 2 snr=8 2026-08-15T17:32:05.692
SNR_VALID red4 hydrophone 2 snr=10 2026-08-15T17:32:49.858
SNR_VALID red4 hydrophone 2 snr=12 2026-08-15T17:33:32.314
SNR_VALID red4 hydrophone 2 snr=14 2026-08-15T17:34:15.057
SNR_VALID red4 hydrophone 2 snr=16 2026-08-15T17:34:57.133
SNR_VALID red4 hydrophone 2 snr=18 2026-08-15T17:35:38.611
SNR_VALID red4 hydrophone 2 snr=20 2026-08-15T17:36:17.486
SNR_VALID red4 hydrophone 2 snr=22 2026-08-15T17:36:58.546
SNR_VALID red4 hydrophone 2 snr=24 2026-08-15T17:37:39.311
SNR_VALID red4 hydrophone 2 snr=26 2026-08-15T17:38:20.015
SNR_VALID red4 hydrophone 2 snr=28 2026-08-15T17:38:59.497
SNR_VALID red4 hydrophone 2 snr=30 2026-08-15T17:39:36.867
PATH_VALID red4 hydrophone 2 2026-08-15T17:39:38.138
N1536_CRC_NO_HARM_COMPUTE_COMPLETE paths=3 2026-08-15T17:39:38.829
