N1536_CRC_NO_HARM_START paths=3 2026-08-15T16:52:30.088
PATH_START red1 hydrophone 2 2026-08-15T16:52:30.095
SNR_VALID red1 hydrophone 2 snr=0 2026-08-15T16:55:10.209
SNR_VALID red1 hydrophone 2 snr=2 2026-08-15T16:56:37.586
SNR_VALID red1 hydrophone 2 snr=4 2026-08-15T16:58:13.531
SNR_VALID red1 hydrophone 2 snr=6 2026-08-15T16:59:42.787
SNR_VALID red1 hydrophone 2 snr=8 2026-08-15T17:01:08.282
SNR_VALID red1 hydrophone 2 snr=10 2026-08-15T17:02:31.409
SNR_VALID red1 hydrophone 2 snr=12 2026-08-15T17:03:35.367
SNR_VALID red1 hydrophone 2 snr=14 2026-08-15T17:04:20.457
SNR_VALID red1 hydrophone 2 snr=16 2026-08-15T17:05:05.370
SNR_VALID red1 hydrophone 2 snr=18 2026-08-15T17:05:50.096
SNR_VALID red1 hydrophone 2 snr=20 2026-08-15T17:06:35.186
SNR_VALID red1 hydrophone 2 snr=22 2026-08-15T17:07:16.187
SNR_VALID red1 hydrophone 2 snr=24 2026-08-15T17:07:57.561
SNR_VALID red1 hydrophone 2 snr=26 2026-08-15T17:08:41.303
SNR_VALID red1 hydrophone 2 snr=28 2026-08-15T17:09:27.858
SNR_VALID red1 hydrophone 2 snr=30 2026-08-15T17:10:11.492
PATH_VALID red1 hydrophone 2 2026-08-15T17:10:14.288
PATH_START red2 hydrophone 3 2026-08-15T17:10:14.757
SNR_VALID red2 hydrophone 3 snr=0 2026-08-15T17:11:44.589
SNR_VALID red2 hydrophone 3 snr=2 2026-08-15T17:13:03.046
SNR_VALID red2 hydrophone 3 snr=4 2026-08-15T17:14:20.308
SNR_VALID red2 hydrophone 3 snr=6 2026-08-15T17:15:41.749
SNR_VALID red2 hydrophone 3 snr=8 2026-08-15T17:16:58.680
SNR_VALID red2 hydrophone 3 snr=10 2026-08-15T17:18:09.286
SNR_VALID red2 hydrophone 3 snr=12 2026-08-15T17:19:09.033
SNR_VALID red2 hydrophone 3 snr=14 2026-08-15T17:19:55.707
SNR_VALID red2 hydrophone 3 snr=16 2026-08-15T17:20:39.450
SNR_VALID red2 hydrophone 3 snr=18 2026-08-15T17:21:25.148
SNR_VALID red2 hydrophone 3 snr=20 2026-08-15T17:22:15.067
SNR_VALID red2 hydrophone 3 snr=22 2026-08-15T17:23:00.169
SNR_VALID red2 hydrophone 3 snr=24 2026-08-15T17:23:36.638
SNR_VALID red2 hydrophone 3 snr=26 2026-08-15T17:24:23.912
SNR_VALID red2 hydrophone 3 snr=28 2026-08-15T17:25:09.286
SNR_VALID red2 hydrophone 3 snr=30 2026-08-15T17:25:57.306
PATH_VALID red2 hydrophone 3 2026-08-15T17:25:59.220
PATH_START red4 hydrophone 1 2026-08-15T17:26:00.311
SNR_VALID red4 hydrophone 1 snr=0 2026-08-15T17:27:23.607
SNR_VALID red4 hydrophone 1 snr=2 2026-08-15T17:28:42.657
SNR_VALID red4 hydrophone 1 snr=4 2026-08-15T17:29:58.971
SNR_VALID red4 hydrophone 1 snr=6 2026-08-15T17:31:20.382
SNR_VALID red4 hydrophone 1 snr=8 2026-08-15T17:32:23.966
SNR_VALID red4 hydrophone 1 snr=10 2026-08-15T17:33:06.303
SNR_VALID red4 hydrophone 1 snr=12 2026-08-15T17:33:49.640
SNR_VALID red4 hydrophone 1 snr=14 2026-08-15T17:34:30.363
SNR_VALID red4 hydrophone 1 snr=16 2026-08-15T17:35:13.074
SNR_VALID red4 hydrophone 1 snr=18 2026-08-15T17:35:53.114
SNR_VALID red4 hydrophone 1 snr=20 2026-08-15T17:36:32.215
SNR_VALID red4 hydrophone 1 snr=22 2026-08-15T17:37:14.213
SNR_VALID red4 hydrophone 1 snr=24 2026-08-15T17:37:54.600
SNR_VALID red4 hydrophone 1 snr=26 2026-08-15T17:38:35.519
SNR_VALID red4 hydrophone 1 snr=28 2026-08-15T17:39:12.489
SNR_VALID red4 hydrophone 1 snr=30 2026-08-15T17:39:51.533
PATH_VALID red4 hydrophone 1 2026-08-15T17:39:52.361
N1536_CRC_NO_HARM_COMPUTE_COMPLETE paths=3 2026-08-15T17:39:52.875
