DIRECT18_START paths=3 2026-08-14T21:21:46.085
PATH_START red1 hydrophone 1 2026-08-14T21:21:46.103
SNR_VALID red1 hydrophone 1 snr=0 2026-08-14T21:23:30.282
SNR_VALID red1 hydrophone 1 snr=2 2026-08-14T21:24:01.027
SNR_VALID red1 hydrophone 1 snr=4 2026-08-14T21:24:30.565
SNR_VALID red1 hydrophone 1 snr=6 2026-08-14T21:25:02.894
SNR_VALID red1 hydrophone 1 snr=8 2026-08-14T21:25:37.595
SNR_VALID red1 hydrophone 1 snr=10 2026-08-14T21:26:07.716
SNR_VALID red1 hydrophone 1 snr=12 2026-08-14T21:26:36.399
SNR_VALID red1 hydrophone 1 snr=14 2026-08-14T21:27:05.775
SNR_VALID red1 hydrophone 1 snr=16 2026-08-14T21:27:33.829
SNR_VALID red1 hydrophone 1 snr=18 2026-08-14T21:28:01.311
SNR_VALID red1 hydrophone 1 snr=20 2026-08-14T21:28:29.384
SNR_VALID red1 hydrophone 1 snr=22 2026-08-14T21:28:56.033
SNR_VALID red1 hydrophone 1 snr=24 2026-08-14T21:29:23.257
SNR_VALID red1 hydrophone 1 snr=26 2026-08-14T21:29:49.967
SNR_VALID red1 hydrophone 1 snr=28 2026-08-14T21:30:16.938
SNR_VALID red1 hydrophone 1 snr=30 2026-08-14T21:30:44.805
PATH_VALID red1 hydrophone 1 2026-08-14T21:30:46.514
PATH_START red2 hydrophone 2 2026-08-14T21:30:46.862
SNR_VALID red2 hydrophone 2 snr=0 2026-08-14T21:31:21.049
SNR_VALID red2 hydrophone 2 snr=2 2026-08-14T21:31:53.986
SNR_VALID red2 hydrophone 2 snr=4 2026-08-14T21:32:25.787
SNR_VALID red2 hydrophone 2 snr=6 2026-08-14T21:32:56.509
SNR_VALID red2 hydrophone 2 snr=8 2026-08-14T21:33:27.160
SNR_VALID red2 hydrophone 2 snr=10 2026-08-14T21:33:58.013
SNR_VALID red2 hydrophone 2 snr=12 2026-08-14T21:34:26.423
SNR_VALID red2 hydrophone 2 snr=14 2026-08-14T21:34:54.340
SNR_VALID red2 hydrophone 2 snr=16 2026-08-14T21:35:21.959
SNR_VALID red2 hydrophone 2 snr=18 2026-08-14T21:35:48.797
SNR_VALID red2 hydrophone 2 snr=20 2026-08-14T21:36:16.412
SNR_VALID red2 hydrophone 2 snr=22 2026-08-14T21:36:43.910
SNR_VALID red2 hydrophone 2 snr=24 2026-08-14T21:37:12.148
SNR_VALID red2 hydrophone 2 snr=26 2026-08-14T21:37:41.175
SNR_VALID red2 hydrophone 2 snr=28 2026-08-14T21:38:08.561
SNR_VALID red2 hydrophone 2 snr=30 2026-08-14T21:38:38.168
PATH_VALID red2 hydrophone 2 2026-08-14T21:38:38.324
PATH_START red3 hydrophone 3 2026-08-14T21:38:38.614
SNR_VALID red3 hydrophone 3 snr=0 2026-08-14T21:39:11.113
SNR_VALID red3 hydrophone 3 snr=2 2026-08-14T21:39:41.863
SNR_VALID red3 hydrophone 3 snr=4 2026-08-14T21:40:12.529
SNR_VALID red3 hydrophone 3 snr=6 2026-08-14T21:40:43.032
SNR_VALID red3 hydrophone 3 snr=8 2026-08-14T21:41:15.172
SNR_VALID red3 hydrophone 3 snr=10 2026-08-14T21:41:44.985
SNR_VALID red3 hydrophone 3 snr=12 2026-08-14T21:42:13.313
SNR_VALID red3 hydrophone 3 snr=14 2026-08-14T21:42:41.489
SNR_VALID red3 hydrophone 3 snr=16 2026-08-14T21:43:09.546
SNR_VALID red3 hydrophone 3 snr=18 2026-08-14T21:43:38.553
SNR_VALID red3 hydrophone 3 snr=20 2026-08-14T21:44:06.110
SNR_VALID red3 hydrophone 3 snr=22 2026-08-14T21:44:32.821
SNR_VALID red3 hydrophone 3 snr=24 2026-08-14T21:45:03.574
SNR_VALID red3 hydrophone 3 snr=26 2026-08-14T21:45:32.027
SNR_VALID red3 hydrophone 3 snr=28 2026-08-14T21:45:59.163
SNR_VALID red3 hydrophone 3 snr=30 2026-08-14T21:46:21.662
PATH_VALID red3 hydrophone 3 2026-08-14T21:46:21.745
DIRECT18_COMPUTE_COMPLETE paths=3 2026-08-14T21:46:21.903
