DIRECT18_START paths=3 2026-08-14T21:21:46.042
PATH_START red1 hydrophone 3 2026-08-14T21:21:46.056
SNR_VALID red1 hydrophone 3 snr=0 2026-08-14T21:23:30.841
SNR_VALID red1 hydrophone 3 snr=2 2026-08-14T21:24:01.449
SNR_VALID red1 hydrophone 3 snr=4 2026-08-14T21:24:31.288
SNR_VALID red1 hydrophone 3 snr=6 2026-08-14T21:25:04.178
SNR_VALID red1 hydrophone 3 snr=8 2026-08-14T21:25:35.403
SNR_VALID red1 hydrophone 3 snr=10 2026-08-14T21:26:03.042
SNR_VALID red1 hydrophone 3 snr=12 2026-08-14T21:26:30.418
SNR_VALID red1 hydrophone 3 snr=14 2026-08-14T21:26:57.644
SNR_VALID red1 hydrophone 3 snr=16 2026-08-14T21:27:25.627
SNR_VALID red1 hydrophone 3 snr=18 2026-08-14T21:27:52.442
SNR_VALID red1 hydrophone 3 snr=20 2026-08-14T21:28:20.052
SNR_VALID red1 hydrophone 3 snr=22 2026-08-14T21:28:46.771
SNR_VALID red1 hydrophone 3 snr=24 2026-08-14T21:29:13.760
SNR_VALID red1 hydrophone 3 snr=26 2026-08-14T21:29:40.622
SNR_VALID red1 hydrophone 3 snr=28 2026-08-14T21:30:06.697
SNR_VALID red1 hydrophone 3 snr=30 2026-08-14T21:30:33.893
PATH_VALID red1 hydrophone 3 2026-08-14T21:30:34.890
PATH_START red3 hydrophone 1 2026-08-14T21:30:35.052
SNR_VALID red3 hydrophone 1 snr=0 2026-08-14T21:31:09.157
SNR_VALID red3 hydrophone 1 snr=2 2026-08-14T21:31:43.187
SNR_VALID red3 hydrophone 1 snr=4 2026-08-14T21:32:14.561
SNR_VALID red3 hydrophone 1 snr=6 2026-08-14T21:32:45.851
SNR_VALID red3 hydrophone 1 snr=8 2026-08-14T21:33:16.892
SNR_VALID red3 hydrophone 1 snr=10 2026-08-14T21:33:48.143
SNR_VALID red3 hydrophone 1 snr=12 2026-08-14T21:34:17.896
SNR_VALID red3 hydrophone 1 snr=14 2026-08-14T21:34:45.930
SNR_VALID red3 hydrophone 1 snr=16 2026-08-14T21:35:13.847
SNR_VALID red3 hydrophone 1 snr=18 2026-08-14T21:35:41.802
SNR_VALID red3 hydrophone 1 snr=20 2026-08-14T21:36:09.579
SNR_VALID red3 hydrophone 1 snr=22 2026-08-14T21:36:36.740
SNR_VALID red3 hydrophone 1 snr=24 2026-08-14T21:37:04.586
SNR_VALID red3 hydrophone 1 snr=26 2026-08-14T21:37:31.979
SNR_VALID red3 hydrophone 1 snr=28 2026-08-14T21:38:01.440
SNR_VALID red3 hydrophone 1 snr=30 2026-08-14T21:38:30.843
PATH_VALID red3 hydrophone 1 2026-08-14T21:38:31.073
PATH_START red4 hydrophone 2 2026-08-14T21:38:31.450
SNR_VALID red4 hydrophone 2 snr=0 2026-08-14T21:39:04.325
SNR_VALID red4 hydrophone 2 snr=2 2026-08-14T21:39:35.337
SNR_VALID red4 hydrophone 2 snr=4 2026-08-14T21:40:05.915
SNR_VALID red4 hydrophone 2 snr=6 2026-08-14T21:40:36.722
SNR_VALID red4 hydrophone 2 snr=8 2026-08-14T21:41:06.056
SNR_VALID red4 hydrophone 2 snr=10 2026-08-14T21:41:33.513
SNR_VALID red4 hydrophone 2 snr=12 2026-08-14T21:42:00.936
SNR_VALID red4 hydrophone 2 snr=14 2026-08-14T21:42:28.728
SNR_VALID red4 hydrophone 2 snr=16 2026-08-14T21:42:57.159
SNR_VALID red4 hydrophone 2 snr=18 2026-08-14T21:43:25.830
SNR_VALID red4 hydrophone 2 snr=20 2026-08-14T21:43:53.667
SNR_VALID red4 hydrophone 2 snr=22 2026-08-14T21:44:20.695
SNR_VALID red4 hydrophone 2 snr=24 2026-08-14T21:44:49.755
SNR_VALID red4 hydrophone 2 snr=26 2026-08-14T21:45:18.870
SNR_VALID red4 hydrophone 2 snr=28 2026-08-14T21:45:45.844
SNR_VALID red4 hydrophone 2 snr=30 2026-08-14T21:46:11.512
PATH_VALID red4 hydrophone 2 2026-08-14T21:46:11.676
DIRECT18_COMPUTE_COMPLETE paths=3 2026-08-14T21:46:11.956
