DIRECT18_START paths=3 2026-08-14T21:21:45.799
PATH_START red1 hydrophone 2 2026-08-14T21:21:45.819
SNR_VALID red1 hydrophone 2 snr=0 2026-08-14T21:23:30.633
SNR_VALID red1 hydrophone 2 snr=2 2026-08-14T21:24:00.780
SNR_VALID red1 hydrophone 2 snr=4 2026-08-14T21:24:30.216
SNR_VALID red1 hydrophone 2 snr=6 2026-08-14T21:25:02.072
SNR_VALID red1 hydrophone 2 snr=8 2026-08-14T21:25:36.297
SNR_VALID red1 hydrophone 2 snr=10 2026-08-14T21:26:06.933
SNR_VALID red1 hydrophone 2 snr=12 2026-08-14T21:26:34.959
SNR_VALID red1 hydrophone 2 snr=14 2026-08-14T21:27:03.044
SNR_VALID red1 hydrophone 2 snr=16 2026-08-14T21:27:30.722
SNR_VALID red1 hydrophone 2 snr=18 2026-08-14T21:27:57.954
SNR_VALID red1 hydrophone 2 snr=20 2026-08-14T21:28:26.110
SNR_VALID red1 hydrophone 2 snr=22 2026-08-14T21:28:54.194
SNR_VALID red1 hydrophone 2 snr=24 2026-08-14T21:29:21.421
SNR_VALID red1 hydrophone 2 snr=26 2026-08-14T21:29:47.815
SNR_VALID red1 hydrophone 2 snr=28 2026-08-14T21:30:14.860
SNR_VALID red1 hydrophone 2 snr=30 2026-08-14T21:30:42.775
PATH_VALID red1 hydrophone 2 2026-08-14T21:30:43.896
PATH_START red2 hydrophone 3 2026-08-14T21:30:44.171
SNR_VALID red2 hydrophone 3 snr=0 2026-08-14T21:31:17.918
SNR_VALID red2 hydrophone 3 snr=2 2026-08-14T21:31:51.107
SNR_VALID red2 hydrophone 3 snr=4 2026-08-14T21:32:22.053
SNR_VALID red2 hydrophone 3 snr=6 2026-08-14T21:32:52.445
SNR_VALID red2 hydrophone 3 snr=8 2026-08-14T21:33:23.311
SNR_VALID red2 hydrophone 3 snr=10 2026-08-14T21:33:51.945
SNR_VALID red2 hydrophone 3 snr=12 2026-08-14T21:34:18.588
SNR_VALID red2 hydrophone 3 snr=14 2026-08-14T21:34:45.885
SNR_VALID red2 hydrophone 3 snr=16 2026-08-14T21:35:12.975
SNR_VALID red2 hydrophone 3 snr=18 2026-08-14T21:35:40.435
SNR_VALID red2 hydrophone 3 snr=20 2026-08-14T21:36:07.048
SNR_VALID red2 hydrophone 3 snr=22 2026-08-14T21:36:34.416
SNR_VALID red2 hydrophone 3 snr=24 2026-08-14T21:37:01.802
SNR_VALID red2 hydrophone 3 snr=26 2026-08-14T21:37:29.948
SNR_VALID red2 hydrophone 3 snr=28 2026-08-14T21:37:57.534
SNR_VALID red2 hydrophone 3 snr=30 2026-08-14T21:38:26.346
PATH_VALID red2 hydrophone 3 2026-08-14T21:38:26.477
PATH_START red4 hydrophone 1 2026-08-14T21:38:26.770
SNR_VALID red4 hydrophone 1 snr=0 2026-08-14T21:39:01.595
SNR_VALID red4 hydrophone 1 snr=2 2026-08-14T21:39:32.047
SNR_VALID red4 hydrophone 1 snr=4 2026-08-14T21:40:03.113
SNR_VALID red4 hydrophone 1 snr=6 2026-08-14T21:40:33.446
SNR_VALID red4 hydrophone 1 snr=8 2026-08-14T21:41:03.260
SNR_VALID red4 hydrophone 1 snr=10 2026-08-14T21:41:31.195
SNR_VALID red4 hydrophone 1 snr=12 2026-08-14T21:41:58.123
SNR_VALID red4 hydrophone 1 snr=14 2026-08-14T21:42:25.134
SNR_VALID red4 hydrophone 1 snr=16 2026-08-14T21:42:53.328
SNR_VALID red4 hydrophone 1 snr=18 2026-08-14T21:43:21.270
SNR_VALID red4 hydrophone 1 snr=20 2026-08-14T21:43:49.280
SNR_VALID red4 hydrophone 1 snr=22 2026-08-14T21:44:15.636
SNR_VALID red4 hydrophone 1 snr=24 2026-08-14T21:44:43.335
SNR_VALID red4 hydrophone 1 snr=26 2026-08-14T21:45:12.963
SNR_VALID red4 hydrophone 1 snr=28 2026-08-14T21:45:40.017
SNR_VALID red4 hydrophone 1 snr=30 2026-08-14T21:46:06.980
PATH_VALID red4 hydrophone 1 2026-08-14T21:46:07.105
DIRECT18_COMPUTE_COMPLETE paths=3 2026-08-14T21:46:07.336
