DIRECT18_START paths=3 2026-08-14T21:21:46.423
PATH_START red2 hydrophone 1 2026-08-14T21:21:46.443
SNR_VALID red2 hydrophone 1 snr=0 2026-08-14T21:23:30.894
SNR_VALID red2 hydrophone 1 snr=2 2026-08-14T21:24:01.443
SNR_VALID red2 hydrophone 1 snr=4 2026-08-14T21:24:31.565
SNR_VALID red2 hydrophone 1 snr=6 2026-08-14T21:25:05.023
SNR_VALID red2 hydrophone 1 snr=8 2026-08-14T21:25:40.524
SNR_VALID red2 hydrophone 1 snr=10 2026-08-14T21:26:12.022
SNR_VALID red2 hydrophone 1 snr=12 2026-08-14T21:26:42.146
SNR_VALID red2 hydrophone 1 snr=14 2026-08-14T21:27:13.751
SNR_VALID red2 hydrophone 1 snr=16 2026-08-14T21:27:42.188
SNR_VALID red2 hydrophone 1 snr=18 2026-08-14T21:28:10.565
SNR_VALID red2 hydrophone 1 snr=20 2026-08-14T21:28:40.230
SNR_VALID red2 hydrophone 1 snr=22 2026-08-14T21:29:07.930
SNR_VALID red2 hydrophone 1 snr=24 2026-08-14T21:29:35.960
SNR_VALID red2 hydrophone 1 snr=26 2026-08-14T21:30:03.570
SNR_VALID red2 hydrophone 1 snr=28 2026-08-14T21:30:31.106
SNR_VALID red2 hydrophone 1 snr=30 2026-08-14T21:31:00.506
PATH_VALID red2 hydrophone 1 2026-08-14T21:31:01.855
PATH_START red3 hydrophone 2 2026-08-14T21:31:02.204
SNR_VALID red3 hydrophone 2 snr=0 2026-08-14T21:31:37.353
SNR_VALID red3 hydrophone 2 snr=2 2026-08-14T21:32:08.768
SNR_VALID red3 hydrophone 2 snr=4 2026-08-14T21:32:40.360
SNR_VALID red3 hydrophone 2 snr=6 2026-08-14T21:33:10.915
SNR_VALID red3 hydrophone 2 snr=8 2026-08-14T21:33:40.831
SNR_VALID red3 hydrophone 2 snr=10 2026-08-14T21:34:09.742
SNR_VALID red3 hydrophone 2 snr=12 2026-08-14T21:34:36.962
SNR_VALID red3 hydrophone 2 snr=14 2026-08-14T21:35:04.461
SNR_VALID red3 hydrophone 2 snr=16 2026-08-14T21:35:31.730
SNR_VALID red3 hydrophone 2 snr=18 2026-08-14T21:35:58.762
SNR_VALID red3 hydrophone 2 snr=20 2026-08-14T21:36:25.560
SNR_VALID red3 hydrophone 2 snr=22 2026-08-14T21:36:51.958
SNR_VALID red3 hydrophone 2 snr=24 2026-08-14T21:37:19.214
SNR_VALID red3 hydrophone 2 snr=26 2026-08-14T21:37:47.692
SNR_VALID red3 hydrophone 2 snr=28 2026-08-14T21:38:15.936
SNR_VALID red3 hydrophone 2 snr=30 2026-08-14T21:38:44.922
PATH_VALID red3 hydrophone 2 2026-08-14T21:38:45.034
PATH_START red4 hydrophone 3 2026-08-14T21:38:45.259
SNR_VALID red4 hydrophone 3 snr=0 2026-08-14T21:39:17.026
SNR_VALID red4 hydrophone 3 snr=2 2026-08-14T21:39:47.731
SNR_VALID red4 hydrophone 3 snr=4 2026-08-14T21:40:17.594
SNR_VALID red4 hydrophone 3 snr=6 2026-08-14T21:40:48.985
SNR_VALID red4 hydrophone 3 snr=8 2026-08-14T21:41:17.484
SNR_VALID red4 hydrophone 3 snr=10 2026-08-14T21:41:43.655
SNR_VALID red4 hydrophone 3 snr=12 2026-08-14T21:42:10.384
SNR_VALID red4 hydrophone 3 snr=14 2026-08-14T21:42:38.286
SNR_VALID red4 hydrophone 3 snr=16 2026-08-14T21:43:05.550
SNR_VALID red4 hydrophone 3 snr=18 2026-08-14T21:43:34.372
SNR_VALID red4 hydrophone 3 snr=20 2026-08-14T21:44:01.567
SNR_VALID red4 hydrophone 3 snr=22 2026-08-14T21:44:28.213
SNR_VALID red4 hydrophone 3 snr=24 2026-08-14T21:44:57.704
SNR_VALID red4 hydrophone 3 snr=26 2026-08-14T21:45:25.303
SNR_VALID red4 hydrophone 3 snr=28 2026-08-14T21:45:51.905
SNR_VALID red4 hydrophone 3 snr=30 2026-08-14T21:46:17.149
PATH_VALID red4 hydrophone 3 2026-08-14T21:46:17.230
DIRECT18_COMPUTE_COMPLETE paths=3 2026-08-14T21:46:17.430
