N1024_CRC_NO_HARM_START paths=3 2026-08-11T01:40:52.121
PATH_START red2 hydrophone 1 2026-08-11T01:40:52.131
SNR_VALID red2 hydrophone 1 snr=0 2026-08-11T01:43:07.954
SNR_VALID red2 hydrophone 1 snr=2 2026-08-11T01:44:16.960
SNR_VALID red2 hydrophone 1 snr=4 2026-08-11T01:45:23.634
SNR_VALID red2 hydrophone 1 snr=6 2026-08-11T01:46:34.945
SNR_VALID red2 hydrophone 1 snr=8 2026-08-11T01:47:43.493
SNR_VALID red2 hydrophone 1 snr=10 2026-08-11T01:48:50.114
SNR_VALID red2 hydrophone 1 snr=12 2026-08-11T01:49:59.174
SNR_VALID red2 hydrophone 1 snr=14 2026-08-11T01:51:09.284
SNR_VALID red2 hydrophone 1 snr=16 2026-08-11T01:52:18.572
SNR_VALID red2 hydrophone 1 snr=18 2026-08-11T01:53:25.962
SNR_VALID red2 hydrophone 1 snr=20 2026-08-11T01:54:35.678
SNR_VALID red2 hydrophone 1 snr=22 2026-08-11T01:55:39.933
SNR_VALID red2 hydrophone 1 snr=24 2026-08-11T01:56:43.536
SNR_VALID red2 hydrophone 1 snr=26 2026-08-11T01:57:49.127
SNR_VALID red2 hydrophone 1 snr=28 2026-08-11T01:58:56.763
SNR_VALID red2 hydrophone 1 snr=30 2026-08-11T02:00:00.673
PATH_VALID red2 hydrophone 1 2026-08-11T02:00:05.867
PATH_START red3 hydrophone 2 2026-08-11T02:00:06.886
SNR_VALID red3 hydrophone 2 snr=0 2026-08-11T02:01:18.408
SNR_VALID red3 hydrophone 2 snr=2 2026-08-11T02:02:25.727
SNR_VALID red3 hydrophone 2 snr=4 2026-08-11T02:03:39.536
SNR_VALID red3 hydrophone 2 snr=6 2026-08-11T02:04:47.459
SNR_VALID red3 hydrophone 2 snr=8 2026-08-11T02:05:57.803
SNR_VALID red3 hydrophone 2 snr=10 2026-08-11T02:07:08.516
SNR_VALID red3 hydrophone 2 snr=12 2026-08-11T02:08:15.736
SNR_VALID red3 hydrophone 2 snr=14 2026-08-11T02:09:16.046
SNR_VALID red3 hydrophone 2 snr=16 2026-08-11T02:10:05.740
SNR_VALID red3 hydrophone 2 snr=18 2026-08-11T02:10:52.138
SNR_VALID red3 hydrophone 2 snr=20 2026-08-11T02:11:33.757
SNR_VALID red3 hydrophone 2 snr=22 2026-08-11T02:12:12.783
SNR_VALID red3 hydrophone 2 snr=24 2026-08-11T02:12:52.563
SNR_VALID red3 hydrophone 2 snr=26 2026-08-11T02:13:33.884
SNR_VALID red3 hydrophone 2 snr=28 2026-08-11T02:14:08.723
SNR_VALID red3 hydrophone 2 snr=30 2026-08-11T02:14:44.901
PATH_VALID red3 hydrophone 2 2026-08-11T02:14:46.500
PATH_START red4 hydrophone 3 2026-08-11T02:14:47.291
SNR_VALID red4 hydrophone 3 snr=0 2026-08-11T02:15:58.976
SNR_VALID red4 hydrophone 3 snr=2 2026-08-11T02:17:08.220
SNR_VALID red4 hydrophone 3 snr=4 2026-08-11T02:18:16.729
SNR_VALID red4 hydrophone 3 snr=6 2026-08-11T02:19:24.490
SNR_VALID red4 hydrophone 3 snr=8 2026-08-11T02:20:35.081
SNR_VALID red4 hydrophone 3 snr=10 2026-08-11T02:21:38.482
SNR_VALID red4 hydrophone 3 snr=12 2026-08-11T02:22:25.560
SNR_VALID red4 hydrophone 3 snr=14 2026-08-11T02:22:58.281
SNR_VALID red4 hydrophone 3 snr=16 2026-08-11T02:23:29.858
SNR_VALID red4 hydrophone 3 snr=18 2026-08-11T02:24:02.016
SNR_VALID red4 hydrophone 3 snr=20 2026-08-11T02:24:36.298
SNR_VALID red4 hydrophone 3 snr=22 2026-08-11T02:25:05.947
SNR_VALID red4 hydrophone 3 snr=24 2026-08-11T02:25:33.024
SNR_VALID red4 hydrophone 3 snr=26 2026-08-11T02:25:53.515
SNR_VALID red4 hydrophone 3 snr=28 2026-08-11T02:26:15.650
SNR_VALID red4 hydrophone 3 snr=30 2026-08-11T02:26:37.031
PATH_VALID red4 hydrophone 3 2026-08-11T02:26:37.872
N1024_CRC_NO_HARM_COMPUTE_COMPLETE paths=3 2026-08-11T02:26:38.324
