N1024_CRC_NO_HARM_START paths=3 2026-08-11T01:40:52.226
PATH_START red1 hydrophone 3 2026-08-11T01:40:52.236
SNR_VALID red1 hydrophone 3 snr=0 2026-08-11T01:43:09.747
SNR_VALID red1 hydrophone 3 snr=2 2026-08-11T01:44:19.665
SNR_VALID red1 hydrophone 3 snr=4 2026-08-11T01:45:26.374
SNR_VALID red1 hydrophone 3 snr=6 2026-08-11T01:46:38.092
SNR_VALID red1 hydrophone 3 snr=8 2026-08-11T01:47:46.068
SNR_VALID red1 hydrophone 3 snr=10 2026-08-11T01:48:46.957
SNR_VALID red1 hydrophone 3 snr=12 2026-08-11T01:49:35.241
SNR_VALID red1 hydrophone 3 snr=14 2026-08-11T01:50:14.952
SNR_VALID red1 hydrophone 3 snr=16 2026-08-11T01:50:44.409
SNR_VALID red1 hydrophone 3 snr=18 2026-08-11T01:51:18.035
SNR_VALID red1 hydrophone 3 snr=20 2026-08-11T01:51:47.476
SNR_VALID red1 hydrophone 3 snr=22 2026-08-11T01:52:18.950
SNR_VALID red1 hydrophone 3 snr=24 2026-08-11T01:52:47.820
SNR_VALID red1 hydrophone 3 snr=26 2026-08-11T01:53:19.300
SNR_VALID red1 hydrophone 3 snr=28 2026-08-11T01:53:50.147
SNR_VALID red1 hydrophone 3 snr=30 2026-08-11T01:54:21.605
PATH_VALID red1 hydrophone 3 2026-08-11T01:54:25.706
PATH_START red3 hydrophone 1 2026-08-11T01:54:26.715
SNR_VALID red3 hydrophone 1 snr=0 2026-08-11T01:55:38.826
SNR_VALID red3 hydrophone 1 snr=2 2026-08-11T01:56:49.050
SNR_VALID red3 hydrophone 1 snr=4 2026-08-11T01:57:59.763
SNR_VALID red3 hydrophone 1 snr=6 2026-08-11T01:59:10.266
SNR_VALID red3 hydrophone 1 snr=8 2026-08-11T02:00:20.758
SNR_VALID red3 hydrophone 1 snr=10 2026-08-11T02:01:30.199
SNR_VALID red3 hydrophone 1 snr=12 2026-08-11T02:02:37.962
SNR_VALID red3 hydrophone 1 snr=14 2026-08-11T02:03:50.791
SNR_VALID red3 hydrophone 1 snr=16 2026-08-11T02:04:59.943
SNR_VALID red3 hydrophone 1 snr=18 2026-08-11T02:06:06.521
SNR_VALID red3 hydrophone 1 snr=20 2026-08-11T02:07:09.589
SNR_VALID red3 hydrophone 1 snr=22 2026-08-11T02:08:13.055
SNR_VALID red3 hydrophone 1 snr=24 2026-08-11T02:09:15.857
SNR_VALID red3 hydrophone 1 snr=26 2026-08-11T02:10:18.892
SNR_VALID red3 hydrophone 1 snr=28 2026-08-11T02:11:19.102
SNR_VALID red3 hydrophone 1 snr=30 2026-08-11T02:12:23.475
PATH_VALID red3 hydrophone 1 2026-08-11T02:12:24.495
PATH_START red4 hydrophone 2 2026-08-11T02:12:25.249
SNR_VALID red4 hydrophone 2 snr=0 2026-08-11T02:13:39.687
SNR_VALID red4 hydrophone 2 snr=2 2026-08-11T02:14:51.070
SNR_VALID red4 hydrophone 2 snr=4 2026-08-11T02:16:00.371
SNR_VALID red4 hydrophone 2 snr=6 2026-08-11T02:17:09.498
SNR_VALID red4 hydrophone 2 snr=8 2026-08-11T02:18:17.326
SNR_VALID red4 hydrophone 2 snr=10 2026-08-11T02:19:14.661
SNR_VALID red4 hydrophone 2 snr=12 2026-08-11T02:19:53.502
SNR_VALID red4 hydrophone 2 snr=14 2026-08-11T02:20:25.606
SNR_VALID red4 hydrophone 2 snr=16 2026-08-11T02:20:58.355
SNR_VALID red4 hydrophone 2 snr=18 2026-08-11T02:21:28.413
SNR_VALID red4 hydrophone 2 snr=20 2026-08-11T02:22:02.611
SNR_VALID red4 hydrophone 2 snr=22 2026-08-11T02:22:35.155
SNR_VALID red4 hydrophone 2 snr=24 2026-08-11T02:23:05.726
SNR_VALID red4 hydrophone 2 snr=26 2026-08-11T02:23:36.116
SNR_VALID red4 hydrophone 2 snr=28 2026-08-11T02:24:08.217
SNR_VALID red4 hydrophone 2 snr=30 2026-08-11T02:24:42.251
PATH_VALID red4 hydrophone 2 2026-08-11T02:24:43.474
N1024_CRC_NO_HARM_COMPUTE_COMPLETE paths=3 2026-08-11T02:24:44.193
