N1024_CRC_NO_HARM_START paths=3 2026-08-11T01:40:52.220
PATH_START red1 hydrophone 1 2026-08-11T01:40:52.234
SNR_VALID red1 hydrophone 1 snr=0 2026-08-11T01:43:08.918
SNR_VALID red1 hydrophone 1 snr=2 2026-08-11T01:44:17.918
SNR_VALID red1 hydrophone 1 snr=4 2026-08-11T01:45:24.896
SNR_VALID red1 hydrophone 1 snr=6 2026-08-11T01:46:36.178
SNR_VALID red1 hydrophone 1 snr=8 2026-08-11T01:47:43.621
SNR_VALID red1 hydrophone 1 snr=10 2026-08-11T01:48:49.862
SNR_VALID red1 hydrophone 1 snr=12 2026-08-11T01:49:54.339
SNR_VALID red1 hydrophone 1 snr=14 2026-08-11T01:50:56.232
SNR_VALID red1 hydrophone 1 snr=16 2026-08-11T01:51:58.862
SNR_VALID red1 hydrophone 1 snr=18 2026-08-11T01:52:58.379
SNR_VALID red1 hydrophone 1 snr=20 2026-08-11T01:53:59.159
SNR_VALID red1 hydrophone 1 snr=22 2026-08-11T01:54:59.613
SNR_VALID red1 hydrophone 1 snr=24 2026-08-11T01:55:57.184
SNR_VALID red1 hydrophone 1 snr=26 2026-08-11T01:56:52.424
SNR_VALID red1 hydrophone 1 snr=28 2026-08-11T01:57:45.722
SNR_VALID red1 hydrophone 1 snr=30 2026-08-11T01:58:37.881
PATH_VALID red1 hydrophone 1 2026-08-11T01:58:42.428
PATH_START red2 hydrophone 2 2026-08-11T01:58:43.378
SNR_VALID red2 hydrophone 2 snr=0 2026-08-11T01:59:53.203
SNR_VALID red2 hydrophone 2 snr=2 2026-08-11T02:01:05.691
SNR_VALID red2 hydrophone 2 snr=4 2026-08-11T02:02:13.602
SNR_VALID red2 hydrophone 2 snr=6 2026-08-11T02:03:27.744
SNR_VALID red2 hydrophone 2 snr=8 2026-08-11T02:04:36.548
SNR_VALID red2 hydrophone 2 snr=10 2026-08-11T02:05:47.201
SNR_VALID red2 hydrophone 2 snr=12 2026-08-11T02:06:58.465
SNR_VALID red2 hydrophone 2 snr=14 2026-08-11T02:08:06.954
SNR_VALID red2 hydrophone 2 snr=16 2026-08-11T02:09:11.803
SNR_VALID red2 hydrophone 2 snr=18 2026-08-11T02:10:15.038
SNR_VALID red2 hydrophone 2 snr=20 2026-08-11T02:11:12.608
SNR_VALID red2 hydrophone 2 snr=22 2026-08-11T02:12:13.304
SNR_VALID red2 hydrophone 2 snr=24 2026-08-11T02:13:10.316
SNR_VALID red2 hydrophone 2 snr=26 2026-08-11T02:14:06.230
SNR_VALID red2 hydrophone 2 snr=28 2026-08-11T02:15:05.301
SNR_VALID red2 hydrophone 2 snr=30 2026-08-11T02:15:56.786
PATH_VALID red2 hydrophone 2 2026-08-11T02:15:57.749
PATH_START red3 hydrophone 3 2026-08-11T02:15:58.394
SNR_VALID red3 hydrophone 3 snr=0 2026-08-11T02:17:09.307
SNR_VALID red3 hydrophone 3 snr=2 2026-08-11T02:18:18.182
SNR_VALID red3 hydrophone 3 snr=4 2026-08-11T02:19:27.054
SNR_VALID red3 hydrophone 3 snr=6 2026-08-11T02:20:37.866
SNR_VALID red3 hydrophone 3 snr=8 2026-08-11T02:21:50.412
SNR_VALID red3 hydrophone 3 snr=10 2026-08-11T02:23:04.934
SNR_VALID red3 hydrophone 3 snr=12 2026-08-11T02:24:21.157
SNR_VALID red3 hydrophone 3 snr=14 2026-08-11T02:25:24.168
SNR_VALID red3 hydrophone 3 snr=16 2026-08-11T02:26:03.623
SNR_VALID red3 hydrophone 3 snr=18 2026-08-11T02:26:38.283
SNR_VALID red3 hydrophone 3 snr=20 2026-08-11T02:27:05.621
SNR_VALID red3 hydrophone 3 snr=22 2026-08-11T02:27:34.544
SNR_VALID red3 hydrophone 3 snr=24 2026-08-11T02:28:00.028
SNR_VALID red3 hydrophone 3 snr=26 2026-08-11T02:28:26.365
SNR_VALID red3 hydrophone 3 snr=28 2026-08-11T02:28:50.706
SNR_VALID red3 hydrophone 3 snr=30 2026-08-11T02:29:14.583
PATH_VALID red3 hydrophone 3 2026-08-11T02:29:15.611
N1024_CRC_NO_HARM_COMPUTE_COMPLETE paths=3 2026-08-11T02:29:16.011
