N1024_CRC_NO_HARM_START paths=3 2026-08-11T01:40:52.005
PATH_START red1 hydrophone 2 2026-08-11T01:40:52.021
SNR_VALID red1 hydrophone 2 snr=0 2026-08-11T01:43:08.296
SNR_VALID red1 hydrophone 2 snr=2 2026-08-11T01:44:16.710
SNR_VALID red1 hydrophone 2 snr=4 2026-08-11T01:45:22.951
SNR_VALID red1 hydrophone 2 snr=6 2026-08-11T01:46:35.730
SNR_VALID red1 hydrophone 2 snr=8 2026-08-11T01:47:43.579
SNR_VALID red1 hydrophone 2 snr=10 2026-08-11T01:48:49.549
SNR_VALID red1 hydrophone 2 snr=12 2026-08-11T01:49:57.477
SNR_VALID red1 hydrophone 2 snr=14 2026-08-11T01:51:05.774
SNR_VALID red1 hydrophone 2 snr=16 2026-08-11T01:52:10.734
SNR_VALID red1 hydrophone 2 snr=18 2026-08-11T01:53:11.569
SNR_VALID red1 hydrophone 2 snr=20 2026-08-11T01:54:13.205
SNR_VALID red1 hydrophone 2 snr=22 2026-08-11T01:55:11.568
SNR_VALID red1 hydrophone 2 snr=24 2026-08-11T01:56:04.700
SNR_VALID red1 hydrophone 2 snr=26 2026-08-11T01:56:56.787
SNR_VALID red1 hydrophone 2 snr=28 2026-08-11T01:57:48.220
SNR_VALID red1 hydrophone 2 snr=30 2026-08-11T01:58:39.249
PATH_VALID red1 hydrophone 2 2026-08-11T01:58:44.012
PATH_START red2 hydrophone 3 2026-08-11T01:58:44.863
SNR_VALID red2 hydrophone 3 snr=0 2026-08-11T01:59:54.232
SNR_VALID red2 hydrophone 3 snr=2 2026-08-11T02:01:06.330
SNR_VALID red2 hydrophone 3 snr=4 2026-08-11T02:02:13.032
SNR_VALID red2 hydrophone 3 snr=6 2026-08-11T02:03:26.264
SNR_VALID red2 hydrophone 3 snr=8 2026-08-11T02:04:34.037
SNR_VALID red2 hydrophone 3 snr=10 2026-08-11T02:05:42.816
SNR_VALID red2 hydrophone 3 snr=12 2026-08-11T02:06:48.397
SNR_VALID red2 hydrophone 3 snr=14 2026-08-11T02:07:45.536
SNR_VALID red2 hydrophone 3 snr=16 2026-08-11T02:08:35.943
SNR_VALID red2 hydrophone 3 snr=18 2026-08-11T02:09:20.056
SNR_VALID red2 hydrophone 3 snr=20 2026-08-11T02:09:59.801
SNR_VALID red2 hydrophone 3 snr=22 2026-08-11T02:10:43.699
SNR_VALID red2 hydrophone 3 snr=24 2026-08-11T02:11:22.436
SNR_VALID red2 hydrophone 3 snr=26 2026-08-11T02:11:57.722
SNR_VALID red2 hydrophone 3 snr=28 2026-08-11T02:12:37.424
SNR_VALID red2 hydrophone 3 snr=30 2026-08-11T02:13:12.140
PATH_VALID red2 hydrophone 3 2026-08-11T02:13:13.769
PATH_START red4 hydrophone 1 2026-08-11T02:13:14.577
SNR_VALID red4 hydrophone 1 snr=0 2026-08-11T02:14:26.975
SNR_VALID red4 hydrophone 1 snr=2 2026-08-11T02:15:38.273
SNR_VALID red4 hydrophone 1 snr=4 2026-08-11T02:16:47.721
SNR_VALID red4 hydrophone 1 snr=6 2026-08-11T02:17:56.742
SNR_VALID red4 hydrophone 1 snr=8 2026-08-11T02:19:02.448
SNR_VALID red4 hydrophone 1 snr=10 2026-08-11T02:19:57.237
SNR_VALID red4 hydrophone 1 snr=12 2026-08-11T02:20:36.266
SNR_VALID red4 hydrophone 1 snr=14 2026-08-11T02:21:08.741
SNR_VALID red4 hydrophone 1 snr=16 2026-08-11T02:21:39.197
SNR_VALID red4 hydrophone 1 snr=18 2026-08-11T02:22:11.561
SNR_VALID red4 hydrophone 1 snr=20 2026-08-11T02:22:41.869
SNR_VALID red4 hydrophone 1 snr=22 2026-08-11T02:23:13.679
SNR_VALID red4 hydrophone 1 snr=24 2026-08-11T02:23:44.985
SNR_VALID red4 hydrophone 1 snr=26 2026-08-11T02:24:16.631
SNR_VALID red4 hydrophone 1 snr=28 2026-08-11T02:24:50.158
SNR_VALID red4 hydrophone 1 snr=30 2026-08-11T02:25:17.206
PATH_VALID red4 hydrophone 1 2026-08-11T02:25:18.213
N1024_CRC_NO_HARM_COMPUTE_COMPLETE paths=3 2026-08-11T02:25:19.067
