N1536_CRC_NO_HARM_START paths=3 2026-08-13T12:37:55.232
PATH_START red1 hydrophone 1 2026-08-13T12:37:55.238
SNR_VALID red1 hydrophone 1 snr=0 2026-08-13T12:40:01.762
SNR_VALID red1 hydrophone 1 snr=2 2026-08-13T12:41:06.686
SNR_VALID red1 hydrophone 1 snr=4 2026-08-13T12:42:22.432
SNR_VALID red1 hydrophone 1 snr=6 2026-08-13T12:43:33.257
SNR_VALID red1 hydrophone 1 snr=8 2026-08-13T12:44:35.100
SNR_VALID red1 hydrophone 1 snr=10 2026-08-13T12:45:38.812
SNR_VALID red1 hydrophone 1 snr=12 2026-08-13T12:46:34.135
SNR_VALID red1 hydrophone 1 snr=14 2026-08-13T12:47:22.671
SNR_VALID red1 hydrophone 1 snr=16 2026-08-13T12:48:05.439
SNR_VALID red1 hydrophone 1 snr=18 2026-08-13T12:48:41.107
SNR_VALID red1 hydrophone 1 snr=20 2026-08-13T12:49:20.875
SNR_VALID red1 hydrophone 1 snr=22 2026-08-13T12:49:55.153
SNR_VALID red1 hydrophone 1 snr=24 2026-08-13T12:50:25.630
SNR_VALID red1 hydrophone 1 snr=26 2026-08-13T12:50:58.156
SNR_VALID red1 hydrophone 1 snr=28 2026-08-13T12:51:30.548
SNR_VALID red1 hydrophone 1 snr=30 2026-08-13T12:52:01.157
PATH_VALID red1 hydrophone 1 2026-08-13T12:52:05.249
PATH_START red2 hydrophone 2 2026-08-13T12:52:05.964
SNR_VALID red2 hydrophone 2 snr=0 2026-08-13T12:53:13.611
SNR_VALID red2 hydrophone 2 snr=2 2026-08-13T12:54:17.047
SNR_VALID red2 hydrophone 2 snr=4 2026-08-13T12:55:18.453
SNR_VALID red2 hydrophone 2 snr=6 2026-08-13T12:56:22.895
SNR_VALID red2 hydrophone 2 snr=8 2026-08-13T12:57:25.974
SNR_VALID red2 hydrophone 2 snr=10 2026-08-13T12:58:38.728
SNR_VALID red2 hydrophone 2 snr=12 2026-08-13T12:59:55.194
SNR_VALID red2 hydrophone 2 snr=14 2026-08-13T13:01:03.258
SNR_VALID red2 hydrophone 2 snr=16 2026-08-13T13:01:49.680
SNR_VALID red2 hydrophone 2 snr=18 2026-08-13T13:02:23.739
SNR_VALID red2 hydrophone 2 snr=20 2026-08-13T13:02:57.584
SNR_VALID red2 hydrophone 2 snr=22 2026-08-13T13:03:27.889
SNR_VALID red2 hydrophone 2 snr=24 2026-08-13T13:04:00.627
SNR_VALID red2 hydrophone 2 snr=26 2026-08-13T13:04:36.050
SNR_VALID red2 hydrophone 2 snr=28 2026-08-13T13:05:09.676
SNR_VALID red2 hydrophone 2 snr=30 2026-08-13T13:05:37.885
PATH_VALID red2 hydrophone 2 2026-08-13T13:05:39.548
PATH_START red3 hydrophone 3 2026-08-13T13:05:40.189
SNR_VALID red3 hydrophone 3 snr=0 2026-08-13T13:06:40.680
SNR_VALID red3 hydrophone 3 snr=2 2026-08-13T13:07:40.502
SNR_VALID red3 hydrophone 3 snr=4 2026-08-13T13:08:51.513
SNR_VALID red3 hydrophone 3 snr=6 2026-08-13T13:09:57.236
SNR_VALID red3 hydrophone 3 snr=8 2026-08-13T13:11:02.196
SNR_VALID red3 hydrophone 3 snr=10 2026-08-13T13:12:03.871
SNR_VALID red3 hydrophone 3 snr=12 2026-08-13T13:13:00.472
SNR_VALID red3 hydrophone 3 snr=14 2026-08-13T13:13:48.557
SNR_VALID red3 hydrophone 3 snr=16 2026-08-13T13:14:23.708
SNR_VALID red3 hydrophone 3 snr=18 2026-08-13T13:14:57.676
SNR_VALID red3 hydrophone 3 snr=20 2026-08-13T13:15:27.493
SNR_VALID red3 hydrophone 3 snr=22 2026-08-13T13:15:53.970
SNR_VALID red3 hydrophone 3 snr=24 2026-08-13T13:16:14.103
SNR_VALID red3 hydrophone 3 snr=26 2026-08-13T13:16:34.247
SNR_VALID red3 hydrophone 3 snr=28 2026-08-13T13:16:54.315
SNR_VALID red3 hydrophone 3 snr=30 2026-08-13T13:17:12.878
PATH_VALID red3 hydrophone 3 2026-08-13T13:17:13.368
N1536_CRC_NO_HARM_COMPUTE_COMPLETE paths=3 2026-08-13T13:17:13.679
