N1536_CRC_NO_HARM_START paths=3 2026-08-13T12:37:55.133
PATH_START red1 hydrophone 2 2026-08-13T12:37:55.156
SNR_VALID red1 hydrophone 2 snr=0 2026-08-13T12:40:00.094
SNR_VALID red1 hydrophone 2 snr=2 2026-08-13T12:41:05.059
SNR_VALID red1 hydrophone 2 snr=4 2026-08-13T12:42:19.783
SNR_VALID red1 hydrophone 2 snr=6 2026-08-13T12:43:29.530
SNR_VALID red1 hydrophone 2 snr=8 2026-08-13T12:44:30.425
SNR_VALID red1 hydrophone 2 snr=10 2026-08-13T12:45:34.047
SNR_VALID red1 hydrophone 2 snr=12 2026-08-13T12:46:29.601
SNR_VALID red1 hydrophone 2 snr=14 2026-08-13T12:47:11.818
SNR_VALID red1 hydrophone 2 snr=16 2026-08-13T12:47:46.699
SNR_VALID red1 hydrophone 2 snr=18 2026-08-13T12:48:19.746
SNR_VALID red1 hydrophone 2 snr=20 2026-08-13T12:48:53.276
SNR_VALID red1 hydrophone 2 snr=22 2026-08-13T12:49:29.898
SNR_VALID red1 hydrophone 2 snr=24 2026-08-13T12:50:02.204
SNR_VALID red1 hydrophone 2 snr=26 2026-08-13T12:50:33.372
SNR_VALID red1 hydrophone 2 snr=28 2026-08-13T12:51:06.227
SNR_VALID red1 hydrophone 2 snr=30 2026-08-13T12:51:39.425
PATH_VALID red1 hydrophone 2 2026-08-13T12:51:43.447
PATH_START red2 hydrophone 3 2026-08-13T12:51:44.311
SNR_VALID red2 hydrophone 3 snr=0 2026-08-13T12:52:52.448
SNR_VALID red2 hydrophone 3 snr=2 2026-08-13T12:53:56.841
SNR_VALID red2 hydrophone 3 snr=4 2026-08-13T12:54:57.385
SNR_VALID red2 hydrophone 3 snr=6 2026-08-13T12:56:01.636
SNR_VALID red2 hydrophone 3 snr=8 2026-08-13T12:57:04.027
SNR_VALID red2 hydrophone 3 snr=10 2026-08-13T12:58:13.420
SNR_VALID red2 hydrophone 3 snr=12 2026-08-13T12:59:21.501
SNR_VALID red2 hydrophone 3 snr=14 2026-08-13T13:00:23.479
SNR_VALID red2 hydrophone 3 snr=16 2026-08-13T13:01:07.562
SNR_VALID red2 hydrophone 3 snr=18 2026-08-13T13:01:40.218
SNR_VALID red2 hydrophone 3 snr=20 2026-08-13T13:02:10.564
SNR_VALID red2 hydrophone 3 snr=22 2026-08-13T13:02:38.369
SNR_VALID red2 hydrophone 3 snr=24 2026-08-13T13:03:06.898
SNR_VALID red2 hydrophone 3 snr=26 2026-08-13T13:03:34.505
SNR_VALID red2 hydrophone 3 snr=28 2026-08-13T13:04:03.325
SNR_VALID red2 hydrophone 3 snr=30 2026-08-13T13:04:36.617
PATH_VALID red2 hydrophone 3 2026-08-13T13:04:39.586
PATH_START red4 hydrophone 1 2026-08-13T13:04:40.262
SNR_VALID red4 hydrophone 1 snr=0 2026-08-13T13:05:42.262
SNR_VALID red4 hydrophone 1 snr=2 2026-08-13T13:06:41.222
SNR_VALID red4 hydrophone 1 snr=4 2026-08-13T13:07:41.568
SNR_VALID red4 hydrophone 1 snr=6 2026-08-13T13:08:51.691
SNR_VALID red4 hydrophone 1 snr=8 2026-08-13T13:09:56.160
SNR_VALID red4 hydrophone 1 snr=10 2026-08-13T13:10:53.574
SNR_VALID red4 hydrophone 1 snr=12 2026-08-13T13:11:34.381
SNR_VALID red4 hydrophone 1 snr=14 2026-08-13T13:12:06.965
SNR_VALID red4 hydrophone 1 snr=16 2026-08-13T13:12:37.491
SNR_VALID red4 hydrophone 1 snr=18 2026-08-13T13:13:05.047
SNR_VALID red4 hydrophone 1 snr=20 2026-08-13T13:13:32.060
SNR_VALID red4 hydrophone 1 snr=22 2026-08-13T13:13:59.941
SNR_VALID red4 hydrophone 1 snr=24 2026-08-13T13:14:26.336
SNR_VALID red4 hydrophone 1 snr=26 2026-08-13T13:14:53.181
SNR_VALID red4 hydrophone 1 snr=28 2026-08-13T13:15:19.992
SNR_VALID red4 hydrophone 1 snr=30 2026-08-13T13:15:46.123
PATH_VALID red4 hydrophone 1 2026-08-13T13:15:46.930
N1536_CRC_NO_HARM_COMPUTE_COMPLETE paths=3 2026-08-13T13:15:47.832
