N1536_CRC_NO_HARM_START paths=3 2026-08-13T12:37:55.525
PATH_START red2 hydrophone 1 2026-08-13T12:37:55.539
SNR_VALID red2 hydrophone 1 snr=0 2026-08-13T12:40:01.146
SNR_VALID red2 hydrophone 1 snr=2 2026-08-13T12:41:05.824
SNR_VALID red2 hydrophone 1 snr=4 2026-08-13T12:42:20.519
SNR_VALID red2 hydrophone 1 snr=6 2026-08-13T12:43:30.208
SNR_VALID red2 hydrophone 1 snr=8 2026-08-13T12:44:33.081
SNR_VALID red2 hydrophone 1 snr=10 2026-08-13T12:45:36.007
SNR_VALID red2 hydrophone 1 snr=12 2026-08-13T12:46:37.534
SNR_VALID red2 hydrophone 1 snr=14 2026-08-13T12:47:35.644
SNR_VALID red2 hydrophone 1 snr=16 2026-08-13T12:48:31.683
SNR_VALID red2 hydrophone 1 snr=18 2026-08-13T12:49:31.222
SNR_VALID red2 hydrophone 1 snr=20 2026-08-13T12:50:20.468
SNR_VALID red2 hydrophone 1 snr=22 2026-08-13T12:51:09.104
SNR_VALID red2 hydrophone 1 snr=24 2026-08-13T12:51:54.022
SNR_VALID red2 hydrophone 1 snr=26 2026-08-13T12:52:32.921
SNR_VALID red2 hydrophone 1 snr=28 2026-08-13T12:53:10.378
SNR_VALID red2 hydrophone 1 snr=30 2026-08-13T12:53:43.920
PATH_VALID red2 hydrophone 1 2026-08-13T12:53:47.647
PATH_START red3 hydrophone 2 2026-08-13T12:53:48.375
SNR_VALID red3 hydrophone 2 snr=0 2026-08-13T12:54:50.984
SNR_VALID red3 hydrophone 2 snr=2 2026-08-13T12:55:56.265
SNR_VALID red3 hydrophone 2 snr=4 2026-08-13T12:56:59.487
SNR_VALID red3 hydrophone 2 snr=6 2026-08-13T12:58:09.002
SNR_VALID red3 hydrophone 2 snr=8 2026-08-13T12:59:23.653
SNR_VALID red3 hydrophone 2 snr=10 2026-08-13T13:00:38.893
SNR_VALID red3 hydrophone 2 snr=12 2026-08-13T13:01:40.424
SNR_VALID red3 hydrophone 2 snr=14 2026-08-13T13:02:22.425
SNR_VALID red3 hydrophone 2 snr=16 2026-08-13T13:02:56.469
SNR_VALID red3 hydrophone 2 snr=18 2026-08-13T13:03:28.035
SNR_VALID red3 hydrophone 2 snr=20 2026-08-13T13:03:56.057
SNR_VALID red3 hydrophone 2 snr=22 2026-08-13T13:04:28.438
SNR_VALID red3 hydrophone 2 snr=24 2026-08-13T13:04:59.417
SNR_VALID red3 hydrophone 2 snr=26 2026-08-13T13:05:27.116
SNR_VALID red3 hydrophone 2 snr=28 2026-08-13T13:05:54.078
SNR_VALID red3 hydrophone 2 snr=30 2026-08-13T13:06:20.664
PATH_VALID red3 hydrophone 2 2026-08-13T13:06:21.845
PATH_START red4 hydrophone 3 2026-08-13T13:06:22.479
SNR_VALID red4 hydrophone 3 snr=0 2026-08-13T13:07:22.492
SNR_VALID red4 hydrophone 3 snr=2 2026-08-13T13:08:30.796
SNR_VALID red4 hydrophone 3 snr=4 2026-08-13T13:09:37.196
SNR_VALID red4 hydrophone 3 snr=6 2026-08-13T13:10:41.975
SNR_VALID red4 hydrophone 3 snr=8 2026-08-13T13:11:45.191
SNR_VALID red4 hydrophone 3 snr=10 2026-08-13T13:12:41.525
SNR_VALID red4 hydrophone 3 snr=12 2026-08-13T13:13:22.598
SNR_VALID red4 hydrophone 3 snr=14 2026-08-13T13:13:57.468
SNR_VALID red4 hydrophone 3 snr=16 2026-08-13T13:14:26.554
SNR_VALID red4 hydrophone 3 snr=18 2026-08-13T13:14:53.041
SNR_VALID red4 hydrophone 3 snr=20 2026-08-13T13:15:19.857
SNR_VALID red4 hydrophone 3 snr=22 2026-08-13T13:15:46.302
SNR_VALID red4 hydrophone 3 snr=24 2026-08-13T13:16:06.207
SNR_VALID red4 hydrophone 3 snr=26 2026-08-13T13:16:25.388
SNR_VALID red4 hydrophone 3 snr=28 2026-08-13T13:16:44.761
SNR_VALID red4 hydrophone 3 snr=30 2026-08-13T13:17:04.184
PATH_VALID red4 hydrophone 3 2026-08-13T13:17:04.797
N1536_CRC_NO_HARM_COMPUTE_COMPLETE paths=3 2026-08-13T13:17:05.186
