N1536_CRC_NO_HARM_START paths=3 2026-08-13T12:37:55.008
PATH_START red1 hydrophone 3 2026-08-13T12:37:55.030
SNR_VALID red1 hydrophone 3 snr=0 2026-08-13T12:40:01.638
SNR_VALID red1 hydrophone 3 snr=2 2026-08-13T12:41:06.598
SNR_VALID red1 hydrophone 3 snr=4 2026-08-13T12:42:21.043
SNR_VALID red1 hydrophone 3 snr=6 2026-08-13T12:43:30.500
SNR_VALID red1 hydrophone 3 snr=8 2026-08-13T12:44:31.293
SNR_VALID red1 hydrophone 3 snr=10 2026-08-13T12:45:24.624
SNR_VALID red1 hydrophone 3 snr=12 2026-08-13T12:46:00.985
SNR_VALID red1 hydrophone 3 snr=14 2026-08-13T12:46:32.317
SNR_VALID red1 hydrophone 3 snr=16 2026-08-13T12:47:00.735
SNR_VALID red1 hydrophone 3 snr=18 2026-08-13T12:47:28.831
SNR_VALID red1 hydrophone 3 snr=20 2026-08-13T12:47:56.546
SNR_VALID red1 hydrophone 3 snr=22 2026-08-13T12:48:24.498
SNR_VALID red1 hydrophone 3 snr=24 2026-08-13T12:48:54.502
SNR_VALID red1 hydrophone 3 snr=26 2026-08-13T12:49:27.651
SNR_VALID red1 hydrophone 3 snr=28 2026-08-13T12:49:58.464
SNR_VALID red1 hydrophone 3 snr=30 2026-08-13T12:50:27.090
PATH_VALID red1 hydrophone 3 2026-08-13T12:50:31.084
PATH_START red3 hydrophone 1 2026-08-13T12:50:32.155
SNR_VALID red3 hydrophone 1 snr=0 2026-08-13T12:51:46.849
SNR_VALID red3 hydrophone 1 snr=2 2026-08-13T12:52:54.847
SNR_VALID red3 hydrophone 1 snr=4 2026-08-13T12:53:58.484
SNR_VALID red3 hydrophone 1 snr=6 2026-08-13T12:55:00.558
SNR_VALID red3 hydrophone 1 snr=8 2026-08-13T12:56:04.855
SNR_VALID red3 hydrophone 1 snr=10 2026-08-13T12:57:08.372
SNR_VALID red3 hydrophone 1 snr=12 2026-08-13T12:58:19.070
SNR_VALID red3 hydrophone 1 snr=14 2026-08-13T12:59:24.728
SNR_VALID red3 hydrophone 1 snr=16 2026-08-13T13:00:25.509
SNR_VALID red3 hydrophone 1 snr=18 2026-08-13T13:01:13.933
SNR_VALID red3 hydrophone 1 snr=20 2026-08-13T13:01:49.082
SNR_VALID red3 hydrophone 1 snr=22 2026-08-13T13:02:21.004
SNR_VALID red3 hydrophone 1 snr=24 2026-08-13T13:02:53.843
SNR_VALID red3 hydrophone 1 snr=26 2026-08-13T13:03:24.830
SNR_VALID red3 hydrophone 1 snr=28 2026-08-13T13:03:54.520
SNR_VALID red3 hydrophone 1 snr=30 2026-08-13T13:04:28.203
PATH_VALID red3 hydrophone 1 2026-08-13T13:04:29.614
PATH_START red4 hydrophone 2 2026-08-13T13:04:30.351
SNR_VALID red4 hydrophone 2 snr=0 2026-08-13T13:05:35.128
SNR_VALID red4 hydrophone 2 snr=2 2026-08-13T13:06:35.077
SNR_VALID red4 hydrophone 2 snr=4 2026-08-13T13:07:34.482
SNR_VALID red4 hydrophone 2 snr=6 2026-08-13T13:08:44.322
SNR_VALID red4 hydrophone 2 snr=8 2026-08-13T13:09:49.793
SNR_VALID red4 hydrophone 2 snr=10 2026-08-13T13:10:49.484
SNR_VALID red4 hydrophone 2 snr=12 2026-08-13T13:11:31.932
SNR_VALID red4 hydrophone 2 snr=14 2026-08-13T13:12:02.985
SNR_VALID red4 hydrophone 2 snr=16 2026-08-13T13:12:31.457
SNR_VALID red4 hydrophone 2 snr=18 2026-08-13T13:12:58.591
SNR_VALID red4 hydrophone 2 snr=20 2026-08-13T13:13:25.478
SNR_VALID red4 hydrophone 2 snr=22 2026-08-13T13:13:53.406
SNR_VALID red4 hydrophone 2 snr=24 2026-08-13T13:14:20.859
SNR_VALID red4 hydrophone 2 snr=26 2026-08-13T13:14:47.171
SNR_VALID red4 hydrophone 2 snr=28 2026-08-13T13:15:14.265
SNR_VALID red4 hydrophone 2 snr=30 2026-08-13T13:15:40.893
PATH_VALID red4 hydrophone 2 2026-08-13T13:15:41.676
N1536_CRC_NO_HARM_COMPUTE_COMPLETE paths=3 2026-08-13T13:15:42.212
