N1536_CRC_NO_HARM_START paths=3 2026-08-15T15:50:25.753
PATH_START red1 hydrophone 3 2026-08-15T15:50:25.762
SNR_VALID red1 hydrophone 3 snr=0 2026-08-15T15:53:11.496
SNR_VALID red1 hydrophone 3 snr=2 2026-08-15T15:54:33.078
SNR_VALID red1 hydrophone 3 snr=4 2026-08-15T15:56:02.230
SNR_VALID red1 hydrophone 3 snr=6 2026-08-15T15:57:23.702
SNR_VALID red1 hydrophone 3 snr=8 2026-08-15T15:58:52.436
SNR_VALID red1 hydrophone 3 snr=10 2026-08-15T16:00:12.337
SNR_VALID red1 hydrophone 3 snr=12 2026-08-15T16:01:15.009
SNR_VALID red1 hydrophone 3 snr=14 2026-08-15T16:02:01.776
SNR_VALID red1 hydrophone 3 snr=16 2026-08-15T16:02:49.927
SNR_VALID red1 hydrophone 3 snr=18 2026-08-15T16:03:31.884
SNR_VALID red1 hydrophone 3 snr=20 2026-08-15T16:04:15.852
SNR_VALID red1 hydrophone 3 snr=22 2026-08-15T16:04:59.925
SNR_VALID red1 hydrophone 3 snr=24 2026-08-15T16:05:47.291
SNR_VALID red1 hydrophone 3 snr=26 2026-08-15T16:06:29.451
SNR_VALID red1 hydrophone 3 snr=28 2026-08-15T16:07:14.221
SNR_VALID red1 hydrophone 3 snr=30 2026-08-15T16:07:58.962
PATH_VALID red1 hydrophone 3 2026-08-15T16:08:02.482
PATH_START red3 hydrophone 1 2026-08-15T16:08:03.409
SNR_VALID red3 hydrophone 1 snr=0 2026-08-15T16:09:26.247
SNR_VALID red3 hydrophone 1 snr=2 2026-08-15T16:10:52.569
SNR_VALID red3 hydrophone 1 snr=4 2026-08-15T16:12:21.100
SNR_VALID red3 hydrophone 1 snr=6 2026-08-15T16:13:46.068
SNR_VALID red3 hydrophone 1 snr=8 2026-08-15T16:15:16.092
SNR_VALID red3 hydrophone 1 snr=10 2026-08-15T16:16:46.617
SNR_VALID red3 hydrophone 1 snr=12 2026-08-15T16:18:15.060
SNR_VALID red3 hydrophone 1 snr=14 2026-08-15T16:19:38.522
SNR_VALID red3 hydrophone 1 snr=16 2026-08-15T16:21:10.491
SNR_VALID red3 hydrophone 1 snr=18 2026-08-15T16:22:33.836
SNR_VALID red3 hydrophone 1 snr=20 2026-08-15T16:23:54.867
SNR_VALID red3 hydrophone 1 snr=22 2026-08-15T16:25:15.725
SNR_VALID red3 hydrophone 1 snr=24 2026-08-15T16:26:36.981
SNR_VALID red3 hydrophone 1 snr=26 2026-08-15T16:27:46.872
SNR_VALID red3 hydrophone 1 snr=28 2026-08-15T16:28:54.190
SNR_VALID red3 hydrophone 1 snr=30 2026-08-15T16:30:02.510
PATH_VALID red3 hydrophone 1 2026-08-15T16:30:04.971
PATH_START red4 hydrophone 2 2026-08-15T16:30:05.612
SNR_VALID red4 hydrophone 2 snr=0 2026-08-15T16:31:35.682
SNR_VALID red4 hydrophone 2 snr=2 2026-08-15T16:33:01.037
SNR_VALID red4 hydrophone 2 snr=4 2026-08-15T16:34:39.102
SNR_VALID red4 hydrophone 2 snr=6 2026-08-15T16:36:12.172
SNR_VALID red4 hydrophone 2 snr=8 2026-08-15T16:37:39.421
SNR_VALID red4 hydrophone 2 snr=10 2026-08-15T16:38:53.645
SNR_VALID red4 hydrophone 2 snr=12 2026-08-15T16:39:55.265
SNR_VALID red4 hydrophone 2 snr=14 2026-08-15T16:40:46.068
SNR_VALID red4 hydrophone 2 snr=16 2026-08-15T16:41:31.741
SNR_VALID red4 hydrophone 2 snr=18 2026-08-15T16:42:18.657
SNR_VALID red4 hydrophone 2 snr=20 2026-08-15T16:43:03.306
SNR_VALID red4 hydrophone 2 snr=22 2026-08-15T16:43:49.347
SNR_VALID red4 hydrophone 2 snr=24 2026-08-15T16:44:33.477
SNR_VALID red4 hydrophone 2 snr=26 2026-08-15T16:45:15.170
SNR_VALID red4 hydrophone 2 snr=28 2026-08-15T16:45:59.778
SNR_VALID red4 hydrophone 2 snr=30 2026-08-15T16:46:44.254
PATH_VALID red4 hydrophone 2 2026-08-15T16:46:45.697
N1536_CRC_NO_HARM_COMPUTE_COMPLETE paths=3 2026-08-15T16:46:46.306
