N1536_CRC_NO_HARM_START paths=3 2026-08-15T15:50:26.184
PATH_START red2 hydrophone 1 2026-08-15T15:50:26.201
SNR_VALID red2 hydrophone 1 snr=0 2026-08-15T15:53:11.323
SNR_VALID red2 hydrophone 1 snr=2 2026-08-15T15:54:32.592
SNR_VALID red2 hydrophone 1 snr=4 2026-08-15T15:56:02.401
SNR_VALID red2 hydrophone 1 snr=6 2026-08-15T15:57:20.854
SNR_VALID red2 hydrophone 1 snr=8 2026-08-15T15:58:48.892
SNR_VALID red2 hydrophone 1 snr=10 2026-08-15T16:00:13.585
SNR_VALID red2 hydrophone 1 snr=12 2026-08-15T16:01:37.817
SNR_VALID red2 hydrophone 1 snr=14 2026-08-15T16:03:01.912
SNR_VALID red2 hydrophone 1 snr=16 2026-08-15T16:04:20.881
SNR_VALID red2 hydrophone 1 snr=18 2026-08-15T16:05:46.822
SNR_VALID red2 hydrophone 1 snr=20 2026-08-15T16:07:03.581
SNR_VALID red2 hydrophone 1 snr=22 2026-08-15T16:08:24.802
SNR_VALID red2 hydrophone 1 snr=24 2026-08-15T16:09:39.120
SNR_VALID red2 hydrophone 1 snr=26 2026-08-15T16:11:05.139
SNR_VALID red2 hydrophone 1 snr=28 2026-08-15T16:12:30.809
SNR_VALID red2 hydrophone 1 snr=30 2026-08-15T16:13:49.550
PATH_VALID red2 hydrophone 1 2026-08-15T16:13:54.288
PATH_START red3 hydrophone 2 2026-08-15T16:13:54.843
SNR_VALID red3 hydrophone 2 snr=0 2026-08-15T16:15:25.213
SNR_VALID red3 hydrophone 2 snr=2 2026-08-15T16:16:53.693
SNR_VALID red3 hydrophone 2 snr=4 2026-08-15T16:18:20.969
SNR_VALID red3 hydrophone 2 snr=6 2026-08-15T16:19:45.455
SNR_VALID red3 hydrophone 2 snr=8 2026-08-15T16:21:20.795
SNR_VALID red3 hydrophone 2 snr=10 2026-08-15T16:22:48.554
SNR_VALID red3 hydrophone 2 snr=12 2026-08-15T16:24:11.823
SNR_VALID red3 hydrophone 2 snr=14 2026-08-15T16:25:37.829
SNR_VALID red3 hydrophone 2 snr=16 2026-08-15T16:26:48.916
SNR_VALID red3 hydrophone 2 snr=18 2026-08-15T16:27:47.713
SNR_VALID red3 hydrophone 2 snr=20 2026-08-15T16:28:41.704
SNR_VALID red3 hydrophone 2 snr=22 2026-08-15T16:29:32.016
SNR_VALID red3 hydrophone 2 snr=24 2026-08-15T16:30:24.616
SNR_VALID red3 hydrophone 2 snr=26 2026-08-15T16:31:17.911
SNR_VALID red3 hydrophone 2 snr=28 2026-08-15T16:32:08.093
SNR_VALID red3 hydrophone 2 snr=30 2026-08-15T16:32:58.906
PATH_VALID red3 hydrophone 2 2026-08-15T16:33:01.394
PATH_START red4 hydrophone 3 2026-08-15T16:33:02.052
SNR_VALID red4 hydrophone 3 snr=0 2026-08-15T16:34:42.049
SNR_VALID red4 hydrophone 3 snr=2 2026-08-15T16:36:14.809
SNR_VALID red4 hydrophone 3 snr=4 2026-08-15T16:37:40.715
SNR_VALID red4 hydrophone 3 snr=6 2026-08-15T16:39:08.845
SNR_VALID red4 hydrophone 3 snr=8 2026-08-15T16:40:35.053
SNR_VALID red4 hydrophone 3 snr=10 2026-08-15T16:41:51.817
SNR_VALID red4 hydrophone 3 snr=12 2026-08-15T16:42:53.071
SNR_VALID red4 hydrophone 3 snr=14 2026-08-15T16:43:42.366
SNR_VALID red4 hydrophone 3 snr=16 2026-08-15T16:44:28.221
SNR_VALID red4 hydrophone 3 snr=18 2026-08-15T16:45:10.251
SNR_VALID red4 hydrophone 3 snr=20 2026-08-15T16:45:54.062
SNR_VALID red4 hydrophone 3 snr=22 2026-08-15T16:46:37.365
SNR_VALID red4 hydrophone 3 snr=24 2026-08-15T16:47:16.161
SNR_VALID red4 hydrophone 3 snr=26 2026-08-15T16:47:51.196
SNR_VALID red4 hydrophone 3 snr=28 2026-08-15T16:48:20.814
SNR_VALID red4 hydrophone 3 snr=30 2026-08-15T16:48:51.502
PATH_VALID red4 hydrophone 3 2026-08-15T16:48:52.205
N1536_CRC_NO_HARM_COMPUTE_COMPLETE paths=3 2026-08-15T16:48:52.634
