N1536_CRC_NO_HARM_START paths=3 2026-08-15T15:50:25.507
PATH_START red1 hydrophone 1 2026-08-15T15:50:25.514
SNR_VALID red1 hydrophone 1 snr=0 2026-08-15T15:53:10.363
SNR_VALID red1 hydrophone 1 snr=2 2026-08-15T15:54:32.309
SNR_VALID red1 hydrophone 1 snr=4 2026-08-15T15:55:59.961
SNR_VALID red1 hydrophone 1 snr=6 2026-08-15T15:57:20.082
SNR_VALID red1 hydrophone 1 snr=8 2026-08-15T15:58:48.726
SNR_VALID red1 hydrophone 1 snr=10 2026-08-15T16:00:14.155
SNR_VALID red1 hydrophone 1 snr=12 2026-08-15T16:01:35.728
SNR_VALID red1 hydrophone 1 snr=14 2026-08-15T16:02:51.530
SNR_VALID red1 hydrophone 1 snr=16 2026-08-15T16:04:04.333
SNR_VALID red1 hydrophone 1 snr=18 2026-08-15T16:05:19.602
SNR_VALID red1 hydrophone 1 snr=20 2026-08-15T16:06:29.065
SNR_VALID red1 hydrophone 1 snr=22 2026-08-15T16:07:36.677
SNR_VALID red1 hydrophone 1 snr=24 2026-08-15T16:08:42.741
SNR_VALID red1 hydrophone 1 snr=26 2026-08-15T16:09:42.527
SNR_VALID red1 hydrophone 1 snr=28 2026-08-15T16:10:52.163
SNR_VALID red1 hydrophone 1 snr=30 2026-08-15T16:11:57.997
PATH_VALID red1 hydrophone 1 2026-08-15T16:12:02.379
PATH_START red2 hydrophone 2 2026-08-15T16:12:03.361
SNR_VALID red2 hydrophone 2 snr=0 2026-08-15T16:13:28.160
SNR_VALID red2 hydrophone 2 snr=2 2026-08-15T16:14:53.925
SNR_VALID red2 hydrophone 2 snr=4 2026-08-15T16:16:26.325
SNR_VALID red2 hydrophone 2 snr=6 2026-08-15T16:17:55.607
SNR_VALID red2 hydrophone 2 snr=8 2026-08-15T16:19:19.463
SNR_VALID red2 hydrophone 2 snr=10 2026-08-15T16:20:54.425
SNR_VALID red2 hydrophone 2 snr=12 2026-08-15T16:22:24.256
SNR_VALID red2 hydrophone 2 snr=14 2026-08-15T16:23:45.965
SNR_VALID red2 hydrophone 2 snr=16 2026-08-15T16:25:14.456
SNR_VALID red2 hydrophone 2 snr=18 2026-08-15T16:26:39.005
SNR_VALID red2 hydrophone 2 snr=20 2026-08-15T16:27:52.977
SNR_VALID red2 hydrophone 2 snr=22 2026-08-15T16:28:56.948
SNR_VALID red2 hydrophone 2 snr=24 2026-08-15T16:30:07.421
SNR_VALID red2 hydrophone 2 snr=26 2026-08-15T16:31:20.652
SNR_VALID red2 hydrophone 2 snr=28 2026-08-15T16:32:31.089
SNR_VALID red2 hydrophone 2 snr=30 2026-08-15T16:33:47.484
PATH_VALID red2 hydrophone 2 2026-08-15T16:33:49.217
PATH_START red3 hydrophone 3 2026-08-15T16:33:50.257
SNR_VALID red3 hydrophone 3 snr=0 2026-08-15T16:35:27.234
SNR_VALID red3 hydrophone 3 snr=2 2026-08-15T16:36:58.570
SNR_VALID red3 hydrophone 3 snr=4 2026-08-15T16:38:21.408
SNR_VALID red3 hydrophone 3 snr=6 2026-08-15T16:39:49.695
SNR_VALID red3 hydrophone 3 snr=8 2026-08-15T16:41:21.558
SNR_VALID red3 hydrophone 3 snr=10 2026-08-15T16:42:45.206
SNR_VALID red3 hydrophone 3 snr=12 2026-08-15T16:44:09.936
SNR_VALID red3 hydrophone 3 snr=14 2026-08-15T16:45:27.274
SNR_VALID red3 hydrophone 3 snr=16 2026-08-15T16:46:37.148
SNR_VALID red3 hydrophone 3 snr=18 2026-08-15T16:47:36.955
SNR_VALID red3 hydrophone 3 snr=20 2026-08-15T16:48:18.856
SNR_VALID red3 hydrophone 3 snr=22 2026-08-15T16:49:00.279
SNR_VALID red3 hydrophone 3 snr=24 2026-08-15T16:49:34.404
SNR_VALID red3 hydrophone 3 snr=26 2026-08-15T16:50:08.072
SNR_VALID red3 hydrophone 3 snr=28 2026-08-15T16:50:37.313
SNR_VALID red3 hydrophone 3 snr=30 2026-08-15T16:51:05.235
PATH_VALID red3 hydrophone 3 2026-08-15T16:51:05.796
N1536_CRC_NO_HARM_COMPUTE_COMPLETE paths=3 2026-08-15T16:51:06.125
