N1536_CRC_NO_HARM_START paths=3 2026-08-15T15:50:25.724
PATH_START red1 hydrophone 2 2026-08-15T15:50:25.736
SNR_VALID red1 hydrophone 2 snr=0 2026-08-15T15:53:10.385
SNR_VALID red1 hydrophone 2 snr=2 2026-08-15T15:54:33.275
SNR_VALID red1 hydrophone 2 snr=4 2026-08-15T15:56:00.924
SNR_VALID red1 hydrophone 2 snr=6 2026-08-15T15:57:20.787
SNR_VALID red1 hydrophone 2 snr=8 2026-08-15T15:58:50.844
SNR_VALID red1 hydrophone 2 snr=10 2026-08-15T16:00:14.660
SNR_VALID red1 hydrophone 2 snr=12 2026-08-15T16:01:37.020
SNR_VALID red1 hydrophone 2 snr=14 2026-08-15T16:02:59.650
SNR_VALID red1 hydrophone 2 snr=16 2026-08-15T16:04:11.084
SNR_VALID red1 hydrophone 2 snr=18 2026-08-15T16:05:26.691
SNR_VALID red1 hydrophone 2 snr=20 2026-08-15T16:06:34.343
SNR_VALID red1 hydrophone 2 snr=22 2026-08-15T16:07:41.485
SNR_VALID red1 hydrophone 2 snr=24 2026-08-15T16:08:47.445
SNR_VALID red1 hydrophone 2 snr=26 2026-08-15T16:09:46.691
SNR_VALID red1 hydrophone 2 snr=28 2026-08-15T16:10:56.724
SNR_VALID red1 hydrophone 2 snr=30 2026-08-15T16:12:03.175
PATH_VALID red1 hydrophone 2 2026-08-15T16:12:07.540
PATH_START red2 hydrophone 3 2026-08-15T16:12:08.583
SNR_VALID red2 hydrophone 3 snr=0 2026-08-15T16:13:33.291
SNR_VALID red2 hydrophone 3 snr=2 2026-08-15T16:15:01.725
SNR_VALID red2 hydrophone 3 snr=4 2026-08-15T16:16:31.791
SNR_VALID red2 hydrophone 3 snr=6 2026-08-15T16:18:00.830
SNR_VALID red2 hydrophone 3 snr=8 2026-08-15T16:19:24.374
SNR_VALID red2 hydrophone 3 snr=10 2026-08-15T16:20:58.406
SNR_VALID red2 hydrophone 3 snr=12 2026-08-15T16:22:24.802
SNR_VALID red2 hydrophone 3 snr=14 2026-08-15T16:23:43.474
SNR_VALID red2 hydrophone 3 snr=16 2026-08-15T16:24:59.174
SNR_VALID red2 hydrophone 3 snr=18 2026-08-15T16:26:12.166
SNR_VALID red2 hydrophone 3 snr=20 2026-08-15T16:27:10.293
SNR_VALID red2 hydrophone 3 snr=22 2026-08-15T16:28:06.795
SNR_VALID red2 hydrophone 3 snr=24 2026-08-15T16:28:58.127
SNR_VALID red2 hydrophone 3 snr=26 2026-08-15T16:29:49.177
SNR_VALID red2 hydrophone 3 snr=28 2026-08-15T16:30:45.539
SNR_VALID red2 hydrophone 3 snr=30 2026-08-15T16:31:40.006
PATH_VALID red2 hydrophone 3 2026-08-15T16:31:41.302
PATH_START red4 hydrophone 1 2026-08-15T16:31:41.974
SNR_VALID red4 hydrophone 1 snr=0 2026-08-15T16:33:08.215
SNR_VALID red4 hydrophone 1 snr=2 2026-08-15T16:34:48.280
SNR_VALID red4 hydrophone 1 snr=4 2026-08-15T16:36:19.279
SNR_VALID red4 hydrophone 1 snr=6 2026-08-15T16:37:44.151
SNR_VALID red4 hydrophone 1 snr=8 2026-08-15T16:39:07.327
SNR_VALID red4 hydrophone 1 snr=10 2026-08-15T16:40:13.903
SNR_VALID red4 hydrophone 1 snr=12 2026-08-15T16:41:14.154
SNR_VALID red4 hydrophone 1 snr=14 2026-08-15T16:41:59.158
SNR_VALID red4 hydrophone 1 snr=16 2026-08-15T16:42:45.016
SNR_VALID red4 hydrophone 1 snr=18 2026-08-15T16:43:31.717
SNR_VALID red4 hydrophone 1 snr=20 2026-08-15T16:44:16.526
SNR_VALID red4 hydrophone 1 snr=22 2026-08-15T16:44:55.681
SNR_VALID red4 hydrophone 1 snr=24 2026-08-15T16:45:38.389
SNR_VALID red4 hydrophone 1 snr=26 2026-08-15T16:46:21.651
SNR_VALID red4 hydrophone 1 snr=28 2026-08-15T16:47:02.577
SNR_VALID red4 hydrophone 1 snr=30 2026-08-15T16:47:39.861
PATH_VALID red4 hydrophone 1 2026-08-15T16:47:40.990
N1536_CRC_NO_HARM_COMPUTE_COMPLETE paths=3 2026-08-15T16:47:41.607
