N512_CRC_NO_HARM_START paths=3 2026-08-21T22:21:55.868
PATH_START blue1 hydrophone 3 2026-08-21T22:21:55.881
SNR_VALID blue1 hydrophone 3 snr=0 2026-08-21T22:23:03.366
SNR_VALID blue1 hydrophone 3 snr=2 2026-08-21T22:23:24.033
SNR_VALID blue1 hydrophone 3 snr=4 2026-08-21T22:23:43.220
SNR_VALID blue1 hydrophone 3 snr=6 2026-08-21T22:24:02.677
SNR_VALID blue1 hydrophone 3 snr=8 2026-08-21T22:24:20.906
SNR_VALID blue1 hydrophone 3 snr=10 2026-08-21T22:24:38.577
SNR_VALID blue1 hydrophone 3 snr=12 2026-08-21T22:24:56.695
SNR_VALID blue1 hydrophone 3 snr=14 2026-08-21T22:25:12.426
SNR_VALID blue1 hydrophone 3 snr=16 2026-08-21T22:25:26.999
SNR_VALID blue1 hydrophone 3 snr=18 2026-08-21T22:25:41.818
SNR_VALID blue1 hydrophone 3 snr=20 2026-08-21T22:25:56.173
SNR_VALID blue1 hydrophone 3 snr=22 2026-08-21T22:26:10.307
SNR_VALID blue1 hydrophone 3 snr=24 2026-08-21T22:26:25.769
SNR_VALID blue1 hydrophone 3 snr=26 2026-08-21T22:26:40.220
SNR_VALID blue1 hydrophone 3 snr=28 2026-08-21T22:26:54.283
SNR_VALID blue1 hydrophone 3 snr=30 2026-08-21T22:27:07.494
PATH_VALID blue1 hydrophone 3 2026-08-21T22:27:09.719
PATH_START blue3 hydrophone 1 2026-08-21T22:27:10.224
SNR_VALID blue3 hydrophone 1 snr=0 2026-08-21T22:27:27.962
SNR_VALID blue3 hydrophone 1 snr=2 2026-08-21T22:27:44.270
SNR_VALID blue3 hydrophone 1 snr=4 2026-08-21T22:28:00.218
SNR_VALID blue3 hydrophone 1 snr=6 2026-08-21T22:28:15.906
SNR_VALID blue3 hydrophone 1 snr=8 2026-08-21T22:28:31.353
SNR_VALID blue3 hydrophone 1 snr=10 2026-08-21T22:28:46.789
SNR_VALID blue3 hydrophone 1 snr=12 2026-08-21T22:29:01.587
SNR_VALID blue3 hydrophone 1 snr=14 2026-08-21T22:29:15.453
SNR_VALID blue3 hydrophone 1 snr=16 2026-08-21T22:29:30.409
SNR_VALID blue3 hydrophone 1 snr=18 2026-08-21T22:29:45.150
SNR_VALID blue3 hydrophone 1 snr=20 2026-08-21T22:29:59.703
SNR_VALID blue3 hydrophone 1 snr=22 2026-08-21T22:30:14.169
SNR_VALID blue3 hydrophone 1 snr=24 2026-08-21T22:30:28.591
SNR_VALID blue3 hydrophone 1 snr=26 2026-08-21T22:30:42.955
SNR_VALID blue3 hydrophone 1 snr=28 2026-08-21T22:30:57.613
SNR_VALID blue3 hydrophone 1 snr=30 2026-08-21T22:31:12.184
PATH_VALID blue3 hydrophone 1 2026-08-21T22:31:12.956
PATH_START blue4 hydrophone 2 2026-08-21T22:31:13.478
SNR_VALID blue4 hydrophone 2 snr=0 2026-08-21T22:31:33.510
SNR_VALID blue4 hydrophone 2 snr=2 2026-08-21T22:31:52.238
SNR_VALID blue4 hydrophone 2 snr=4 2026-08-21T22:32:10.610
SNR_VALID blue4 hydrophone 2 snr=6 2026-08-21T22:32:29.561
SNR_VALID blue4 hydrophone 2 snr=8 2026-08-21T22:32:47.056
SNR_VALID blue4 hydrophone 2 snr=10 2026-08-21T22:33:04.355
SNR_VALID blue4 hydrophone 2 snr=12 2026-08-21T22:33:21.294
SNR_VALID blue4 hydrophone 2 snr=14 2026-08-21T22:33:37.336
SNR_VALID blue4 hydrophone 2 snr=16 2026-08-21T22:33:52.414
SNR_VALID blue4 hydrophone 2 snr=18 2026-08-21T22:34:07.406
SNR_VALID blue4 hydrophone 2 snr=20 2026-08-21T22:34:21.321
SNR_VALID blue4 hydrophone 2 snr=22 2026-08-21T22:34:35.453
SNR_VALID blue4 hydrophone 2 snr=24 2026-08-21T22:34:50.527
SNR_VALID blue4 hydrophone 2 snr=26 2026-08-21T22:35:05.439
SNR_VALID blue4 hydrophone 2 snr=28 2026-08-21T22:35:20.046
SNR_VALID blue4 hydrophone 2 snr=30 2026-08-21T22:35:33.566
PATH_VALID blue4 hydrophone 2 2026-08-21T22:35:34.206
N512_CRC_NO_HARM_COMPUTE_COMPLETE paths=3 2026-08-21T22:35:34.662
