N512_CRC_NO_HARM_START paths=3 2026-08-21T22:21:55.802
PATH_START blue1 hydrophone 1 2026-08-21T22:21:55.819
SNR_VALID blue1 hydrophone 1 snr=0 2026-08-21T22:23:03.536
SNR_VALID blue1 hydrophone 1 snr=2 2026-08-21T22:23:24.698
SNR_VALID blue1 hydrophone 1 snr=4 2026-08-21T22:23:44.022
SNR_VALID blue1 hydrophone 1 snr=6 2026-08-21T22:24:03.236
SNR_VALID blue1 hydrophone 1 snr=8 2026-08-21T22:24:22.049
SNR_VALID blue1 hydrophone 1 snr=10 2026-08-21T22:24:40.801
SNR_VALID blue1 hydrophone 1 snr=12 2026-08-21T22:24:58.715
SNR_VALID blue1 hydrophone 1 snr=14 2026-08-21T22:25:15.586
SNR_VALID blue1 hydrophone 1 snr=16 2026-08-21T22:25:31.175
SNR_VALID blue1 hydrophone 1 snr=18 2026-08-21T22:25:46.426
SNR_VALID blue1 hydrophone 1 snr=20 2026-08-21T22:26:01.066
SNR_VALID blue1 hydrophone 1 snr=22 2026-08-21T22:26:15.667
SNR_VALID blue1 hydrophone 1 snr=24 2026-08-21T22:26:30.599
SNR_VALID blue1 hydrophone 1 snr=26 2026-08-21T22:26:45.651
SNR_VALID blue1 hydrophone 1 snr=28 2026-08-21T22:27:00.165
SNR_VALID blue1 hydrophone 1 snr=30 2026-08-21T22:27:14.678
PATH_VALID blue1 hydrophone 1 2026-08-21T22:27:17.005
PATH_START blue2 hydrophone 2 2026-08-21T22:27:17.554
SNR_VALID blue2 hydrophone 2 snr=0 2026-08-21T22:27:38.559
SNR_VALID blue2 hydrophone 2 snr=2 2026-08-21T22:27:58.838
SNR_VALID blue2 hydrophone 2 snr=4 2026-08-21T22:28:18.478
SNR_VALID blue2 hydrophone 2 snr=6 2026-08-21T22:28:38.042
SNR_VALID blue2 hydrophone 2 snr=8 2026-08-21T22:28:55.724
SNR_VALID blue2 hydrophone 2 snr=10 2026-08-21T22:29:12.232
SNR_VALID blue2 hydrophone 2 snr=12 2026-08-21T22:29:27.817
SNR_VALID blue2 hydrophone 2 snr=14 2026-08-21T22:29:42.043
SNR_VALID blue2 hydrophone 2 snr=16 2026-08-21T22:29:55.773
SNR_VALID blue2 hydrophone 2 snr=18 2026-08-21T22:30:09.108
SNR_VALID blue2 hydrophone 2 snr=20 2026-08-21T22:30:22.986
SNR_VALID blue2 hydrophone 2 snr=22 2026-08-21T22:30:35.430
SNR_VALID blue2 hydrophone 2 snr=24 2026-08-21T22:30:48.560
SNR_VALID blue2 hydrophone 2 snr=26 2026-08-21T22:31:01.719
SNR_VALID blue2 hydrophone 2 snr=28 2026-08-21T22:31:14.812
SNR_VALID blue2 hydrophone 2 snr=30 2026-08-21T22:31:28.057
PATH_VALID blue2 hydrophone 2 2026-08-21T22:31:29.063
PATH_START blue3 hydrophone 3 2026-08-21T22:31:29.580
SNR_VALID blue3 hydrophone 3 snr=0 2026-08-21T22:31:47.046
SNR_VALID blue3 hydrophone 3 snr=2 2026-08-21T22:32:04.282
SNR_VALID blue3 hydrophone 3 snr=4 2026-08-21T22:32:20.623
SNR_VALID blue3 hydrophone 3 snr=6 2026-08-21T22:32:36.373
SNR_VALID blue3 hydrophone 3 snr=8 2026-08-21T22:32:51.805
SNR_VALID blue3 hydrophone 3 snr=10 2026-08-21T22:33:06.583
SNR_VALID blue3 hydrophone 3 snr=12 2026-08-21T22:33:21.803
SNR_VALID blue3 hydrophone 3 snr=14 2026-08-21T22:33:37.089
SNR_VALID blue3 hydrophone 3 snr=16 2026-08-21T22:33:52.068
SNR_VALID blue3 hydrophone 3 snr=18 2026-08-21T22:34:07.081
SNR_VALID blue3 hydrophone 3 snr=20 2026-08-21T22:34:22.092
SNR_VALID blue3 hydrophone 3 snr=22 2026-08-21T22:34:37.158
SNR_VALID blue3 hydrophone 3 snr=24 2026-08-21T22:34:52.098
SNR_VALID blue3 hydrophone 3 snr=26 2026-08-21T22:35:08.071
SNR_VALID blue3 hydrophone 3 snr=28 2026-08-21T22:35:22.942
SNR_VALID blue3 hydrophone 3 snr=30 2026-08-21T22:35:36.180
PATH_VALID blue3 hydrophone 3 2026-08-21T22:35:36.729
N512_CRC_NO_HARM_COMPUTE_COMPLETE paths=3 2026-08-21T22:35:37.132
