DIRECT18_START paths=3 2026-08-14T19:14:17.692
PATH_START red1 hydrophone 2 2026-08-14T19:14:17.699
SNR_VALID red1 hydrophone 2 snr=0 2026-08-14T19:16:07.029
SNR_VALID red1 hydrophone 2 snr=2 2026-08-14T19:16:39.464
SNR_VALID red1 hydrophone 2 snr=4 2026-08-14T19:17:13.795
SNR_VALID red1 hydrophone 2 snr=6 2026-08-14T19:17:45.813
SNR_VALID red1 hydrophone 2 snr=8 2026-08-14T19:18:19.284
SNR_VALID red1 hydrophone 2 snr=10 2026-08-14T19:18:52.487
SNR_VALID red1 hydrophone 2 snr=12 2026-08-14T19:19:25.752
SNR_VALID red1 hydrophone 2 snr=14 2026-08-14T19:19:59.688
SNR_VALID red1 hydrophone 2 snr=16 2026-08-14T19:20:33.142
SNR_VALID red1 hydrophone 2 snr=18 2026-08-14T19:21:07.359
SNR_VALID red1 hydrophone 2 snr=20 2026-08-14T19:21:45.023
SNR_VALID red1 hydrophone 2 snr=22 2026-08-14T19:22:20.991
SNR_VALID red1 hydrophone 2 snr=24 2026-08-14T19:22:55.355
SNR_VALID red1 hydrophone 2 snr=26 2026-08-14T19:23:29.491
SNR_VALID red1 hydrophone 2 snr=28 2026-08-14T19:24:03.265
SNR_VALID red1 hydrophone 2 snr=30 2026-08-14T19:24:36.415
PATH_VALID red1 hydrophone 2 2026-08-14T19:24:37.771
PATH_START red2 hydrophone 3 2026-08-14T19:24:38.070
SNR_VALID red2 hydrophone 3 snr=0 2026-08-14T19:25:14.092
SNR_VALID red2 hydrophone 3 snr=2 2026-08-14T19:25:51.116
SNR_VALID red2 hydrophone 3 snr=4 2026-08-14T19:26:24.979
SNR_VALID red2 hydrophone 3 snr=6 2026-08-14T19:26:58.098
SNR_VALID red2 hydrophone 3 snr=8 2026-08-14T19:27:30.245
SNR_VALID red2 hydrophone 3 snr=10 2026-08-14T19:28:03.884
SNR_VALID red2 hydrophone 3 snr=12 2026-08-14T19:28:38.576
SNR_VALID red2 hydrophone 3 snr=14 2026-08-14T19:29:11.416
SNR_VALID red2 hydrophone 3 snr=16 2026-08-14T19:29:45.148
SNR_VALID red2 hydrophone 3 snr=18 2026-08-14T19:30:19.934
SNR_VALID red2 hydrophone 3 snr=20 2026-08-14T19:31:01.967
SNR_VALID red2 hydrophone 3 snr=22 2026-08-14T19:31:34.172
SNR_VALID red2 hydrophone 3 snr=24 2026-08-14T19:32:09.702
SNR_VALID red2 hydrophone 3 snr=26 2026-08-14T19:32:41.907
SNR_VALID red2 hydrophone 3 snr=28 2026-08-14T19:33:15.249
SNR_VALID red2 hydrophone 3 snr=30 2026-08-14T19:33:49.921
PATH_VALID red2 hydrophone 3 2026-08-14T19:33:50.117
PATH_START red4 hydrophone 1 2026-08-14T19:33:50.377
SNR_VALID red4 hydrophone 1 snr=0 2026-08-14T19:34:27.833
SNR_VALID red4 hydrophone 1 snr=2 2026-08-14T19:35:03.227
SNR_VALID red4 hydrophone 1 snr=4 2026-08-14T19:35:38.667
SNR_VALID red4 hydrophone 1 snr=6 2026-08-14T19:36:13.373
SNR_VALID red4 hydrophone 1 snr=8 2026-08-14T19:36:50.220
SNR_VALID red4 hydrophone 1 snr=10 2026-08-14T19:37:24.672
SNR_VALID red4 hydrophone 1 snr=12 2026-08-14T19:37:59.423
SNR_VALID red4 hydrophone 1 snr=14 2026-08-14T19:38:34.961
SNR_VALID red4 hydrophone 1 snr=16 2026-08-14T19:39:08.002
SNR_VALID red4 hydrophone 1 snr=18 2026-08-14T19:39:39.519
SNR_VALID red4 hydrophone 1 snr=20 2026-08-14T19:40:12.735
SNR_VALID red4 hydrophone 1 snr=22 2026-08-14T19:40:44.450
SNR_VALID red4 hydrophone 1 snr=24 2026-08-14T19:41:17.242
SNR_VALID red4 hydrophone 1 snr=26 2026-08-14T19:41:48.437
SNR_VALID red4 hydrophone 1 snr=28 2026-08-14T19:42:20.206
SNR_VALID red4 hydrophone 1 snr=30 2026-08-14T19:42:48.830
PATH_VALID red4 hydrophone 1 2026-08-14T19:42:48.933
DIRECT18_COMPUTE_COMPLETE paths=3 2026-08-14T19:42:49.197
DIRECT18_START paths=3 2026-08-14T21:20:39.775
SKIP_VALID red1 hydrophone 2 2026-08-14T21:20:39.881
SKIP_VALID red2 hydrophone 3 2026-08-14T21:20:39.927
SKIP_VALID red4 hydrophone 1 2026-08-14T21:20:39.970
DIRECT18_COMPUTE_COMPLETE paths=3 2026-08-14T21:20:39.978
