DIRECT18_START paths=3 2026-08-14T19:14:18.044
PATH_START red1 hydrophone 1 2026-08-14T19:14:18.055
SNR_VALID red1 hydrophone 1 snr=0 2026-08-14T19:16:07.125
SNR_VALID red1 hydrophone 1 snr=2 2026-08-14T19:16:39.653
SNR_VALID red1 hydrophone 1 snr=4 2026-08-14T19:17:14.484
SNR_VALID red1 hydrophone 1 snr=6 2026-08-14T19:17:47.685
SNR_VALID red1 hydrophone 1 snr=8 2026-08-14T19:18:20.990
SNR_VALID red1 hydrophone 1 snr=10 2026-08-14T19:18:53.843
SNR_VALID red1 hydrophone 1 snr=12 2026-08-14T19:19:27.918
SNR_VALID red1 hydrophone 1 snr=14 2026-08-14T19:20:01.731
SNR_VALID red1 hydrophone 1 snr=16 2026-08-14T19:20:34.793
SNR_VALID red1 hydrophone 1 snr=18 2026-08-14T19:21:10.158
SNR_VALID red1 hydrophone 1 snr=20 2026-08-14T19:21:47.509
SNR_VALID red1 hydrophone 1 snr=22 2026-08-14T19:22:22.687
SNR_VALID red1 hydrophone 1 snr=24 2026-08-14T19:22:56
SNR_VALID red1 hydrophone 1 snr=26 2026-08-14T19:23:30.133
SNR_VALID red1 hydrophone 1 snr=28 2026-08-14T19:24:03.203
SNR_VALID red1 hydrophone 1 snr=30 2026-08-14T19:24:35.864
PATH_VALID red1 hydrophone 1 2026-08-14T19:24:36.854
PATH_START red2 hydrophone 2 2026-08-14T19:24:37.078
SNR_VALID red2 hydrophone 2 snr=0 2026-08-14T19:25:14.986
SNR_VALID red2 hydrophone 2 snr=2 2026-08-14T19:25:54.140
SNR_VALID red2 hydrophone 2 snr=4 2026-08-14T19:26:29.979
SNR_VALID red2 hydrophone 2 snr=6 2026-08-14T19:27:04.029
SNR_VALID red2 hydrophone 2 snr=8 2026-08-14T19:27:37.644
SNR_VALID red2 hydrophone 2 snr=10 2026-08-14T19:28:14.500
SNR_VALID red2 hydrophone 2 snr=12 2026-08-14T19:28:49.809
SNR_VALID red2 hydrophone 2 snr=14 2026-08-14T19:29:25.447
SNR_VALID red2 hydrophone 2 snr=16 2026-08-14T19:30:02.090
SNR_VALID red2 hydrophone 2 snr=18 2026-08-14T19:30:43.261
SNR_VALID red2 hydrophone 2 snr=20 2026-08-14T19:31:22.542
SNR_VALID red2 hydrophone 2 snr=22 2026-08-14T19:31:58.125
SNR_VALID red2 hydrophone 2 snr=24 2026-08-14T19:32:33.421
SNR_VALID red2 hydrophone 2 snr=26 2026-08-14T19:33:08.577
SNR_VALID red2 hydrophone 2 snr=28 2026-08-14T19:33:44.737
SNR_VALID red2 hydrophone 2 snr=30 2026-08-14T19:34:21.937
PATH_VALID red2 hydrophone 2 2026-08-14T19:34:22.095
PATH_START red3 hydrophone 3 2026-08-14T19:34:22.347
SNR_VALID red3 hydrophone 3 snr=0 2026-08-14T19:34:58.867
SNR_VALID red3 hydrophone 3 snr=2 2026-08-14T19:35:34.834
SNR_VALID red3 hydrophone 3 snr=4 2026-08-14T19:36:09.316
SNR_VALID red3 hydrophone 3 snr=6 2026-08-14T19:36:46.337
SNR_VALID red3 hydrophone 3 snr=8 2026-08-14T19:37:19.832
SNR_VALID red3 hydrophone 3 snr=10 2026-08-14T19:37:55.924
SNR_VALID red3 hydrophone 3 snr=12 2026-08-14T19:38:31.064
SNR_VALID red3 hydrophone 3 snr=14 2026-08-14T19:39:06.607
SNR_VALID red3 hydrophone 3 snr=16 2026-08-14T19:39:41.146
SNR_VALID red3 hydrophone 3 snr=18 2026-08-14T19:40:15.923
SNR_VALID red3 hydrophone 3 snr=20 2026-08-14T19:40:49.967
SNR_VALID red3 hydrophone 3 snr=22 2026-08-14T19:41:24.423
SNR_VALID red3 hydrophone 3 snr=24 2026-08-14T19:42:00.561
SNR_VALID red3 hydrophone 3 snr=26 2026-08-14T19:42:35.558
SNR_VALID red3 hydrophone 3 snr=28 2026-08-14T19:43:02.857
SNR_VALID red3 hydrophone 3 snr=30 2026-08-14T19:43:26.375
PATH_VALID red3 hydrophone 3 2026-08-14T19:43:26.459
DIRECT18_COMPUTE_COMPLETE paths=3 2026-08-14T19:43:26.631
DIRECT18_START paths=3 2026-08-14T21:20:40.260
SKIP_VALID red1 hydrophone 1 2026-08-14T21:20:40.395
SKIP_VALID red2 hydrophone 2 2026-08-14T21:20:40.453
SKIP_VALID red3 hydrophone 3 2026-08-14T21:20:40.509
DIRECT18_COMPUTE_COMPLETE paths=3 2026-08-14T21:20:40.525
