DIRECT18_START paths=3 2026-08-14T19:14:18.024
PATH_START red2 hydrophone 1 2026-08-14T19:14:18.039
SNR_VALID red2 hydrophone 1 snr=0 2026-08-14T19:16:07.694
SNR_VALID red2 hydrophone 1 snr=2 2026-08-14T19:16:39.847
SNR_VALID red2 hydrophone 1 snr=4 2026-08-14T19:17:14.484
SNR_VALID red2 hydrophone 1 snr=6 2026-08-14T19:17:47.211
SNR_VALID red2 hydrophone 1 snr=8 2026-08-14T19:18:20.266
SNR_VALID red2 hydrophone 1 snr=10 2026-08-14T19:18:53.068
SNR_VALID red2 hydrophone 1 snr=12 2026-08-14T19:19:26.037
SNR_VALID red2 hydrophone 1 snr=14 2026-08-14T19:20:00.347
SNR_VALID red2 hydrophone 1 snr=16 2026-08-14T19:20:33.345
SNR_VALID red2 hydrophone 1 snr=18 2026-08-14T19:21:07.492
SNR_VALID red2 hydrophone 1 snr=20 2026-08-14T19:21:44.928
SNR_VALID red2 hydrophone 1 snr=22 2026-08-14T19:22:20.965
SNR_VALID red2 hydrophone 1 snr=24 2026-08-14T19:22:55.754
SNR_VALID red2 hydrophone 1 snr=26 2026-08-14T19:23:29.707
SNR_VALID red2 hydrophone 1 snr=28 2026-08-14T19:24:03.403
SNR_VALID red2 hydrophone 1 snr=30 2026-08-14T19:24:36.523
PATH_VALID red2 hydrophone 1 2026-08-14T19:24:38.017
PATH_START red3 hydrophone 2 2026-08-14T19:24:38.412
SNR_VALID red3 hydrophone 2 snr=0 2026-08-14T19:25:14.675
SNR_VALID red3 hydrophone 2 snr=2 2026-08-14T19:25:52.047
SNR_VALID red3 hydrophone 2 snr=4 2026-08-14T19:26:26.026
SNR_VALID red3 hydrophone 2 snr=6 2026-08-14T19:26:59.154
SNR_VALID red3 hydrophone 2 snr=8 2026-08-14T19:27:32.026
SNR_VALID red3 hydrophone 2 snr=10 2026-08-14T19:28:05.563
SNR_VALID red3 hydrophone 2 snr=12 2026-08-14T19:28:40.075
SNR_VALID red3 hydrophone 2 snr=14 2026-08-14T19:29:13.513
SNR_VALID red3 hydrophone 2 snr=16 2026-08-14T19:29:46.908
SNR_VALID red3 hydrophone 2 snr=18 2026-08-14T19:30:22.623
SNR_VALID red3 hydrophone 2 snr=20 2026-08-14T19:31:04.462
SNR_VALID red3 hydrophone 2 snr=22 2026-08-14T19:31:37.927
SNR_VALID red3 hydrophone 2 snr=24 2026-08-14T19:32:12.051
SNR_VALID red3 hydrophone 2 snr=26 2026-08-14T19:32:44.662
SNR_VALID red3 hydrophone 2 snr=28 2026-08-14T19:33:18.873
SNR_VALID red3 hydrophone 2 snr=30 2026-08-14T19:33:53.978
PATH_VALID red3 hydrophone 2 2026-08-14T19:33:54.192
PATH_START red4 hydrophone 3 2026-08-14T19:33:54.494
SNR_VALID red4 hydrophone 3 snr=0 2026-08-14T19:34:28.885
SNR_VALID red4 hydrophone 3 snr=2 2026-08-14T19:35:03.078
SNR_VALID red4 hydrophone 3 snr=4 2026-08-14T19:35:37.717
SNR_VALID red4 hydrophone 3 snr=6 2026-08-14T19:36:09.814
SNR_VALID red4 hydrophone 3 snr=8 2026-08-14T19:36:45.616
SNR_VALID red4 hydrophone 3 snr=10 2026-08-14T19:37:18.204
SNR_VALID red4 hydrophone 3 snr=12 2026-08-14T19:37:51.433
SNR_VALID red4 hydrophone 3 snr=14 2026-08-14T19:38:24.468
SNR_VALID red4 hydrophone 3 snr=16 2026-08-14T19:38:57.940
SNR_VALID red4 hydrophone 3 snr=18 2026-08-14T19:39:28.992
SNR_VALID red4 hydrophone 3 snr=20 2026-08-14T19:40:00.131
SNR_VALID red4 hydrophone 3 snr=22 2026-08-14T19:40:31.828
SNR_VALID red4 hydrophone 3 snr=24 2026-08-14T19:41:03.180
SNR_VALID red4 hydrophone 3 snr=26 2026-08-14T19:41:33.730
SNR_VALID red4 hydrophone 3 snr=28 2026-08-14T19:42:05.760
SNR_VALID red4 hydrophone 3 snr=30 2026-08-14T19:42:36.217
PATH_VALID red4 hydrophone 3 2026-08-14T19:42:36.413
DIRECT18_COMPUTE_COMPLETE paths=3 2026-08-14T19:42:36.668
