DIRECT18_START paths=3 2026-08-14T19:14:18.474
PATH_START red1 hydrophone 3 2026-08-14T19:14:18.496
SNR_VALID red1 hydrophone 3 snr=0 2026-08-14T19:16:12.731
SNR_VALID red1 hydrophone 3 snr=2 2026-08-14T19:16:46.882
SNR_VALID red1 hydrophone 3 snr=4 2026-08-14T19:17:22.106
SNR_VALID red1 hydrophone 3 snr=6 2026-08-14T19:17:57.053
SNR_VALID red1 hydrophone 3 snr=8 2026-08-14T19:18:30.915
SNR_VALID red1 hydrophone 3 snr=10 2026-08-14T19:19:06.452
SNR_VALID red1 hydrophone 3 snr=12 2026-08-14T19:19:42.389
SNR_VALID red1 hydrophone 3 snr=14 2026-08-14T19:20:17.187
SNR_VALID red1 hydrophone 3 snr=16 2026-08-14T19:20:51.301
SNR_VALID red1 hydrophone 3 snr=18 2026-08-14T19:21:32.059
SNR_VALID red1 hydrophone 3 snr=20 2026-08-14T19:22:06.637
SNR_VALID red1 hydrophone 3 snr=22 2026-08-14T19:22:43.719
SNR_VALID red1 hydrophone 3 snr=24 2026-08-14T19:23:18.761
SNR_VALID red1 hydrophone 3 snr=26 2026-08-14T19:23:52.654
SNR_VALID red1 hydrophone 3 snr=28 2026-08-14T19:24:26.890
SNR_VALID red1 hydrophone 3 snr=30 2026-08-14T19:25:01.823
PATH_VALID red1 hydrophone 3 2026-08-14T19:25:03.695
PATH_START red3 hydrophone 1 2026-08-14T19:25:03.976
SNR_VALID red3 hydrophone 1 snr=0 2026-08-14T19:25:42.084
SNR_VALID red3 hydrophone 1 snr=2 2026-08-14T19:26:19.704
SNR_VALID red3 hydrophone 1 snr=4 2026-08-14T19:26:54.321
SNR_VALID red3 hydrophone 1 snr=6 2026-08-14T19:27:28.806
SNR_VALID red3 hydrophone 1 snr=8 2026-08-14T19:28:03.306
SNR_VALID red3 hydrophone 1 snr=10 2026-08-14T19:28:39.818
SNR_VALID red3 hydrophone 1 snr=12 2026-08-14T19:29:14.512
SNR_VALID red3 hydrophone 1 snr=14 2026-08-14T19:29:48.851
SNR_VALID red3 hydrophone 1 snr=16 2026-08-14T19:30:26.575
SNR_VALID red3 hydrophone 1 snr=18 2026-08-14T19:31:08.749
SNR_VALID red3 hydrophone 1 snr=20 2026-08-14T19:31:43.652
SNR_VALID red3 hydrophone 1 snr=22 2026-08-14T19:32:18.700
SNR_VALID red3 hydrophone 1 snr=24 2026-08-14T19:32:53.397
SNR_VALID red3 hydrophone 1 snr=26 2026-08-14T19:33:27.459
SNR_VALID red3 hydrophone 1 snr=28 2026-08-14T19:34:03.610
SNR_VALID red3 hydrophone 1 snr=30 2026-08-14T19:34:40.004
PATH_VALID red3 hydrophone 1 2026-08-14T19:34:40.130
PATH_START red4 hydrophone 2 2026-08-14T19:34:40.373
SNR_VALID red4 hydrophone 2 snr=0 2026-08-14T19:35:14.766
SNR_VALID red4 hydrophone 2 snr=2 2026-08-14T19:35:50.412
SNR_VALID red4 hydrophone 2 snr=4 2026-08-14T19:36:25.207
SNR_VALID red4 hydrophone 2 snr=6 2026-08-14T19:37:00.051
SNR_VALID red4 hydrophone 2 snr=8 2026-08-14T19:37:33.601
SNR_VALID red4 hydrophone 2 snr=10 2026-08-14T19:38:08.668
SNR_VALID red4 hydrophone 2 snr=12 2026-08-14T19:38:43.543
SNR_VALID red4 hydrophone 2 snr=14 2026-08-14T19:39:17.236
SNR_VALID red4 hydrophone 2 snr=16 2026-08-14T19:39:49.495
SNR_VALID red4 hydrophone 2 snr=18 2026-08-14T19:40:22.759
SNR_VALID red4 hydrophone 2 snr=20 2026-08-14T19:40:54.586
SNR_VALID red4 hydrophone 2 snr=22 2026-08-14T19:41:26.750
SNR_VALID red4 hydrophone 2 snr=24 2026-08-14T19:41:58.083
SNR_VALID red4 hydrophone 2 snr=26 2026-08-14T19:42:29.468
SNR_VALID red4 hydrophone 2 snr=28 2026-08-14T19:42:56.265
SNR_VALID red4 hydrophone 2 snr=30 2026-08-14T19:43:19.434
PATH_VALID red4 hydrophone 2 2026-08-14T19:43:19.522
DIRECT18_COMPUTE_COMPLETE paths=3 2026-08-14T19:43:19.713
