N1024_CRC_NO_HARM_START paths=3 2026-08-13T15:33:12.416
PATH_START red1 hydrophone 3 2026-08-13T15:33:12.416
SNR_VALID red1 hydrophone 3 snr=0 2026-08-13T15:35:20.064
SNR_VALID red1 hydrophone 3 snr=2 2026-08-13T15:36:24.502
SNR_VALID red1 hydrophone 3 snr=4 2026-08-13T15:37:27.660
SNR_VALID red1 hydrophone 3 snr=6 2026-08-13T15:38:31.642
SNR_VALID red1 hydrophone 3 snr=8 2026-08-13T15:39:36.202
SNR_VALID red1 hydrophone 3 snr=10 2026-08-13T15:40:37.228
SNR_VALID red1 hydrophone 3 snr=12 2026-08-13T15:41:23.289
SNR_VALID red1 hydrophone 3 snr=14 2026-08-13T15:41:58.167
SNR_VALID red1 hydrophone 3 snr=16 2026-08-13T15:42:27.275
SNR_VALID red1 hydrophone 3 snr=18 2026-08-13T15:42:57.039
SNR_VALID red1 hydrophone 3 snr=20 2026-08-13T15:43:26.410
SNR_VALID red1 hydrophone 3 snr=22 2026-08-13T15:43:55.657
SNR_VALID red1 hydrophone 3 snr=24 2026-08-13T15:44:24.408
SNR_VALID red1 hydrophone 3 snr=26 2026-08-13T15:44:53.235
SNR_VALID red1 hydrophone 3 snr=28 2026-08-13T15:45:22.242
SNR_VALID red1 hydrophone 3 snr=30 2026-08-13T15:45:51.132
PATH_VALID red1 hydrophone 3 2026-08-13T15:45:55.252
PATH_START red3 hydrophone 1 2026-08-13T15:45:55.749
SNR_VALID red3 hydrophone 1 snr=0 2026-08-13T15:47:01.983
SNR_VALID red3 hydrophone 1 snr=2 2026-08-13T15:48:07.549
SNR_VALID red3 hydrophone 1 snr=4 2026-08-13T15:49:11.774
SNR_VALID red3 hydrophone 1 snr=6 2026-08-13T15:50:17.729
SNR_VALID red3 hydrophone 1 snr=8 2026-08-13T15:51:21.592
SNR_VALID red3 hydrophone 1 snr=10 2026-08-13T15:52:26.467
SNR_VALID red3 hydrophone 1 snr=12 2026-08-13T15:53:32.129
SNR_VALID red3 hydrophone 1 snr=14 2026-08-13T15:54:37.032
SNR_VALID red3 hydrophone 1 snr=16 2026-08-13T15:55:38.032
SNR_VALID red3 hydrophone 1 snr=18 2026-08-13T15:56:32.547
SNR_VALID red3 hydrophone 1 snr=20 2026-08-13T15:57:18.747
SNR_VALID red3 hydrophone 1 snr=22 2026-08-13T15:58:06.872
SNR_VALID red3 hydrophone 1 snr=24 2026-08-13T15:58:55.881
SNR_VALID red3 hydrophone 1 snr=26 2026-08-13T15:59:35.842
SNR_VALID red3 hydrophone 1 snr=28 2026-08-13T16:00:16.569
SNR_VALID red3 hydrophone 1 snr=30 2026-08-13T16:00:56.382
PATH_VALID red3 hydrophone 1 2026-08-13T16:00:58.422
PATH_START red4 hydrophone 2 2026-08-13T16:00:59.301
SNR_VALID red4 hydrophone 2 snr=0 2026-08-13T16:02:07.588
SNR_VALID red4 hydrophone 2 snr=2 2026-08-13T16:03:11.732
SNR_VALID red4 hydrophone 2 snr=4 2026-08-13T16:04:15.433
SNR_VALID red4 hydrophone 2 snr=6 2026-08-13T16:05:21.536
SNR_VALID red4 hydrophone 2 snr=8 2026-08-13T16:06:27.479
SNR_VALID red4 hydrophone 2 snr=10 2026-08-13T16:07:29.783
SNR_VALID red4 hydrophone 2 snr=12 2026-08-13T16:08:19.849
SNR_VALID red4 hydrophone 2 snr=14 2026-08-13T16:08:54.363
SNR_VALID red4 hydrophone 2 snr=16 2026-08-13T16:09:24.723
SNR_VALID red4 hydrophone 2 snr=18 2026-08-13T16:09:53.875
SNR_VALID red4 hydrophone 2 snr=20 2026-08-13T16:10:23.638
SNR_VALID red4 hydrophone 2 snr=22 2026-08-13T16:10:53.353
SNR_VALID red4 hydrophone 2 snr=24 2026-08-13T16:11:23.989
SNR_VALID red4 hydrophone 2 snr=26 2026-08-13T16:11:54.438
SNR_VALID red4 hydrophone 2 snr=28 2026-08-13T16:12:21.980
SNR_VALID red4 hydrophone 2 snr=30 2026-08-13T16:12:47.100
PATH_VALID red4 hydrophone 2 2026-08-13T16:12:47.781
N1024_CRC_NO_HARM_COMPUTE_COMPLETE paths=3 2026-08-13T16:12:48.213
