N1024_CRC_NO_HARM_START paths=3 2026-08-13T15:33:14.070
PATH_START red2 hydrophone 1 2026-08-13T15:33:14.087
SNR_VALID red2 hydrophone 1 snr=0 2026-08-13T15:35:21.031
SNR_VALID red2 hydrophone 1 snr=2 2026-08-13T15:36:26.426
SNR_VALID red2 hydrophone 1 snr=4 2026-08-13T15:37:30.767
SNR_VALID red2 hydrophone 1 snr=6 2026-08-13T15:38:36.422
SNR_VALID red2 hydrophone 1 snr=8 2026-08-13T15:39:42.320
SNR_VALID red2 hydrophone 1 snr=10 2026-08-13T15:40:46.530
SNR_VALID red2 hydrophone 1 snr=12 2026-08-13T15:41:50.007
SNR_VALID red2 hydrophone 1 snr=14 2026-08-13T15:42:53.073
SNR_VALID red2 hydrophone 1 snr=16 2026-08-13T15:43:55.169
SNR_VALID red2 hydrophone 1 snr=18 2026-08-13T15:44:53.466
SNR_VALID red2 hydrophone 1 snr=20 2026-08-13T15:45:50.881
SNR_VALID red2 hydrophone 1 snr=22 2026-08-13T15:46:45.285
SNR_VALID red2 hydrophone 1 snr=24 2026-08-13T15:47:35.767
SNR_VALID red2 hydrophone 1 snr=26 2026-08-13T15:48:23.959
SNR_VALID red2 hydrophone 1 snr=28 2026-08-13T15:49:10.649
SNR_VALID red2 hydrophone 1 snr=30 2026-08-13T15:49:56.988
PATH_VALID red2 hydrophone 1 2026-08-13T15:50:00.725
PATH_START red3 hydrophone 2 2026-08-13T15:50:01.430
SNR_VALID red3 hydrophone 2 snr=0 2026-08-13T15:51:07.587
SNR_VALID red3 hydrophone 2 snr=2 2026-08-13T15:52:14.321
SNR_VALID red3 hydrophone 2 snr=4 2026-08-13T15:53:20.608
SNR_VALID red3 hydrophone 2 snr=6 2026-08-13T15:54:25.344
SNR_VALID red3 hydrophone 2 snr=8 2026-08-13T15:55:32
SNR_VALID red3 hydrophone 2 snr=10 2026-08-13T15:56:36.429
SNR_VALID red3 hydrophone 2 snr=12 2026-08-13T15:57:41.696
SNR_VALID red3 hydrophone 2 snr=14 2026-08-13T15:58:39.737
SNR_VALID red3 hydrophone 2 snr=16 2026-08-13T15:59:25.512
SNR_VALID red3 hydrophone 2 snr=18 2026-08-13T16:00:01.509
SNR_VALID red3 hydrophone 2 snr=20 2026-08-13T16:00:34.927
SNR_VALID red3 hydrophone 2 snr=22 2026-08-13T16:01:07.709
SNR_VALID red3 hydrophone 2 snr=24 2026-08-13T16:01:38.162
SNR_VALID red3 hydrophone 2 snr=26 2026-08-13T16:02:08.611
SNR_VALID red3 hydrophone 2 snr=28 2026-08-13T16:02:39.147
SNR_VALID red3 hydrophone 2 snr=30 2026-08-13T16:03:08.651
PATH_VALID red3 hydrophone 2 2026-08-13T16:03:10.604
PATH_START red4 hydrophone 3 2026-08-13T16:03:11.489
SNR_VALID red4 hydrophone 3 snr=0 2026-08-13T16:04:17.242
SNR_VALID red4 hydrophone 3 snr=2 2026-08-13T16:05:21.895
SNR_VALID red4 hydrophone 3 snr=4 2026-08-13T16:06:29.295
SNR_VALID red4 hydrophone 3 snr=6 2026-08-13T16:07:32.648
SNR_VALID red4 hydrophone 3 snr=8 2026-08-13T16:08:35.823
SNR_VALID red4 hydrophone 3 snr=10 2026-08-13T16:09:35.661
SNR_VALID red4 hydrophone 3 snr=12 2026-08-13T16:10:26.058
SNR_VALID red4 hydrophone 3 snr=14 2026-08-13T16:11:08.644
SNR_VALID red4 hydrophone 3 snr=16 2026-08-13T16:11:42.996
SNR_VALID red4 hydrophone 3 snr=18 2026-08-13T16:12:14.841
SNR_VALID red4 hydrophone 3 snr=20 2026-08-13T16:12:40.327
SNR_VALID red4 hydrophone 3 snr=22 2026-08-13T16:13:03.129
SNR_VALID red4 hydrophone 3 snr=24 2026-08-13T16:13:24.467
SNR_VALID red4 hydrophone 3 snr=26 2026-08-13T16:13:46.831
SNR_VALID red4 hydrophone 3 snr=28 2026-08-13T16:14:07.816
SNR_VALID red4 hydrophone 3 snr=30 2026-08-13T16:14:27.997
PATH_VALID red4 hydrophone 3 2026-08-13T16:14:29.006
N1024_CRC_NO_HARM_COMPUTE_COMPLETE paths=3 2026-08-13T16:14:29.863
