N1024_CRC_NO_HARM_START paths=3 2026-08-13T15:33:13.327
PATH_START red1 hydrophone 1 2026-08-13T15:33:13.357
SNR_VALID red1 hydrophone 1 snr=0 2026-08-13T15:35:21.599
SNR_VALID red1 hydrophone 1 snr=2 2026-08-13T15:36:26.690
SNR_VALID red1 hydrophone 1 snr=4 2026-08-13T15:37:30.179
SNR_VALID red1 hydrophone 1 snr=6 2026-08-13T15:38:36.115
SNR_VALID red1 hydrophone 1 snr=8 2026-08-13T15:39:40.484
SNR_VALID red1 hydrophone 1 snr=10 2026-08-13T15:40:45.323
SNR_VALID red1 hydrophone 1 snr=12 2026-08-13T15:41:47.164
SNR_VALID red1 hydrophone 1 snr=14 2026-08-13T15:42:42.924
SNR_VALID red1 hydrophone 1 snr=16 2026-08-13T15:43:30.757
SNR_VALID red1 hydrophone 1 snr=18 2026-08-13T15:44:17.252
SNR_VALID red1 hydrophone 1 snr=20 2026-08-13T15:44:59.896
SNR_VALID red1 hydrophone 1 snr=22 2026-08-13T15:45:35.689
SNR_VALID red1 hydrophone 1 snr=24 2026-08-13T15:46:12.261
SNR_VALID red1 hydrophone 1 snr=26 2026-08-13T15:46:45.921
SNR_VALID red1 hydrophone 1 snr=28 2026-08-13T15:47:19.851
SNR_VALID red1 hydrophone 1 snr=30 2026-08-13T15:47:54.045
PATH_VALID red1 hydrophone 1 2026-08-13T15:47:57.758
PATH_START red2 hydrophone 2 2026-08-13T15:47:58.409
SNR_VALID red2 hydrophone 2 snr=0 2026-08-13T15:49:04.041
SNR_VALID red2 hydrophone 2 snr=2 2026-08-13T15:50:08.471
SNR_VALID red2 hydrophone 2 snr=4 2026-08-13T15:51:14.007
SNR_VALID red2 hydrophone 2 snr=6 2026-08-13T15:52:18.886
SNR_VALID red2 hydrophone 2 snr=8 2026-08-13T15:53:25.208
SNR_VALID red2 hydrophone 2 snr=10 2026-08-13T15:54:29.950
SNR_VALID red2 hydrophone 2 snr=12 2026-08-13T15:55:35.369
SNR_VALID red2 hydrophone 2 snr=14 2026-08-13T15:56:36.239
SNR_VALID red2 hydrophone 2 snr=16 2026-08-13T15:57:30.410
SNR_VALID red2 hydrophone 2 snr=18 2026-08-13T15:58:23.813
SNR_VALID red2 hydrophone 2 snr=20 2026-08-13T15:59:07.814
SNR_VALID red2 hydrophone 2 snr=22 2026-08-13T15:59:45.045
SNR_VALID red2 hydrophone 2 snr=24 2026-08-13T16:00:21.033
SNR_VALID red2 hydrophone 2 snr=26 2026-08-13T16:00:54.367
SNR_VALID red2 hydrophone 2 snr=28 2026-08-13T16:01:29.534
SNR_VALID red2 hydrophone 2 snr=30 2026-08-13T16:02:01.956
PATH_VALID red2 hydrophone 2 2026-08-13T16:02:03.668
PATH_START red3 hydrophone 3 2026-08-13T16:02:04.438
SNR_VALID red3 hydrophone 3 snr=0 2026-08-13T16:03:09.569
SNR_VALID red3 hydrophone 3 snr=2 2026-08-13T16:04:13.437
SNR_VALID red3 hydrophone 3 snr=4 2026-08-13T16:05:19.268
SNR_VALID red3 hydrophone 3 snr=6 2026-08-13T16:06:25.258
SNR_VALID red3 hydrophone 3 snr=8 2026-08-13T16:07:29.758
SNR_VALID red3 hydrophone 3 snr=10 2026-08-13T16:08:32.472
SNR_VALID red3 hydrophone 3 snr=12 2026-08-13T16:09:33.586
SNR_VALID red3 hydrophone 3 snr=14 2026-08-13T16:10:30.172
SNR_VALID red3 hydrophone 3 snr=16 2026-08-13T16:11:21.666
SNR_VALID red3 hydrophone 3 snr=18 2026-08-13T16:12:00.517
SNR_VALID red3 hydrophone 3 snr=20 2026-08-13T16:12:28.938
SNR_VALID red3 hydrophone 3 snr=22 2026-08-13T16:12:53.094
SNR_VALID red3 hydrophone 3 snr=24 2026-08-13T16:13:14.587
SNR_VALID red3 hydrophone 3 snr=26 2026-08-13T16:13:36.266
SNR_VALID red3 hydrophone 3 snr=28 2026-08-13T16:13:57.399
SNR_VALID red3 hydrophone 3 snr=30 2026-08-13T16:14:18.870
PATH_VALID red3 hydrophone 3 2026-08-13T16:14:19.436
N1024_CRC_NO_HARM_COMPUTE_COMPLETE paths=3 2026-08-13T16:14:19.817
