N1024_CRC_NO_HARM_START paths=3 2026-08-13T15:33:13.052
PATH_START red1 hydrophone 2 2026-08-13T15:33:13.069
SNR_VALID red1 hydrophone 2 snr=0 2026-08-13T15:35:20.582
SNR_VALID red1 hydrophone 2 snr=2 2026-08-13T15:36:24.746
SNR_VALID red1 hydrophone 2 snr=4 2026-08-13T15:37:28.587
SNR_VALID red1 hydrophone 2 snr=6 2026-08-13T15:38:34.014
SNR_VALID red1 hydrophone 2 snr=8 2026-08-13T15:39:39.739
SNR_VALID red1 hydrophone 2 snr=10 2026-08-13T15:40:43.866
SNR_VALID red1 hydrophone 2 snr=12 2026-08-13T15:41:48.245
SNR_VALID red1 hydrophone 2 snr=14 2026-08-13T15:42:46.066
SNR_VALID red1 hydrophone 2 snr=16 2026-08-13T15:43:28.525
SNR_VALID red1 hydrophone 2 snr=18 2026-08-13T15:44:05.733
SNR_VALID red1 hydrophone 2 snr=20 2026-08-13T15:44:38.443
SNR_VALID red1 hydrophone 2 snr=22 2026-08-13T15:45:11.225
SNR_VALID red1 hydrophone 2 snr=24 2026-08-13T15:45:42.175
SNR_VALID red1 hydrophone 2 snr=26 2026-08-13T15:46:13.971
SNR_VALID red1 hydrophone 2 snr=28 2026-08-13T15:46:45.083
SNR_VALID red1 hydrophone 2 snr=30 2026-08-13T15:47:15.187
PATH_VALID red1 hydrophone 2 2026-08-13T15:47:18.960
PATH_START red2 hydrophone 3 2026-08-13T15:47:19.639
SNR_VALID red2 hydrophone 3 snr=0 2026-08-13T15:48:27.039
SNR_VALID red2 hydrophone 3 snr=2 2026-08-13T15:49:31.306
SNR_VALID red2 hydrophone 3 snr=4 2026-08-13T15:50:36.820
SNR_VALID red2 hydrophone 3 snr=6 2026-08-13T15:51:42.401
SNR_VALID red2 hydrophone 3 snr=8 2026-08-13T15:52:48.129
SNR_VALID red2 hydrophone 3 snr=10 2026-08-13T15:53:54.772
SNR_VALID red2 hydrophone 3 snr=12 2026-08-13T15:54:58.087
SNR_VALID red2 hydrophone 3 snr=14 2026-08-13T15:55:51.505
SNR_VALID red2 hydrophone 3 snr=16 2026-08-13T15:56:29.688
SNR_VALID red2 hydrophone 3 snr=18 2026-08-13T15:57:02.060
SNR_VALID red2 hydrophone 3 snr=20 2026-08-13T15:57:35.887
SNR_VALID red2 hydrophone 3 snr=22 2026-08-13T15:58:07.690
SNR_VALID red2 hydrophone 3 snr=24 2026-08-13T15:58:40.634
SNR_VALID red2 hydrophone 3 snr=26 2026-08-13T15:59:11.651
SNR_VALID red2 hydrophone 3 snr=28 2026-08-13T15:59:41.588
SNR_VALID red2 hydrophone 3 snr=30 2026-08-13T16:00:11.605
PATH_VALID red2 hydrophone 3 2026-08-13T16:00:13.059
PATH_START red4 hydrophone 1 2026-08-13T16:00:13.827
SNR_VALID red4 hydrophone 1 snr=0 2026-08-13T16:01:20.158
SNR_VALID red4 hydrophone 1 snr=2 2026-08-13T16:02:26.820
SNR_VALID red4 hydrophone 1 snr=4 2026-08-13T16:03:32.354
SNR_VALID red4 hydrophone 1 snr=6 2026-08-13T16:04:36.270
SNR_VALID red4 hydrophone 1 snr=8 2026-08-13T16:05:43.105
SNR_VALID red4 hydrophone 1 snr=10 2026-08-13T16:06:41.404
SNR_VALID red4 hydrophone 1 snr=12 2026-08-13T16:07:30.336
SNR_VALID red4 hydrophone 1 snr=14 2026-08-13T16:08:06.252
SNR_VALID red4 hydrophone 1 snr=16 2026-08-13T16:08:36.492
SNR_VALID red4 hydrophone 1 snr=18 2026-08-13T16:09:07.030
SNR_VALID red4 hydrophone 1 snr=20 2026-08-13T16:09:36.306
SNR_VALID red4 hydrophone 1 snr=22 2026-08-13T16:10:05.457
SNR_VALID red4 hydrophone 1 snr=24 2026-08-13T16:10:35.088
SNR_VALID red4 hydrophone 1 snr=26 2026-08-13T16:11:05.323
SNR_VALID red4 hydrophone 1 snr=28 2026-08-13T16:11:35.829
SNR_VALID red4 hydrophone 1 snr=30 2026-08-13T16:12:05.829
PATH_VALID red4 hydrophone 1 2026-08-13T16:12:07.413
N1024_CRC_NO_HARM_COMPUTE_COMPLETE paths=3 2026-08-13T16:12:08.067
