N1536_CRC_NO_HARM_START paths=3 2026-08-12T12:44:03.301
PATH_START red2 hydrophone 1 2026-08-12T12:44:03.331
SNR_VALID red2 hydrophone 1 snr=0 2026-08-12T12:46:23.491
SNR_VALID red2 hydrophone 1 snr=2 2026-08-12T12:47:21.527
SNR_VALID red2 hydrophone 1 snr=4 2026-08-12T12:48:18.533
SNR_VALID red2 hydrophone 1 snr=6 2026-08-12T12:49:14.656
SNR_VALID red2 hydrophone 1 snr=8 2026-08-12T12:50:09.648
SNR_VALID red2 hydrophone 1 snr=10 2026-08-12T12:51:01.093
SNR_VALID red2 hydrophone 1 snr=12 2026-08-12T12:51:39.779
SNR_VALID red2 hydrophone 1 snr=14 2026-08-12T12:52:12.116
SNR_VALID red2 hydrophone 1 snr=16 2026-08-12T12:52:40.380
SNR_VALID red2 hydrophone 1 snr=18 2026-08-12T12:53:06.998
SNR_VALID red2 hydrophone 1 snr=20 2026-08-12T12:53:34.390
SNR_VALID red2 hydrophone 1 snr=22 2026-08-12T12:54:00.242
SNR_VALID red2 hydrophone 1 snr=24 2026-08-12T12:54:25.180
SNR_VALID red2 hydrophone 1 snr=26 2026-08-12T12:54:51.676
SNR_VALID red2 hydrophone 1 snr=28 2026-08-12T12:55:19.211
SNR_VALID red2 hydrophone 1 snr=30 2026-08-12T12:55:46.998
PATH_VALID red2 hydrophone 1 2026-08-12T12:55:50.412
PATH_START red3 hydrophone 2 2026-08-12T12:55:51.063
SNR_VALID red3 hydrophone 2 snr=0 2026-08-12T12:56:51.690
SNR_VALID red3 hydrophone 2 snr=2 2026-08-12T12:57:49.365
SNR_VALID red3 hydrophone 2 snr=4 2026-08-12T12:58:47.834
SNR_VALID red3 hydrophone 2 snr=6 2026-08-12T12:59:44.426
SNR_VALID red3 hydrophone 2 snr=8 2026-08-12T13:00:31.117
SNR_VALID red3 hydrophone 2 snr=10 2026-08-12T13:01:03.795
SNR_VALID red3 hydrophone 2 snr=12 2026-08-12T13:01:31.226
SNR_VALID red3 hydrophone 2 snr=14 2026-08-12T13:01:57.026
SNR_VALID red3 hydrophone 2 snr=16 2026-08-12T13:02:22.010
SNR_VALID red3 hydrophone 2 snr=18 2026-08-12T13:02:46.947
SNR_VALID red3 hydrophone 2 snr=20 2026-08-12T13:03:12.530
SNR_VALID red3 hydrophone 2 snr=22 2026-08-12T13:03:37.467
SNR_VALID red3 hydrophone 2 snr=24 2026-08-12T13:04:03.191
SNR_VALID red3 hydrophone 2 snr=26 2026-08-12T13:04:29.203
SNR_VALID red3 hydrophone 2 snr=28 2026-08-12T13:04:55.893
SNR_VALID red3 hydrophone 2 snr=30 2026-08-12T13:05:21.897
PATH_VALID red3 hydrophone 2 2026-08-12T13:05:23.249
PATH_START red4 hydrophone 3 2026-08-12T13:05:23.925
SNR_VALID red4 hydrophone 3 snr=0 2026-08-12T13:06:23.656
SNR_VALID red4 hydrophone 3 snr=2 2026-08-12T13:07:19.312
SNR_VALID red4 hydrophone 3 snr=4 2026-08-12T13:08:17.266
SNR_VALID red4 hydrophone 3 snr=6 2026-08-12T13:09:05.330
SNR_VALID red4 hydrophone 3 snr=8 2026-08-12T13:09:38.674
SNR_VALID red4 hydrophone 3 snr=10 2026-08-12T13:10:04.365
SNR_VALID red4 hydrophone 3 snr=12 2026-08-12T13:10:32.594
SNR_VALID red4 hydrophone 3 snr=14 2026-08-12T13:10:59.531
SNR_VALID red4 hydrophone 3 snr=16 2026-08-12T13:11:25.418
SNR_VALID red4 hydrophone 3 snr=18 2026-08-12T13:11:48.962
SNR_VALID red4 hydrophone 3 snr=20 2026-08-12T13:12:13.386
SNR_VALID red4 hydrophone 3 snr=22 2026-08-12T13:12:38.096
SNR_VALID red4 hydrophone 3 snr=24 2026-08-12T13:12:59.639
SNR_VALID red4 hydrophone 3 snr=26 2026-08-12T13:13:19.580
SNR_VALID red4 hydrophone 3 snr=28 2026-08-12T13:13:39.720
SNR_VALID red4 hydrophone 3 snr=30 2026-08-12T13:13:58.686
PATH_VALID red4 hydrophone 3 2026-08-12T13:14:00.034
N1536_CRC_NO_HARM_COMPUTE_COMPLETE paths=3 2026-08-12T13:14:00.587
