N1536_CRC_NO_HARM_START paths=3 2026-08-12T12:44:02.994
PATH_START red1 hydrophone 2 2026-08-12T12:44:03.033
SNR_VALID red1 hydrophone 2 snr=0 2026-08-12T12:46:23.607
SNR_VALID red1 hydrophone 2 snr=2 2026-08-12T12:47:20.697
SNR_VALID red1 hydrophone 2 snr=4 2026-08-12T12:48:17.918
SNR_VALID red1 hydrophone 2 snr=6 2026-08-12T12:49:12.257
SNR_VALID red1 hydrophone 2 snr=8 2026-08-12T12:49:58.255
SNR_VALID red1 hydrophone 2 snr=10 2026-08-12T12:50:30.145
SNR_VALID red1 hydrophone 2 snr=12 2026-08-12T12:50:58.566
SNR_VALID red1 hydrophone 2 snr=14 2026-08-12T12:51:23.096
SNR_VALID red1 hydrophone 2 snr=16 2026-08-12T12:51:47.215
SNR_VALID red1 hydrophone 2 snr=18 2026-08-12T12:52:11.332
SNR_VALID red1 hydrophone 2 snr=20 2026-08-12T12:52:35.397
SNR_VALID red1 hydrophone 2 snr=22 2026-08-12T12:52:59.076
SNR_VALID red1 hydrophone 2 snr=24 2026-08-12T12:53:22.561
SNR_VALID red1 hydrophone 2 snr=26 2026-08-12T12:53:45.954
SNR_VALID red1 hydrophone 2 snr=28 2026-08-12T12:54:10.437
SNR_VALID red1 hydrophone 2 snr=30 2026-08-12T12:54:33.711
PATH_VALID red1 hydrophone 2 2026-08-12T12:54:38.027
PATH_START red2 hydrophone 3 2026-08-12T12:54:38.756
SNR_VALID red2 hydrophone 3 snr=0 2026-08-12T12:55:37.985
SNR_VALID red2 hydrophone 3 snr=2 2026-08-12T12:56:35.724
SNR_VALID red2 hydrophone 3 snr=4 2026-08-12T12:57:33.793
SNR_VALID red2 hydrophone 3 snr=6 2026-08-12T12:58:30.831
SNR_VALID red2 hydrophone 3 snr=8 2026-08-12T12:59:17.908
SNR_VALID red2 hydrophone 3 snr=10 2026-08-12T12:59:57.354
SNR_VALID red2 hydrophone 3 snr=12 2026-08-12T13:00:24.892
SNR_VALID red2 hydrophone 3 snr=14 2026-08-12T13:00:49.894
SNR_VALID red2 hydrophone 3 snr=16 2026-08-12T13:01:15.469
SNR_VALID red2 hydrophone 3 snr=18 2026-08-12T13:01:39.902
SNR_VALID red2 hydrophone 3 snr=20 2026-08-12T13:02:04.865
SNR_VALID red2 hydrophone 3 snr=22 2026-08-12T13:02:29.264
SNR_VALID red2 hydrophone 3 snr=24 2026-08-12T13:02:54.580
SNR_VALID red2 hydrophone 3 snr=26 2026-08-12T13:03:18.794
SNR_VALID red2 hydrophone 3 snr=28 2026-08-12T13:03:42.683
SNR_VALID red2 hydrophone 3 snr=30 2026-08-12T13:04:08.235
PATH_VALID red2 hydrophone 3 2026-08-12T13:04:10.331
PATH_START red4 hydrophone 1 2026-08-12T13:04:10.927
SNR_VALID red4 hydrophone 1 snr=0 2026-08-12T13:05:12.111
SNR_VALID red4 hydrophone 1 snr=2 2026-08-12T13:06:10.184
SNR_VALID red4 hydrophone 1 snr=4 2026-08-12T13:07:06.490
SNR_VALID red4 hydrophone 1 snr=6 2026-08-12T13:07:52.606
SNR_VALID red4 hydrophone 1 snr=8 2026-08-12T13:08:25.583
SNR_VALID red4 hydrophone 1 snr=10 2026-08-12T13:08:52.828
SNR_VALID red4 hydrophone 1 snr=12 2026-08-12T13:09:18.009
SNR_VALID red4 hydrophone 1 snr=14 2026-08-12T13:09:42.902
SNR_VALID red4 hydrophone 1 snr=16 2026-08-12T13:10:07.299
SNR_VALID red4 hydrophone 1 snr=18 2026-08-12T13:10:34.086
SNR_VALID red4 hydrophone 1 snr=20 2026-08-12T13:10:59.903
SNR_VALID red4 hydrophone 1 snr=22 2026-08-12T13:11:26.023
SNR_VALID red4 hydrophone 1 snr=24 2026-08-12T13:11:49.406
SNR_VALID red4 hydrophone 1 snr=26 2026-08-12T13:12:14.111
SNR_VALID red4 hydrophone 1 snr=28 2026-08-12T13:12:39.251
SNR_VALID red4 hydrophone 1 snr=30 2026-08-12T13:13:01.402
PATH_VALID red4 hydrophone 1 2026-08-12T13:13:03.086
N1536_CRC_NO_HARM_COMPUTE_COMPLETE paths=3 2026-08-12T13:13:03.781
