N1536_CRC_NO_HARM_START paths=3 2026-08-12T12:44:02.762
PATH_START red1 hydrophone 3 2026-08-12T12:44:02.775
SNR_VALID red1 hydrophone 3 snr=0 2026-08-12T12:46:21.022
SNR_VALID red1 hydrophone 3 snr=2 2026-08-12T12:47:19.005
SNR_VALID red1 hydrophone 3 snr=4 2026-08-12T12:48:17.962
SNR_VALID red1 hydrophone 3 snr=6 2026-08-12T12:49:04.584
SNR_VALID red1 hydrophone 3 snr=8 2026-08-12T12:49:34.822
SNR_VALID red1 hydrophone 3 snr=10 2026-08-12T12:50:01.002
SNR_VALID red1 hydrophone 3 snr=12 2026-08-12T12:50:24.782
SNR_VALID red1 hydrophone 3 snr=14 2026-08-12T12:50:49.157
SNR_VALID red1 hydrophone 3 snr=16 2026-08-12T12:51:12.347
SNR_VALID red1 hydrophone 3 snr=18 2026-08-12T12:51:35.727
SNR_VALID red1 hydrophone 3 snr=20 2026-08-12T12:51:59.505
SNR_VALID red1 hydrophone 3 snr=22 2026-08-12T12:52:23.526
SNR_VALID red1 hydrophone 3 snr=24 2026-08-12T12:52:46.629
SNR_VALID red1 hydrophone 3 snr=26 2026-08-12T12:53:09.613
SNR_VALID red1 hydrophone 3 snr=28 2026-08-12T12:53:32.544
SNR_VALID red1 hydrophone 3 snr=30 2026-08-12T12:53:54.778
PATH_VALID red1 hydrophone 3 2026-08-12T12:53:58.383
PATH_START red3 hydrophone 1 2026-08-12T12:53:58.952
SNR_VALID red3 hydrophone 1 snr=0 2026-08-12T12:54:57.440
SNR_VALID red3 hydrophone 1 snr=2 2026-08-12T12:55:55.274
SNR_VALID red3 hydrophone 1 snr=4 2026-08-12T12:56:53.040
SNR_VALID red3 hydrophone 1 snr=6 2026-08-12T12:57:51.371
SNR_VALID red3 hydrophone 1 snr=8 2026-08-12T12:58:45.714
SNR_VALID red3 hydrophone 1 snr=10 2026-08-12T12:59:29.353
SNR_VALID red3 hydrophone 1 snr=12 2026-08-12T13:00:06.333
SNR_VALID red3 hydrophone 1 snr=14 2026-08-12T13:00:33.793
SNR_VALID red3 hydrophone 1 snr=16 2026-08-12T13:00:58.623
SNR_VALID red3 hydrophone 1 snr=18 2026-08-12T13:01:23.371
SNR_VALID red3 hydrophone 1 snr=20 2026-08-12T13:01:47.369
SNR_VALID red3 hydrophone 1 snr=22 2026-08-12T13:02:11.565
SNR_VALID red3 hydrophone 1 snr=24 2026-08-12T13:02:35.695
SNR_VALID red3 hydrophone 1 snr=26 2026-08-12T13:03:00.187
SNR_VALID red3 hydrophone 1 snr=28 2026-08-12T13:03:23.896
SNR_VALID red3 hydrophone 1 snr=30 2026-08-12T13:03:47.652
PATH_VALID red3 hydrophone 1 2026-08-12T13:03:49.037
PATH_START red4 hydrophone 2 2026-08-12T13:03:49.715
SNR_VALID red4 hydrophone 2 snr=0 2026-08-12T13:04:51.105
SNR_VALID red4 hydrophone 2 snr=2 2026-08-12T13:05:50.033
SNR_VALID red4 hydrophone 2 snr=4 2026-08-12T13:06:47.854
SNR_VALID red4 hydrophone 2 snr=6 2026-08-12T13:07:32.924
SNR_VALID red4 hydrophone 2 snr=8 2026-08-12T13:08:03.009
SNR_VALID red4 hydrophone 2 snr=10 2026-08-12T13:08:27.709
SNR_VALID red4 hydrophone 2 snr=12 2026-08-12T13:08:52.026
SNR_VALID red4 hydrophone 2 snr=14 2026-08-12T13:09:16.739
SNR_VALID red4 hydrophone 2 snr=16 2026-08-12T13:09:40.998
SNR_VALID red4 hydrophone 2 snr=18 2026-08-12T13:10:05.115
SNR_VALID red4 hydrophone 2 snr=20 2026-08-12T13:10:31.220
SNR_VALID red4 hydrophone 2 snr=22 2026-08-12T13:10:57.209
SNR_VALID red4 hydrophone 2 snr=24 2026-08-12T13:11:24.017
SNR_VALID red4 hydrophone 2 snr=26 2026-08-12T13:11:47.271
SNR_VALID red4 hydrophone 2 snr=28 2026-08-12T13:12:12.137
SNR_VALID red4 hydrophone 2 snr=30 2026-08-12T13:12:38.153
PATH_VALID red4 hydrophone 2 2026-08-12T13:12:39.908
N1536_CRC_NO_HARM_COMPUTE_COMPLETE paths=3 2026-08-12T13:12:40.503
