N1536_CRC_NO_HARM_START paths=3 2026-08-12T12:44:02.962
PATH_START red1 hydrophone 1 2026-08-12T12:44:02.981
SNR_VALID red1 hydrophone 1 snr=0 2026-08-12T12:46:22.176
SNR_VALID red1 hydrophone 1 snr=2 2026-08-12T12:47:20.105
SNR_VALID red1 hydrophone 1 snr=4 2026-08-12T12:48:18.717
SNR_VALID red1 hydrophone 1 snr=6 2026-08-12T12:49:14.095
SNR_VALID red1 hydrophone 1 snr=8 2026-08-12T12:50:06.514
SNR_VALID red1 hydrophone 1 snr=10 2026-08-12T12:50:39.445
SNR_VALID red1 hydrophone 1 snr=12 2026-08-12T12:51:07.446
SNR_VALID red1 hydrophone 1 snr=14 2026-08-12T12:51:34.236
SNR_VALID red1 hydrophone 1 snr=16 2026-08-12T12:51:59.321
SNR_VALID red1 hydrophone 1 snr=18 2026-08-12T12:52:24.601
SNR_VALID red1 hydrophone 1 snr=20 2026-08-12T12:52:48.724
SNR_VALID red1 hydrophone 1 snr=22 2026-08-12T12:53:12.955
SNR_VALID red1 hydrophone 1 snr=24 2026-08-12T12:53:37.636
SNR_VALID red1 hydrophone 1 snr=26 2026-08-12T12:54:02.557
SNR_VALID red1 hydrophone 1 snr=28 2026-08-12T12:54:27.227
SNR_VALID red1 hydrophone 1 snr=30 2026-08-12T12:54:52.491
PATH_VALID red1 hydrophone 1 2026-08-12T12:54:56.796
PATH_START red2 hydrophone 2 2026-08-12T12:54:57.480
SNR_VALID red2 hydrophone 2 snr=0 2026-08-12T12:55:56.917
SNR_VALID red2 hydrophone 2 snr=2 2026-08-12T12:56:53.921
SNR_VALID red2 hydrophone 2 snr=4 2026-08-12T12:57:52.200
SNR_VALID red2 hydrophone 2 snr=6 2026-08-12T12:58:49.556
SNR_VALID red2 hydrophone 2 snr=8 2026-08-12T12:59:40.170
SNR_VALID red2 hydrophone 2 snr=10 2026-08-12T13:00:22.218
SNR_VALID red2 hydrophone 2 snr=12 2026-08-12T13:00:50.841
SNR_VALID red2 hydrophone 2 snr=14 2026-08-12T13:01:16.620
SNR_VALID red2 hydrophone 2 snr=16 2026-08-12T13:01:41.645
SNR_VALID red2 hydrophone 2 snr=18 2026-08-12T13:02:06.089
SNR_VALID red2 hydrophone 2 snr=20 2026-08-12T13:02:29.956
SNR_VALID red2 hydrophone 2 snr=22 2026-08-12T13:02:54.021
SNR_VALID red2 hydrophone 2 snr=24 2026-08-12T13:03:17.404
SNR_VALID red2 hydrophone 2 snr=26 2026-08-12T13:03:40.919
SNR_VALID red2 hydrophone 2 snr=28 2026-08-12T13:04:05.278
SNR_VALID red2 hydrophone 2 snr=30 2026-08-12T13:04:29.588
PATH_VALID red2 hydrophone 2 2026-08-12T13:04:31.144
PATH_START red3 hydrophone 3 2026-08-12T13:04:31.867
SNR_VALID red3 hydrophone 3 snr=0 2026-08-12T13:05:32.783
SNR_VALID red3 hydrophone 3 snr=2 2026-08-12T13:06:30.861
SNR_VALID red3 hydrophone 3 snr=4 2026-08-12T13:07:27.291
SNR_VALID red3 hydrophone 3 snr=6 2026-08-12T13:08:26.404
SNR_VALID red3 hydrophone 3 snr=8 2026-08-12T13:09:14.760
SNR_VALID red3 hydrophone 3 snr=10 2026-08-12T13:09:47.688
SNR_VALID red3 hydrophone 3 snr=12 2026-08-12T13:10:18.550
SNR_VALID red3 hydrophone 3 snr=14 2026-08-12T13:10:48.427
SNR_VALID red3 hydrophone 3 snr=16 2026-08-12T13:11:15.104
SNR_VALID red3 hydrophone 3 snr=18 2026-08-12T13:11:39.802
SNR_VALID red3 hydrophone 3 snr=20 2026-08-12T13:12:06.415
SNR_VALID red3 hydrophone 3 snr=22 2026-08-12T13:12:31.859
SNR_VALID red3 hydrophone 3 snr=24 2026-08-12T13:12:56.164
SNR_VALID red3 hydrophone 3 snr=26 2026-08-12T13:13:17.780
SNR_VALID red3 hydrophone 3 snr=28 2026-08-12T13:13:38.278
SNR_VALID red3 hydrophone 3 snr=30 2026-08-12T13:13:57.940
PATH_VALID red3 hydrophone 3 2026-08-12T13:13:58.901
N1536_CRC_NO_HARM_COMPUTE_COMPLETE paths=3 2026-08-12T13:13:59.432
