N2048_CRC_NO_HARM_START paths=3 2026-08-11T01:09:57.899
PATH_START red2 hydrophone 1 2026-08-11T01:09:57.909
SNR_VALID red2 hydrophone 1 snr=0 2026-08-11T01:11:52.318
SNR_VALID red2 hydrophone 1 snr=2 2026-08-11T01:12:42.061
SNR_VALID red2 hydrophone 1 snr=4 2026-08-11T01:13:31.386
SNR_VALID red2 hydrophone 1 snr=6 2026-08-11T01:14:27.011
SNR_VALID red2 hydrophone 1 snr=8 2026-08-11T01:15:21.017
SNR_VALID red2 hydrophone 1 snr=10 2026-08-11T01:16:12.624
SNR_VALID red2 hydrophone 1 snr=12 2026-08-11T01:16:54.847
SNR_VALID red2 hydrophone 1 snr=14 2026-08-11T01:17:34.760
SNR_VALID red2 hydrophone 1 snr=16 2026-08-11T01:18:10.489
SNR_VALID red2 hydrophone 1 snr=18 2026-08-11T01:18:42.341
SNR_VALID red2 hydrophone 1 snr=20 2026-08-11T01:19:12.827
SNR_VALID red2 hydrophone 1 snr=22 2026-08-11T01:19:45.371
SNR_VALID red2 hydrophone 1 snr=24 2026-08-11T01:20:12.983
SNR_VALID red2 hydrophone 1 snr=26 2026-08-11T01:20:41.599
SNR_VALID red2 hydrophone 1 snr=28 2026-08-11T01:21:06.284
SNR_VALID red2 hydrophone 1 snr=30 2026-08-11T01:21:33.909
PATH_VALID red2 hydrophone 1 2026-08-11T01:21:38.313
PATH_START red3 hydrophone 2 2026-08-11T01:21:39.311
SNR_VALID red3 hydrophone 2 snr=0 2026-08-11T01:22:40.472
SNR_VALID red3 hydrophone 2 snr=2 2026-08-11T01:23:39.727
SNR_VALID red3 hydrophone 2 snr=4 2026-08-11T01:24:39.610
SNR_VALID red3 hydrophone 2 snr=6 2026-08-11T01:25:34.262
SNR_VALID red3 hydrophone 2 snr=8 2026-08-11T01:26:19.135
SNR_VALID red3 hydrophone 2 snr=10 2026-08-11T01:26:52.904
SNR_VALID red3 hydrophone 2 snr=12 2026-08-11T01:27:23.142
SNR_VALID red3 hydrophone 2 snr=14 2026-08-11T01:27:51.392
SNR_VALID red3 hydrophone 2 snr=16 2026-08-11T01:28:16.166
SNR_VALID red3 hydrophone 2 snr=18 2026-08-11T01:28:42.090
SNR_VALID red3 hydrophone 2 snr=20 2026-08-11T01:29:05.033
SNR_VALID red3 hydrophone 2 snr=22 2026-08-11T01:29:30.154
SNR_VALID red3 hydrophone 2 snr=24 2026-08-11T01:29:54.168
SNR_VALID red3 hydrophone 2 snr=26 2026-08-11T01:30:17.669
SNR_VALID red3 hydrophone 2 snr=28 2026-08-11T01:30:41.591
SNR_VALID red3 hydrophone 2 snr=30 2026-08-11T01:31:03.077
PATH_VALID red3 hydrophone 2 2026-08-11T01:31:04.631
PATH_START red4 hydrophone 3 2026-08-11T01:31:05.364
SNR_VALID red4 hydrophone 3 snr=0 2026-08-11T01:31:59.158
SNR_VALID red4 hydrophone 3 snr=2 2026-08-11T01:32:51.158
SNR_VALID red4 hydrophone 3 snr=4 2026-08-11T01:33:43.549
SNR_VALID red4 hydrophone 3 snr=6 2026-08-11T01:34:36.199
SNR_VALID red4 hydrophone 3 snr=8 2026-08-11T01:35:16.628
SNR_VALID red4 hydrophone 3 snr=10 2026-08-11T01:35:45.376
SNR_VALID red4 hydrophone 3 snr=12 2026-08-11T01:36:10.203
SNR_VALID red4 hydrophone 3 snr=14 2026-08-11T01:36:33.735
SNR_VALID red4 hydrophone 3 snr=16 2026-08-11T01:36:59.655
SNR_VALID red4 hydrophone 3 snr=18 2026-08-11T01:37:24.495
SNR_VALID red4 hydrophone 3 snr=20 2026-08-11T01:37:48.150
SNR_VALID red4 hydrophone 3 snr=22 2026-08-11T01:38:08.683
SNR_VALID red4 hydrophone 3 snr=24 2026-08-11T01:38:28.455
SNR_VALID red4 hydrophone 3 snr=26 2026-08-11T01:38:45.534
SNR_VALID red4 hydrophone 3 snr=28 2026-08-11T01:39:02.576
SNR_VALID red4 hydrophone 3 snr=30 2026-08-11T01:39:22.994
PATH_VALID red4 hydrophone 3 2026-08-11T01:39:24.218
N2048_CRC_NO_HARM_COMPUTE_COMPLETE paths=3 2026-08-11T01:39:25
