N2048_CRC_NO_HARM_START paths=3 2026-08-11T01:09:58.061
PATH_START red1 hydrophone 1 2026-08-11T01:09:58.064
SNR_VALID red1 hydrophone 1 snr=0 2026-08-11T01:11:51.438
SNR_VALID red1 hydrophone 1 snr=2 2026-08-11T01:12:41.861
SNR_VALID red1 hydrophone 1 snr=4 2026-08-11T01:13:31.870
SNR_VALID red1 hydrophone 1 snr=6 2026-08-11T01:14:27.111
SNR_VALID red1 hydrophone 1 snr=8 2026-08-11T01:15:16.967
SNR_VALID red1 hydrophone 1 snr=10 2026-08-11T01:15:58.598
SNR_VALID red1 hydrophone 1 snr=12 2026-08-11T01:16:28.027
SNR_VALID red1 hydrophone 1 snr=14 2026-08-11T01:16:56.288
SNR_VALID red1 hydrophone 1 snr=16 2026-08-11T01:17:21.839
SNR_VALID red1 hydrophone 1 snr=18 2026-08-11T01:17:47.208
SNR_VALID red1 hydrophone 1 snr=20 2026-08-11T01:18:10.840
SNR_VALID red1 hydrophone 1 snr=22 2026-08-11T01:18:33.763
SNR_VALID red1 hydrophone 1 snr=24 2026-08-11T01:18:58.279
SNR_VALID red1 hydrophone 1 snr=26 2026-08-11T01:19:22.515
SNR_VALID red1 hydrophone 1 snr=28 2026-08-11T01:19:45.389
SNR_VALID red1 hydrophone 1 snr=30 2026-08-11T01:20:08.322
PATH_VALID red1 hydrophone 1 2026-08-11T01:20:12.825
PATH_START red2 hydrophone 2 2026-08-11T01:20:13.736
SNR_VALID red2 hydrophone 2 snr=0 2026-08-11T01:21:06.294
SNR_VALID red2 hydrophone 2 snr=2 2026-08-11T01:22:04.878
SNR_VALID red2 hydrophone 2 snr=4 2026-08-11T01:23:03.970
SNR_VALID red2 hydrophone 2 snr=6 2026-08-11T01:24:02.215
SNR_VALID red2 hydrophone 2 snr=8 2026-08-11T01:24:59.892
SNR_VALID red2 hydrophone 2 snr=10 2026-08-11T01:25:45.922
SNR_VALID red2 hydrophone 2 snr=12 2026-08-11T01:26:20.531
SNR_VALID red2 hydrophone 2 snr=14 2026-08-11T01:26:52.939
SNR_VALID red2 hydrophone 2 snr=16 2026-08-11T01:27:24.352
SNR_VALID red2 hydrophone 2 snr=18 2026-08-11T01:27:53.250
SNR_VALID red2 hydrophone 2 snr=20 2026-08-11T01:28:20.640
SNR_VALID red2 hydrophone 2 snr=22 2026-08-11T01:28:47.966
SNR_VALID red2 hydrophone 2 snr=24 2026-08-11T01:29:14.867
SNR_VALID red2 hydrophone 2 snr=26 2026-08-11T01:29:41.551
SNR_VALID red2 hydrophone 2 snr=28 2026-08-11T01:30:04.374
SNR_VALID red2 hydrophone 2 snr=30 2026-08-11T01:30:27.644
PATH_VALID red2 hydrophone 2 2026-08-11T01:30:29.028
PATH_START red3 hydrophone 3 2026-08-11T01:30:29.740
SNR_VALID red3 hydrophone 3 snr=0 2026-08-11T01:31:24.971
SNR_VALID red3 hydrophone 3 snr=2 2026-08-11T01:32:16.596
SNR_VALID red3 hydrophone 3 snr=4 2026-08-11T01:33:07.877
SNR_VALID red3 hydrophone 3 snr=6 2026-08-11T01:34:02.352
SNR_VALID red3 hydrophone 3 snr=8 2026-08-11T01:34:53.733
SNR_VALID red3 hydrophone 3 snr=10 2026-08-11T01:35:34.817
SNR_VALID red3 hydrophone 3 snr=12 2026-08-11T01:36:09.310
SNR_VALID red3 hydrophone 3 snr=14 2026-08-11T01:36:38.682
SNR_VALID red3 hydrophone 3 snr=16 2026-08-11T01:37:06.768
SNR_VALID red3 hydrophone 3 snr=18 2026-08-11T01:37:32.242
SNR_VALID red3 hydrophone 3 snr=20 2026-08-11T01:37:55.979
SNR_VALID red3 hydrophone 3 snr=22 2026-08-11T01:38:17.569
SNR_VALID red3 hydrophone 3 snr=24 2026-08-11T01:38:36.089
SNR_VALID red3 hydrophone 3 snr=26 2026-08-11T01:38:53.121
SNR_VALID red3 hydrophone 3 snr=28 2026-08-11T01:39:13.415
SNR_VALID red3 hydrophone 3 snr=30 2026-08-11T01:39:31.795
PATH_VALID red3 hydrophone 3 2026-08-11T01:39:32.365
N2048_CRC_NO_HARM_COMPUTE_COMPLETE paths=3 2026-08-11T01:39:32.734
