N2048_CRC_NO_HARM_START paths=3 2026-08-11T01:09:57.920
PATH_START red1 hydrophone 3 2026-08-11T01:09:57.929
SNR_VALID red1 hydrophone 3 snr=0 2026-08-11T01:11:51.760
SNR_VALID red1 hydrophone 3 snr=2 2026-08-11T01:12:41.933
SNR_VALID red1 hydrophone 3 snr=4 2026-08-11T01:13:31.862
SNR_VALID red1 hydrophone 3 snr=6 2026-08-11T01:14:23.731
SNR_VALID red1 hydrophone 3 snr=8 2026-08-11T01:14:58.416
SNR_VALID red1 hydrophone 3 snr=10 2026-08-11T01:15:25.878
SNR_VALID red1 hydrophone 3 snr=12 2026-08-11T01:15:49.591
SNR_VALID red1 hydrophone 3 snr=14 2026-08-11T01:16:13.576
SNR_VALID red1 hydrophone 3 snr=16 2026-08-11T01:16:37.368
SNR_VALID red1 hydrophone 3 snr=18 2026-08-11T01:17:01.442
SNR_VALID red1 hydrophone 3 snr=20 2026-08-11T01:17:24.808
SNR_VALID red1 hydrophone 3 snr=22 2026-08-11T01:17:48.309
SNR_VALID red1 hydrophone 3 snr=24 2026-08-11T01:18:10.200
SNR_VALID red1 hydrophone 3 snr=26 2026-08-11T01:18:32.020
SNR_VALID red1 hydrophone 3 snr=28 2026-08-11T01:18:54.559
SNR_VALID red1 hydrophone 3 snr=30 2026-08-11T01:19:17.900
PATH_VALID red1 hydrophone 3 2026-08-11T01:19:22.666
PATH_START red3 hydrophone 1 2026-08-11T01:19:23.451
SNR_VALID red3 hydrophone 1 snr=0 2026-08-11T01:20:18.912
SNR_VALID red3 hydrophone 1 snr=2 2026-08-11T01:21:10.944
SNR_VALID red3 hydrophone 1 snr=4 2026-08-11T01:22:09.368
SNR_VALID red3 hydrophone 1 snr=6 2026-08-11T01:23:07.507
SNR_VALID red3 hydrophone 1 snr=8 2026-08-11T01:24:04.270
SNR_VALID red3 hydrophone 1 snr=10 2026-08-11T01:24:52.520
SNR_VALID red3 hydrophone 1 snr=12 2026-08-11T01:25:28.734
SNR_VALID red3 hydrophone 1 snr=14 2026-08-11T01:25:58.325
SNR_VALID red3 hydrophone 1 snr=16 2026-08-11T01:26:20.810
SNR_VALID red3 hydrophone 1 snr=18 2026-08-11T01:26:43.095
SNR_VALID red3 hydrophone 1 snr=20 2026-08-11T01:27:07.443
SNR_VALID red3 hydrophone 1 snr=22 2026-08-11T01:27:34.800
SNR_VALID red3 hydrophone 1 snr=24 2026-08-11T01:28:00.059
SNR_VALID red3 hydrophone 1 snr=26 2026-08-11T01:28:25.215
SNR_VALID red3 hydrophone 1 snr=28 2026-08-11T01:28:50.132
SNR_VALID red3 hydrophone 1 snr=30 2026-08-11T01:29:13.989
PATH_VALID red3 hydrophone 1 2026-08-11T01:29:15.175
PATH_START red4 hydrophone 2 2026-08-11T01:29:16.002
SNR_VALID red4 hydrophone 2 snr=0 2026-08-11T01:30:15.460
SNR_VALID red4 hydrophone 2 snr=2 2026-08-11T01:31:10.664
SNR_VALID red4 hydrophone 2 snr=4 2026-08-11T01:32:02.399
SNR_VALID red4 hydrophone 2 snr=6 2026-08-11T01:32:51.222
SNR_VALID red4 hydrophone 2 snr=8 2026-08-11T01:33:25.856
SNR_VALID red4 hydrophone 2 snr=10 2026-08-11T01:33:49.140
SNR_VALID red4 hydrophone 2 snr=12 2026-08-11T01:34:15.380
SNR_VALID red4 hydrophone 2 snr=14 2026-08-11T01:34:38.213
SNR_VALID red4 hydrophone 2 snr=16 2026-08-11T01:35:01.857
SNR_VALID red4 hydrophone 2 snr=18 2026-08-11T01:35:25.488
SNR_VALID red4 hydrophone 2 snr=20 2026-08-11T01:35:47.565
SNR_VALID red4 hydrophone 2 snr=22 2026-08-11T01:36:09.993
SNR_VALID red4 hydrophone 2 snr=24 2026-08-11T01:36:32.093
SNR_VALID red4 hydrophone 2 snr=26 2026-08-11T01:36:57.194
SNR_VALID red4 hydrophone 2 snr=28 2026-08-11T01:37:22.086
SNR_VALID red4 hydrophone 2 snr=30 2026-08-11T01:37:45.050
PATH_VALID red4 hydrophone 2 2026-08-11T01:37:46.049
N2048_CRC_NO_HARM_COMPUTE_COMPLETE paths=3 2026-08-11T01:37:46.825
