N2048_CRC_NO_HARM_START paths=3 2026-08-11T01:09:57.952
PATH_START red1 hydrophone 2 2026-08-11T01:09:57.961
SNR_VALID red1 hydrophone 2 snr=0 2026-08-11T01:11:50.875
SNR_VALID red1 hydrophone 2 snr=2 2026-08-11T01:12:41.468
SNR_VALID red1 hydrophone 2 snr=4 2026-08-11T01:13:30.723
SNR_VALID red1 hydrophone 2 snr=6 2026-08-11T01:14:25.773
SNR_VALID red1 hydrophone 2 snr=8 2026-08-11T01:15:13.902
SNR_VALID red1 hydrophone 2 snr=10 2026-08-11T01:15:53.586
SNR_VALID red1 hydrophone 2 snr=12 2026-08-11T01:16:24.738
SNR_VALID red1 hydrophone 2 snr=14 2026-08-11T01:16:51.200
SNR_VALID red1 hydrophone 2 snr=16 2026-08-11T01:17:18.441
SNR_VALID red1 hydrophone 2 snr=18 2026-08-11T01:17:44.926
SNR_VALID red1 hydrophone 2 snr=20 2026-08-11T01:18:09.245
SNR_VALID red1 hydrophone 2 snr=22 2026-08-11T01:18:32.372
SNR_VALID red1 hydrophone 2 snr=24 2026-08-11T01:18:56.021
SNR_VALID red1 hydrophone 2 snr=26 2026-08-11T01:19:20.540
SNR_VALID red1 hydrophone 2 snr=28 2026-08-11T01:19:43.591
SNR_VALID red1 hydrophone 2 snr=30 2026-08-11T01:20:05.359
PATH_VALID red1 hydrophone 2 2026-08-11T01:20:09.085
PATH_START red2 hydrophone 3 2026-08-11T01:20:10.023
SNR_VALID red2 hydrophone 3 snr=0 2026-08-11T01:21:03.235
SNR_VALID red2 hydrophone 3 snr=2 2026-08-11T01:22:00.339
SNR_VALID red2 hydrophone 3 snr=4 2026-08-11T01:22:59.235
SNR_VALID red2 hydrophone 3 snr=6 2026-08-11T01:23:57.721
SNR_VALID red2 hydrophone 3 snr=8 2026-08-11T01:24:50.047
SNR_VALID red2 hydrophone 3 snr=10 2026-08-11T01:25:28.938
SNR_VALID red2 hydrophone 3 snr=12 2026-08-11T01:25:58.306
SNR_VALID red2 hydrophone 3 snr=14 2026-08-11T01:26:22.205
SNR_VALID red2 hydrophone 3 snr=16 2026-08-11T01:26:45.642
SNR_VALID red2 hydrophone 3 snr=18 2026-08-11T01:27:12.213
SNR_VALID red2 hydrophone 3 snr=20 2026-08-11T01:27:42.113
SNR_VALID red2 hydrophone 3 snr=22 2026-08-11T01:28:08.505
SNR_VALID red2 hydrophone 3 snr=24 2026-08-11T01:28:35.365
SNR_VALID red2 hydrophone 3 snr=26 2026-08-11T01:29:02.892
SNR_VALID red2 hydrophone 3 snr=28 2026-08-11T01:29:29.411
SNR_VALID red2 hydrophone 3 snr=30 2026-08-11T01:29:57.352
PATH_VALID red2 hydrophone 3 2026-08-11T01:29:59.536
PATH_START red4 hydrophone 1 2026-08-11T01:30:00.518
SNR_VALID red4 hydrophone 1 snr=0 2026-08-11T01:30:57.173
SNR_VALID red4 hydrophone 1 snr=2 2026-08-11T01:31:49.615
SNR_VALID red4 hydrophone 1 snr=4 2026-08-11T01:32:41.411
SNR_VALID red4 hydrophone 1 snr=6 2026-08-11T01:33:29.304
SNR_VALID red4 hydrophone 1 snr=8 2026-08-11T01:33:59.699
SNR_VALID red4 hydrophone 1 snr=10 2026-08-11T01:34:25.254
SNR_VALID red4 hydrophone 1 snr=12 2026-08-11T01:34:48.854
SNR_VALID red4 hydrophone 1 snr=14 2026-08-11T01:35:13.819
SNR_VALID red4 hydrophone 1 snr=16 2026-08-11T01:35:36.919
SNR_VALID red4 hydrophone 1 snr=18 2026-08-11T01:36:00.057
SNR_VALID red4 hydrophone 1 snr=20 2026-08-11T01:36:21.740
SNR_VALID red4 hydrophone 1 snr=22 2026-08-11T01:36:45.700
SNR_VALID red4 hydrophone 1 snr=24 2026-08-11T01:37:10.127
SNR_VALID red4 hydrophone 1 snr=26 2026-08-11T01:37:33.201
SNR_VALID red4 hydrophone 1 snr=28 2026-08-11T01:37:55.267
SNR_VALID red4 hydrophone 1 snr=30 2026-08-11T01:38:15.243
PATH_VALID red4 hydrophone 1 2026-08-11T01:38:16.529
N2048_CRC_NO_HARM_COMPUTE_COMPLETE paths=3 2026-08-11T01:38:17.285
