N1536_CRC_NO_HARM_START paths=3 2026-08-15T04:27:31.432
PATH_START blue1 hydrophone 1 2026-08-15T04:27:31.482
SNR_VALID blue1 hydrophone 1 snr=0 2026-08-15T04:29:04.464
SNR_VALID blue1 hydrophone 1 snr=2 2026-08-15T04:29:28.425
SNR_VALID blue1 hydrophone 1 snr=4 2026-08-15T04:29:51.697
SNR_VALID blue1 hydrophone 1 snr=6 2026-08-15T04:30:13.637
SNR_VALID blue1 hydrophone 1 snr=8 2026-08-15T04:30:31.591
SNR_VALID blue1 hydrophone 1 snr=10 2026-08-15T04:30:45.298
SNR_VALID blue1 hydrophone 1 snr=12 2026-08-15T04:30:57.780
SNR_VALID blue1 hydrophone 1 snr=14 2026-08-15T04:31:09.810
SNR_VALID blue1 hydrophone 1 snr=16 2026-08-15T04:31:21.889
SNR_VALID blue1 hydrophone 1 snr=18 2026-08-15T04:31:32.700
SNR_VALID blue1 hydrophone 1 snr=20 2026-08-15T04:31:43.919
SNR_VALID blue1 hydrophone 1 snr=22 2026-08-15T04:31:54.853
SNR_VALID blue1 hydrophone 1 snr=24 2026-08-15T04:32:06.345
SNR_VALID blue1 hydrophone 1 snr=26 2026-08-15T04:32:17.459
SNR_VALID blue1 hydrophone 1 snr=28 2026-08-15T04:32:28.589
SNR_VALID blue1 hydrophone 1 snr=30 2026-08-15T04:32:39.600
PATH_VALID blue1 hydrophone 1 2026-08-15T04:32:44.360
PATH_START blue2 hydrophone 2 2026-08-15T04:32:45.108
SNR_VALID blue2 hydrophone 2 snr=0 2026-08-15T04:33:10.730
SNR_VALID blue2 hydrophone 2 snr=2 2026-08-15T04:33:34.307
SNR_VALID blue2 hydrophone 2 snr=4 2026-08-15T04:33:57.129
SNR_VALID blue2 hydrophone 2 snr=6 2026-08-15T04:34:21.068
SNR_VALID blue2 hydrophone 2 snr=8 2026-08-15T04:34:43.786
SNR_VALID blue2 hydrophone 2 snr=10 2026-08-15T04:35:09.266
SNR_VALID blue2 hydrophone 2 snr=12 2026-08-15T04:35:33.620
SNR_VALID blue2 hydrophone 2 snr=14 2026-08-15T04:35:56.600
SNR_VALID blue2 hydrophone 2 snr=16 2026-08-15T04:36:20.133
SNR_VALID blue2 hydrophone 2 snr=18 2026-08-15T04:36:43.882
SNR_VALID blue2 hydrophone 2 snr=20 2026-08-15T04:37:06.935
SNR_VALID blue2 hydrophone 2 snr=22 2026-08-15T04:37:32.892
SNR_VALID blue2 hydrophone 2 snr=24 2026-08-15T04:37:56.381
SNR_VALID blue2 hydrophone 2 snr=26 2026-08-15T04:38:20.498
SNR_VALID blue2 hydrophone 2 snr=28 2026-08-15T04:38:43.866
SNR_VALID blue2 hydrophone 2 snr=30 2026-08-15T04:39:06.801
PATH_VALID blue2 hydrophone 2 2026-08-15T04:39:09.345
PATH_START blue3 hydrophone 3 2026-08-15T04:39:10.171
SNR_VALID blue3 hydrophone 3 snr=0 2026-08-15T04:39:34.039
SNR_VALID blue3 hydrophone 3 snr=2 2026-08-15T04:39:56.402
SNR_VALID blue3 hydrophone 3 snr=4 2026-08-15T04:40:19.137
SNR_VALID blue3 hydrophone 3 snr=6 2026-08-15T04:40:42.499
SNR_VALID blue3 hydrophone 3 snr=8 2026-08-15T04:41:05.822
SNR_VALID blue3 hydrophone 3 snr=10 2026-08-15T04:41:28.557
SNR_VALID blue3 hydrophone 3 snr=12 2026-08-15T04:41:51.269
SNR_VALID blue3 hydrophone 3 snr=14 2026-08-15T04:42:14.405
SNR_VALID blue3 hydrophone 3 snr=16 2026-08-15T04:42:38.210
SNR_VALID blue3 hydrophone 3 snr=18 2026-08-15T04:43:03.033
SNR_VALID blue3 hydrophone 3 snr=20 2026-08-15T04:43:27.983
SNR_VALID blue3 hydrophone 3 snr=22 2026-08-15T04:43:50.926
SNR_VALID blue3 hydrophone 3 snr=24 2026-08-15T04:44:13.625
SNR_VALID blue3 hydrophone 3 snr=26 2026-08-15T04:44:37.392
SNR_VALID blue3 hydrophone 3 snr=28 2026-08-15T04:45:01.486
SNR_VALID blue3 hydrophone 3 snr=30 2026-08-15T04:45:26.111
PATH_VALID blue3 hydrophone 3 2026-08-15T04:45:27.572
N1536_CRC_NO_HARM_COMPUTE_COMPLETE paths=3 2026-08-15T04:45:28.483
