N1024_CRC_NO_HARM_START paths=3 2026-08-15T02:41:55.951
PATH_START blue1 hydrophone 3 2026-08-15T02:41:55.978
SNR_VALID blue1 hydrophone 3 snr=0 2026-08-15T02:43:38.090
SNR_VALID blue1 hydrophone 3 snr=2 2026-08-15T02:44:08.385
SNR_VALID blue1 hydrophone 3 snr=4 2026-08-15T02:44:38.954
SNR_VALID blue1 hydrophone 3 snr=6 2026-08-15T02:45:09.807
SNR_VALID blue1 hydrophone 3 snr=8 2026-08-15T02:45:38.857
SNR_VALID blue1 hydrophone 3 snr=10 2026-08-15T02:46:02.389
SNR_VALID blue1 hydrophone 3 snr=12 2026-08-15T02:46:23.943
SNR_VALID blue1 hydrophone 3 snr=14 2026-08-15T02:46:43.168
SNR_VALID blue1 hydrophone 3 snr=16 2026-08-15T02:46:58.974
SNR_VALID blue1 hydrophone 3 snr=18 2026-08-15T02:47:14.272
SNR_VALID blue1 hydrophone 3 snr=20 2026-08-15T02:47:30.668
SNR_VALID blue1 hydrophone 3 snr=22 2026-08-15T02:47:47.085
SNR_VALID blue1 hydrophone 3 snr=24 2026-08-15T02:48:02.703
SNR_VALID blue1 hydrophone 3 snr=26 2026-08-15T02:48:17.959
SNR_VALID blue1 hydrophone 3 snr=28 2026-08-15T02:48:32.644
SNR_VALID blue1 hydrophone 3 snr=30 2026-08-15T02:48:49.605
PATH_VALID blue1 hydrophone 3 2026-08-15T02:48:53.976
PATH_START blue3 hydrophone 1 2026-08-15T02:48:54.632
SNR_VALID blue3 hydrophone 1 snr=0 2026-08-15T02:49:30.079
SNR_VALID blue3 hydrophone 1 snr=2 2026-08-15T02:50:02.205
SNR_VALID blue3 hydrophone 1 snr=4 2026-08-15T02:50:32.911
SNR_VALID blue3 hydrophone 1 snr=6 2026-08-15T02:51:06.846
SNR_VALID blue3 hydrophone 1 snr=8 2026-08-15T02:51:39.345
SNR_VALID blue3 hydrophone 1 snr=10 2026-08-15T02:52:12.111
SNR_VALID blue3 hydrophone 1 snr=12 2026-08-15T02:52:44.457
SNR_VALID blue3 hydrophone 1 snr=14 2026-08-15T02:53:16.177
SNR_VALID blue3 hydrophone 1 snr=16 2026-08-15T02:53:48.952
SNR_VALID blue3 hydrophone 1 snr=18 2026-08-15T02:54:21.789
SNR_VALID blue3 hydrophone 1 snr=20 2026-08-15T02:54:53.806
SNR_VALID blue3 hydrophone 1 snr=22 2026-08-15T02:55:30.804
SNR_VALID blue3 hydrophone 1 snr=24 2026-08-15T02:56:03.885
SNR_VALID blue3 hydrophone 1 snr=26 2026-08-15T02:56:35
SNR_VALID blue3 hydrophone 1 snr=28 2026-08-15T02:57:06.107
SNR_VALID blue3 hydrophone 1 snr=30 2026-08-15T02:57:40.339
PATH_VALID blue3 hydrophone 1 2026-08-15T02:57:41.552
PATH_START blue4 hydrophone 2 2026-08-15T02:57:42.319
SNR_VALID blue4 hydrophone 2 snr=0 2026-08-15T02:58:16.873
SNR_VALID blue4 hydrophone 2 snr=2 2026-08-15T02:58:55.925
SNR_VALID blue4 hydrophone 2 snr=4 2026-08-15T02:59:30.540
SNR_VALID blue4 hydrophone 2 snr=6 2026-08-15T03:00:02.628
SNR_VALID blue4 hydrophone 2 snr=8 2026-08-15T03:00:33.741
SNR_VALID blue4 hydrophone 2 snr=10 2026-08-15T03:01:08.139
SNR_VALID blue4 hydrophone 2 snr=12 2026-08-15T03:01:39.669
SNR_VALID blue4 hydrophone 2 snr=14 2026-08-15T03:02:11.125
SNR_VALID blue4 hydrophone 2 snr=16 2026-08-15T03:02:42.935
SNR_VALID blue4 hydrophone 2 snr=18 2026-08-15T03:03:13.823
SNR_VALID blue4 hydrophone 2 snr=20 2026-08-15T03:03:46.563
SNR_VALID blue4 hydrophone 2 snr=22 2026-08-15T03:04:17.583
SNR_VALID blue4 hydrophone 2 snr=24 2026-08-15T03:04:51.056
SNR_VALID blue4 hydrophone 2 snr=26 2026-08-15T03:05:22.082
SNR_VALID blue4 hydrophone 2 snr=28 2026-08-15T03:05:53.561
SNR_VALID blue4 hydrophone 2 snr=30 2026-08-15T03:06:27.672
PATH_VALID blue4 hydrophone 2 2026-08-15T03:06:28.699
N1024_CRC_NO_HARM_COMPUTE_COMPLETE paths=3 2026-08-15T03:06:29.361
