N1024_CRC_NO_HARM_START paths=3 2026-08-15T02:41:55.542
PATH_START blue1 hydrophone 2 2026-08-15T02:41:55.562
SNR_VALID blue1 hydrophone 2 snr=0 2026-08-15T02:43:37.964
SNR_VALID blue1 hydrophone 2 snr=2 2026-08-15T02:44:08.622
SNR_VALID blue1 hydrophone 2 snr=4 2026-08-15T02:44:39.390
SNR_VALID blue1 hydrophone 2 snr=6 2026-08-15T02:45:10.697
SNR_VALID blue1 hydrophone 2 snr=8 2026-08-15T02:45:39.568
SNR_VALID blue1 hydrophone 2 snr=10 2026-08-15T02:46:06.080
SNR_VALID blue1 hydrophone 2 snr=12 2026-08-15T02:46:27.467
SNR_VALID blue1 hydrophone 2 snr=14 2026-08-15T02:46:44.064
SNR_VALID blue1 hydrophone 2 snr=16 2026-08-15T02:47:00.403
SNR_VALID blue1 hydrophone 2 snr=18 2026-08-15T02:47:14.502
SNR_VALID blue1 hydrophone 2 snr=20 2026-08-15T02:47:30.553
SNR_VALID blue1 hydrophone 2 snr=22 2026-08-15T02:47:46.188
SNR_VALID blue1 hydrophone 2 snr=24 2026-08-15T02:48:01.876
SNR_VALID blue1 hydrophone 2 snr=26 2026-08-15T02:48:16.685
SNR_VALID blue1 hydrophone 2 snr=28 2026-08-15T02:48:31.622
SNR_VALID blue1 hydrophone 2 snr=30 2026-08-15T02:48:46.892
PATH_VALID blue1 hydrophone 2 2026-08-15T02:48:50.518
PATH_START blue2 hydrophone 3 2026-08-15T02:48:51.397
SNR_VALID blue2 hydrophone 3 snr=0 2026-08-15T02:49:26.427
SNR_VALID blue2 hydrophone 3 snr=2 2026-08-15T02:49:58.584
SNR_VALID blue2 hydrophone 3 snr=4 2026-08-15T02:50:31.675
SNR_VALID blue2 hydrophone 3 snr=6 2026-08-15T02:51:04.997
SNR_VALID blue2 hydrophone 3 snr=8 2026-08-15T02:51:38.809
SNR_VALID blue2 hydrophone 3 snr=10 2026-08-15T02:52:12.502
SNR_VALID blue2 hydrophone 3 snr=12 2026-08-15T02:52:44.598
SNR_VALID blue2 hydrophone 3 snr=14 2026-08-15T02:53:16.804
SNR_VALID blue2 hydrophone 3 snr=16 2026-08-15T02:53:49.212
SNR_VALID blue2 hydrophone 3 snr=18 2026-08-15T02:54:22.421
SNR_VALID blue2 hydrophone 3 snr=20 2026-08-15T02:54:53.977
SNR_VALID blue2 hydrophone 3 snr=22 2026-08-15T02:55:31.001
SNR_VALID blue2 hydrophone 3 snr=24 2026-08-15T02:56:04.301
SNR_VALID blue2 hydrophone 3 snr=26 2026-08-15T02:56:34.513
SNR_VALID blue2 hydrophone 3 snr=28 2026-08-15T02:57:07.003
SNR_VALID blue2 hydrophone 3 snr=30 2026-08-15T02:57:40.410
PATH_VALID blue2 hydrophone 3 2026-08-15T02:57:41.679
PATH_START blue4 hydrophone 1 2026-08-15T02:57:42.411
SNR_VALID blue4 hydrophone 1 snr=0 2026-08-15T02:58:17.159
SNR_VALID blue4 hydrophone 1 snr=2 2026-08-15T02:58:55.708
SNR_VALID blue4 hydrophone 1 snr=4 2026-08-15T02:59:32.785
SNR_VALID blue4 hydrophone 1 snr=6 2026-08-15T03:00:05.177
SNR_VALID blue4 hydrophone 1 snr=8 2026-08-15T03:00:36.319
SNR_VALID blue4 hydrophone 1 snr=10 2026-08-15T03:01:10.681
SNR_VALID blue4 hydrophone 1 snr=12 2026-08-15T03:01:42.014
SNR_VALID blue4 hydrophone 1 snr=14 2026-08-15T03:02:13.876
SNR_VALID blue4 hydrophone 1 snr=16 2026-08-15T03:02:45.104
SNR_VALID blue4 hydrophone 1 snr=18 2026-08-15T03:03:16.063
SNR_VALID blue4 hydrophone 1 snr=20 2026-08-15T03:03:49.613
SNR_VALID blue4 hydrophone 1 snr=22 2026-08-15T03:04:20.428
SNR_VALID blue4 hydrophone 1 snr=24 2026-08-15T03:04:54.163
SNR_VALID blue4 hydrophone 1 snr=26 2026-08-15T03:05:25.227
SNR_VALID blue4 hydrophone 1 snr=28 2026-08-15T03:05:56.757
SNR_VALID blue4 hydrophone 1 snr=30 2026-08-15T03:06:31.037
PATH_VALID blue4 hydrophone 1 2026-08-15T03:06:32.613
N1024_CRC_NO_HARM_COMPUTE_COMPLETE paths=3 2026-08-15T03:06:33.100
