N512_CRC_NO_HARM_START paths=3 2026-08-14T13:40:06.534
PATH_START blue2 hydrophone 1 2026-08-14T13:40:06.544
SNR_VALID blue2 hydrophone 1 snr=0 2026-08-14T13:41:31.142
SNR_VALID blue2 hydrophone 1 snr=2 2026-08-14T13:41:53.501
SNR_VALID blue2 hydrophone 1 snr=4 2026-08-14T13:42:16.240
SNR_VALID blue2 hydrophone 1 snr=6 2026-08-14T13:42:38.746
SNR_VALID blue2 hydrophone 1 snr=8 2026-08-14T13:43:00.730
SNR_VALID blue2 hydrophone 1 snr=10 2026-08-14T13:43:23.583
SNR_VALID blue2 hydrophone 1 snr=12 2026-08-14T13:43:45.791
SNR_VALID blue2 hydrophone 1 snr=14 2026-08-14T13:44:08.012
SNR_VALID blue2 hydrophone 1 snr=16 2026-08-14T13:44:30.660
SNR_VALID blue2 hydrophone 1 snr=18 2026-08-14T13:44:56.838
SNR_VALID blue2 hydrophone 1 snr=20 2026-08-14T13:45:23.345
SNR_VALID blue2 hydrophone 1 snr=22 2026-08-14T13:45:46.398
SNR_VALID blue2 hydrophone 1 snr=24 2026-08-14T13:46:10.426
SNR_VALID blue2 hydrophone 1 snr=26 2026-08-14T13:46:32.926
SNR_VALID blue2 hydrophone 1 snr=28 2026-08-14T13:46:57.993
SNR_VALID blue2 hydrophone 1 snr=30 2026-08-14T13:47:20.131
PATH_VALID blue2 hydrophone 1 2026-08-14T13:47:24.072
PATH_START blue3 hydrophone 2 2026-08-14T13:47:24.749
SNR_VALID blue3 hydrophone 2 snr=0 2026-08-14T13:47:49.028
SNR_VALID blue3 hydrophone 2 snr=2 2026-08-14T13:48:11.617
SNR_VALID blue3 hydrophone 2 snr=4 2026-08-14T13:48:34.903
SNR_VALID blue3 hydrophone 2 snr=6 2026-08-14T13:48:57.868
SNR_VALID blue3 hydrophone 2 snr=8 2026-08-14T13:49:21.093
SNR_VALID blue3 hydrophone 2 snr=10 2026-08-14T13:49:43.131
SNR_VALID blue3 hydrophone 2 snr=12 2026-08-14T13:50:05.864
SNR_VALID blue3 hydrophone 2 snr=14 2026-08-14T13:50:30.207
SNR_VALID blue3 hydrophone 2 snr=16 2026-08-14T13:50:52.156
SNR_VALID blue3 hydrophone 2 snr=18 2026-08-14T13:51:14.341
SNR_VALID blue3 hydrophone 2 snr=20 2026-08-14T13:51:38.053
SNR_VALID blue3 hydrophone 2 snr=22 2026-08-14T13:52:00.714
SNR_VALID blue3 hydrophone 2 snr=24 2026-08-14T13:52:23.544
SNR_VALID blue3 hydrophone 2 snr=26 2026-08-14T13:52:46.708
SNR_VALID blue3 hydrophone 2 snr=28 2026-08-14T13:53:10.970
SNR_VALID blue3 hydrophone 2 snr=30 2026-08-14T13:53:34.429
PATH_VALID blue3 hydrophone 2 2026-08-14T13:53:35.295
PATH_START blue4 hydrophone 3 2026-08-14T13:53:36.150
SNR_VALID blue4 hydrophone 3 snr=0 2026-08-14T13:53:59.974
SNR_VALID blue4 hydrophone 3 snr=2 2026-08-14T13:54:22.726
SNR_VALID blue4 hydrophone 3 snr=4 2026-08-14T13:54:44.856
SNR_VALID blue4 hydrophone 3 snr=6 2026-08-14T13:55:07.530
SNR_VALID blue4 hydrophone 3 snr=8 2026-08-14T13:55:29.795
SNR_VALID blue4 hydrophone 3 snr=10 2026-08-14T13:55:52.138
SNR_VALID blue4 hydrophone 3 snr=12 2026-08-14T13:56:14
SNR_VALID blue4 hydrophone 3 snr=14 2026-08-14T13:56:36.137
SNR_VALID blue4 hydrophone 3 snr=16 2026-08-14T13:56:59.246
SNR_VALID blue4 hydrophone 3 snr=18 2026-08-14T13:57:23.120
SNR_VALID blue4 hydrophone 3 snr=20 2026-08-14T13:57:45.092
SNR_VALID blue4 hydrophone 3 snr=22 2026-08-14T13:58:07.084
SNR_VALID blue4 hydrophone 3 snr=24 2026-08-14T13:58:29.221
SNR_VALID blue4 hydrophone 3 snr=26 2026-08-14T13:58:44.041
SNR_VALID blue4 hydrophone 3 snr=28 2026-08-14T13:58:57.205
SNR_VALID blue4 hydrophone 3 snr=30 2026-08-14T13:59:09.719
PATH_VALID blue4 hydrophone 3 2026-08-14T13:59:10.221
N512_CRC_NO_HARM_COMPUTE_COMPLETE paths=3 2026-08-14T13:59:10.564
N512_CRC_NO_HARM_START paths=3 2026-08-15T01:37:54.197
PATH_START blue2 hydrophone 1 2026-08-15T01:37:54.249
SNR_VALID blue2 hydrophone 1 snr=0 2026-08-15T01:39:51.868
SNR_VALID blue2 hydrophone 1 snr=2 2026-08-15T01:40:26.421
SNR_VALID blue2 hydrophone 1 snr=4 2026-08-15T01:41:03.476
SNR_VALID blue2 hydrophone 1 snr=6 2026-08-15T01:41:41.435
SNR_VALID blue2 hydrophone 1 snr=8 2026-08-15T01:42:19.327
SNR_VALID blue2 hydrophone 1 snr=10 2026-08-15T01:42:59.856
SNR_VALID blue2 hydrophone 1 snr=12 2026-08-15T01:43:41.522
SNR_VALID blue2 hydrophone 1 snr=14 2026-08-15T01:44:20.752
SNR_VALID blue2 hydrophone 1 snr=16 2026-08-15T01:44:57.546
SNR_VALID blue2 hydrophone 1 snr=18 2026-08-15T01:45:33.353
SNR_VALID blue2 hydrophone 1 snr=20 2026-08-15T01:46:07.910
SNR_VALID blue2 hydrophone 1 snr=22 2026-08-15T01:46:44.609
SNR_VALID blue2 hydrophone 1 snr=24 2026-08-15T01:47:21.263
SNR_VALID blue2 hydrophone 1 snr=26 2026-08-15T01:48:00.124
SNR_VALID blue2 hydrophone 1 snr=28 2026-08-15T01:48:37.973
SNR_VALID blue2 hydrophone 1 snr=30 2026-08-15T01:49:15.802
PATH_VALID blue2 hydrophone 1 2026-08-15T01:49:20.716
PATH_START blue3 hydrophone 2 2026-08-15T01:49:21.673
SNR_VALID blue3 hydrophone 2 snr=0 2026-08-15T01:50:00.243
SNR_VALID blue3 hydrophone 2 snr=2 2026-08-15T01:50:36.475
SNR_VALID blue3 hydrophone 2 snr=4 2026-08-15T01:51:23.776
SNR_VALID blue3 hydrophone 2 snr=6 2026-08-15T01:52:27.537
SNR_VALID blue3 hydrophone 2 snr=8 2026-08-15T01:53:08.666
SNR_VALID blue3 hydrophone 2 snr=10 2026-08-15T01:53:40.042
SNR_VALID blue3 hydrophone 2 snr=12 2026-08-15T01:54:08.557
SNR_VALID blue3 hydrophone 2 snr=14 2026-08-15T01:54:37.370
SNR_VALID blue3 hydrophone 2 snr=16 2026-08-15T01:55:06.468
SNR_VALID blue3 hydrophone 2 snr=18 2026-08-15T01:55:34.689
SNR_VALID blue3 hydrophone 2 snr=20 2026-08-15T01:56:02.804
SNR_VALID blue3 hydrophone 2 snr=22 2026-08-15T01:56:32.765
SNR_VALID blue3 hydrophone 2 snr=24 2026-08-15T01:57:04.584
SNR_VALID blue3 hydrophone 2 snr=26 2026-08-15T01:57:39.073
SNR_VALID blue3 hydrophone 2 snr=28 2026-08-15T01:58:11.882
SNR_VALID blue3 hydrophone 2 snr=30 2026-08-15T01:58:43.452
PATH_VALID blue3 hydrophone 2 2026-08-15T01:58:44.449
PATH_START blue4 hydrophone 3 2026-08-15T01:58:45.116
SNR_VALID blue4 hydrophone 3 snr=0 2026-08-15T01:59:19.911
SNR_VALID blue4 hydrophone 3 snr=2 2026-08-15T01:59:50.716
SNR_VALID blue4 hydrophone 3 snr=4 2026-08-15T02:00:21.728
SNR_VALID blue4 hydrophone 3 snr=6 2026-08-15T02:01:00.383
SNR_VALID blue4 hydrophone 3 snr=8 2026-08-15T02:01:33.620
SNR_VALID blue4 hydrophone 3 snr=10 2026-08-15T02:02:04.750
SNR_VALID blue4 hydrophone 3 snr=12 2026-08-15T02:02:36.083
SNR_VALID blue4 hydrophone 3 snr=14 2026-08-15T02:03:08.952
SNR_VALID blue4 hydrophone 3 snr=16 2026-08-15T02:03:39.751
SNR_VALID blue4 hydrophone 3 snr=18 2026-08-15T02:04:11.076
SNR_VALID blue4 hydrophone 3 snr=20 2026-08-15T02:04:46.180
SNR_VALID blue4 hydrophone 3 snr=22 2026-08-15T02:05:17.902
SNR_VALID blue4 hydrophone 3 snr=24 2026-08-15T02:05:48.777
SNR_VALID blue4 hydrophone 3 snr=26 2026-08-15T02:06:15.798
SNR_VALID blue4 hydrophone 3 snr=28 2026-08-15T02:06:33.851
SNR_VALID blue4 hydrophone 3 snr=30 2026-08-15T02:06:52.243
PATH_VALID blue4 hydrophone 3 2026-08-15T02:06:53.103
N512_CRC_NO_HARM_COMPUTE_COMPLETE paths=3 2026-08-15T02:06:53.596
