N512_CRC_NO_HARM_START paths=3 2026-08-14T13:40:05.824
PATH_START blue1 hydrophone 3 2026-08-14T13:40:05.837
SNR_VALID blue1 hydrophone 3 snr=0 2026-08-14T13:41:29.175
SNR_VALID blue1 hydrophone 3 snr=2 2026-08-14T13:41:52.444
SNR_VALID blue1 hydrophone 3 snr=4 2026-08-14T13:42:14.750
SNR_VALID blue1 hydrophone 3 snr=6 2026-08-14T13:42:38.005
SNR_VALID blue1 hydrophone 3 snr=8 2026-08-14T13:42:59.238
SNR_VALID blue1 hydrophone 3 snr=10 2026-08-14T13:43:20.909
SNR_VALID blue1 hydrophone 3 snr=12 2026-08-14T13:43:42.319
SNR_VALID blue1 hydrophone 3 snr=14 2026-08-14T13:43:59.038
SNR_VALID blue1 hydrophone 3 snr=16 2026-08-14T13:44:15.014
SNR_VALID blue1 hydrophone 3 snr=18 2026-08-14T13:44:29.902
SNR_VALID blue1 hydrophone 3 snr=20 2026-08-14T13:44:45.919
SNR_VALID blue1 hydrophone 3 snr=22 2026-08-14T13:45:04.149
SNR_VALID blue1 hydrophone 3 snr=24 2026-08-14T13:45:19.612
SNR_VALID blue1 hydrophone 3 snr=26 2026-08-14T13:45:33.540
SNR_VALID blue1 hydrophone 3 snr=28 2026-08-14T13:45:47.918
SNR_VALID blue1 hydrophone 3 snr=30 2026-08-14T13:46:02.971
PATH_VALID blue1 hydrophone 3 2026-08-14T13:46:06.832
PATH_START blue3 hydrophone 1 2026-08-14T13:46:07.544
SNR_VALID blue3 hydrophone 1 snr=0 2026-08-14T13:46:31.910
SNR_VALID blue3 hydrophone 1 snr=2 2026-08-14T13:46:55.885
SNR_VALID blue3 hydrophone 1 snr=4 2026-08-14T13:47:18.493
SNR_VALID blue3 hydrophone 1 snr=6 2026-08-14T13:47:43.562
SNR_VALID blue3 hydrophone 1 snr=8 2026-08-14T13:48:06.334
SNR_VALID blue3 hydrophone 1 snr=10 2026-08-14T13:48:29.638
SNR_VALID blue3 hydrophone 1 snr=12 2026-08-14T13:48:52.445
SNR_VALID blue3 hydrophone 1 snr=14 2026-08-14T13:49:16.935
SNR_VALID blue3 hydrophone 1 snr=16 2026-08-14T13:49:38.699
SNR_VALID blue3 hydrophone 1 snr=18 2026-08-14T13:50:01.323
SNR_VALID blue3 hydrophone 1 snr=20 2026-08-14T13:50:25.728
SNR_VALID blue3 hydrophone 1 snr=22 2026-08-14T13:50:48.224
SNR_VALID blue3 hydrophone 1 snr=24 2026-08-14T13:51:10.599
SNR_VALID blue3 hydrophone 1 snr=26 2026-08-14T13:51:33.954
SNR_VALID blue3 hydrophone 1 snr=28 2026-08-14T13:51:56.795
SNR_VALID blue3 hydrophone 1 snr=30 2026-08-14T13:52:19.954
PATH_VALID blue3 hydrophone 1 2026-08-14T13:52:22.015
PATH_START blue4 hydrophone 2 2026-08-14T13:52:23.081
SNR_VALID blue4 hydrophone 2 snr=0 2026-08-14T13:52:48.298
SNR_VALID blue4 hydrophone 2 snr=2 2026-08-14T13:53:13.241
SNR_VALID blue4 hydrophone 2 snr=4 2026-08-14T13:53:37.050
SNR_VALID blue4 hydrophone 2 snr=6 2026-08-14T13:53:59.893
SNR_VALID blue4 hydrophone 2 snr=8 2026-08-14T13:54:22.449
SNR_VALID blue4 hydrophone 2 snr=10 2026-08-14T13:54:45.118
SNR_VALID blue4 hydrophone 2 snr=12 2026-08-14T13:55:07.244
SNR_VALID blue4 hydrophone 2 snr=14 2026-08-14T13:55:29.763
SNR_VALID blue4 hydrophone 2 snr=16 2026-08-14T13:55:52.345
SNR_VALID blue4 hydrophone 2 snr=18 2026-08-14T13:56:15.532
SNR_VALID blue4 hydrophone 2 snr=20 2026-08-14T13:56:37.468
SNR_VALID blue4 hydrophone 2 snr=22 2026-08-14T13:57:00.555
SNR_VALID blue4 hydrophone 2 snr=24 2026-08-14T13:57:24.223
SNR_VALID blue4 hydrophone 2 snr=26 2026-08-14T13:57:47.674
SNR_VALID blue4 hydrophone 2 snr=28 2026-08-14T13:58:10.367
SNR_VALID blue4 hydrophone 2 snr=30 2026-08-14T13:58:30.858
PATH_VALID blue4 hydrophone 2 2026-08-14T13:58:32.870
N512_CRC_NO_HARM_COMPUTE_COMPLETE paths=3 2026-08-14T13:58:33.596
N512_CRC_NO_HARM_START paths=3 2026-08-15T01:37:54.068
PATH_START blue1 hydrophone 3 2026-08-15T01:37:54.098
SNR_VALID blue1 hydrophone 3 snr=0 2026-08-15T01:39:50.923
SNR_VALID blue1 hydrophone 3 snr=2 2026-08-15T01:40:25.810
SNR_VALID blue1 hydrophone 3 snr=4 2026-08-15T01:41:02.781
SNR_VALID blue1 hydrophone 3 snr=6 2026-08-15T01:41:41.597
SNR_VALID blue1 hydrophone 3 snr=8 2026-08-15T01:42:19.327
SNR_VALID blue1 hydrophone 3 snr=10 2026-08-15T01:42:59.598
SNR_VALID blue1 hydrophone 3 snr=12 2026-08-15T01:43:37.496
SNR_VALID blue1 hydrophone 3 snr=14 2026-08-15T01:44:09.804
SNR_VALID blue1 hydrophone 3 snr=16 2026-08-15T01:44:38.316
SNR_VALID blue1 hydrophone 3 snr=18 2026-08-15T01:45:05.150
SNR_VALID blue1 hydrophone 3 snr=20 2026-08-15T01:45:31.540
SNR_VALID blue1 hydrophone 3 snr=22 2026-08-15T01:45:55.870
SNR_VALID blue1 hydrophone 3 snr=24 2026-08-15T01:46:20.155
SNR_VALID blue1 hydrophone 3 snr=26 2026-08-15T01:46:43.856
SNR_VALID blue1 hydrophone 3 snr=28 2026-08-15T01:47:07.878
SNR_VALID blue1 hydrophone 3 snr=30 2026-08-15T01:47:33.940
PATH_VALID blue1 hydrophone 3 2026-08-15T01:47:39.989
PATH_START blue3 hydrophone 1 2026-08-15T01:47:40.795
SNR_VALID blue3 hydrophone 1 snr=0 2026-08-15T01:48:20.793
SNR_VALID blue3 hydrophone 1 snr=2 2026-08-15T01:48:59.190
SNR_VALID blue3 hydrophone 1 snr=4 2026-08-15T01:49:36.009
SNR_VALID blue3 hydrophone 1 snr=6 2026-08-15T01:50:13.206
SNR_VALID blue3 hydrophone 1 snr=8 2026-08-15T01:50:52.948
SNR_VALID blue3 hydrophone 1 snr=10 2026-08-15T01:51:48.631
SNR_VALID blue3 hydrophone 1 snr=12 2026-08-15T01:52:44.844
SNR_VALID blue3 hydrophone 1 snr=14 2026-08-15T01:53:19.281
SNR_VALID blue3 hydrophone 1 snr=16 2026-08-15T01:53:49.384
SNR_VALID blue3 hydrophone 1 snr=18 2026-08-15T01:54:18.691
SNR_VALID blue3 hydrophone 1 snr=20 2026-08-15T01:54:47.827
SNR_VALID blue3 hydrophone 1 snr=22 2026-08-15T01:55:16.447
SNR_VALID blue3 hydrophone 1 snr=24 2026-08-15T01:55:44.547
SNR_VALID blue3 hydrophone 1 snr=26 2026-08-15T01:56:13.395
SNR_VALID blue3 hydrophone 1 snr=28 2026-08-15T01:56:42.916
SNR_VALID blue3 hydrophone 1 snr=30 2026-08-15T01:57:16.100
PATH_VALID blue3 hydrophone 1 2026-08-15T01:57:18.419
PATH_START blue4 hydrophone 2 2026-08-15T01:57:19.025
SNR_VALID blue4 hydrophone 2 snr=0 2026-08-15T01:57:52.935
SNR_VALID blue4 hydrophone 2 snr=2 2026-08-15T01:58:27.201
SNR_VALID blue4 hydrophone 2 snr=4 2026-08-15T01:58:58.735
SNR_VALID blue4 hydrophone 2 snr=6 2026-08-15T01:59:31.102
SNR_VALID blue4 hydrophone 2 snr=8 2026-08-15T02:00:02.016
SNR_VALID blue4 hydrophone 2 snr=10 2026-08-15T02:00:34.522
SNR_VALID blue4 hydrophone 2 snr=12 2026-08-15T02:01:13.955
SNR_VALID blue4 hydrophone 2 snr=14 2026-08-15T02:01:44.782
SNR_VALID blue4 hydrophone 2 snr=16 2026-08-15T02:02:16.652
SNR_VALID blue4 hydrophone 2 snr=18 2026-08-15T02:02:49.493
SNR_VALID blue4 hydrophone 2 snr=20 2026-08-15T02:03:20.045
SNR_VALID blue4 hydrophone 2 snr=22 2026-08-15T02:03:51.033
SNR_VALID blue4 hydrophone 2 snr=24 2026-08-15T02:04:24.263
SNR_VALID blue4 hydrophone 2 snr=26 2026-08-15T02:04:56.112
SNR_VALID blue4 hydrophone 2 snr=28 2026-08-15T02:05:29.156
SNR_VALID blue4 hydrophone 2 snr=30 2026-08-15T02:06:00.080
PATH_VALID blue4 hydrophone 2 2026-08-15T02:06:01.413
N512_CRC_NO_HARM_COMPUTE_COMPLETE paths=3 2026-08-15T02:06:02.298
