N512_CRC_NO_HARM_START paths=3 2026-08-14T13:40:05.863
PATH_START blue1 hydrophone 2 2026-08-14T13:40:05.882
SNR_VALID blue1 hydrophone 2 snr=0 2026-08-14T13:41:29.349
SNR_VALID blue1 hydrophone 2 snr=2 2026-08-14T13:41:52.989
SNR_VALID blue1 hydrophone 2 snr=4 2026-08-14T13:42:14.752
SNR_VALID blue1 hydrophone 2 snr=6 2026-08-14T13:42:37.647
SNR_VALID blue1 hydrophone 2 snr=8 2026-08-14T13:42:58.880
SNR_VALID blue1 hydrophone 2 snr=10 2026-08-14T13:43:20.485
SNR_VALID blue1 hydrophone 2 snr=12 2026-08-14T13:43:41.046
SNR_VALID blue1 hydrophone 2 snr=14 2026-08-14T13:43:57.823
SNR_VALID blue1 hydrophone 2 snr=16 2026-08-14T13:44:13.497
SNR_VALID blue1 hydrophone 2 snr=18 2026-08-14T13:44:28.491
SNR_VALID blue1 hydrophone 2 snr=20 2026-08-14T13:44:41.295
SNR_VALID blue1 hydrophone 2 snr=22 2026-08-14T13:44:59.011
SNR_VALID blue1 hydrophone 2 snr=24 2026-08-14T13:45:14.321
SNR_VALID blue1 hydrophone 2 snr=26 2026-08-14T13:45:28.073
SNR_VALID blue1 hydrophone 2 snr=28 2026-08-14T13:45:42.340
SNR_VALID blue1 hydrophone 2 snr=30 2026-08-14T13:45:57.014
PATH_VALID blue1 hydrophone 2 2026-08-14T13:46:00.816
PATH_START blue2 hydrophone 3 2026-08-14T13:46:01.461
SNR_VALID blue2 hydrophone 3 snr=0 2026-08-14T13:46:26.663
SNR_VALID blue2 hydrophone 3 snr=2 2026-08-14T13:46:50.257
SNR_VALID blue2 hydrophone 3 snr=4 2026-08-14T13:47:14.056
SNR_VALID blue2 hydrophone 3 snr=6 2026-08-14T13:47:37.770
SNR_VALID blue2 hydrophone 3 snr=8 2026-08-14T13:48:00.424
SNR_VALID blue2 hydrophone 3 snr=10 2026-08-14T13:48:23.671
SNR_VALID blue2 hydrophone 3 snr=12 2026-08-14T13:48:44.967
SNR_VALID blue2 hydrophone 3 snr=14 2026-08-14T13:49:08.364
SNR_VALID blue2 hydrophone 3 snr=16 2026-08-14T13:49:32.456
SNR_VALID blue2 hydrophone 3 snr=18 2026-08-14T13:49:53.414
SNR_VALID blue2 hydrophone 3 snr=20 2026-08-14T13:50:17.087
SNR_VALID blue2 hydrophone 3 snr=22 2026-08-14T13:50:39.141
SNR_VALID blue2 hydrophone 3 snr=24 2026-08-14T13:51:01.833
SNR_VALID blue2 hydrophone 3 snr=26 2026-08-14T13:51:25.309
SNR_VALID blue2 hydrophone 3 snr=28 2026-08-14T13:51:48.047
SNR_VALID blue2 hydrophone 3 snr=30 2026-08-14T13:52:10.023
PATH_VALID blue2 hydrophone 3 2026-08-14T13:52:11.132
PATH_START blue4 hydrophone 1 2026-08-14T13:52:11.726
SNR_VALID blue4 hydrophone 1 snr=0 2026-08-14T13:52:36.871
SNR_VALID blue4 hydrophone 1 snr=2 2026-08-14T13:52:59.884
SNR_VALID blue4 hydrophone 1 snr=4 2026-08-14T13:53:25.371
SNR_VALID blue4 hydrophone 1 snr=6 2026-08-14T13:53:48.461
SNR_VALID blue4 hydrophone 1 snr=8 2026-08-14T13:54:11.022
SNR_VALID blue4 hydrophone 1 snr=10 2026-08-14T13:54:32.637
SNR_VALID blue4 hydrophone 1 snr=12 2026-08-14T13:54:55.715
SNR_VALID blue4 hydrophone 1 snr=14 2026-08-14T13:55:17.985
SNR_VALID blue4 hydrophone 1 snr=16 2026-08-14T13:55:40.287
SNR_VALID blue4 hydrophone 1 snr=18 2026-08-14T13:56:02.785
SNR_VALID blue4 hydrophone 1 snr=20 2026-08-14T13:56:25.439
SNR_VALID blue4 hydrophone 1 snr=22 2026-08-14T13:56:48.005
SNR_VALID blue4 hydrophone 1 snr=24 2026-08-14T13:57:11.947
SNR_VALID blue4 hydrophone 1 snr=26 2026-08-14T13:57:35.548
SNR_VALID blue4 hydrophone 1 snr=28 2026-08-14T13:57:57.576
SNR_VALID blue4 hydrophone 1 snr=30 2026-08-14T13:58:20.143
PATH_VALID blue4 hydrophone 1 2026-08-14T13:58:21.009
N512_CRC_NO_HARM_COMPUTE_COMPLETE paths=3 2026-08-14T13:58:21.599
N512_CRC_NO_HARM_START paths=3 2026-08-15T01:37:53.270
PATH_START blue1 hydrophone 2 2026-08-15T01:37:53.297
SNR_VALID blue1 hydrophone 2 snr=0 2026-08-15T01:39:49.615
SNR_VALID blue1 hydrophone 2 snr=2 2026-08-15T01:40:25.579
SNR_VALID blue1 hydrophone 2 snr=4 2026-08-15T01:41:03.394
SNR_VALID blue1 hydrophone 2 snr=6 2026-08-15T01:41:41.653
SNR_VALID blue1 hydrophone 2 snr=8 2026-08-15T01:42:19.447
SNR_VALID blue1 hydrophone 2 snr=10 2026-08-15T01:42:57.972
SNR_VALID blue1 hydrophone 2 snr=12 2026-08-15T01:43:36.663
SNR_VALID blue1 hydrophone 2 snr=14 2026-08-15T01:44:08.201
SNR_VALID blue1 hydrophone 2 snr=16 2026-08-15T01:44:36.805
SNR_VALID blue1 hydrophone 2 snr=18 2026-08-15T01:45:03.558
SNR_VALID blue1 hydrophone 2 snr=20 2026-08-15T01:45:26.356
SNR_VALID blue1 hydrophone 2 snr=22 2026-08-15T01:45:49.232
SNR_VALID blue1 hydrophone 2 snr=24 2026-08-15T01:46:13.163
SNR_VALID blue1 hydrophone 2 snr=26 2026-08-15T01:46:36.097
SNR_VALID blue1 hydrophone 2 snr=28 2026-08-15T01:46:59.213
SNR_VALID blue1 hydrophone 2 snr=30 2026-08-15T01:47:26.128
PATH_VALID blue1 hydrophone 2 2026-08-15T01:47:30.529
PATH_START blue2 hydrophone 3 2026-08-15T01:47:31.589
SNR_VALID blue2 hydrophone 3 snr=0 2026-08-15T01:48:12.590
SNR_VALID blue2 hydrophone 3 snr=2 2026-08-15T01:48:48.982
SNR_VALID blue2 hydrophone 3 snr=4 2026-08-15T01:49:28.559
SNR_VALID blue2 hydrophone 3 snr=6 2026-08-15T01:50:06.744
SNR_VALID blue2 hydrophone 3 snr=8 2026-08-15T01:50:44.329
SNR_VALID blue2 hydrophone 3 snr=10 2026-08-15T01:51:40.479
SNR_VALID blue2 hydrophone 3 snr=12 2026-08-15T01:52:39.708
SNR_VALID blue2 hydrophone 3 snr=14 2026-08-15T01:53:15.647
SNR_VALID blue2 hydrophone 3 snr=16 2026-08-15T01:53:45.980
SNR_VALID blue2 hydrophone 3 snr=18 2026-08-15T01:54:15.038
SNR_VALID blue2 hydrophone 3 snr=20 2026-08-15T01:54:43.887
SNR_VALID blue2 hydrophone 3 snr=22 2026-08-15T01:55:12.065
SNR_VALID blue2 hydrophone 3 snr=24 2026-08-15T01:55:40.886
SNR_VALID blue2 hydrophone 3 snr=26 2026-08-15T01:56:08.538
SNR_VALID blue2 hydrophone 3 snr=28 2026-08-15T01:56:38.450
SNR_VALID blue2 hydrophone 3 snr=30 2026-08-15T01:57:11.214
PATH_VALID blue2 hydrophone 3 2026-08-15T01:57:13.060
PATH_START blue4 hydrophone 1 2026-08-15T01:57:13.752
SNR_VALID blue4 hydrophone 1 snr=0 2026-08-15T01:57:48.987
SNR_VALID blue4 hydrophone 1 snr=2 2026-08-15T01:58:23.494
SNR_VALID blue4 hydrophone 1 snr=4 2026-08-15T01:58:55.525
SNR_VALID blue4 hydrophone 1 snr=6 2026-08-15T01:59:28.483
SNR_VALID blue4 hydrophone 1 snr=8 2026-08-15T01:59:59.774
SNR_VALID blue4 hydrophone 1 snr=10 2026-08-15T02:00:31.117
SNR_VALID blue4 hydrophone 1 snr=12 2026-08-15T02:01:09.916
SNR_VALID blue4 hydrophone 1 snr=14 2026-08-15T02:01:41.422
SNR_VALID blue4 hydrophone 1 snr=16 2026-08-15T02:02:13.913
SNR_VALID blue4 hydrophone 1 snr=18 2026-08-15T02:02:45.343
SNR_VALID blue4 hydrophone 1 snr=20 2026-08-15T02:03:17.428
SNR_VALID blue4 hydrophone 1 snr=22 2026-08-15T02:03:48.470
SNR_VALID blue4 hydrophone 1 snr=24 2026-08-15T02:04:20.179
SNR_VALID blue4 hydrophone 1 snr=26 2026-08-15T02:04:54.392
SNR_VALID blue4 hydrophone 1 snr=28 2026-08-15T02:05:25.871
SNR_VALID blue4 hydrophone 1 snr=30 2026-08-15T02:05:57.540
PATH_VALID blue4 hydrophone 1 2026-08-15T02:05:59.577
N512_CRC_NO_HARM_COMPUTE_COMPLETE paths=3 2026-08-15T02:06:00.308
