N512_CRC_NO_HARM_START paths=3 2026-08-15T01:37:52.405
PATH_START blue1 hydrophone 1 2026-08-15T01:37:52.456
SNR_VALID blue1 hydrophone 1 snr=0 2026-08-15T01:39:48.985
SNR_VALID blue1 hydrophone 1 snr=2 2026-08-15T01:40:25.261
SNR_VALID blue1 hydrophone 1 snr=4 2026-08-15T01:41:02.164
SNR_VALID blue1 hydrophone 1 snr=6 2026-08-15T01:41:39.501
SNR_VALID blue1 hydrophone 1 snr=8 2026-08-15T01:42:17.007
SNR_VALID blue1 hydrophone 1 snr=10 2026-08-15T01:42:57.221
SNR_VALID blue1 hydrophone 1 snr=12 2026-08-15T01:43:36.792
SNR_VALID blue1 hydrophone 1 snr=14 2026-08-15T01:44:10.094
SNR_VALID blue1 hydrophone 1 snr=16 2026-08-15T01:44:41.975
SNR_VALID blue1 hydrophone 1 snr=18 2026-08-15T01:45:09.391
SNR_VALID blue1 hydrophone 1 snr=20 2026-08-15T01:45:35.141
SNR_VALID blue1 hydrophone 1 snr=22 2026-08-15T01:46:01.074
SNR_VALID blue1 hydrophone 1 snr=24 2026-08-15T01:46:25.827
SNR_VALID blue1 hydrophone 1 snr=26 2026-08-15T01:46:50.086
SNR_VALID blue1 hydrophone 1 snr=28 2026-08-15T01:47:15.415
SNR_VALID blue1 hydrophone 1 snr=30 2026-08-15T01:47:42.240
PATH_VALID blue1 hydrophone 1 2026-08-15T01:47:47.832
PATH_START blue2 hydrophone 2 2026-08-15T01:47:48.564
SNR_VALID blue2 hydrophone 2 snr=0 2026-08-15T01:48:26.758
SNR_VALID blue2 hydrophone 2 snr=2 2026-08-15T01:49:05.822
SNR_VALID blue2 hydrophone 2 snr=4 2026-08-15T01:49:42.535
SNR_VALID blue2 hydrophone 2 snr=6 2026-08-15T01:50:21.954
SNR_VALID blue2 hydrophone 2 snr=8 2026-08-15T01:51:03.208
SNR_VALID blue2 hydrophone 2 snr=10 2026-08-15T01:51:59.697
SNR_VALID blue2 hydrophone 2 snr=12 2026-08-15T01:52:52.279
SNR_VALID blue2 hydrophone 2 snr=14 2026-08-15T01:53:25.174
SNR_VALID blue2 hydrophone 2 snr=16 2026-08-15T01:53:54.511
SNR_VALID blue2 hydrophone 2 snr=18 2026-08-15T01:54:23.879
SNR_VALID blue2 hydrophone 2 snr=20 2026-08-15T01:54:53.130
SNR_VALID blue2 hydrophone 2 snr=22 2026-08-15T01:55:22.545
SNR_VALID blue2 hydrophone 2 snr=24 2026-08-15T01:55:50.475
SNR_VALID blue2 hydrophone 2 snr=26 2026-08-15T01:56:18.975
SNR_VALID blue2 hydrophone 2 snr=28 2026-08-15T01:56:49.142
SNR_VALID blue2 hydrophone 2 snr=30 2026-08-15T01:57:23.520
PATH_VALID blue2 hydrophone 2 2026-08-15T01:57:24.560
PATH_START blue3 hydrophone 3 2026-08-15T01:57:25.235
SNR_VALID blue3 hydrophone 3 snr=0 2026-08-15T01:57:59.966
SNR_VALID blue3 hydrophone 3 snr=2 2026-08-15T01:58:33.691
SNR_VALID blue3 hydrophone 3 snr=4 2026-08-15T01:59:05.485
SNR_VALID blue3 hydrophone 3 snr=6 2026-08-15T01:59:38.719
SNR_VALID blue3 hydrophone 3 snr=8 2026-08-15T02:00:10.195
SNR_VALID blue3 hydrophone 3 snr=10 2026-08-15T02:00:43.539
SNR_VALID blue3 hydrophone 3 snr=12 2026-08-15T02:01:19.807
SNR_VALID blue3 hydrophone 3 snr=14 2026-08-15T02:01:50.985
SNR_VALID blue3 hydrophone 3 snr=16 2026-08-15T02:02:23.417
SNR_VALID blue3 hydrophone 3 snr=18 2026-08-15T02:02:54.963
SNR_VALID blue3 hydrophone 3 snr=20 2026-08-15T02:03:26.167
SNR_VALID blue3 hydrophone 3 snr=22 2026-08-15T02:03:58.261
SNR_VALID blue3 hydrophone 3 snr=24 2026-08-15T02:04:30.489
SNR_VALID blue3 hydrophone 3 snr=26 2026-08-15T02:05:03.529
SNR_VALID blue3 hydrophone 3 snr=28 2026-08-15T02:05:35.031
SNR_VALID blue3 hydrophone 3 snr=30 2026-08-15T02:06:06.071
PATH_VALID blue3 hydrophone 3 2026-08-15T02:06:07.967
N512_CRC_NO_HARM_COMPUTE_COMPLETE paths=3 2026-08-15T02:06:08.510
