N512_CRC_NO_HARM_START paths=3 2026-08-15T01:37:54.068
PATH_START blue1 hydrophone 3 2026-08-15T01:37:54.098
SNR_VALID blue1 hydrophone 3 snr=0 2026-08-15T01:39:50.923
SNR_VALID blue1 hydrophone 3 snr=2 2026-08-15T01:40:25.810
SNR_VALID blue1 hydrophone 3 snr=4 2026-08-15T01:41:02.781
SNR_VALID blue1 hydrophone 3 snr=6 2026-08-15T01:41:41.597
SNR_VALID blue1 hydrophone 3 snr=8 2026-08-15T01:42:19.327
SNR_VALID blue1 hydrophone 3 snr=10 2026-08-15T01:42:59.598
SNR_VALID blue1 hydrophone 3 snr=12 2026-08-15T01:43:37.496
SNR_VALID blue1 hydrophone 3 snr=14 2026-08-15T01:44:09.804
SNR_VALID blue1 hydrophone 3 snr=16 2026-08-15T01:44:38.316
SNR_VALID blue1 hydrophone 3 snr=18 2026-08-15T01:45:05.150
SNR_VALID blue1 hydrophone 3 snr=20 2026-08-15T01:45:31.540
SNR_VALID blue1 hydrophone 3 snr=22 2026-08-15T01:45:55.870
SNR_VALID blue1 hydrophone 3 snr=24 2026-08-15T01:46:20.155
SNR_VALID blue1 hydrophone 3 snr=26 2026-08-15T01:46:43.856
SNR_VALID blue1 hydrophone 3 snr=28 2026-08-15T01:47:07.878
SNR_VALID blue1 hydrophone 3 snr=30 2026-08-15T01:47:33.940
PATH_VALID blue1 hydrophone 3 2026-08-15T01:47:39.989
PATH_START blue3 hydrophone 1 2026-08-15T01:47:40.795
SNR_VALID blue3 hydrophone 1 snr=0 2026-08-15T01:48:20.793
SNR_VALID blue3 hydrophone 1 snr=2 2026-08-15T01:48:59.190
SNR_VALID blue3 hydrophone 1 snr=4 2026-08-15T01:49:36.009
SNR_VALID blue3 hydrophone 1 snr=6 2026-08-15T01:50:13.206
SNR_VALID blue3 hydrophone 1 snr=8 2026-08-15T01:50:52.948
SNR_VALID blue3 hydrophone 1 snr=10 2026-08-15T01:51:48.631
SNR_VALID blue3 hydrophone 1 snr=12 2026-08-15T01:52:44.844
SNR_VALID blue3 hydrophone 1 snr=14 2026-08-15T01:53:19.281
SNR_VALID blue3 hydrophone 1 snr=16 2026-08-15T01:53:49.384
SNR_VALID blue3 hydrophone 1 snr=18 2026-08-15T01:54:18.691
SNR_VALID blue3 hydrophone 1 snr=20 2026-08-15T01:54:47.827
SNR_VALID blue3 hydrophone 1 snr=22 2026-08-15T01:55:16.447
SNR_VALID blue3 hydrophone 1 snr=24 2026-08-15T01:55:44.547
SNR_VALID blue3 hydrophone 1 snr=26 2026-08-15T01:56:13.395
SNR_VALID blue3 hydrophone 1 snr=28 2026-08-15T01:56:42.916
SNR_VALID blue3 hydrophone 1 snr=30 2026-08-15T01:57:16.100
PATH_VALID blue3 hydrophone 1 2026-08-15T01:57:18.419
PATH_START blue4 hydrophone 2 2026-08-15T01:57:19.025
SNR_VALID blue4 hydrophone 2 snr=0 2026-08-15T01:57:52.935
SNR_VALID blue4 hydrophone 2 snr=2 2026-08-15T01:58:27.201
SNR_VALID blue4 hydrophone 2 snr=4 2026-08-15T01:58:58.735
SNR_VALID blue4 hydrophone 2 snr=6 2026-08-15T01:59:31.102
SNR_VALID blue4 hydrophone 2 snr=8 2026-08-15T02:00:02.016
SNR_VALID blue4 hydrophone 2 snr=10 2026-08-15T02:00:34.522
SNR_VALID blue4 hydrophone 2 snr=12 2026-08-15T02:01:13.955
SNR_VALID blue4 hydrophone 2 snr=14 2026-08-15T02:01:44.782
SNR_VALID blue4 hydrophone 2 snr=16 2026-08-15T02:02:16.652
SNR_VALID blue4 hydrophone 2 snr=18 2026-08-15T02:02:49.493
SNR_VALID blue4 hydrophone 2 snr=20 2026-08-15T02:03:20.045
SNR_VALID blue4 hydrophone 2 snr=22 2026-08-15T02:03:51.033
SNR_VALID blue4 hydrophone 2 snr=24 2026-08-15T02:04:24.263
SNR_VALID blue4 hydrophone 2 snr=26 2026-08-15T02:04:56.112
SNR_VALID blue4 hydrophone 2 snr=28 2026-08-15T02:05:29.156
SNR_VALID blue4 hydrophone 2 snr=30 2026-08-15T02:06:00.080
PATH_VALID blue4 hydrophone 2 2026-08-15T02:06:01.413
N512_CRC_NO_HARM_COMPUTE_COMPLETE paths=3 2026-08-15T02:06:02.298
