N512_CRC_NO_HARM_START paths=3 2026-08-15T01:37:53.270
PATH_START blue1 hydrophone 2 2026-08-15T01:37:53.297
SNR_VALID blue1 hydrophone 2 snr=0 2026-08-15T01:39:49.615
SNR_VALID blue1 hydrophone 2 snr=2 2026-08-15T01:40:25.579
SNR_VALID blue1 hydrophone 2 snr=4 2026-08-15T01:41:03.394
SNR_VALID blue1 hydrophone 2 snr=6 2026-08-15T01:41:41.653
SNR_VALID blue1 hydrophone 2 snr=8 2026-08-15T01:42:19.447
SNR_VALID blue1 hydrophone 2 snr=10 2026-08-15T01:42:57.972
SNR_VALID blue1 hydrophone 2 snr=12 2026-08-15T01:43:36.663
SNR_VALID blue1 hydrophone 2 snr=14 2026-08-15T01:44:08.201
SNR_VALID blue1 hydrophone 2 snr=16 2026-08-15T01:44:36.805
SNR_VALID blue1 hydrophone 2 snr=18 2026-08-15T01:45:03.558
SNR_VALID blue1 hydrophone 2 snr=20 2026-08-15T01:45:26.356
SNR_VALID blue1 hydrophone 2 snr=22 2026-08-15T01:45:49.232
SNR_VALID blue1 hydrophone 2 snr=24 2026-08-15T01:46:13.163
SNR_VALID blue1 hydrophone 2 snr=26 2026-08-15T01:46:36.097
SNR_VALID blue1 hydrophone 2 snr=28 2026-08-15T01:46:59.213
SNR_VALID blue1 hydrophone 2 snr=30 2026-08-15T01:47:26.128
PATH_VALID blue1 hydrophone 2 2026-08-15T01:47:30.529
PATH_START blue2 hydrophone 3 2026-08-15T01:47:31.589
SNR_VALID blue2 hydrophone 3 snr=0 2026-08-15T01:48:12.590
SNR_VALID blue2 hydrophone 3 snr=2 2026-08-15T01:48:48.982
SNR_VALID blue2 hydrophone 3 snr=4 2026-08-15T01:49:28.559
SNR_VALID blue2 hydrophone 3 snr=6 2026-08-15T01:50:06.744
SNR_VALID blue2 hydrophone 3 snr=8 2026-08-15T01:50:44.329
SNR_VALID blue2 hydrophone 3 snr=10 2026-08-15T01:51:40.479
SNR_VALID blue2 hydrophone 3 snr=12 2026-08-15T01:52:39.708
SNR_VALID blue2 hydrophone 3 snr=14 2026-08-15T01:53:15.647
SNR_VALID blue2 hydrophone 3 snr=16 2026-08-15T01:53:45.980
SNR_VALID blue2 hydrophone 3 snr=18 2026-08-15T01:54:15.038
SNR_VALID blue2 hydrophone 3 snr=20 2026-08-15T01:54:43.887
SNR_VALID blue2 hydrophone 3 snr=22 2026-08-15T01:55:12.065
SNR_VALID blue2 hydrophone 3 snr=24 2026-08-15T01:55:40.886
SNR_VALID blue2 hydrophone 3 snr=26 2026-08-15T01:56:08.538
SNR_VALID blue2 hydrophone 3 snr=28 2026-08-15T01:56:38.450
SNR_VALID blue2 hydrophone 3 snr=30 2026-08-15T01:57:11.214
PATH_VALID blue2 hydrophone 3 2026-08-15T01:57:13.060
PATH_START blue4 hydrophone 1 2026-08-15T01:57:13.752
SNR_VALID blue4 hydrophone 1 snr=0 2026-08-15T01:57:48.987
SNR_VALID blue4 hydrophone 1 snr=2 2026-08-15T01:58:23.494
SNR_VALID blue4 hydrophone 1 snr=4 2026-08-15T01:58:55.525
SNR_VALID blue4 hydrophone 1 snr=6 2026-08-15T01:59:28.483
SNR_VALID blue4 hydrophone 1 snr=8 2026-08-15T01:59:59.774
SNR_VALID blue4 hydrophone 1 snr=10 2026-08-15T02:00:31.117
SNR_VALID blue4 hydrophone 1 snr=12 2026-08-15T02:01:09.916
SNR_VALID blue4 hydrophone 1 snr=14 2026-08-15T02:01:41.422
SNR_VALID blue4 hydrophone 1 snr=16 2026-08-15T02:02:13.913
SNR_VALID blue4 hydrophone 1 snr=18 2026-08-15T02:02:45.343
SNR_VALID blue4 hydrophone 1 snr=20 2026-08-15T02:03:17.428
SNR_VALID blue4 hydrophone 1 snr=22 2026-08-15T02:03:48.470
SNR_VALID blue4 hydrophone 1 snr=24 2026-08-15T02:04:20.179
SNR_VALID blue4 hydrophone 1 snr=26 2026-08-15T02:04:54.392
SNR_VALID blue4 hydrophone 1 snr=28 2026-08-15T02:05:25.871
SNR_VALID blue4 hydrophone 1 snr=30 2026-08-15T02:05:57.540
PATH_VALID blue4 hydrophone 1 2026-08-15T02:05:59.577
N512_CRC_NO_HARM_COMPUTE_COMPLETE paths=3 2026-08-15T02:06:00.308
