N512_CRC_NO_HARM_START paths=3 2026-08-13T14:50:23.035
PATH_START red1 hydrophone 3 2026-08-13T14:50:23.040
SNR_VALID red1 hydrophone 3 snr=0 2026-08-13T14:52:27.318
SNR_VALID red1 hydrophone 3 snr=2 2026-08-13T14:53:24.965
SNR_VALID red1 hydrophone 3 snr=4 2026-08-13T14:54:23.482
SNR_VALID red1 hydrophone 3 snr=6 2026-08-13T14:55:19.937
SNR_VALID red1 hydrophone 3 snr=8 2026-08-13T14:56:16.011
SNR_VALID red1 hydrophone 3 snr=10 2026-08-13T14:57:11.980
SNR_VALID red1 hydrophone 3 snr=12 2026-08-13T14:58:04.201
SNR_VALID red1 hydrophone 3 snr=14 2026-08-13T14:58:46.499
SNR_VALID red1 hydrophone 3 snr=16 2026-08-13T14:59:18.931
SNR_VALID red1 hydrophone 3 snr=18 2026-08-13T14:59:46.087
SNR_VALID red1 hydrophone 3 snr=20 2026-08-13T15:00:12.933
SNR_VALID red1 hydrophone 3 snr=22 2026-08-13T15:00:39.458
SNR_VALID red1 hydrophone 3 snr=24 2026-08-13T15:01:06.574
SNR_VALID red1 hydrophone 3 snr=26 2026-08-13T15:01:33.045
SNR_VALID red1 hydrophone 3 snr=28 2026-08-13T15:01:59.398
SNR_VALID red1 hydrophone 3 snr=30 2026-08-13T15:02:24.830
PATH_VALID red1 hydrophone 3 2026-08-13T15:02:28.527
PATH_START red3 hydrophone 1 2026-08-13T15:02:29.248
SNR_VALID red3 hydrophone 1 snr=0 2026-08-13T15:03:27.552
SNR_VALID red3 hydrophone 1 snr=2 2026-08-13T15:04:23.413
SNR_VALID red3 hydrophone 1 snr=4 2026-08-13T15:05:19.881
SNR_VALID red3 hydrophone 1 snr=6 2026-08-13T15:06:16.631
SNR_VALID red3 hydrophone 1 snr=8 2026-08-13T15:07:12.764
SNR_VALID red3 hydrophone 1 snr=10 2026-08-13T15:08:07.721
SNR_VALID red3 hydrophone 1 snr=12 2026-08-13T15:09:03.974
SNR_VALID red3 hydrophone 1 snr=14 2026-08-13T15:10:04.958
SNR_VALID red3 hydrophone 1 snr=16 2026-08-13T15:11:05.412
SNR_VALID red3 hydrophone 1 snr=18 2026-08-13T15:12:00.384
SNR_VALID red3 hydrophone 1 snr=20 2026-08-13T15:12:51.861
SNR_VALID red3 hydrophone 1 snr=22 2026-08-13T15:13:44.119
SNR_VALID red3 hydrophone 1 snr=24 2026-08-13T15:14:31.985
SNR_VALID red3 hydrophone 1 snr=26 2026-08-13T15:15:25.189
SNR_VALID red3 hydrophone 1 snr=28 2026-08-13T15:16:13.360
SNR_VALID red3 hydrophone 1 snr=30 2026-08-13T15:17:00.799
PATH_VALID red3 hydrophone 1 2026-08-13T15:17:03.304
PATH_START red4 hydrophone 2 2026-08-13T15:17:03.787
SNR_VALID red4 hydrophone 2 snr=0 2026-08-13T15:18:10.941
SNR_VALID red4 hydrophone 2 snr=2 2026-08-13T15:19:16.599
SNR_VALID red4 hydrophone 2 snr=4 2026-08-13T15:20:18.716
SNR_VALID red4 hydrophone 2 snr=6 2026-08-13T15:21:16.743
SNR_VALID red4 hydrophone 2 snr=8 2026-08-13T15:22:16.632
SNR_VALID red4 hydrophone 2 snr=10 2026-08-13T15:23:14.189
SNR_VALID red4 hydrophone 2 snr=12 2026-08-13T15:24:05.992
SNR_VALID red4 hydrophone 2 snr=14 2026-08-13T15:24:42.306
SNR_VALID red4 hydrophone 2 snr=16 2026-08-13T15:25:10.848
SNR_VALID red4 hydrophone 2 snr=18 2026-08-13T15:25:42.185
SNR_VALID red4 hydrophone 2 snr=20 2026-08-13T15:26:07.926
SNR_VALID red4 hydrophone 2 snr=22 2026-08-13T15:26:32.357
SNR_VALID red4 hydrophone 2 snr=24 2026-08-13T15:26:57.126
SNR_VALID red4 hydrophone 2 snr=26 2026-08-13T15:27:22.421
SNR_VALID red4 hydrophone 2 snr=28 2026-08-13T15:27:46.695
SNR_VALID red4 hydrophone 2 snr=30 2026-08-13T15:28:11.596
PATH_VALID red4 hydrophone 2 2026-08-13T15:28:12.555
N512_CRC_NO_HARM_COMPUTE_COMPLETE paths=3 2026-08-13T15:28:13.269
