N512_CRC_NO_HARM_START paths=3 2026-08-13T14:50:23.471
PATH_START red1 hydrophone 2 2026-08-13T14:50:23.480
SNR_VALID red1 hydrophone 2 snr=0 2026-08-13T14:52:27.957
SNR_VALID red1 hydrophone 2 snr=2 2026-08-13T14:53:26.757
SNR_VALID red1 hydrophone 2 snr=4 2026-08-13T14:54:24.461
SNR_VALID red1 hydrophone 2 snr=6 2026-08-13T14:55:21.288
SNR_VALID red1 hydrophone 2 snr=8 2026-08-13T14:56:17.252
SNR_VALID red1 hydrophone 2 snr=10 2026-08-13T14:57:14.536
SNR_VALID red1 hydrophone 2 snr=12 2026-08-13T14:58:11.800
SNR_VALID red1 hydrophone 2 snr=14 2026-08-13T14:59:12.755
SNR_VALID red1 hydrophone 2 snr=16 2026-08-13T15:00:08.798
SNR_VALID red1 hydrophone 2 snr=18 2026-08-13T15:00:58.295
SNR_VALID red1 hydrophone 2 snr=20 2026-08-13T15:01:46.142
SNR_VALID red1 hydrophone 2 snr=22 2026-08-13T15:02:33.083
SNR_VALID red1 hydrophone 2 snr=24 2026-08-13T15:03:15.763
SNR_VALID red1 hydrophone 2 snr=26 2026-08-13T15:03:57.488
SNR_VALID red1 hydrophone 2 snr=28 2026-08-13T15:04:38.563
SNR_VALID red1 hydrophone 2 snr=30 2026-08-13T15:05:20.093
PATH_VALID red1 hydrophone 2 2026-08-13T15:05:23.208
PATH_START red2 hydrophone 3 2026-08-13T15:05:24.211
SNR_VALID red2 hydrophone 3 snr=0 2026-08-13T15:06:21.775
SNR_VALID red2 hydrophone 3 snr=2 2026-08-13T15:07:18.514
SNR_VALID red2 hydrophone 3 snr=4 2026-08-13T15:08:13.525
SNR_VALID red2 hydrophone 3 snr=6 2026-08-13T15:09:09.806
SNR_VALID red2 hydrophone 3 snr=8 2026-08-13T15:10:11.895
SNR_VALID red2 hydrophone 3 snr=10 2026-08-13T15:11:13.033
SNR_VALID red2 hydrophone 3 snr=12 2026-08-13T15:12:08.911
SNR_VALID red2 hydrophone 3 snr=14 2026-08-13T15:13:00.074
SNR_VALID red2 hydrophone 3 snr=16 2026-08-13T15:13:43.313
SNR_VALID red2 hydrophone 3 snr=18 2026-08-13T15:14:22.519
SNR_VALID red2 hydrophone 3 snr=20 2026-08-13T15:14:55.479
SNR_VALID red2 hydrophone 3 snr=22 2026-08-13T15:15:31.848
SNR_VALID red2 hydrophone 3 snr=24 2026-08-13T15:16:01.348
SNR_VALID red2 hydrophone 3 snr=26 2026-08-13T15:16:30.012
SNR_VALID red2 hydrophone 3 snr=28 2026-08-13T15:16:57.710
SNR_VALID red2 hydrophone 3 snr=30 2026-08-13T15:17:24.722
PATH_VALID red2 hydrophone 3 2026-08-13T15:17:25.737
PATH_START red4 hydrophone 1 2026-08-13T15:17:26.506
SNR_VALID red4 hydrophone 1 snr=0 2026-08-13T15:18:35.292
SNR_VALID red4 hydrophone 1 snr=2 2026-08-13T15:19:42.366
SNR_VALID red4 hydrophone 1 snr=4 2026-08-13T15:20:42.065
SNR_VALID red4 hydrophone 1 snr=6 2026-08-13T15:21:41.452
SNR_VALID red4 hydrophone 1 snr=8 2026-08-13T15:22:40.582
SNR_VALID red4 hydrophone 1 snr=10 2026-08-13T15:23:35.487
SNR_VALID red4 hydrophone 1 snr=12 2026-08-13T15:24:21.216
SNR_VALID red4 hydrophone 1 snr=14 2026-08-13T15:24:58.650
SNR_VALID red4 hydrophone 1 snr=16 2026-08-13T15:25:31.064
SNR_VALID red4 hydrophone 1 snr=18 2026-08-13T15:25:59.670
SNR_VALID red4 hydrophone 1 snr=20 2026-08-13T15:26:26.993
SNR_VALID red4 hydrophone 1 snr=22 2026-08-13T15:26:52.018
SNR_VALID red4 hydrophone 1 snr=24 2026-08-13T15:27:17.213
SNR_VALID red4 hydrophone 1 snr=26 2026-08-13T15:27:42.123
SNR_VALID red4 hydrophone 1 snr=28 2026-08-13T15:28:06.770
SNR_VALID red4 hydrophone 1 snr=30 2026-08-13T15:28:29.563
PATH_VALID red4 hydrophone 1 2026-08-13T15:28:31.008
N512_CRC_NO_HARM_COMPUTE_COMPLETE paths=3 2026-08-13T15:28:31.625
