N512_CRC_NO_HARM_START paths=3 2026-08-13T14:50:23.817
PATH_START red1 hydrophone 1 2026-08-13T14:50:23.829
SNR_VALID red1 hydrophone 1 snr=0 2026-08-13T14:52:27.562
SNR_VALID red1 hydrophone 1 snr=2 2026-08-13T14:53:26.239
SNR_VALID red1 hydrophone 1 snr=4 2026-08-13T14:54:24.103
SNR_VALID red1 hydrophone 1 snr=6 2026-08-13T14:55:20.432
SNR_VALID red1 hydrophone 1 snr=8 2026-08-13T14:56:15.910
SNR_VALID red1 hydrophone 1 snr=10 2026-08-13T14:57:11.155
SNR_VALID red1 hydrophone 1 snr=12 2026-08-13T14:58:08.470
SNR_VALID red1 hydrophone 1 snr=14 2026-08-13T14:59:05.302
SNR_VALID red1 hydrophone 1 snr=16 2026-08-13T14:59:56.498
SNR_VALID red1 hydrophone 1 snr=18 2026-08-13T15:00:44.900
SNR_VALID red1 hydrophone 1 snr=20 2026-08-13T15:01:32.545
SNR_VALID red1 hydrophone 1 snr=22 2026-08-13T15:02:18.882
SNR_VALID red1 hydrophone 1 snr=24 2026-08-13T15:03:05.491
SNR_VALID red1 hydrophone 1 snr=26 2026-08-13T15:03:51.335
SNR_VALID red1 hydrophone 1 snr=28 2026-08-13T15:04:35.858
SNR_VALID red1 hydrophone 1 snr=30 2026-08-13T15:05:20.467
PATH_VALID red1 hydrophone 1 2026-08-13T15:05:24.240
PATH_START red2 hydrophone 2 2026-08-13T15:05:25.036
SNR_VALID red2 hydrophone 2 snr=0 2026-08-13T15:06:22.890
SNR_VALID red2 hydrophone 2 snr=2 2026-08-13T15:07:17.821
SNR_VALID red2 hydrophone 2 snr=4 2026-08-13T15:08:14.949
SNR_VALID red2 hydrophone 2 snr=6 2026-08-13T15:09:10.585
SNR_VALID red2 hydrophone 2 snr=8 2026-08-13T15:10:12.430
SNR_VALID red2 hydrophone 2 snr=10 2026-08-13T15:11:14.624
SNR_VALID red2 hydrophone 2 snr=12 2026-08-13T15:12:12.680
SNR_VALID red2 hydrophone 2 snr=14 2026-08-13T15:13:09.659
SNR_VALID red2 hydrophone 2 snr=16 2026-08-13T15:14:05.252
SNR_VALID red2 hydrophone 2 snr=18 2026-08-13T15:14:54.078
SNR_VALID red2 hydrophone 2 snr=20 2026-08-13T15:15:47.497
SNR_VALID red2 hydrophone 2 snr=22 2026-08-13T15:16:32.680
SNR_VALID red2 hydrophone 2 snr=24 2026-08-13T15:17:15.523
SNR_VALID red2 hydrophone 2 snr=26 2026-08-13T15:18:02.186
SNR_VALID red2 hydrophone 2 snr=28 2026-08-13T15:18:50.138
SNR_VALID red2 hydrophone 2 snr=30 2026-08-13T15:19:37.084
PATH_VALID red2 hydrophone 2 2026-08-13T15:19:38.181
PATH_START red3 hydrophone 3 2026-08-13T15:19:38.968
SNR_VALID red3 hydrophone 3 snr=0 2026-08-13T15:20:39.798
SNR_VALID red3 hydrophone 3 snr=2 2026-08-13T15:21:37.888
SNR_VALID red3 hydrophone 3 snr=4 2026-08-13T15:22:35.669
SNR_VALID red3 hydrophone 3 snr=6 2026-08-13T15:23:34.492
SNR_VALID red3 hydrophone 3 snr=8 2026-08-13T15:24:31.979
SNR_VALID red3 hydrophone 3 snr=10 2026-08-13T15:25:31.704
SNR_VALID red3 hydrophone 3 snr=12 2026-08-13T15:26:27.859
SNR_VALID red3 hydrophone 3 snr=14 2026-08-13T15:27:17.683
SNR_VALID red3 hydrophone 3 snr=16 2026-08-13T15:28:02.939
SNR_VALID red3 hydrophone 3 snr=18 2026-08-13T15:28:36.964
SNR_VALID red3 hydrophone 3 snr=20 2026-08-13T15:29:01.986
SNR_VALID red3 hydrophone 3 snr=22 2026-08-13T15:29:24.923
SNR_VALID red3 hydrophone 3 snr=24 2026-08-13T15:29:43.619
SNR_VALID red3 hydrophone 3 snr=26 2026-08-13T15:30:01.372
SNR_VALID red3 hydrophone 3 snr=28 2026-08-13T15:30:19.261
SNR_VALID red3 hydrophone 3 snr=30 2026-08-13T15:30:37.194
PATH_VALID red3 hydrophone 3 2026-08-13T15:30:37.711
N512_CRC_NO_HARM_COMPUTE_COMPLETE paths=3 2026-08-13T15:30:38.028
