N512_CRC_NO_HARM_START paths=3 2026-08-13T14:50:23.975
PATH_START red2 hydrophone 1 2026-08-13T14:50:23.987
SNR_VALID red2 hydrophone 1 snr=0 2026-08-13T14:52:28.646
SNR_VALID red2 hydrophone 1 snr=2 2026-08-13T14:53:27.305
SNR_VALID red2 hydrophone 1 snr=4 2026-08-13T14:54:26.653
SNR_VALID red2 hydrophone 1 snr=6 2026-08-13T14:55:22.134
SNR_VALID red2 hydrophone 1 snr=8 2026-08-13T14:56:17.550
SNR_VALID red2 hydrophone 1 snr=10 2026-08-13T14:57:14.295
SNR_VALID red2 hydrophone 1 snr=12 2026-08-13T14:58:12.710
SNR_VALID red2 hydrophone 1 snr=14 2026-08-13T14:59:12.611
SNR_VALID red2 hydrophone 1 snr=16 2026-08-13T15:00:08.505
SNR_VALID red2 hydrophone 1 snr=18 2026-08-13T15:01:03.742
SNR_VALID red2 hydrophone 1 snr=20 2026-08-13T15:01:56.987
SNR_VALID red2 hydrophone 1 snr=22 2026-08-13T15:02:48.602
SNR_VALID red2 hydrophone 1 snr=24 2026-08-13T15:03:38.375
SNR_VALID red2 hydrophone 1 snr=26 2026-08-13T15:04:28.842
SNR_VALID red2 hydrophone 1 snr=28 2026-08-13T15:05:19.604
SNR_VALID red2 hydrophone 1 snr=30 2026-08-13T15:06:09.794
PATH_VALID red2 hydrophone 1 2026-08-13T15:06:13.516
PATH_START red3 hydrophone 2 2026-08-13T15:06:14.188
SNR_VALID red3 hydrophone 2 snr=0 2026-08-13T15:07:11.987
SNR_VALID red3 hydrophone 2 snr=2 2026-08-13T15:08:07.391
SNR_VALID red3 hydrophone 2 snr=4 2026-08-13T15:09:03.917
SNR_VALID red3 hydrophone 2 snr=6 2026-08-13T15:10:06.675
SNR_VALID red3 hydrophone 2 snr=8 2026-08-13T15:11:07.945
SNR_VALID red3 hydrophone 2 snr=10 2026-08-13T15:12:05.699
SNR_VALID red3 hydrophone 2 snr=12 2026-08-13T15:13:02.529
SNR_VALID red3 hydrophone 2 snr=14 2026-08-13T15:13:57.268
SNR_VALID red3 hydrophone 2 snr=16 2026-08-13T15:14:43.693
SNR_VALID red3 hydrophone 2 snr=18 2026-08-13T15:15:30.528
SNR_VALID red3 hydrophone 2 snr=20 2026-08-13T15:16:04.005
SNR_VALID red3 hydrophone 2 snr=22 2026-08-13T15:16:35.017
SNR_VALID red3 hydrophone 2 snr=24 2026-08-13T15:17:03.496
SNR_VALID red3 hydrophone 2 snr=26 2026-08-13T15:17:33.963
SNR_VALID red3 hydrophone 2 snr=28 2026-08-13T15:18:07.085
SNR_VALID red3 hydrophone 2 snr=30 2026-08-13T15:18:38.660
PATH_VALID red3 hydrophone 2 2026-08-13T15:18:39.785
PATH_START red4 hydrophone 3 2026-08-13T15:18:40.447
SNR_VALID red4 hydrophone 3 snr=0 2026-08-13T15:19:48.572
SNR_VALID red4 hydrophone 3 snr=2 2026-08-13T15:20:46.402
SNR_VALID red4 hydrophone 3 snr=4 2026-08-13T15:21:44.206
SNR_VALID red4 hydrophone 3 snr=6 2026-08-13T15:22:43.125
SNR_VALID red4 hydrophone 3 snr=8 2026-08-13T15:23:40.354
SNR_VALID red4 hydrophone 3 snr=10 2026-08-13T15:24:36.716
SNR_VALID red4 hydrophone 3 snr=12 2026-08-13T15:25:23.074
SNR_VALID red4 hydrophone 3 snr=14 2026-08-13T15:26:01.073
SNR_VALID red4 hydrophone 3 snr=16 2026-08-13T15:26:31.241
SNR_VALID red4 hydrophone 3 snr=18 2026-08-13T15:26:57.346
SNR_VALID red4 hydrophone 3 snr=20 2026-08-13T15:27:22.559
SNR_VALID red4 hydrophone 3 snr=22 2026-08-13T15:27:47.071
SNR_VALID red4 hydrophone 3 snr=24 2026-08-13T15:28:11.701
SNR_VALID red4 hydrophone 3 snr=26 2026-08-13T15:28:34.603
SNR_VALID red4 hydrophone 3 snr=28 2026-08-13T15:28:52.580
SNR_VALID red4 hydrophone 3 snr=30 2026-08-13T15:29:10.673
PATH_VALID red4 hydrophone 3 2026-08-13T15:29:11.381
N512_CRC_NO_HARM_COMPUTE_COMPLETE paths=3 2026-08-13T15:29:11.759
