DIRECT18_START paths=3 2026-08-14T23:22:10.858
PATH_START red1 hydrophone 2 2026-08-14T23:22:10.880
SNR_VALID red1 hydrophone 2 snr=0 2026-08-14T23:23:47.992
SNR_VALID red1 hydrophone 2 snr=2 2026-08-14T23:24:12.064
SNR_VALID red1 hydrophone 2 snr=4 2026-08-14T23:24:36.680
SNR_VALID red1 hydrophone 2 snr=6 2026-08-14T23:25:03.843
SNR_VALID red1 hydrophone 2 snr=8 2026-08-14T23:25:28.403
SNR_VALID red1 hydrophone 2 snr=10 2026-08-14T23:25:55.460
SNR_VALID red1 hydrophone 2 snr=12 2026-08-14T23:26:20.329
SNR_VALID red1 hydrophone 2 snr=14 2026-08-14T23:26:43.340
SNR_VALID red1 hydrophone 2 snr=16 2026-08-14T23:27:04.804
SNR_VALID red1 hydrophone 2 snr=18 2026-08-14T23:27:27.904
SNR_VALID red1 hydrophone 2 snr=20 2026-08-14T23:27:50.582
SNR_VALID red1 hydrophone 2 snr=22 2026-08-14T23:28:12.390
SNR_VALID red1 hydrophone 2 snr=24 2026-08-14T23:28:36.868
SNR_VALID red1 hydrophone 2 snr=26 2026-08-14T23:28:59.136
SNR_VALID red1 hydrophone 2 snr=28 2026-08-14T23:29:21.009
SNR_VALID red1 hydrophone 2 snr=30 2026-08-14T23:29:43.673
PATH_VALID red1 hydrophone 2 2026-08-14T23:29:45.138
PATH_START red2 hydrophone 3 2026-08-14T23:29:45.464
SNR_VALID red2 hydrophone 3 snr=0 2026-08-14T23:30:12.067
SNR_VALID red2 hydrophone 3 snr=2 2026-08-14T23:30:39.410
SNR_VALID red2 hydrophone 3 snr=4 2026-08-14T23:31:05.127
SNR_VALID red2 hydrophone 3 snr=6 2026-08-14T23:31:31.539
SNR_VALID red2 hydrophone 3 snr=8 2026-08-14T23:31:55.282
SNR_VALID red2 hydrophone 3 snr=10 2026-08-14T23:32:19.380
SNR_VALID red2 hydrophone 3 snr=12 2026-08-14T23:32:43.174
SNR_VALID red2 hydrophone 3 snr=14 2026-08-14T23:33:05.714
SNR_VALID red2 hydrophone 3 snr=16 2026-08-14T23:33:29.213
SNR_VALID red2 hydrophone 3 snr=18 2026-08-14T23:33:52.704
SNR_VALID red2 hydrophone 3 snr=20 2026-08-14T23:34:16.753
SNR_VALID red2 hydrophone 3 snr=22 2026-08-14T23:34:40.392
SNR_VALID red2 hydrophone 3 snr=24 2026-08-14T23:35:03.807
SNR_VALID red2 hydrophone 3 snr=26 2026-08-14T23:35:26.455
SNR_VALID red2 hydrophone 3 snr=28 2026-08-14T23:35:48.931
SNR_VALID red2 hydrophone 3 snr=30 2026-08-14T23:36:11.603
PATH_VALID red2 hydrophone 3 2026-08-14T23:36:11.839
PATH_START red4 hydrophone 1 2026-08-14T23:36:12.160
SNR_VALID red4 hydrophone 1 snr=0 2026-08-14T23:36:40.420
SNR_VALID red4 hydrophone 1 snr=2 2026-08-14T23:37:07.051
SNR_VALID red4 hydrophone 1 snr=4 2026-08-14T23:37:33.057
SNR_VALID red4 hydrophone 1 snr=6 2026-08-14T23:37:56.694
SNR_VALID red4 hydrophone 1 snr=8 2026-08-14T23:38:21.181
SNR_VALID red4 hydrophone 1 snr=10 2026-08-14T23:38:44.027
SNR_VALID red4 hydrophone 1 snr=12 2026-08-14T23:39:07.540
SNR_VALID red4 hydrophone 1 snr=14 2026-08-14T23:39:30.700
SNR_VALID red4 hydrophone 1 snr=16 2026-08-14T23:39:53.542
SNR_VALID red4 hydrophone 1 snr=18 2026-08-14T23:40:16.335
SNR_VALID red4 hydrophone 1 snr=20 2026-08-14T23:40:39.175
SNR_VALID red4 hydrophone 1 snr=22 2026-08-14T23:41:03.546
SNR_VALID red4 hydrophone 1 snr=24 2026-08-14T23:41:28.805
SNR_VALID red4 hydrophone 1 snr=26 2026-08-14T23:41:52.303
SNR_VALID red4 hydrophone 1 snr=28 2026-08-14T23:42:15.404
SNR_VALID red4 hydrophone 1 snr=30 2026-08-14T23:42:35.680
PATH_VALID red4 hydrophone 1 2026-08-14T23:42:35.795
DIRECT18_COMPUTE_COMPLETE paths=3 2026-08-14T23:42:36.007
