DIRECT18_START paths=3 2026-08-14T23:22:11.364
PATH_START red1 hydrophone 3 2026-08-14T23:22:11.378
SNR_VALID red1 hydrophone 3 snr=0 2026-08-14T23:23:47.693
SNR_VALID red1 hydrophone 3 snr=2 2026-08-14T23:24:11.523
SNR_VALID red1 hydrophone 3 snr=4 2026-08-14T23:24:36.479
SNR_VALID red1 hydrophone 3 snr=6 2026-08-14T23:25:02.854
SNR_VALID red1 hydrophone 3 snr=8 2026-08-14T23:25:26.068
SNR_VALID red1 hydrophone 3 snr=10 2026-08-14T23:25:52.074
SNR_VALID red1 hydrophone 3 snr=12 2026-08-14T23:26:17.221
SNR_VALID red1 hydrophone 3 snr=14 2026-08-14T23:26:40.089
SNR_VALID red1 hydrophone 3 snr=16 2026-08-14T23:27:02.487
SNR_VALID red1 hydrophone 3 snr=18 2026-08-14T23:27:25.661
SNR_VALID red1 hydrophone 3 snr=20 2026-08-14T23:27:47.151
SNR_VALID red1 hydrophone 3 snr=22 2026-08-14T23:28:09.077
SNR_VALID red1 hydrophone 3 snr=24 2026-08-14T23:28:33.220
SNR_VALID red1 hydrophone 3 snr=26 2026-08-14T23:28:54.674
SNR_VALID red1 hydrophone 3 snr=28 2026-08-14T23:29:16.910
SNR_VALID red1 hydrophone 3 snr=30 2026-08-14T23:29:38.282
PATH_VALID red1 hydrophone 3 2026-08-14T23:29:39.915
PATH_START red3 hydrophone 1 2026-08-14T23:29:40.206
SNR_VALID red3 hydrophone 1 snr=0 2026-08-14T23:30:07.804
SNR_VALID red3 hydrophone 1 snr=2 2026-08-14T23:30:33.879
SNR_VALID red3 hydrophone 1 snr=4 2026-08-14T23:30:58.982
SNR_VALID red3 hydrophone 1 snr=6 2026-08-14T23:31:23.527
SNR_VALID red3 hydrophone 1 snr=8 2026-08-14T23:31:48.681
SNR_VALID red3 hydrophone 1 snr=10 2026-08-14T23:32:13.505
SNR_VALID red3 hydrophone 1 snr=12 2026-08-14T23:32:37.330
SNR_VALID red3 hydrophone 1 snr=14 2026-08-14T23:32:59.587
SNR_VALID red3 hydrophone 1 snr=16 2026-08-14T23:33:22.452
SNR_VALID red3 hydrophone 1 snr=18 2026-08-14T23:33:45.473
SNR_VALID red3 hydrophone 1 snr=20 2026-08-14T23:34:08.104
SNR_VALID red3 hydrophone 1 snr=22 2026-08-14T23:34:32.297
SNR_VALID red3 hydrophone 1 snr=24 2026-08-14T23:34:56.033
SNR_VALID red3 hydrophone 1 snr=26 2026-08-14T23:35:18.783
SNR_VALID red3 hydrophone 1 snr=28 2026-08-14T23:35:41.303
SNR_VALID red3 hydrophone 1 snr=30 2026-08-14T23:36:04.179
PATH_VALID red3 hydrophone 1 2026-08-14T23:36:04.309
PATH_START red4 hydrophone 2 2026-08-14T23:36:04.550
SNR_VALID red4 hydrophone 2 snr=0 2026-08-14T23:36:32.923
SNR_VALID red4 hydrophone 2 snr=2 2026-08-14T23:36:58.871
SNR_VALID red4 hydrophone 2 snr=4 2026-08-14T23:37:27.073
SNR_VALID red4 hydrophone 2 snr=6 2026-08-14T23:37:52.076
SNR_VALID red4 hydrophone 2 snr=8 2026-08-14T23:38:18.251
SNR_VALID red4 hydrophone 2 snr=10 2026-08-14T23:38:41.351
SNR_VALID red4 hydrophone 2 snr=12 2026-08-14T23:39:04.687
SNR_VALID red4 hydrophone 2 snr=14 2026-08-14T23:39:27.877
SNR_VALID red4 hydrophone 2 snr=16 2026-08-14T23:39:50.935
SNR_VALID red4 hydrophone 2 snr=18 2026-08-14T23:40:14.464
SNR_VALID red4 hydrophone 2 snr=20 2026-08-14T23:40:36.507
SNR_VALID red4 hydrophone 2 snr=22 2026-08-14T23:41:00.216
SNR_VALID red4 hydrophone 2 snr=24 2026-08-14T23:41:25.903
SNR_VALID red4 hydrophone 2 snr=26 2026-08-14T23:41:49.797
SNR_VALID red4 hydrophone 2 snr=28 2026-08-14T23:42:12.421
SNR_VALID red4 hydrophone 2 snr=30 2026-08-14T23:42:34.056
PATH_VALID red4 hydrophone 2 2026-08-14T23:42:34.153
DIRECT18_COMPUTE_COMPLETE paths=3 2026-08-14T23:42:34.328
