DIRECT18_START paths=3 2026-08-14T23:22:10.843
PATH_START red1 hydrophone 1 2026-08-14T23:22:10.856
SNR_VALID red1 hydrophone 1 snr=0 2026-08-14T23:23:49.960
SNR_VALID red1 hydrophone 1 snr=2 2026-08-14T23:24:15.150
SNR_VALID red1 hydrophone 1 snr=4 2026-08-14T23:24:40.443
SNR_VALID red1 hydrophone 1 snr=6 2026-08-14T23:25:08.301
SNR_VALID red1 hydrophone 1 snr=8 2026-08-14T23:25:34.358
SNR_VALID red1 hydrophone 1 snr=10 2026-08-14T23:26:03.956
SNR_VALID red1 hydrophone 1 snr=12 2026-08-14T23:26:28.041
SNR_VALID red1 hydrophone 1 snr=14 2026-08-14T23:26:50.786
SNR_VALID red1 hydrophone 1 snr=16 2026-08-14T23:27:13.324
SNR_VALID red1 hydrophone 1 snr=18 2026-08-14T23:27:36.423
SNR_VALID red1 hydrophone 1 snr=20 2026-08-14T23:27:59.614
SNR_VALID red1 hydrophone 1 snr=22 2026-08-14T23:28:24.393
SNR_VALID red1 hydrophone 1 snr=24 2026-08-14T23:28:47.819
SNR_VALID red1 hydrophone 1 snr=26 2026-08-14T23:29:10.770
SNR_VALID red1 hydrophone 1 snr=28 2026-08-14T23:29:32.306
SNR_VALID red1 hydrophone 1 snr=30 2026-08-14T23:29:55.116
PATH_VALID red1 hydrophone 1 2026-08-14T23:29:56.124
PATH_START red2 hydrophone 2 2026-08-14T23:29:56.358
SNR_VALID red2 hydrophone 2 snr=0 2026-08-14T23:30:23.596
SNR_VALID red2 hydrophone 2 snr=2 2026-08-14T23:30:48.980
SNR_VALID red2 hydrophone 2 snr=4 2026-08-14T23:31:14.007
SNR_VALID red2 hydrophone 2 snr=6 2026-08-14T23:31:38.831
SNR_VALID red2 hydrophone 2 snr=8 2026-08-14T23:32:03.043
SNR_VALID red2 hydrophone 2 snr=10 2026-08-14T23:32:26.243
SNR_VALID red2 hydrophone 2 snr=12 2026-08-14T23:32:49.467
SNR_VALID red2 hydrophone 2 snr=14 2026-08-14T23:33:11.854
SNR_VALID red2 hydrophone 2 snr=16 2026-08-14T23:33:34.252
SNR_VALID red2 hydrophone 2 snr=18 2026-08-14T23:33:56.896
SNR_VALID red2 hydrophone 2 snr=20 2026-08-14T23:34:19.811
SNR_VALID red2 hydrophone 2 snr=22 2026-08-14T23:34:42.978
SNR_VALID red2 hydrophone 2 snr=24 2026-08-14T23:35:05.262
SNR_VALID red2 hydrophone 2 snr=26 2026-08-14T23:35:27.058
SNR_VALID red2 hydrophone 2 snr=28 2026-08-14T23:35:48.991
SNR_VALID red2 hydrophone 2 snr=30 2026-08-14T23:36:11.297
PATH_VALID red2 hydrophone 2 2026-08-14T23:36:11.465
PATH_START red3 hydrophone 3 2026-08-14T23:36:11.724
SNR_VALID red3 hydrophone 3 snr=0 2026-08-14T23:36:38.446
SNR_VALID red3 hydrophone 3 snr=2 2026-08-14T23:37:03.385
SNR_VALID red3 hydrophone 3 snr=4 2026-08-14T23:37:29.184
SNR_VALID red3 hydrophone 3 snr=6 2026-08-14T23:37:54.220
SNR_VALID red3 hydrophone 3 snr=8 2026-08-14T23:38:21.161
SNR_VALID red3 hydrophone 3 snr=10 2026-08-14T23:38:44.160
SNR_VALID red3 hydrophone 3 snr=12 2026-08-14T23:39:06.497
SNR_VALID red3 hydrophone 3 snr=14 2026-08-14T23:39:29.574
SNR_VALID red3 hydrophone 3 snr=16 2026-08-14T23:39:51.420
SNR_VALID red3 hydrophone 3 snr=18 2026-08-14T23:40:14.388
SNR_VALID red3 hydrophone 3 snr=20 2026-08-14T23:40:35.230
SNR_VALID red3 hydrophone 3 snr=22 2026-08-14T23:40:57.901
SNR_VALID red3 hydrophone 3 snr=24 2026-08-14T23:41:22.038
SNR_VALID red3 hydrophone 3 snr=26 2026-08-14T23:41:44.642
SNR_VALID red3 hydrophone 3 snr=28 2026-08-14T23:42:07.118
SNR_VALID red3 hydrophone 3 snr=30 2026-08-14T23:42:28.661
PATH_VALID red3 hydrophone 3 2026-08-14T23:42:28.837
DIRECT18_COMPUTE_COMPLETE paths=3 2026-08-14T23:42:29.108
