DIRECT18_START paths=3 2026-08-14T23:22:11.227
PATH_START red2 hydrophone 1 2026-08-14T23:22:11.238
SNR_VALID red2 hydrophone 1 snr=0 2026-08-14T23:23:50.332
SNR_VALID red2 hydrophone 1 snr=2 2026-08-14T23:24:15.370
SNR_VALID red2 hydrophone 1 snr=4 2026-08-14T23:24:41.009
SNR_VALID red2 hydrophone 1 snr=6 2026-08-14T23:25:08.558
SNR_VALID red2 hydrophone 1 snr=8 2026-08-14T23:25:36.455
SNR_VALID red2 hydrophone 1 snr=10 2026-08-14T23:26:08.408
SNR_VALID red2 hydrophone 1 snr=12 2026-08-14T23:26:34.646
SNR_VALID red2 hydrophone 1 snr=14 2026-08-14T23:26:58.302
SNR_VALID red2 hydrophone 1 snr=16 2026-08-14T23:27:22.059
SNR_VALID red2 hydrophone 1 snr=18 2026-08-14T23:27:45.087
SNR_VALID red2 hydrophone 1 snr=20 2026-08-14T23:28:08.795
SNR_VALID red2 hydrophone 1 snr=22 2026-08-14T23:28:34.103
SNR_VALID red2 hydrophone 1 snr=24 2026-08-14T23:28:58.225
SNR_VALID red2 hydrophone 1 snr=26 2026-08-14T23:29:21.062
SNR_VALID red2 hydrophone 1 snr=28 2026-08-14T23:29:44.361
SNR_VALID red2 hydrophone 1 snr=30 2026-08-14T23:30:06.556
PATH_VALID red2 hydrophone 1 2026-08-14T23:30:07.942
PATH_START red3 hydrophone 2 2026-08-14T23:30:08.314
SNR_VALID red3 hydrophone 2 snr=0 2026-08-14T23:30:35.110
SNR_VALID red3 hydrophone 2 snr=2 2026-08-14T23:30:59.773
SNR_VALID red3 hydrophone 2 snr=4 2026-08-14T23:31:24.994
SNR_VALID red3 hydrophone 2 snr=6 2026-08-14T23:31:49.864
SNR_VALID red3 hydrophone 2 snr=8 2026-08-14T23:32:14.373
SNR_VALID red3 hydrophone 2 snr=10 2026-08-14T23:32:37.193
SNR_VALID red3 hydrophone 2 snr=12 2026-08-14T23:32:58.660
SNR_VALID red3 hydrophone 2 snr=14 2026-08-14T23:33:20.817
SNR_VALID red3 hydrophone 2 snr=16 2026-08-14T23:33:42.969
SNR_VALID red3 hydrophone 2 snr=18 2026-08-14T23:34:04.695
SNR_VALID red3 hydrophone 2 snr=20 2026-08-14T23:34:27.717
SNR_VALID red3 hydrophone 2 snr=22 2026-08-14T23:34:51.247
SNR_VALID red3 hydrophone 2 snr=24 2026-08-14T23:35:13.506
SNR_VALID red3 hydrophone 2 snr=26 2026-08-14T23:35:35.154
SNR_VALID red3 hydrophone 2 snr=28 2026-08-14T23:35:56.196
SNR_VALID red3 hydrophone 2 snr=30 2026-08-14T23:36:19.166
PATH_VALID red3 hydrophone 2 2026-08-14T23:36:19.284
PATH_START red4 hydrophone 3 2026-08-14T23:36:19.522
SNR_VALID red4 hydrophone 3 snr=0 2026-08-14T23:36:46.371
SNR_VALID red4 hydrophone 3 snr=2 2026-08-14T23:37:11.592
SNR_VALID red4 hydrophone 3 snr=4 2026-08-14T23:37:37.962
SNR_VALID red4 hydrophone 3 snr=6 2026-08-14T23:38:01.055
SNR_VALID red4 hydrophone 3 snr=8 2026-08-14T23:38:25.723
SNR_VALID red4 hydrophone 3 snr=10 2026-08-14T23:38:47.449
SNR_VALID red4 hydrophone 3 snr=12 2026-08-14T23:39:09.857
SNR_VALID red4 hydrophone 3 snr=14 2026-08-14T23:39:32.189
SNR_VALID red4 hydrophone 3 snr=16 2026-08-14T23:39:54.097
SNR_VALID red4 hydrophone 3 snr=18 2026-08-14T23:40:16.104
SNR_VALID red4 hydrophone 3 snr=20 2026-08-14T23:40:37.309
SNR_VALID red4 hydrophone 3 snr=22 2026-08-14T23:40:59.404
SNR_VALID red4 hydrophone 3 snr=24 2026-08-14T23:41:22.876
SNR_VALID red4 hydrophone 3 snr=26 2026-08-14T23:41:46.147
SNR_VALID red4 hydrophone 3 snr=28 2026-08-14T23:42:07.448
SNR_VALID red4 hydrophone 3 snr=30 2026-08-14T23:42:28.825
PATH_VALID red4 hydrophone 3 2026-08-14T23:42:29.108
DIRECT18_COMPUTE_COMPLETE paths=3 2026-08-14T23:42:29.362
