N512_CRC_NO_HARM_START paths=3 2026-08-12T18:17:13.185
PATH_START red2 hydrophone 1 2026-08-12T18:17:13.195
SNR_VALID red2 hydrophone 1 snr=0 2026-08-12T18:19:37.901
SNR_VALID red2 hydrophone 1 snr=2 2026-08-12T18:20:53.381
SNR_VALID red2 hydrophone 1 snr=4 2026-08-12T18:22:06.568
SNR_VALID red2 hydrophone 1 snr=6 2026-08-12T18:23:16.119
SNR_VALID red2 hydrophone 1 snr=8 2026-08-12T18:24:30.273
SNR_VALID red2 hydrophone 1 snr=10 2026-08-12T18:25:49.012
SNR_VALID red2 hydrophone 1 snr=12 2026-08-12T18:27:03.133
SNR_VALID red2 hydrophone 1 snr=14 2026-08-12T18:28:14.363
SNR_VALID red2 hydrophone 1 snr=16 2026-08-12T18:29:22.673
SNR_VALID red2 hydrophone 1 snr=18 2026-08-12T18:30:31.979
SNR_VALID red2 hydrophone 1 snr=20 2026-08-12T18:31:39.450
SNR_VALID red2 hydrophone 1 snr=22 2026-08-12T18:32:48.066
SNR_VALID red2 hydrophone 1 snr=24 2026-08-12T18:33:58.034
SNR_VALID red2 hydrophone 1 snr=26 2026-08-12T18:35:08.332
SNR_VALID red2 hydrophone 1 snr=28 2026-08-12T18:36:16.883
SNR_VALID red2 hydrophone 1 snr=30 2026-08-12T18:37:23.929
PATH_VALID red2 hydrophone 1 2026-08-12T18:37:27.694
PATH_START red3 hydrophone 2 2026-08-12T18:37:28.329
SNR_VALID red3 hydrophone 2 snr=0 2026-08-12T18:38:40.906
SNR_VALID red3 hydrophone 2 snr=2 2026-08-12T18:39:50.495
SNR_VALID red3 hydrophone 2 snr=4 2026-08-12T18:41:01.474
SNR_VALID red3 hydrophone 2 snr=6 2026-08-12T18:42:13.307
SNR_VALID red3 hydrophone 2 snr=8 2026-08-12T18:43:22.853
SNR_VALID red3 hydrophone 2 snr=10 2026-08-12T18:44:33.878
SNR_VALID red3 hydrophone 2 snr=12 2026-08-12T18:45:45.087
SNR_VALID red3 hydrophone 2 snr=14 2026-08-12T18:46:59.306
SNR_VALID red3 hydrophone 2 snr=16 2026-08-12T18:48:10.069
SNR_VALID red3 hydrophone 2 snr=18 2026-08-12T18:49:18.574
SNR_VALID red3 hydrophone 2 snr=20 2026-08-12T18:50:27.210
SNR_VALID red3 hydrophone 2 snr=22 2026-08-12T18:51:36.169
SNR_VALID red3 hydrophone 2 snr=24 2026-08-12T18:52:42.686
SNR_VALID red3 hydrophone 2 snr=26 2026-08-12T18:53:52.185
SNR_VALID red3 hydrophone 2 snr=28 2026-08-12T18:55:02.609
SNR_VALID red3 hydrophone 2 snr=30 2026-08-12T18:56:09.617
PATH_VALID red3 hydrophone 2 2026-08-12T18:56:11.223
PATH_START red4 hydrophone 3 2026-08-12T18:56:12.021
SNR_VALID red4 hydrophone 3 snr=0 2026-08-12T18:57:23.198
SNR_VALID red4 hydrophone 3 snr=2 2026-08-12T18:58:30.907
SNR_VALID red4 hydrophone 3 snr=4 2026-08-12T18:59:43.662
SNR_VALID red4 hydrophone 3 snr=6 2026-08-12T19:00:54.863
SNR_VALID red4 hydrophone 3 snr=8 2026-08-12T19:02:04.671
SNR_VALID red4 hydrophone 3 snr=10 2026-08-12T19:03:13.985
SNR_VALID red4 hydrophone 3 snr=12 2026-08-12T19:04:24.116
SNR_VALID red4 hydrophone 3 snr=14 2026-08-12T19:05:36.929
SNR_VALID red4 hydrophone 3 snr=16 2026-08-12T19:06:47.296
SNR_VALID red4 hydrophone 3 snr=18 2026-08-12T19:07:57.364
SNR_VALID red4 hydrophone 3 snr=20 2026-08-12T19:09:06.826
SNR_VALID red4 hydrophone 3 snr=22 2026-08-12T19:10:22.747
SNR_VALID red4 hydrophone 3 snr=24 2026-08-12T19:11:32.382
SNR_VALID red4 hydrophone 3 snr=26 2026-08-12T19:12:39.617
SNR_VALID red4 hydrophone 3 snr=28 2026-08-12T19:13:49.203
SNR_VALID red4 hydrophone 3 snr=30 2026-08-12T19:14:54.172
PATH_VALID red4 hydrophone 3 2026-08-12T19:14:55.688
N512_CRC_NO_HARM_COMPUTE_COMPLETE paths=3 2026-08-12T19:14:56.309
