N512_CRC_NO_HARM_START paths=3 2026-08-12T18:17:13.967
PATH_START red1 hydrophone 2 2026-08-12T18:17:13.981
SNR_VALID red1 hydrophone 2 snr=0 2026-08-12T18:19:37.207
SNR_VALID red1 hydrophone 2 snr=2 2026-08-12T18:20:52.679
SNR_VALID red1 hydrophone 2 snr=4 2026-08-12T18:22:05.177
SNR_VALID red1 hydrophone 2 snr=6 2026-08-12T18:23:15.041
SNR_VALID red1 hydrophone 2 snr=8 2026-08-12T18:24:28.315
SNR_VALID red1 hydrophone 2 snr=10 2026-08-12T18:25:47.038
SNR_VALID red1 hydrophone 2 snr=12 2026-08-12T18:27:02.304
SNR_VALID red1 hydrophone 2 snr=14 2026-08-12T18:28:14.748
SNR_VALID red1 hydrophone 2 snr=16 2026-08-12T18:29:23.240
SNR_VALID red1 hydrophone 2 snr=18 2026-08-12T18:30:32.780
SNR_VALID red1 hydrophone 2 snr=20 2026-08-12T18:31:40.520
SNR_VALID red1 hydrophone 2 snr=22 2026-08-12T18:32:48.880
SNR_VALID red1 hydrophone 2 snr=24 2026-08-12T18:33:57.864
SNR_VALID red1 hydrophone 2 snr=26 2026-08-12T18:35:07.467
SNR_VALID red1 hydrophone 2 snr=28 2026-08-12T18:36:15.943
SNR_VALID red1 hydrophone 2 snr=30 2026-08-12T18:37:23.416
PATH_VALID red1 hydrophone 2 2026-08-12T18:37:27.284
PATH_START red2 hydrophone 3 2026-08-12T18:37:27.969
SNR_VALID red2 hydrophone 3 snr=0 2026-08-12T18:38:40.422
SNR_VALID red2 hydrophone 3 snr=2 2026-08-12T18:39:50.805
SNR_VALID red2 hydrophone 3 snr=4 2026-08-12T18:41:00.690
SNR_VALID red2 hydrophone 3 snr=6 2026-08-12T18:42:10.633
SNR_VALID red2 hydrophone 3 snr=8 2026-08-12T18:43:20.333
SNR_VALID red2 hydrophone 3 snr=10 2026-08-12T18:44:30.011
SNR_VALID red2 hydrophone 3 snr=12 2026-08-12T18:45:40.567
SNR_VALID red2 hydrophone 3 snr=14 2026-08-12T18:46:54.331
SNR_VALID red2 hydrophone 3 snr=16 2026-08-12T18:48:04.332
SNR_VALID red2 hydrophone 3 snr=18 2026-08-12T18:49:11.193
SNR_VALID red2 hydrophone 3 snr=20 2026-08-12T18:50:19.490
SNR_VALID red2 hydrophone 3 snr=22 2026-08-12T18:51:28.548
SNR_VALID red2 hydrophone 3 snr=24 2026-08-12T18:52:37.663
SNR_VALID red2 hydrophone 3 snr=26 2026-08-12T18:53:44.739
SNR_VALID red2 hydrophone 3 snr=28 2026-08-12T18:54:54.597
SNR_VALID red2 hydrophone 3 snr=30 2026-08-12T18:56:03.370
PATH_VALID red2 hydrophone 3 2026-08-12T18:56:05.313
PATH_START red4 hydrophone 1 2026-08-12T18:56:05.880
SNR_VALID red4 hydrophone 1 snr=0 2026-08-12T18:57:17.507
SNR_VALID red4 hydrophone 1 snr=2 2026-08-12T18:58:23.833
SNR_VALID red4 hydrophone 1 snr=4 2026-08-12T18:59:34.090
SNR_VALID red4 hydrophone 1 snr=6 2026-08-12T19:00:45.213
SNR_VALID red4 hydrophone 1 snr=8 2026-08-12T19:01:52.328
SNR_VALID red4 hydrophone 1 snr=10 2026-08-12T19:03:02.130
SNR_VALID red4 hydrophone 1 snr=12 2026-08-12T19:04:10.204
SNR_VALID red4 hydrophone 1 snr=14 2026-08-12T19:05:20.034
SNR_VALID red4 hydrophone 1 snr=16 2026-08-12T19:06:26.885
SNR_VALID red4 hydrophone 1 snr=18 2026-08-12T19:07:34.124
SNR_VALID red4 hydrophone 1 snr=20 2026-08-12T19:08:39.343
SNR_VALID red4 hydrophone 1 snr=22 2026-08-12T19:09:47.485
SNR_VALID red4 hydrophone 1 snr=24 2026-08-12T19:10:53.518
SNR_VALID red4 hydrophone 1 snr=26 2026-08-12T19:11:57.659
SNR_VALID red4 hydrophone 1 snr=28 2026-08-12T19:13:02.434
SNR_VALID red4 hydrophone 1 snr=30 2026-08-12T19:14:09.722
PATH_VALID red4 hydrophone 1 2026-08-12T19:14:11.394
N512_CRC_NO_HARM_COMPUTE_COMPLETE paths=3 2026-08-12T19:14:11.951
