N512_CRC_NO_HARM_START paths=3 2026-08-12T18:17:11.916
PATH_START red1 hydrophone 1 2026-08-12T18:17:11.928
SNR_VALID red1 hydrophone 1 snr=0 2026-08-12T18:19:34.484
SNR_VALID red1 hydrophone 1 snr=2 2026-08-12T18:20:49.656
SNR_VALID red1 hydrophone 1 snr=4 2026-08-12T18:22:01.862
SNR_VALID red1 hydrophone 1 snr=6 2026-08-12T18:23:11.985
SNR_VALID red1 hydrophone 1 snr=8 2026-08-12T18:24:25.575
SNR_VALID red1 hydrophone 1 snr=10 2026-08-12T18:25:44.241
SNR_VALID red1 hydrophone 1 snr=12 2026-08-12T18:26:59.375
SNR_VALID red1 hydrophone 1 snr=14 2026-08-12T18:28:11.032
SNR_VALID red1 hydrophone 1 snr=16 2026-08-12T18:29:19.122
SNR_VALID red1 hydrophone 1 snr=18 2026-08-12T18:30:28.552
SNR_VALID red1 hydrophone 1 snr=20 2026-08-12T18:31:37.060
SNR_VALID red1 hydrophone 1 snr=22 2026-08-12T18:32:45.588
SNR_VALID red1 hydrophone 1 snr=24 2026-08-12T18:33:56.324
SNR_VALID red1 hydrophone 1 snr=26 2026-08-12T18:35:06.130
SNR_VALID red1 hydrophone 1 snr=28 2026-08-12T18:36:14.280
SNR_VALID red1 hydrophone 1 snr=30 2026-08-12T18:37:21.185
PATH_VALID red1 hydrophone 1 2026-08-12T18:37:25.047
PATH_START red2 hydrophone 2 2026-08-12T18:37:25.752
SNR_VALID red2 hydrophone 2 snr=0 2026-08-12T18:38:37.493
SNR_VALID red2 hydrophone 2 snr=2 2026-08-12T18:39:47.926
SNR_VALID red2 hydrophone 2 snr=4 2026-08-12T18:40:58.136
SNR_VALID red2 hydrophone 2 snr=6 2026-08-12T18:42:08.484
SNR_VALID red2 hydrophone 2 snr=8 2026-08-12T18:43:18.538
SNR_VALID red2 hydrophone 2 snr=10 2026-08-12T18:44:28.789
SNR_VALID red2 hydrophone 2 snr=12 2026-08-12T18:45:39.560
SNR_VALID red2 hydrophone 2 snr=14 2026-08-12T18:46:53.198
SNR_VALID red2 hydrophone 2 snr=16 2026-08-12T18:48:04.511
SNR_VALID red2 hydrophone 2 snr=18 2026-08-12T18:49:12.114
SNR_VALID red2 hydrophone 2 snr=20 2026-08-12T18:50:19.087
SNR_VALID red2 hydrophone 2 snr=22 2026-08-12T18:51:28.522
SNR_VALID red2 hydrophone 2 snr=24 2026-08-12T18:52:36.866
SNR_VALID red2 hydrophone 2 snr=26 2026-08-12T18:53:45.201
SNR_VALID red2 hydrophone 2 snr=28 2026-08-12T18:54:56.102
SNR_VALID red2 hydrophone 2 snr=30 2026-08-12T18:56:05.162
PATH_VALID red2 hydrophone 2 2026-08-12T18:56:06.985
PATH_START red3 hydrophone 3 2026-08-12T18:56:07.584
SNR_VALID red3 hydrophone 3 snr=0 2026-08-12T18:57:18.901
SNR_VALID red3 hydrophone 3 snr=2 2026-08-12T18:58:25.038
SNR_VALID red3 hydrophone 3 snr=4 2026-08-12T18:59:35.957
SNR_VALID red3 hydrophone 3 snr=6 2026-08-12T19:00:47.949
SNR_VALID red3 hydrophone 3 snr=8 2026-08-12T19:01:56.340
SNR_VALID red3 hydrophone 3 snr=10 2026-08-12T19:03:05.293
SNR_VALID red3 hydrophone 3 snr=12 2026-08-12T19:04:14.563
SNR_VALID red3 hydrophone 3 snr=14 2026-08-12T19:05:25.839
SNR_VALID red3 hydrophone 3 snr=16 2026-08-12T19:06:37.377
SNR_VALID red3 hydrophone 3 snr=18 2026-08-12T19:07:47.873
SNR_VALID red3 hydrophone 3 snr=20 2026-08-12T19:08:57.935
SNR_VALID red3 hydrophone 3 snr=22 2026-08-12T19:10:13.576
SNR_VALID red3 hydrophone 3 snr=24 2026-08-12T19:11:24.533
SNR_VALID red3 hydrophone 3 snr=26 2026-08-12T19:12:33.477
SNR_VALID red3 hydrophone 3 snr=28 2026-08-12T19:13:43.633
SNR_VALID red3 hydrophone 3 snr=30 2026-08-12T19:14:49.969
PATH_VALID red3 hydrophone 3 2026-08-12T19:14:51.641
N512_CRC_NO_HARM_COMPUTE_COMPLETE paths=3 2026-08-12T19:14:52.356
