N512_CRC_NO_HARM_START paths=3 2026-08-12T18:17:13.113
PATH_START red1 hydrophone 3 2026-08-12T18:17:13.129
SNR_VALID red1 hydrophone 3 snr=0 2026-08-12T18:19:35.581
SNR_VALID red1 hydrophone 3 snr=2 2026-08-12T18:20:50.672
SNR_VALID red1 hydrophone 3 snr=4 2026-08-12T18:22:02.653
SNR_VALID red1 hydrophone 3 snr=6 2026-08-12T18:23:12.682
SNR_VALID red1 hydrophone 3 snr=8 2026-08-12T18:24:25.493
SNR_VALID red1 hydrophone 3 snr=10 2026-08-12T18:25:44.836
SNR_VALID red1 hydrophone 3 snr=12 2026-08-12T18:27:00.307
SNR_VALID red1 hydrophone 3 snr=14 2026-08-12T18:28:12.887
SNR_VALID red1 hydrophone 3 snr=16 2026-08-12T18:29:21.186
SNR_VALID red1 hydrophone 3 snr=18 2026-08-12T18:30:32.186
SNR_VALID red1 hydrophone 3 snr=20 2026-08-12T18:31:38.756
SNR_VALID red1 hydrophone 3 snr=22 2026-08-12T18:32:47.869
SNR_VALID red1 hydrophone 3 snr=24 2026-08-12T18:33:57.672
SNR_VALID red1 hydrophone 3 snr=26 2026-08-12T18:35:08.016
SNR_VALID red1 hydrophone 3 snr=28 2026-08-12T18:36:17.562
SNR_VALID red1 hydrophone 3 snr=30 2026-08-12T18:37:24.366
PATH_VALID red1 hydrophone 3 2026-08-12T18:37:28.359
PATH_START red3 hydrophone 1 2026-08-12T18:37:29.196
SNR_VALID red3 hydrophone 1 snr=0 2026-08-12T18:38:40.854
SNR_VALID red3 hydrophone 1 snr=2 2026-08-12T18:39:52.855
SNR_VALID red3 hydrophone 1 snr=4 2026-08-12T18:41:02.380
SNR_VALID red3 hydrophone 1 snr=6 2026-08-12T18:42:13.375
SNR_VALID red3 hydrophone 1 snr=8 2026-08-12T18:43:23.257
SNR_VALID red3 hydrophone 1 snr=10 2026-08-12T18:44:33.513
SNR_VALID red3 hydrophone 1 snr=12 2026-08-12T18:45:44.176
SNR_VALID red3 hydrophone 1 snr=14 2026-08-12T18:46:58.698
SNR_VALID red3 hydrophone 1 snr=16 2026-08-12T18:48:08.484
SNR_VALID red3 hydrophone 1 snr=18 2026-08-12T18:49:16.537
SNR_VALID red3 hydrophone 1 snr=20 2026-08-12T18:50:24.853
SNR_VALID red3 hydrophone 1 snr=22 2026-08-12T18:51:34.924
SNR_VALID red3 hydrophone 1 snr=24 2026-08-12T18:52:43.433
SNR_VALID red3 hydrophone 1 snr=26 2026-08-12T18:53:52.358
SNR_VALID red3 hydrophone 1 snr=28 2026-08-12T18:55:03.217
SNR_VALID red3 hydrophone 1 snr=30 2026-08-12T18:56:10.691
PATH_VALID red3 hydrophone 1 2026-08-12T18:56:12.671
PATH_START red4 hydrophone 2 2026-08-12T18:56:13.330
SNR_VALID red4 hydrophone 2 snr=0 2026-08-12T18:57:23.939
SNR_VALID red4 hydrophone 2 snr=2 2026-08-12T18:58:30.762
SNR_VALID red4 hydrophone 2 snr=4 2026-08-12T18:59:42.100
SNR_VALID red4 hydrophone 2 snr=6 2026-08-12T19:00:52.957
SNR_VALID red4 hydrophone 2 snr=8 2026-08-12T19:02:02.719
SNR_VALID red4 hydrophone 2 snr=10 2026-08-12T19:03:10.565
SNR_VALID red4 hydrophone 2 snr=12 2026-08-12T19:04:20.996
SNR_VALID red4 hydrophone 2 snr=14 2026-08-12T19:05:32.176
SNR_VALID red4 hydrophone 2 snr=16 2026-08-12T19:06:42.991
SNR_VALID red4 hydrophone 2 snr=18 2026-08-12T19:07:53.686
SNR_VALID red4 hydrophone 2 snr=20 2026-08-12T19:09:04.137
SNR_VALID red4 hydrophone 2 snr=22 2026-08-12T19:10:21.221
SNR_VALID red4 hydrophone 2 snr=24 2026-08-12T19:11:30.554
SNR_VALID red4 hydrophone 2 snr=26 2026-08-12T19:12:38.248
SNR_VALID red4 hydrophone 2 snr=28 2026-08-12T19:13:49.073
SNR_VALID red4 hydrophone 2 snr=30 2026-08-12T19:14:53.941
PATH_VALID red4 hydrophone 2 2026-08-12T19:14:55.201
N512_CRC_NO_HARM_COMPUTE_COMPLETE paths=3 2026-08-12T19:14:55.965
