N512_CRC_NO_HARM_START paths=3 2026-08-21T22:01:21.966
PATH_START blue2 hydrophone 1 2026-08-21T22:01:21.984
SNR_VALID blue2 hydrophone 1 snr=0 2026-08-21T22:02:37.981
SNR_VALID blue2 hydrophone 1 snr=2 2026-08-21T22:03:07
SNR_VALID blue2 hydrophone 1 snr=4 2026-08-21T22:03:37.583
SNR_VALID blue2 hydrophone 1 snr=6 2026-08-21T22:04:08.851
SNR_VALID blue2 hydrophone 1 snr=8 2026-08-21T22:04:37.539
SNR_VALID blue2 hydrophone 1 snr=10 2026-08-21T22:05:03.330
SNR_VALID blue2 hydrophone 1 snr=12 2026-08-21T22:05:26.853
SNR_VALID blue2 hydrophone 1 snr=14 2026-08-21T22:05:47.929
SNR_VALID blue2 hydrophone 1 snr=16 2026-08-21T22:06:07.507
SNR_VALID blue2 hydrophone 1 snr=18 2026-08-21T22:06:27.548
SNR_VALID blue2 hydrophone 1 snr=20 2026-08-21T22:06:47.405
SNR_VALID blue2 hydrophone 1 snr=22 2026-08-21T22:07:07.997
SNR_VALID blue2 hydrophone 1 snr=24 2026-08-21T22:07:29.516
SNR_VALID blue2 hydrophone 1 snr=26 2026-08-21T22:07:49.898
SNR_VALID blue2 hydrophone 1 snr=28 2026-08-21T22:08:15.289
SNR_VALID blue2 hydrophone 1 snr=30 2026-08-21T22:08:42.206
PATH_VALID blue2 hydrophone 1 2026-08-21T22:08:44.540
PATH_START blue3 hydrophone 2 2026-08-21T22:08:45.050
SNR_VALID blue3 hydrophone 2 snr=0 2026-08-21T22:09:07.771
SNR_VALID blue3 hydrophone 2 snr=2 2026-08-21T22:09:30.990
SNR_VALID blue3 hydrophone 2 snr=4 2026-08-21T22:09:50.887
SNR_VALID blue3 hydrophone 2 snr=6 2026-08-21T22:10:10.851
SNR_VALID blue3 hydrophone 2 snr=8 2026-08-21T22:10:29.705
SNR_VALID blue3 hydrophone 2 snr=10 2026-08-21T22:10:49.132
SNR_VALID blue3 hydrophone 2 snr=12 2026-08-21T22:11:08.226
SNR_VALID blue3 hydrophone 2 snr=14 2026-08-21T22:11:27.330
SNR_VALID blue3 hydrophone 2 snr=16 2026-08-21T22:11:48.233
SNR_VALID blue3 hydrophone 2 snr=18 2026-08-21T22:12:08.165
SNR_VALID blue3 hydrophone 2 snr=20 2026-08-21T22:12:27.302
SNR_VALID blue3 hydrophone 2 snr=22 2026-08-21T22:12:46.829
SNR_VALID blue3 hydrophone 2 snr=24 2026-08-21T22:13:05.668
SNR_VALID blue3 hydrophone 2 snr=26 2026-08-21T22:13:25.098
SNR_VALID blue3 hydrophone 2 snr=28 2026-08-21T22:13:44.443
SNR_VALID blue3 hydrophone 2 snr=30 2026-08-21T22:14:03.448
PATH_VALID blue3 hydrophone 2 2026-08-21T22:14:04.262
PATH_START blue4 hydrophone 3 2026-08-21T22:14:04.807
SNR_VALID blue4 hydrophone 3 snr=0 2026-08-21T22:14:31.375
SNR_VALID blue4 hydrophone 3 snr=2 2026-08-21T22:14:55.586
SNR_VALID blue4 hydrophone 3 snr=4 2026-08-21T22:15:19.050
SNR_VALID blue4 hydrophone 3 snr=6 2026-08-21T22:15:41.439
SNR_VALID blue4 hydrophone 3 snr=8 2026-08-21T22:16:04.226
SNR_VALID blue4 hydrophone 3 snr=10 2026-08-21T22:16:25.297
SNR_VALID blue4 hydrophone 3 snr=12 2026-08-21T22:16:46.306
SNR_VALID blue4 hydrophone 3 snr=14 2026-08-21T22:17:06.682
SNR_VALID blue4 hydrophone 3 snr=16 2026-08-21T22:17:25.778
SNR_VALID blue4 hydrophone 3 snr=18 2026-08-21T22:17:44.361
SNR_VALID blue4 hydrophone 3 snr=20 2026-08-21T22:18:03.223
SNR_VALID blue4 hydrophone 3 snr=22 2026-08-21T22:18:21.509
SNR_VALID blue4 hydrophone 3 snr=24 2026-08-21T22:18:44.286
SNR_VALID blue4 hydrophone 3 snr=26 2026-08-21T22:19:02.090
SNR_VALID blue4 hydrophone 3 snr=28 2026-08-21T22:19:19.870
SNR_VALID blue4 hydrophone 3 snr=30 2026-08-21T22:19:37.968
PATH_VALID blue4 hydrophone 3 2026-08-21T22:19:38.770
N512_CRC_NO_HARM_COMPUTE_COMPLETE paths=3 2026-08-21T22:19:39.339
