N512_CRC_NO_HARM_START paths=3 2026-08-15T00:33:07.178
PATH_START blue1 hydrophone 2 2026-08-15T00:33:07.197
SNR_VALID blue1 hydrophone 2 snr=0 2026-08-15T00:34:48.962
SNR_VALID blue1 hydrophone 2 snr=2 2026-08-15T00:35:22.944
SNR_VALID blue1 hydrophone 2 snr=4 2026-08-15T00:35:54.920
SNR_VALID blue1 hydrophone 2 snr=6 2026-08-15T00:36:28.541
SNR_VALID blue1 hydrophone 2 snr=8 2026-08-15T00:37:01.624
SNR_VALID blue1 hydrophone 2 snr=10 2026-08-15T00:37:34.015
SNR_VALID blue1 hydrophone 2 snr=12 2026-08-15T00:38:06.663
SNR_VALID blue1 hydrophone 2 snr=14 2026-08-15T00:38:39.171
SNR_VALID blue1 hydrophone 2 snr=16 2026-08-15T00:39:11.489
SNR_VALID blue1 hydrophone 2 snr=18 2026-08-15T00:39:44.731
SNR_VALID blue1 hydrophone 2 snr=20 2026-08-15T00:40:17.875
SNR_VALID blue1 hydrophone 2 snr=22 2026-08-15T00:40:49.749
SNR_VALID blue1 hydrophone 2 snr=24 2026-08-15T00:41:21.906
SNR_VALID blue1 hydrophone 2 snr=26 2026-08-15T00:41:54.653
SNR_VALID blue1 hydrophone 2 snr=28 2026-08-15T00:42:25.491
SNR_VALID blue1 hydrophone 2 snr=30 2026-08-15T00:42:57.248
PATH_VALID blue1 hydrophone 2 2026-08-15T00:43:01.905
PATH_START blue2 hydrophone 3 2026-08-15T00:43:02.566
SNR_VALID blue2 hydrophone 3 snr=0 2026-08-15T00:43:37.311
SNR_VALID blue2 hydrophone 3 snr=2 2026-08-15T00:44:10.313
SNR_VALID blue2 hydrophone 3 snr=4 2026-08-15T00:44:42.576
SNR_VALID blue2 hydrophone 3 snr=6 2026-08-15T00:45:16.440
SNR_VALID blue2 hydrophone 3 snr=8 2026-08-15T00:45:48.013
SNR_VALID blue2 hydrophone 3 snr=10 2026-08-15T00:46:20.229
SNR_VALID blue2 hydrophone 3 snr=12 2026-08-15T00:46:53.201
SNR_VALID blue2 hydrophone 3 snr=14 2026-08-15T00:47:26.205
SNR_VALID blue2 hydrophone 3 snr=16 2026-08-15T00:47:58.988
SNR_VALID blue2 hydrophone 3 snr=18 2026-08-15T00:48:33.502
SNR_VALID blue2 hydrophone 3 snr=20 2026-08-15T00:49:07.654
SNR_VALID blue2 hydrophone 3 snr=22 2026-08-15T00:49:39.125
SNR_VALID blue2 hydrophone 3 snr=24 2026-08-15T00:50:11.687
SNR_VALID blue2 hydrophone 3 snr=26 2026-08-15T00:50:44.311
SNR_VALID blue2 hydrophone 3 snr=28 2026-08-15T00:51:18.463
SNR_VALID blue2 hydrophone 3 snr=30 2026-08-15T00:51:52.502
PATH_VALID blue2 hydrophone 3 2026-08-15T00:51:53.899
PATH_START blue4 hydrophone 1 2026-08-15T00:51:54.650
SNR_VALID blue4 hydrophone 1 snr=0 2026-08-15T00:52:29.133
SNR_VALID blue4 hydrophone 1 snr=2 2026-08-15T00:53:02.850
SNR_VALID blue4 hydrophone 1 snr=4 2026-08-15T00:53:35.493
SNR_VALID blue4 hydrophone 1 snr=6 2026-08-15T00:54:08.724
SNR_VALID blue4 hydrophone 1 snr=8 2026-08-15T00:54:40.960
SNR_VALID blue4 hydrophone 1 snr=10 2026-08-15T00:55:16.052
SNR_VALID blue4 hydrophone 1 snr=12 2026-08-15T00:55:51.093
SNR_VALID blue4 hydrophone 1 snr=14 2026-08-15T00:56:23.852
SNR_VALID blue4 hydrophone 1 snr=16 2026-08-15T00:56:56.268
SNR_VALID blue4 hydrophone 1 snr=18 2026-08-15T00:57:30.760
SNR_VALID blue4 hydrophone 1 snr=20 2026-08-15T00:58:05.152
SNR_VALID blue4 hydrophone 1 snr=22 2026-08-15T00:58:37.009
SNR_VALID blue4 hydrophone 1 snr=24 2026-08-15T00:59:10.430
SNR_VALID blue4 hydrophone 1 snr=26 2026-08-15T00:59:43.251
SNR_VALID blue4 hydrophone 1 snr=28 2026-08-15T01:00:15.509
SNR_VALID blue4 hydrophone 1 snr=30 2026-08-15T01:00:47.889
PATH_VALID blue4 hydrophone 1 2026-08-15T01:00:49.809
N512_CRC_NO_HARM_COMPUTE_COMPLETE paths=3 2026-08-15T01:00:50.354
