N512_CRC_NO_HARM_START paths=3 2026-08-14T12:51:10.092
PATH_START blue1 hydrophone 3 2026-08-14T12:51:10.101
SNR_VALID blue1 hydrophone 3 snr=0 2026-08-14T12:52:35.645
SNR_VALID blue1 hydrophone 3 snr=2 2026-08-14T12:52:59.816
SNR_VALID blue1 hydrophone 3 snr=4 2026-08-14T12:53:23.621
SNR_VALID blue1 hydrophone 3 snr=6 2026-08-14T12:53:48.780
SNR_VALID blue1 hydrophone 3 snr=8 2026-08-14T12:54:12.293
SNR_VALID blue1 hydrophone 3 snr=10 2026-08-14T12:54:36.172
SNR_VALID blue1 hydrophone 3 snr=12 2026-08-14T12:55:00.670
SNR_VALID blue1 hydrophone 3 snr=14 2026-08-14T12:55:24.922
SNR_VALID blue1 hydrophone 3 snr=16 2026-08-14T12:55:48.377
SNR_VALID blue1 hydrophone 3 snr=18 2026-08-14T12:56:12.560
SNR_VALID blue1 hydrophone 3 snr=20 2026-08-14T12:56:36.257
SNR_VALID blue1 hydrophone 3 snr=22 2026-08-14T12:57:01.213
SNR_VALID blue1 hydrophone 3 snr=24 2026-08-14T12:57:26.094
SNR_VALID blue1 hydrophone 3 snr=26 2026-08-14T12:57:50.539
SNR_VALID blue1 hydrophone 3 snr=28 2026-08-14T12:58:15.975
SNR_VALID blue1 hydrophone 3 snr=30 2026-08-14T12:58:46.989
PATH_VALID blue1 hydrophone 3 2026-08-14T12:58:51.298
PATH_START blue3 hydrophone 1 2026-08-14T12:58:52.038
SNR_VALID blue3 hydrophone 1 snr=0 2026-08-14T12:59:22.576
SNR_VALID blue3 hydrophone 1 snr=2 2026-08-14T12:59:50.308
SNR_VALID blue3 hydrophone 1 snr=4 2026-08-14T13:00:19.321
SNR_VALID blue3 hydrophone 1 snr=6 2026-08-14T13:00:48.237
SNR_VALID blue3 hydrophone 1 snr=8 2026-08-14T13:01:15.933
SNR_VALID blue3 hydrophone 1 snr=10 2026-08-14T13:01:45.180
SNR_VALID blue3 hydrophone 1 snr=12 2026-08-14T13:02:13.268
SNR_VALID blue3 hydrophone 1 snr=14 2026-08-14T13:02:41.097
SNR_VALID blue3 hydrophone 1 snr=16 2026-08-14T13:03:10.483
SNR_VALID blue3 hydrophone 1 snr=18 2026-08-14T13:03:42.290
SNR_VALID blue3 hydrophone 1 snr=20 2026-08-14T13:04:09.573
SNR_VALID blue3 hydrophone 1 snr=22 2026-08-14T13:04:33.875
SNR_VALID blue3 hydrophone 1 snr=24 2026-08-14T13:05:00.652
SNR_VALID blue3 hydrophone 1 snr=26 2026-08-14T13:05:26.902
SNR_VALID blue3 hydrophone 1 snr=28 2026-08-14T13:05:52.227
SNR_VALID blue3 hydrophone 1 snr=30 2026-08-14T13:06:16.576
PATH_VALID blue3 hydrophone 1 2026-08-14T13:06:17.878
PATH_START blue4 hydrophone 2 2026-08-14T13:06:18.559
SNR_VALID blue4 hydrophone 2 snr=0 2026-08-14T13:06:44.535
SNR_VALID blue4 hydrophone 2 snr=2 2026-08-14T13:07:09.338
SNR_VALID blue4 hydrophone 2 snr=4 2026-08-14T13:07:35.897
SNR_VALID blue4 hydrophone 2 snr=6 2026-08-14T13:08:01.065
SNR_VALID blue4 hydrophone 2 snr=8 2026-08-14T13:08:25.573
SNR_VALID blue4 hydrophone 2 snr=10 2026-08-14T13:08:51.564
SNR_VALID blue4 hydrophone 2 snr=12 2026-08-14T13:09:17.167
SNR_VALID blue4 hydrophone 2 snr=14 2026-08-14T13:09:42.348
SNR_VALID blue4 hydrophone 2 snr=16 2026-08-14T13:10:07.630
SNR_VALID blue4 hydrophone 2 snr=18 2026-08-14T13:10:33.161
SNR_VALID blue4 hydrophone 2 snr=20 2026-08-14T13:11:03.491
SNR_VALID blue4 hydrophone 2 snr=22 2026-08-14T13:11:30.825
SNR_VALID blue4 hydrophone 2 snr=24 2026-08-14T13:11:55.495
SNR_VALID blue4 hydrophone 2 snr=26 2026-08-14T13:12:20.166
SNR_VALID blue4 hydrophone 2 snr=28 2026-08-14T13:12:47.802
SNR_VALID blue4 hydrophone 2 snr=30 2026-08-14T13:13:16.379
PATH_VALID blue4 hydrophone 2 2026-08-14T13:13:18.874
N512_CRC_NO_HARM_COMPUTE_COMPLETE paths=3 2026-08-14T13:13:19.615
