N512_CRC_NO_HARM_START paths=3 2026-08-15T00:33:01.049
PATH_START blue2 hydrophone 1 2026-08-15T00:33:01.084
SNR_VALID blue2 hydrophone 1 snr=0 2026-08-15T00:34:42.661
SNR_VALID blue2 hydrophone 1 snr=2 2026-08-15T00:35:17.495
SNR_VALID blue2 hydrophone 1 snr=4 2026-08-15T00:35:49.742
SNR_VALID blue2 hydrophone 1 snr=6 2026-08-15T00:36:23.538
SNR_VALID blue2 hydrophone 1 snr=8 2026-08-15T00:36:57.078
SNR_VALID blue2 hydrophone 1 snr=10 2026-08-15T00:37:29.720
SNR_VALID blue2 hydrophone 1 snr=12 2026-08-15T00:38:01.930
SNR_VALID blue2 hydrophone 1 snr=14 2026-08-15T00:38:35.475
SNR_VALID blue2 hydrophone 1 snr=16 2026-08-15T00:39:06.563
SNR_VALID blue2 hydrophone 1 snr=18 2026-08-15T00:39:39.298
SNR_VALID blue2 hydrophone 1 snr=20 2026-08-15T00:40:13.388
SNR_VALID blue2 hydrophone 1 snr=22 2026-08-15T00:40:45.874
SNR_VALID blue2 hydrophone 1 snr=24 2026-08-15T00:41:19.371
SNR_VALID blue2 hydrophone 1 snr=26 2026-08-15T00:41:50.867
SNR_VALID blue2 hydrophone 1 snr=28 2026-08-15T00:42:23.990
SNR_VALID blue2 hydrophone 1 snr=30 2026-08-15T00:42:56.894
PATH_VALID blue2 hydrophone 1 2026-08-15T00:43:01.603
PATH_START blue3 hydrophone 2 2026-08-15T00:43:02.267
SNR_VALID blue3 hydrophone 2 snr=0 2026-08-15T00:43:37.216
SNR_VALID blue3 hydrophone 2 snr=2 2026-08-15T00:44:10.883
SNR_VALID blue3 hydrophone 2 snr=4 2026-08-15T00:44:43.256
SNR_VALID blue3 hydrophone 2 snr=6 2026-08-15T00:45:17.400
SNR_VALID blue3 hydrophone 2 snr=8 2026-08-15T00:45:50.020
SNR_VALID blue3 hydrophone 2 snr=10 2026-08-15T00:46:23.016
SNR_VALID blue3 hydrophone 2 snr=12 2026-08-15T00:46:54.907
SNR_VALID blue3 hydrophone 2 snr=14 2026-08-15T00:47:27.221
SNR_VALID blue3 hydrophone 2 snr=16 2026-08-15T00:48:00.936
SNR_VALID blue3 hydrophone 2 snr=18 2026-08-15T00:48:35.039
SNR_VALID blue3 hydrophone 2 snr=20 2026-08-15T00:49:08.587
SNR_VALID blue3 hydrophone 2 snr=22 2026-08-15T00:49:41.618
SNR_VALID blue3 hydrophone 2 snr=24 2026-08-15T00:50:15.322
SNR_VALID blue3 hydrophone 2 snr=26 2026-08-15T00:50:47.421
SNR_VALID blue3 hydrophone 2 snr=28 2026-08-15T00:51:22.097
SNR_VALID blue3 hydrophone 2 snr=30 2026-08-15T00:51:55.140
PATH_VALID blue3 hydrophone 2 2026-08-15T00:51:57.571
PATH_START blue4 hydrophone 3 2026-08-15T00:51:58.319
SNR_VALID blue4 hydrophone 3 snr=0 2026-08-15T00:52:32.802
SNR_VALID blue4 hydrophone 3 snr=2 2026-08-15T00:53:05.050
SNR_VALID blue4 hydrophone 3 snr=4 2026-08-15T00:53:38.458
SNR_VALID blue4 hydrophone 3 snr=6 2026-08-15T00:54:12.556
SNR_VALID blue4 hydrophone 3 snr=8 2026-08-15T00:54:44.910
SNR_VALID blue4 hydrophone 3 snr=10 2026-08-15T00:55:19.918
SNR_VALID blue4 hydrophone 3 snr=12 2026-08-15T00:55:53.887
SNR_VALID blue4 hydrophone 3 snr=14 2026-08-15T00:56:26.460
SNR_VALID blue4 hydrophone 3 snr=16 2026-08-15T00:56:59.786
SNR_VALID blue4 hydrophone 3 snr=18 2026-08-15T00:57:33.026
SNR_VALID blue4 hydrophone 3 snr=20 2026-08-15T00:58:06.819
SNR_VALID blue4 hydrophone 3 snr=22 2026-08-15T00:58:40.443
SNR_VALID blue4 hydrophone 3 snr=24 2026-08-15T00:59:12.145
SNR_VALID blue4 hydrophone 3 snr=26 2026-08-15T00:59:45.428
SNR_VALID blue4 hydrophone 3 snr=28 2026-08-15T01:00:17.943
SNR_VALID blue4 hydrophone 3 snr=30 2026-08-15T01:00:49.947
PATH_VALID blue4 hydrophone 3 2026-08-15T01:00:51.424
N512_CRC_NO_HARM_COMPUTE_COMPLETE paths=3 2026-08-15T01:00:51.830
