N512_CRC_NO_HARM_START paths=3 2026-08-10T17:55:54.487
PATH_START red1 hydrophone 1 2026-08-10T17:55:54.499
SNR_VALID red1 hydrophone 1 snr=0 2026-08-10T17:58:02.290
SNR_VALID red1 hydrophone 1 snr=2 2026-08-10T17:58:58.721
SNR_VALID red1 hydrophone 1 snr=4 2026-08-10T17:59:51.006
SNR_VALID red1 hydrophone 1 snr=6 2026-08-10T18:00:43.706
SNR_VALID red1 hydrophone 1 snr=8 2026-08-10T18:01:38.082
SNR_VALID red1 hydrophone 1 snr=10 2026-08-10T18:02:32.650
SNR_VALID red1 hydrophone 1 snr=12 2026-08-10T18:03:23.454
SNR_VALID red1 hydrophone 1 snr=14 2026-08-10T18:04:13.796
SNR_VALID red1 hydrophone 1 snr=16 2026-08-10T18:05:01.857
SNR_VALID red1 hydrophone 1 snr=18 2026-08-10T18:05:44.605
SNR_VALID red1 hydrophone 1 snr=20 2026-08-10T18:06:28.366
SNR_VALID red1 hydrophone 1 snr=22 2026-08-10T18:07:09.958
SNR_VALID red1 hydrophone 1 snr=24 2026-08-10T18:07:51.079
SNR_VALID red1 hydrophone 1 snr=26 2026-08-10T18:08:28.894
SNR_VALID red1 hydrophone 1 snr=28 2026-08-10T18:09:08.590
SNR_VALID red1 hydrophone 1 snr=30 2026-08-10T18:09:45.841
PATH_VALID red1 hydrophone 1 2026-08-10T18:09:50.110
PATH_START red2 hydrophone 2 2026-08-10T18:09:50.893
SNR_VALID red2 hydrophone 2 snr=0 2026-08-10T18:10:47.578
SNR_VALID red2 hydrophone 2 snr=2 2026-08-10T18:11:42.363
SNR_VALID red2 hydrophone 2 snr=4 2026-08-10T18:12:39.524
SNR_VALID red2 hydrophone 2 snr=6 2026-08-10T18:13:38.434
SNR_VALID red2 hydrophone 2 snr=8 2026-08-10T18:14:33.847
SNR_VALID red2 hydrophone 2 snr=10 2026-08-10T18:15:23.100
SNR_VALID red2 hydrophone 2 snr=12 2026-08-10T18:16:10.256
SNR_VALID red2 hydrophone 2 snr=14 2026-08-10T18:16:42.202
SNR_VALID red2 hydrophone 2 snr=16 2026-08-10T18:17:14.540
SNR_VALID red2 hydrophone 2 snr=18 2026-08-10T18:17:44.356
SNR_VALID red2 hydrophone 2 snr=20 2026-08-10T18:18:14.339
SNR_VALID red2 hydrophone 2 snr=22 2026-08-10T18:18:38.322
SNR_VALID red2 hydrophone 2 snr=24 2026-08-10T18:19:02.678
SNR_VALID red2 hydrophone 2 snr=26 2026-08-10T18:19:29.338
SNR_VALID red2 hydrophone 2 snr=28 2026-08-10T18:19:57.107
SNR_VALID red2 hydrophone 2 snr=30 2026-08-10T18:20:21.885
PATH_VALID red2 hydrophone 2 2026-08-10T18:20:23.583
PATH_START red3 hydrophone 3 2026-08-10T18:20:24.317
SNR_VALID red3 hydrophone 3 snr=0 2026-08-10T18:21:23.106
SNR_VALID red3 hydrophone 3 snr=2 2026-08-10T18:22:20.696
SNR_VALID red3 hydrophone 3 snr=4 2026-08-10T18:23:21.877
SNR_VALID red3 hydrophone 3 snr=6 2026-08-10T18:24:18.424
SNR_VALID red3 hydrophone 3 snr=8 2026-08-10T18:25:11.828
SNR_VALID red3 hydrophone 3 snr=10 2026-08-10T18:25:46.923
SNR_VALID red3 hydrophone 3 snr=12 2026-08-10T18:26:13.635
SNR_VALID red3 hydrophone 3 snr=14 2026-08-10T18:26:36.198
SNR_VALID red3 hydrophone 3 snr=16 2026-08-10T18:26:55.167
SNR_VALID red3 hydrophone 3 snr=18 2026-08-10T18:27:13.810
SNR_VALID red3 hydrophone 3 snr=20 2026-08-10T18:27:32.034
SNR_VALID red3 hydrophone 3 snr=22 2026-08-10T18:27:50.883
SNR_VALID red3 hydrophone 3 snr=24 2026-08-10T18:28:09.563
SNR_VALID red3 hydrophone 3 snr=26 2026-08-10T18:28:24.449
SNR_VALID red3 hydrophone 3 snr=28 2026-08-10T18:28:39.194
SNR_VALID red3 hydrophone 3 snr=30 2026-08-10T18:28:52.888
PATH_VALID red3 hydrophone 3 2026-08-10T18:28:53.435
N512_CRC_NO_HARM_COMPUTE_COMPLETE paths=3 2026-08-10T18:28:53.780
