N512_CRC_NO_HARM_START paths=3 2026-08-10T17:55:54.497
PATH_START red1 hydrophone 3 2026-08-10T17:55:54.507
SNR_VALID red1 hydrophone 3 snr=0 2026-08-10T17:58:02.629
SNR_VALID red1 hydrophone 3 snr=2 2026-08-10T17:58:59.359
SNR_VALID red1 hydrophone 3 snr=4 2026-08-10T17:59:51.361
SNR_VALID red1 hydrophone 3 snr=6 2026-08-10T18:00:43.887
SNR_VALID red1 hydrophone 3 snr=8 2026-08-10T18:01:30.738
SNR_VALID red1 hydrophone 3 snr=10 2026-08-10T18:02:02.420
SNR_VALID red1 hydrophone 3 snr=12 2026-08-10T18:02:27.335
SNR_VALID red1 hydrophone 3 snr=14 2026-08-10T18:02:51.006
SNR_VALID red1 hydrophone 3 snr=16 2026-08-10T18:03:11.963
SNR_VALID red1 hydrophone 3 snr=18 2026-08-10T18:03:34.159
SNR_VALID red1 hydrophone 3 snr=20 2026-08-10T18:03:56.166
SNR_VALID red1 hydrophone 3 snr=22 2026-08-10T18:04:18.555
SNR_VALID red1 hydrophone 3 snr=24 2026-08-10T18:04:39.872
SNR_VALID red1 hydrophone 3 snr=26 2026-08-10T18:05:02.742
SNR_VALID red1 hydrophone 3 snr=28 2026-08-10T18:05:25.340
SNR_VALID red1 hydrophone 3 snr=30 2026-08-10T18:05:48.457
PATH_VALID red1 hydrophone 3 2026-08-10T18:05:52.909
PATH_START red3 hydrophone 1 2026-08-10T18:05:53.709
SNR_VALID red3 hydrophone 1 snr=0 2026-08-10T18:06:53.804
SNR_VALID red3 hydrophone 1 snr=2 2026-08-10T18:07:54.678
SNR_VALID red3 hydrophone 1 snr=4 2026-08-10T18:08:50.550
SNR_VALID red3 hydrophone 1 snr=6 2026-08-10T18:09:45.978
SNR_VALID red3 hydrophone 1 snr=8 2026-08-10T18:10:42.518
SNR_VALID red3 hydrophone 1 snr=10 2026-08-10T18:11:37.087
SNR_VALID red3 hydrophone 1 snr=12 2026-08-10T18:12:27.300
SNR_VALID red3 hydrophone 1 snr=14 2026-08-10T18:13:13.698
SNR_VALID red3 hydrophone 1 snr=16 2026-08-10T18:13:56.749
SNR_VALID red3 hydrophone 1 snr=18 2026-08-10T18:14:30.978
SNR_VALID red3 hydrophone 1 snr=20 2026-08-10T18:15:03.362
SNR_VALID red3 hydrophone 1 snr=22 2026-08-10T18:15:38.028
SNR_VALID red3 hydrophone 1 snr=24 2026-08-10T18:16:11.203
SNR_VALID red3 hydrophone 1 snr=26 2026-08-10T18:16:40.808
SNR_VALID red3 hydrophone 1 snr=28 2026-08-10T18:17:06.633
SNR_VALID red3 hydrophone 1 snr=30 2026-08-10T18:17:36.154
PATH_VALID red3 hydrophone 1 2026-08-10T18:17:37.377
PATH_START red4 hydrophone 2 2026-08-10T18:17:38.158
SNR_VALID red4 hydrophone 2 snr=0 2026-08-10T18:18:43.597
SNR_VALID red4 hydrophone 2 snr=2 2026-08-10T18:19:42.808
SNR_VALID red4 hydrophone 2 snr=4 2026-08-10T18:20:43.081
SNR_VALID red4 hydrophone 2 snr=6 2026-08-10T18:21:38.822
SNR_VALID red4 hydrophone 2 snr=8 2026-08-10T18:22:16.949
SNR_VALID red4 hydrophone 2 snr=10 2026-08-10T18:22:48.414
SNR_VALID red4 hydrophone 2 snr=12 2026-08-10T18:23:13.884
SNR_VALID red4 hydrophone 2 snr=14 2026-08-10T18:23:37.424
SNR_VALID red4 hydrophone 2 snr=16 2026-08-10T18:24:02.345
SNR_VALID red4 hydrophone 2 snr=18 2026-08-10T18:24:24.728
SNR_VALID red4 hydrophone 2 snr=20 2026-08-10T18:24:47.036
SNR_VALID red4 hydrophone 2 snr=22 2026-08-10T18:25:09.126
SNR_VALID red4 hydrophone 2 snr=24 2026-08-10T18:25:31.977
SNR_VALID red4 hydrophone 2 snr=26 2026-08-10T18:25:55.156
SNR_VALID red4 hydrophone 2 snr=28 2026-08-10T18:26:13.855
SNR_VALID red4 hydrophone 2 snr=30 2026-08-10T18:26:31.947
PATH_VALID red4 hydrophone 2 2026-08-10T18:26:33.094
N512_CRC_NO_HARM_COMPUTE_COMPLETE paths=3 2026-08-10T18:26:33.888
