N512_CRC_NO_HARM_START paths=3 2026-08-10T17:55:54.495
PATH_START red1 hydrophone 2 2026-08-10T17:55:54.505
SNR_VALID red1 hydrophone 2 snr=0 2026-08-10T17:58:02.720
SNR_VALID red1 hydrophone 2 snr=2 2026-08-10T17:58:58.248
SNR_VALID red1 hydrophone 2 snr=4 2026-08-10T17:59:50.781
SNR_VALID red1 hydrophone 2 snr=6 2026-08-10T18:00:44.353
SNR_VALID red1 hydrophone 2 snr=8 2026-08-10T18:01:38.904
SNR_VALID red1 hydrophone 2 snr=10 2026-08-10T18:02:29.937
SNR_VALID red1 hydrophone 2 snr=12 2026-08-10T18:03:12.670
SNR_VALID red1 hydrophone 2 snr=14 2026-08-10T18:03:47.157
SNR_VALID red1 hydrophone 2 snr=16 2026-08-10T18:04:20.572
SNR_VALID red1 hydrophone 2 snr=18 2026-08-10T18:04:50.974
SNR_VALID red1 hydrophone 2 snr=20 2026-08-10T18:05:18.142
SNR_VALID red1 hydrophone 2 snr=22 2026-08-10T18:05:45.486
SNR_VALID red1 hydrophone 2 snr=24 2026-08-10T18:06:12.923
SNR_VALID red1 hydrophone 2 snr=26 2026-08-10T18:06:39.761
SNR_VALID red1 hydrophone 2 snr=28 2026-08-10T18:07:05.682
SNR_VALID red1 hydrophone 2 snr=30 2026-08-10T18:07:31.968
PATH_VALID red1 hydrophone 2 2026-08-10T18:07:35.523
PATH_START red2 hydrophone 3 2026-08-10T18:07:36.302
SNR_VALID red2 hydrophone 3 snr=0 2026-08-10T18:08:35.832
SNR_VALID red2 hydrophone 3 snr=2 2026-08-10T18:09:31.219
SNR_VALID red2 hydrophone 3 snr=4 2026-08-10T18:10:27.452
SNR_VALID red2 hydrophone 3 snr=6 2026-08-10T18:11:23.015
SNR_VALID red2 hydrophone 3 snr=8 2026-08-10T18:12:13.800
SNR_VALID red2 hydrophone 3 snr=10 2026-08-10T18:12:55.863
SNR_VALID red2 hydrophone 3 snr=12 2026-08-10T18:13:24.049
SNR_VALID red2 hydrophone 3 snr=14 2026-08-10T18:13:50.890
SNR_VALID red2 hydrophone 3 snr=16 2026-08-10T18:14:14.486
SNR_VALID red2 hydrophone 3 snr=18 2026-08-10T18:14:36.473
SNR_VALID red2 hydrophone 3 snr=20 2026-08-10T18:14:58.829
SNR_VALID red2 hydrophone 3 snr=22 2026-08-10T18:15:21.867
SNR_VALID red2 hydrophone 3 snr=24 2026-08-10T18:15:46.319
SNR_VALID red2 hydrophone 3 snr=26 2026-08-10T18:16:10.623
SNR_VALID red2 hydrophone 3 snr=28 2026-08-10T18:16:32.619
SNR_VALID red2 hydrophone 3 snr=30 2026-08-10T18:16:55.709
PATH_VALID red2 hydrophone 3 2026-08-10T18:16:57.273
PATH_START red4 hydrophone 1 2026-08-10T18:16:58.130
SNR_VALID red4 hydrophone 1 snr=0 2026-08-10T18:18:02.012
SNR_VALID red4 hydrophone 1 snr=2 2026-08-10T18:19:03.868
SNR_VALID red4 hydrophone 1 snr=4 2026-08-10T18:20:04.619
SNR_VALID red4 hydrophone 1 snr=6 2026-08-10T18:21:01.292
SNR_VALID red4 hydrophone 1 snr=8 2026-08-10T18:21:39.200
SNR_VALID red4 hydrophone 1 snr=10 2026-08-10T18:22:05.541
SNR_VALID red4 hydrophone 1 snr=12 2026-08-10T18:22:31.774
SNR_VALID red4 hydrophone 1 snr=14 2026-08-10T18:22:54.801
SNR_VALID red4 hydrophone 1 snr=16 2026-08-10T18:23:16.471
SNR_VALID red4 hydrophone 1 snr=18 2026-08-10T18:23:38.357
SNR_VALID red4 hydrophone 1 snr=20 2026-08-10T18:23:59.615
SNR_VALID red4 hydrophone 1 snr=22 2026-08-10T18:24:22.362
SNR_VALID red4 hydrophone 1 snr=24 2026-08-10T18:24:44.282
SNR_VALID red4 hydrophone 1 snr=26 2026-08-10T18:25:06.654
SNR_VALID red4 hydrophone 1 snr=28 2026-08-10T18:25:28.662
SNR_VALID red4 hydrophone 1 snr=30 2026-08-10T18:25:50.930
PATH_VALID red4 hydrophone 1 2026-08-10T18:25:52.069
N512_CRC_NO_HARM_COMPUTE_COMPLETE paths=3 2026-08-10T18:25:52.799
