N512_CRC_NO_HARM_START paths=3 2026-08-10T17:55:54.643
PATH_START red2 hydrophone 1 2026-08-10T17:55:54.671
SNR_VALID red2 hydrophone 1 snr=0 2026-08-10T17:58:01.878
SNR_VALID red2 hydrophone 1 snr=2 2026-08-10T17:58:57.197
SNR_VALID red2 hydrophone 1 snr=4 2026-08-10T17:59:49.662
SNR_VALID red2 hydrophone 1 snr=6 2026-08-10T18:00:41.520
SNR_VALID red2 hydrophone 1 snr=8 2026-08-10T18:01:32.961
SNR_VALID red2 hydrophone 1 snr=10 2026-08-10T18:02:23.823
SNR_VALID red2 hydrophone 1 snr=12 2026-08-10T18:03:13.390
SNR_VALID red2 hydrophone 1 snr=14 2026-08-10T18:04:02.317
SNR_VALID red2 hydrophone 1 snr=16 2026-08-10T18:04:49.286
SNR_VALID red2 hydrophone 1 snr=18 2026-08-10T18:05:32.349
SNR_VALID red2 hydrophone 1 snr=20 2026-08-10T18:06:17.261
SNR_VALID red2 hydrophone 1 snr=22 2026-08-10T18:07:00.692
SNR_VALID red2 hydrophone 1 snr=24 2026-08-10T18:07:43.110
SNR_VALID red2 hydrophone 1 snr=26 2026-08-10T18:08:24.606
SNR_VALID red2 hydrophone 1 snr=28 2026-08-10T18:09:09.001
SNR_VALID red2 hydrophone 1 snr=30 2026-08-10T18:09:48.910
PATH_VALID red2 hydrophone 1 2026-08-10T18:09:53.937
PATH_START red3 hydrophone 2 2026-08-10T18:09:54.776
SNR_VALID red3 hydrophone 2 snr=0 2026-08-10T18:10:51.192
SNR_VALID red3 hydrophone 2 snr=2 2026-08-10T18:11:46.396
SNR_VALID red3 hydrophone 2 snr=4 2026-08-10T18:12:42.426
SNR_VALID red3 hydrophone 2 snr=6 2026-08-10T18:13:40.740
SNR_VALID red3 hydrophone 2 snr=8 2026-08-10T18:14:35.469
SNR_VALID red3 hydrophone 2 snr=10 2026-08-10T18:15:20.686
SNR_VALID red3 hydrophone 2 snr=12 2026-08-10T18:15:58.157
SNR_VALID red3 hydrophone 2 snr=14 2026-08-10T18:16:27.194
SNR_VALID red3 hydrophone 2 snr=16 2026-08-10T18:16:53.592
SNR_VALID red3 hydrophone 2 snr=18 2026-08-10T18:17:18.926
SNR_VALID red3 hydrophone 2 snr=20 2026-08-10T18:17:44.437
SNR_VALID red3 hydrophone 2 snr=22 2026-08-10T18:18:10.441
SNR_VALID red3 hydrophone 2 snr=24 2026-08-10T18:18:32.971
SNR_VALID red3 hydrophone 2 snr=26 2026-08-10T18:18:55.919
SNR_VALID red3 hydrophone 2 snr=28 2026-08-10T18:19:19.536
SNR_VALID red3 hydrophone 2 snr=30 2026-08-10T18:19:42.553
PATH_VALID red3 hydrophone 2 2026-08-10T18:19:43.746
PATH_START red4 hydrophone 3 2026-08-10T18:19:44.590
SNR_VALID red4 hydrophone 3 snr=0 2026-08-10T18:20:44.365
SNR_VALID red4 hydrophone 3 snr=2 2026-08-10T18:21:42.957
SNR_VALID red4 hydrophone 3 snr=4 2026-08-10T18:22:40.871
SNR_VALID red4 hydrophone 3 snr=6 2026-08-10T18:23:37.998
SNR_VALID red4 hydrophone 3 snr=8 2026-08-10T18:24:18.876
SNR_VALID red4 hydrophone 3 snr=10 2026-08-10T18:24:43.004
SNR_VALID red4 hydrophone 3 snr=12 2026-08-10T18:25:06.815
SNR_VALID red4 hydrophone 3 snr=14 2026-08-10T18:25:28.705
SNR_VALID red4 hydrophone 3 snr=16 2026-08-10T18:25:51.400
SNR_VALID red4 hydrophone 3 snr=18 2026-08-10T18:26:10.477
SNR_VALID red4 hydrophone 3 snr=20 2026-08-10T18:26:30.062
SNR_VALID red4 hydrophone 3 snr=22 2026-08-10T18:26:48.763
SNR_VALID red4 hydrophone 3 snr=24 2026-08-10T18:27:06.099
SNR_VALID red4 hydrophone 3 snr=26 2026-08-10T18:27:24.263
SNR_VALID red4 hydrophone 3 snr=28 2026-08-10T18:27:41.780
SNR_VALID red4 hydrophone 3 snr=30 2026-08-10T18:27:59.362
PATH_VALID red4 hydrophone 3 2026-08-10T18:27:59.906
N512_CRC_NO_HARM_COMPUTE_COMPLETE paths=3 2026-08-10T18:28:00.282
